******************************************************************************
            TI ARM Clang Linker PC v4.0.0                      
******************************************************************************
>> Linked Sat May 17 20:57:34 2025

OUTPUT FILE NAME:   <Balance.out>
ENTRY POINT SYMBOL: "_c_int00_noargs"  address: 00006a21


MEMORY CONFIGURATION

         name            origin    length      used     unused   attr    fill
----------------------  --------  ---------  --------  --------  ----  --------
  FLASH                 00000000   00020000  000082b8  00017d48  R  X
  SRAM                  20200000   00008000  00000fc7  00007039  RW X
  BCR_CONFIG            41c00000   000000ff  00000000  000000ff  R   
  BSL_CONFIG            41c00100   00000080  00000000  00000080  R   


SEGMENT ALLOCATION MAP

run origin  load origin   length   init length attrs members
----------  ----------- ---------- ----------- ----- -------
00000000    00000000    000082b8   000082b8    r-x
  00000000    00000000    000000c0   000000c0    r-- .intvecs
  000000c0    000000c0    00007240   00007240    r-x .text
  00007300    00007300    00000f00   00000f00    r-- .rodata
  00008200    00008200    000000b8   000000b8    r-- .cinit
20200000    20200000    00000dc7   00000000    rw-
  20200000    20200000    00000800   00000000    rw- .sysmem
  20200800    20200800    00000368   00000000    rw- .bss
  20200b68    20200b68    0000025f   00000000    rw- .data
20207e00    20207e00    00000200   00000000    rw-
  20207e00    20207e00    00000200   00000000    rw- .stack


SECTION ALLOCATION MAP

 output                                  attributes/
section   page    origin      length       input sections
--------  ----  ----------  ----------   ----------------
.intvecs   0    00000000    000000c0     
                  00000000    000000c0     startup_mspm0g350x_ticlang.o (.intvecs)

.text      0    000000c0    00007240     
                  000000c0    00000868     libc.a : _printfi.c.obj (.text:__TI_printfi_nofloat)
                  00000928    00000364            : e_asin.c.obj (.text.asin)
                  00000c8c    000002f8            : s_atan.c.obj (.text.atan)
                  00000f84    00000278     inv_mpu_dmp_motion_driver.o (.text.dmp_enable_feature)
                  000011fc    00000238     inv_mpu_dmp_motion_driver.o (.text.dmp_set_tap_thresh)
                  00001434    0000022c     inv_mpu.o (.text.mpu_reset_fifo)
                  00001660    00000214     inv_mpu.o (.text.mpu_dmp_get_data)
                  00001874    00000214     inv_mpu.o (.text.mpu_init)
                  00001a88    000001f4     inv_mpu_dmp_motion_driver.o (.text.dmp_read_fifo)
                  00001c7c    000001f0     ti_msp_dl_config.o (.text.SYSCFG_DL_GPIO_init)
                  00001e6c    000001a0     inv_mpu.o (.text.mpu_set_bypass)
                  0000200c    00000192     libclang_rt.builtins.a : adddf3.S.obj (.text.adddf3_subdf3)
                  0000219e    00000002                            : aeabi_div0.c.obj (.text.__aeabi_idiv0)
                  000021a0    00000188     libc.a : e_atan2.c.obj (.text.atan2)
                  00002328    00000178     inv_mpu_dmp_motion_driver.o (.text.dmp_set_orientation)
                  000024a0    00000174     main.o (.text.main)
                  00002614    00000170     libc.a : e_sqrt.c.obj (.text.sqrt)
                  00002784    0000014c     FINDLINE.o (.text.Line_Following)
                  000028d0    00000130     ENCODER.o (.text.GROUP1_IRQHandler)
                  00002a00    00000130     inv_mpu.o (.text.mpu_set_sensors)
                  00002b30    00000124     inv_mpu.o (.text.mpu_load_firmware)
                  00002c54    00000118     inv_mpu.o (.text.mpu_dmp_init)
                  00002d6c    00000114     libc.a : memory.c.obj (.text.aligned_alloc)
                  00002e80    00000110     inv_mpu.o (.text.mpu_lp_accel_mode)
                  00002f90    0000010c     libclang_rt.builtins.a : divdf3.S.obj (.text.__divdf3)
                  0000309c    00000108     inv_mpu.o (.text.mpu_read_fifo_stream)
                  000031a4    00000104     driverlib.a : dl_timer.o (.text.DL_Timer_initFourCCPWMMode)
                  000032a8    000000fa     oled.o (.text.OLED_Init)
                  000033a2    00000002     libclang_rt.builtins.a : aeabi_div0.c.obj (.text.__aeabi_ldiv0)
                  000033a4    000000f8     libc.a : fputs.c.obj (.text.fputs)
                  0000349c    000000ec     inv_mpu.o (.text.mpu_set_sample_rate)
                  00003588    000000e8     driverlib.a : dl_timer.o (.text.DL_Timer_initTimerMode)
                  00003670    000000e8     libc.a : memory.c.obj (.text.free)
                  00003758    000000e4     libclang_rt.builtins.a : muldf3.S.obj (.text.__muldf3)
                  0000383c    000000e4     inv_mpu.o (.text.mpu_set_accel_fsr)
                  00003920    000000e0     libc.a : setvbuf.c.obj (.text.setvbuf)
                  00003a00    000000dc     driverlib.a : dl_sysctl_mspm0g1x0x_g3x0x.o (.text.DL_SYSCTL_configSYSPLL)
                  00003adc    000000dc     MOTOR.o (.text.set_motor_pwm)
                  00003bb8    000000d8     libclang_rt.builtins.a : addsf3.S.obj (.text)
                  00003c90    000000d6     bsp_mpu6050.o (.text.MPU6050_ReadData)
                  00003d66    00000002     libc.a : _lock.c.obj (.text._nop)
                  00003d68    000000d4     bsp_mpu6050.o (.text.MPU6050_Init)
                  00003e3c    000000d4     inv_mpu.o (.text.set_int_enable)
                  00003f10    000000d0     inv_mpu.o (.text.mpu_set_lpf)
                  00003fe0    000000c4     inv_mpu.o (.text.mpu_set_gyro_fsr)
                  000040a4    000000c4     CONTROL.o (.text.velocity_PID_value)
                  00004168    000000c0     bsp_mpu6050.o (.text.I2C_WaitAck)
                  00004228    000000bc     inv_mpu.o (.text.mpu_configure_fifo)
                  000042e4    000000b8     inv_mpu.o (.text.mpu_set_dmp_state)
                  0000439c    000000b4     bsp_mpu6050.o (.text.MPU6050_WriteReg)
                  00004450    000000b0     CONTROL.o (.text.vertical_PID_value)
                  00004500    000000ac     inv_mpu.o (.text.mpu_read_mem)
                  000045ac    000000ac     inv_mpu.o (.text.mpu_write_mem)
                  00004658    000000a2     libclang_rt.builtins.a : udivmoddi4.S.obj (.text)
                  000046fa    00000002     --HOLE-- [fill = 0]
                  000046fc    000000a0     bsp_mpu6050.o (.text.Read_Byte)
                  0000479c    000000a0     bsp_mpu6050.o (.text.Send_Byte)
                  0000483c    0000009c     OPENMV.o (.text.UART1_IRQHandler)
                  000048d8    0000009c     libc.a : fputc.c.obj (.text.fputc)
                  00004974    0000009c     inv_mpu.o (.text.mpu_set_int_latched)
                  00004a10    00000098     inv_mpu_dmp_motion_driver.o (.text.dmp_set_fifo_rate)
                  00004aa8    00000096     inv_mpu.o (.text.inv_row_2_scale)
                  00004b3e    0000008e     bsp_mpu6050.o (.text.MPU_Set_LPF)
                  00004bcc    0000008c     ti_msp_dl_config.o (.text.SYSCFG_DL_PWM_Motor_init)
                  00004c58    0000008c     ti_msp_dl_config.o (.text.SYSCFG_DL_initPower)
                  00004ce4    0000008c     libclang_rt.builtins.a : mulsf3.S.obj (.text.__mulsf3)
                  00004d70    0000008c     inv_mpu_dmp_motion_driver.o (.text.decode_gesture)
                  00004dfc    00000004     startup_mspm0g350x_ticlang.o (.text.Default_Handler)
                  00004e00    00000088     libc.a : strcmp-armv6m.S.obj (.text:strcmp)
                  00004e88    00000084     bsp_mpu6050.o (.text.IIC_Send_Ack)
                  00004f0c    00000084     ti_msp_dl_config.o (.text.__NVIC_SetPriority)
                  00004f90    00000082     libclang_rt.builtins.a : divsf3.S.obj (.text.__divsf3)
                  00005012    00000002     --HOLE-- [fill = 0]
                  00005014    0000007c     oled.o (.text.SEND_Byte)
                  00005090    0000007c     libc.a : fclose.c.obj (.text.__TI_closefile)
                  0000510c    0000007c            : copy_decompress_lzss.c.obj (.text:decompress:lzss)
                  00005188    00000074     libclang_rt.builtins.a : comparedf2.c.obj (.text.__gedf2)
                  000051fc    00000004     libc.a : pre_init.c.obj (.text._system_pre_init)
                  00005200    00000074     libclang_rt.builtins.a : truncdfsf2.S.obj (.text.__truncdfsf2)
                  00005274    00000074     DELAY.o (.text.delay_us)
                  000052e8    00000074     inv_mpu.o (.text.mpu_get_accel_fsr)
                  0000535c    0000006c     libsysbm.a : hostlseek.c.obj (.text.HOSTlseek)
                  000053c8    0000006c                : hostrename.c.obj (.text.HOSTrename)
                  00005434    0000006c     libc.a : fseek.c.obj (.text.fseeko)
                  000054a0    0000006c            : getdevice.c.obj (.text.getdevice)
                  0000550c    0000006a     oled.o (.text.OLED_Clear)
                  00005576    00000002     --HOLE-- [fill = 0]
                  00005578    00000068     bsp_mpu6050.o (.text.MPU_Set_Rate)
                  000055e0    00000068     libclang_rt.builtins.a : comparedf2.c.obj (.text.__ledf2)
                  00005648    00000066     inv_mpu_dmp_motion_driver.o (.text.dmp_set_tap_axes)
                  000056ae    00000064     libc.a : _io_perm.c.obj (.text.__TI_wrt_ok)
                  00005712    00000002     --HOLE-- [fill = 0]
                  00005714    00000064            : memory.c.obj (.text.split)
                  00005778    00000062     libclang_rt.builtins.a : aeabi_dcmp.S.obj (.text.__aeabi_dcmp)
                  000057da    00000002     --HOLE-- [fill = 0]
                  000057dc    00000062                            : aeabi_fcmp.S.obj (.text.__aeabi_fcmp)
                  0000583e    00000002     --HOLE-- [fill = 0]
                  00005840    00000060     libsysbm.a : hostopen.c.obj (.text.HOSTopen)
                  000058a0    00000060     bsp_mpu6050.o (.text.IIC_Start)
                  00005900    00000060     KEY.o (.text.KEY_VAL)
                  00005960    00000060     inv_mpu_dmp_motion_driver.o (.text.dmp_enable_gyro_cal)
                  000059c0    0000005c     CONTROL.o (.text.I_jiaoxianfu)
                  00005a1c    0000005c     CONTROL.o (.text.I_xianfu)
                  00005a78    0000005c     bsp_mpu6050.o (.text.MPU6050ReadID)
                  00005ad4    0000005c     USOUND.o (.text.TIMG6_IRQHandler)
                  00005b30    0000005c     libc.a : printf.c.obj (.text.printf)
                  00005b8c    00000058     libsysbm.a : hostread.c.obj (.text.HOSTread)
                  00005be4    00000058                : hostwrite.c.obj (.text.HOSTwrite)
                  00005c3c    00000058     bsp_mpu6050.o (.text.IIC_Stop)
                  00005c94    00000056     libclang_rt.builtins.a : aeabi_idivmod.S.obj (.text.__aeabi_idivmod)
                  00005cea    00000052     libc.a : fflush.c.obj (.text.__TI_doflush)
                  00005d3c    00000050     libsysbm.a : close.c.obj (.text.close)
                  00005d8c    0000004e     oled.o (.text.OLED_WR_Byte)
                  00005dda    00000002     --HOLE-- [fill = 0]
                  00005ddc    0000004c     ti_msp_dl_config.o (.text.DL_UART_setBaudRateDivisor)
                  00005e28    00000048     driverlib.a : dl_uart.o (.text.DL_UART_init)
                  00005e70    00000048     libsysbm.a : hostclose.c.obj (.text.HOSTclose)
                  00005eb8    00000048                : hostunlink.c.obj (.text.HOSTunlink)
                  00005f00    00000048     ti_msp_dl_config.o (.text.SYSCFG_DL_SYSCTL_init)
                  00005f48    00000048     ti_msp_dl_config.o (.text.SYSCFG_DL_UART_1_init)
                  00005f90    00000048     inv_mpu_dmp_motion_driver.o (.text.dmp_enable_6x_lp_quat)
                  00005fd8    00000048     inv_mpu_dmp_motion_driver.o (.text.dmp_enable_lp_quat)
                  00006020    00000044     driverlib.a : dl_sysctl_mspm0g1x0x_g3x0x.o (.text.DL_SYSCTL_switchMCLKfromSYSOSCtoHSCLK)
                  00006064    00000044     inv_mpu_dmp_motion_driver.o (.text.dmp_set_shake_reject_thresh)
                  000060a8    00000044     inv_mpu_dmp_motion_driver.o (.text.dmp_set_tap_count)
                  000060ec    00000040     ti_msp_dl_config.o (.text.SYSCFG_DL_TIMER_USOUND_init)
                  0000612c    00000040     libclang_rt.builtins.a : aeabi_uidivmod.S.obj (.text.__aeabi_uidivmod)
                  0000616c    00000040                            : extendsfdf2.S.obj (.text.__extendsfdf2)
                  000061ac    00000040     libc.a : atoi.c.obj (.text.atoi)
                  000061ec    0000003e     inv_mpu.o (.text.inv_orientation_matrix_to_scalar)
                  0000622a    00000002     --HOLE-- [fill = 0]
                  0000622c    0000003c     ti_msp_dl_config.o (.text.DL_Timer_setCounterControl)
                  00006268    0000003c     ti_msp_dl_config.o (.text.SYSCFG_DL_TIMER_0_init)
                  000062a4    0000003c     ti_msp_dl_config.o (.text.SYSCFG_DL_TIMER_1_init)
                  000062e0    0000003c     ti_msp_dl_config.o (.text.SYSCFG_DL_init)
                  0000631c    0000003c     libclang_rt.builtins.a : floatsisf.S.obj (.text.__floatsisf)
                  00006358    0000003c                            : comparesf2.S.obj (.text.__gtsf2)
                  00006394    0000003c     libc.a : autoinit.c.obj (.text:__TI_auto_init_nobinit_nopinit)
                  000063d0    0000003a     libclang_rt.builtins.a : comparesf2.S.obj (.text.__eqsf2)
                  0000640a    00000002     --HOLE-- [fill = 0]
                  0000640c    0000003a                            : muldsi3.S.obj (.text.__muldsi3)
                  00006446    00000002     --HOLE-- [fill = 0]
                  00006448    00000038     oled.o (.text.I2C_Start)
                  00006480    00000038     libclang_rt.builtins.a : fixsfsi.S.obj (.text.__fixsfsi)
                  000064b8    00000036     MOTOR.o (.text.pwm_limit)
                  000064ee    00000002     --HOLE-- [fill = 0]
                  000064f0    00000034     ti_msp_dl_config.o (.text.DL_GPIO_initDigitalInputFeatures)
                  00006524    00000034     libc.a : fopen.c.obj (.text.__TI_cleanup)
                  00006558    00000034     libsysbm.a : trgmsg.c.obj (.text.__TI_readmsg)
                  0000658c    00000034                : trgmsg.c.obj (.text.__TI_writemsg)
                  000065c0    00000034     libc.a : exit.c.obj (.text.exit)
                  000065f4    00000034            : getdevice.c.obj (.text.finddevice)
                  00006628    00000032     inv_mpu_dmp_motion_driver.o (.text.dmp_set_shake_reject_time)
                  0000665a    00000032     inv_mpu_dmp_motion_driver.o (.text.dmp_set_shake_reject_timeout)
                  0000668c    00000030     ti_msp_dl_config.o (.text.DL_GPIO_initDigitalOutputFeatures)
                  000066bc    00000030     oled.o (.text.I2C_Stop)
                  000066ec    00000030     oled.o (.text.I2C_WAITAck)
                  0000671c    00000030     inv_mpu_dmp_motion_driver.o (.text.dmp_set_tap_time)
                  0000674c    00000030     inv_mpu_dmp_motion_driver.o (.text.dmp_set_tap_time_multi)
                  0000677c    0000002c     ENCODER.o (.text.__NVIC_ClearPendingIRQ)
                  000067a8    0000002c     USOUND.o (.text.__NVIC_ClearPendingIRQ)
                  000067d4    0000002c     bsp_mpu6050.o (.text.__NVIC_ClearPendingIRQ)
                  00006800    0000002c     ENCODER.o (.text.__NVIC_EnableIRQ)
                  0000682c    0000002c     USOUND.o (.text.__NVIC_EnableIRQ)
                  00006858    0000002c     bsp_mpu6050.o (.text.__NVIC_EnableIRQ)
                  00006884    0000002c     MOTOR.o (.text.set_motor1_pwm)
                  000068b0    0000002c     MOTOR.o (.text.set_motor2_pwm)
                  000068dc    0000002c     libsysbm.a : unlink.c.obj (.text.unlink)
                  00006908    00000028     ti_msp_dl_config.o (.text.DL_Common_updateReg)
                  00006930    00000028     ti_msp_dl_config.o (.text.DL_SYSTICK_init)
                  00006958    00000028     libclang_rt.builtins.a : floatunsisf.S.obj (.text.__floatunsisf)
                  00006980    00000028     ENCODER.o (.text.encoder_update)
                  000069a8    00000028     libc.a : memory.c.obj (.text.free_list_insert)
                  000069d0    00000028     libsysbm.a : lseek.c.obj (.text.lseek)
                  000069f8    00000028                : write.c.obj (.text.write)
                  00006a20    00000028     libc.a : boot_cortex_m.c.obj (.text:_c_int00_noargs)
                  00006a48    00000024     oled.o (.text.Delay_ms)
                  00006a6c    00000024     USOUND.o (.text.USOUND_Init)
                  00006a90    00000024     libclang_rt.builtins.a : muldi3.S.obj (.text.__muldi3)
                  00006ab4    00000022     libc.a : memccpy.c.obj (.text.memccpy)
                  00006ad6    00000002     --HOLE-- [fill = 0]
                  00006ad8    00000020     ti_msp_dl_config.o (.text.DL_GPIO_initPeripheralInputFunction)
                  00006af8    00000020     ti_msp_dl_config.o (.text.DL_SYSCTL_setFlashWaitState)
                  00006b18    00000020     libc.a : memcmp.c.obj (.text.memcmp)
                  00006b38    0000001e     MOTOR.o (.text.ABS_pwm)
                  00006b56    0000001e     ti_msp_dl_config.o (.text.DL_UART_setOversampling)
                  00006b74    0000001e     libclang_rt.builtins.a : ashldi3.S.obj (.text.__ashldi3)
                  00006b92    00000002     --HOLE-- [fill = 0]
                  00006b94    0000001c     ENCODER.o (.text.DL_GPIO_clearInterruptStatus)
                  00006bb0    0000001c     ti_msp_dl_config.o (.text.DL_GPIO_clearInterruptStatus)
                  00006bcc    0000001c     ti_msp_dl_config.o (.text.DL_GPIO_enableInterrupt)
                  00006be8    0000001c     bsp_mpu6050.o (.text.DL_GPIO_initDigitalInput)
                  00006c04    0000001c     ti_msp_dl_config.o (.text.DL_GPIO_initPeripheralOutputFunction)
                  00006c20    0000001c     ti_msp_dl_config.o (.text.DL_GPIO_setLowerPinsPolarity)
                  00006c3c    0000001c     ti_msp_dl_config.o (.text.DL_SYSCTL_setSYSOSCFreq)
                  00006c58    0000001c     ti_msp_dl_config.o (.text.DL_SYSCTL_setULPCLKDivider)
                  00006c74    0000001c     ti_msp_dl_config.o (.text.DL_Timer_enableInterrupt)
                  00006c90    0000001c     driverlib.a : dl_timer.o (.text.DL_Timer_setCaptCompUpdateMethod)
                  00006cac    0000001c                 : dl_timer.o (.text.DL_Timer_setClockConfig)
                  00006cc8    0000001c     ti_msp_dl_config.o (.text.DL_UART_enableInterrupt)
                  00006ce4    0000001c     bsp_mpu6050.o (.text.MPU_Set_Accel_Fsr)
                  00006d00    0000001c     bsp_mpu6050.o (.text.MPU_Set_Gyro_Fsr)
                  00006d1c    0000001c     inv_mpu_dmp_motion_driver.o (.text.dmp_load_motion_driver_firmware)
                  00006d38    0000001c     libc.a : memory.c.obj (.text.free_list_remove)
                  00006d54    00000018     bsp_mpu6050.o (.text.DL_GPIO_enableOutput)
                  00006d6c    00000018     ti_msp_dl_config.o (.text.DL_GPIO_enableOutput)
                  00006d84    00000018     ti_msp_dl_config.o (.text.DL_GPIO_enablePower)
                  00006d9c    00000018     ENCODER.o (.text.DL_GPIO_getEnabledInterruptStatus)
                  00006db4    00000018     bsp_mpu6050.o (.text.DL_GPIO_initDigitalOutput)
                  00006dcc    00000018     ti_msp_dl_config.o (.text.DL_GPIO_initDigitalOutput)
                  00006de4    00000018     ti_msp_dl_config.o (.text.DL_GPIO_reset)
                  00006dfc    00000018     MOTOR.o (.text.DL_GPIO_setPins)
                  00006e14    00000018     bsp_mpu6050.o (.text.DL_GPIO_setPins)
                  00006e2c    00000018     oled.o (.text.DL_GPIO_setPins)
                  00006e44    00000018     ti_msp_dl_config.o (.text.DL_GPIO_setPins)
                  00006e5c    00000018     ti_msp_dl_config.o (.text.DL_GPIO_setUpperPinsPolarity)
                  00006e74    00000018     ti_msp_dl_config.o (.text.DL_SYSCTL_setBORThreshold)
                  00006e8c    00000018     ti_msp_dl_config.o (.text.DL_Timer_enablePower)
                  00006ea4    00000018     ti_msp_dl_config.o (.text.DL_Timer_reset)
                  00006ebc    00000018     driverlib.a : dl_timer.o (.text.DL_Timer_setCaptureCompareOutCtl)
                  00006ed4    00000018     ti_msp_dl_config.o (.text.DL_UART_enablePower)
                  00006eec    00000018     ti_msp_dl_config.o (.text.DL_UART_reset)
                  00006f04    00000018     ENCODER.o (.text.encoder_Rst)
                  00006f1c    00000018     FINDLINE.o (.text.get_left_status)
                  00006f34    00000018     FINDLINE.o (.text.get_middle1_status)
                  00006f4c    00000018     FINDLINE.o (.text.get_middle2_status)
                  00006f64    00000018     FINDLINE.o (.text.get_right_status)
                  00006f7c    00000016     ENCODER.o (.text.DL_GPIO_readPins)
                  00006f92    00000016     FINDLINE.o (.text.DL_GPIO_readPins)
                  00006fa8    00000016     KEY.o (.text.DL_GPIO_readPins)
                  00006fbe    00000016     bsp_mpu6050.o (.text.DL_GPIO_readPins)
                  00006fd4    00000016     ti_msp_dl_config.o (.text.DL_UART_enable)
                  00006fea    00000016     bsp_mpu6050.o (.text.MPU6050_IRQINIT)
                  00007000    00000016     DELAY.o (.text.delay_ms)
                  00007016    00000016     ENCODER.o (.text.encoder_init)
                  0000702c    00000016     libc.a : copy_zero_init.c.obj (.text:decompress:ZI:__TI_zero_init_nomemset)
                  00007042    00000014     MOTOR.o (.text.DL_GPIO_clearPins)
                  00007056    00000014     bsp_mpu6050.o (.text.DL_GPIO_clearPins)
                  0000706a    00000014     oled.o (.text.DL_GPIO_clearPins)
                  0000707e    00000014     ti_msp_dl_config.o (.text.DL_GPIO_clearPins)
                  00007092    00000002     --HOLE-- [fill = 0]
                  00007094    00000014     ti_msp_dl_config.o (.text.DL_SYSCTL_disableSYSPLL)
                  000070a8    00000014     ti_msp_dl_config.o (.text.DL_Timer_enableClock)
                  000070bc    00000014     ti_msp_dl_config.o (.text.DL_Timer_setCCPDirection)
                  000070d0    00000014     OPENMV.o (.text.DL_UART_receiveData)
                  000070e4    00000014     libclang_rt.builtins.a : aeabi_uldivmod.S.obj (.text.__aeabi_uldivmod)
                  000070f8    00000012     OPENMV.o (.text.DL_UART_getPendingInterrupt)
                  0000710a    00000012     driverlib.a : dl_uart.o (.text.DL_UART_setClockConfig)
                  0000711c    00000012     libc.a : memcpy16.S.obj (.text:TI_memcpy_small)
                  0000712e    00000012            : copy_decompress_none.c.obj (.text:decompress:none)
                  00007140    00000010     ti_msp_dl_config.o (.text.DL_SYSCTL_disableHFXT)
                  00007150    00000010     ti_msp_dl_config.o (.text.DL_SYSTICK_enable)
                  00007160    00000010     driverlib.a : dl_timer.o (.text.DL_Timer_setCaptureCompareValue)
                  00007170    00000010     bsp_mpu6050.o (.text.TIMG7_IRQHandler)
                  00007180    00000010     libc.a : wcslen.c.obj (.text.wcslen)
                  00007190    0000000e            : memory.c.obj (.text.OUTLINED_FUNCTION_0)
                  0000719e    0000000e     ti_msp_dl_config.o (.text.SYSCFG_DL_SYSTICK_init)
                  000071ac    0000000e     libclang_rt.builtins.a : aeabi_memset.S.obj (.text.__aeabi_memset)
                  000071ba    0000000e     libsysbm.a : hostrename.c.obj (.text.strcpy)
                  000071c8    0000000e     libc.a : _printfi.c.obj (.text.strlen)
                  000071d6    0000000e     libsysbm.a : hostrename.c.obj (.text.strlen)
                  000071e4    0000000e     libc.a : memset16.S.obj (.text:TI_memset_small)
                  000071f2    00000002     --HOLE-- [fill = 0]
                  000071f4    0000000c     USOUND.o (.text.TIMG0_IRQHandler)
                  00007200    0000000c     libclang_rt.builtins.a : aeabi_memset.S.obj (.text.__aeabi_memclr)
                  0000720c    0000000c     ENCODER.o (.text.get_encoder_cnt1)
                  00007218    0000000c     ENCODER.o (.text.get_encoder_cnt2)
                  00007224    0000000c     libc.a : memory.c.obj (.text.malloc)
                  00007230    0000000a     driverlib.a : dl_common.o (.text.DL_Common_delayCycles)
                  0000723a    0000000a     libc.a : e_asin.c.obj (.text.OUTLINED_FUNCTION_0)
                  00007244    00000010     libclang_rt.builtins.a : muldf3.S.obj (.tramp.__aeabi_dmul.1)
                  00007254    0000000a     libc.a : s_atan.c.obj (.text.OUTLINED_FUNCTION_0)
                  0000725e    0000000a            : e_asin.c.obj (.text.OUTLINED_FUNCTION_1)
                  00007268    0000000a            : e_asin.c.obj (.text.OUTLINED_FUNCTION_3)
                  00007272    00000002     --HOLE-- [fill = 0]
                  00007274    00000010     libclang_rt.builtins.a : divdf3.S.obj (.tramp.__aeabi_ddiv.1)
                  00007284    00000008     libc.a : s_atan.c.obj (.text.OUTLINED_FUNCTION_2)
                  0000728c    00000008            : aeabi_portable.c.obj (.text.__aeabi_errno_addr)
                  00007294    00000008     libclang_rt.builtins.a : aeabi_memcpy.S.obj (.text.__aeabi_memcpy)
                  0000729c    00000008     libc.a : printf.c.obj (.text._outc)
                  000072a4    00000008            : printf.c.obj (.text._outs)
                  000072ac    00000008            : fseek.c.obj (.text.fseek)
                  000072b4    00000008     inv_mpu.o (.text.mget_ms)
                  000072bc    00000008     libsysbm.a : remove.c.obj (.text.remove)
                  000072c4    00000006     libc.a : s_atan.c.obj (.text.OUTLINED_FUNCTION_1)
                  000072ca    00000002     --HOLE-- [fill = 0]
                  000072cc    00000010     libclang_rt.builtins.a : adddf3.S.obj (.tramp.__aeabi_dadd.1)
                  000072dc    00000006     libc.a : e_asin.c.obj (.text.OUTLINED_FUNCTION_2)
                  000072e2    00000004            : e_asin.c.obj (.text.OUTLINED_FUNCTION_4)
                  000072e6    00000004     startup_mspm0g350x_ticlang.o (.text.Reset_Handler)
                  000072ea    00000002     --HOLE-- [fill = 0]
                  000072ec    00000010     libc.a : boot_cortex_m.c.obj (.tramp._c_int00_noargs.1)
                  000072fc    00000004            : exit.c.obj (.text:abort)

.cinit     0    00008200    000000b8     
                  00008200    00000091     (.cinit..data.load) [load image, compression = lzss]
                  00008291    00000003     --HOLE-- [fill = 0]
                  00008294    0000000c     (__TI_handler_table)
                  000082a0    00000008     (.cinit..bss.load) [load image, compression = zero_init]
                  000082a8    00000010     (__TI_cinit_table)

.rodata    0    00007300    00000f00     
                  00007300    00000bf6     inv_mpu_dmp_motion_driver.o (.rodata.dmp_memory)
                  00007ef6    0000000a     ti_msp_dl_config.o (.rodata.gUART_1Config)
                  00007f00    00000101     libc.a : aeabi_ctype.S.obj (.rodata:__aeabi_ctype_table_)
                  00008001    0000004d     inv_mpu.o (.rodata.str1.160283505510757216751)
                  0000804e    00000002     ti_msp_dl_config.o (.rodata.gUART_1ClockConfig)
                  00008050    00000040     libc.a : s_atan.c.obj (.rodata.cst32)
                  00008090    00000028     ti_msp_dl_config.o (.rodata.gSYSPLLConfig)
                  000080b8    00000028     inv_mpu.o (.rodata.test)
                  000080e0    00000026     inv_mpu.o (.rodata.str1.30660213265100532911)
                  00008106    0000001e     inv_mpu.o (.rodata.str1.65607303993038708971)
                  00008124    0000001b     inv_mpu.o (.rodata.reg)
                  0000813f    00000018     bsp_mpu6050.o (.rodata.str1.47131709717075209341)
                  00008157    00000001     --HOLE-- [fill = 0]
                  00008158    00000014     ti_msp_dl_config.o (.rodata.gTIMER_0TimerConfig)
                  0000816c    00000014     ti_msp_dl_config.o (.rodata.gTIMER_1TimerConfig)
                  00008180    00000014     ti_msp_dl_config.o (.rodata.gTIMER_USOUNDTimerConfig)
                  00008194    00000012     bsp_mpu6050.o (.rodata.str1.121524806415416391)
                  000081a6    00000011     libc.a : _printfi.c.obj (.rodata.str1.103488685894817597201)
                  000081b7    00000011            : _printfi.c.obj (.rodata.str1.153638888446227384661)
                  000081c8    0000000c     inv_mpu.o (.rodata.hw)
                  000081d4    00000009     bsp_mpu6050.o (.rodata.str1.31194399489305687111)
                  000081dd    00000003     ti_msp_dl_config.o (.rodata.gPWM_MotorClockConfig)
                  000081e0    00000008     ti_msp_dl_config.o (.rodata.gPWM_MotorConfig)
                  000081e8    00000003     ti_msp_dl_config.o (.rodata.gTIMER_0ClockConfig)
                  000081eb    00000003     ti_msp_dl_config.o (.rodata.gTIMER_1ClockConfig)
                  000081ee    00000003     ti_msp_dl_config.o (.rodata.gTIMER_USOUNDClockConfig)
                  000081f1    0000000f     --HOLE-- [fill = 0]

.init_array 
*          0    00000000    00000000     UNINITIALIZED

.binit     0    00000000    00000000     

.sysmem    0    20200000    00000800     UNINITIALIZED
                  20200000    00000010     libc.a : memory.c.obj (.sysmem)
                  20200010    000007f0     --HOLE--

.bss       0    20200800    00000368     UNINITIALIZED
                  20200800    00000120     libsysbm.a : trgmsg.c.obj (.bss:_CIOBUF_)
                  20200920    000000a0     libc.a : defs.c.obj (.bss.__TI_tmpnams)
                  202009c0    000000a0     (.common:gTIMER_0Backup)
                  20200a60    000000a0     (.common:gTIMER_1Backup)
                  20200b00    00000008     libsysbm.a : hostopen.c.obj (.bss.parmbuf)
                  20200b08    00000008     (.common:cnt)
                  20200b10    00000005     (.common:rx_buff)
                  20200b15    00000001     (.common:need_clear_display)
                  20200b16    00000001     (.common:overflowFlag)
                  20200b17    00000001     (.common:temp)
                  20200b18    00000004     libc.a : memory.c.obj (.bss.sys_free)
                  20200b1c    00000004     (.common:Key_Down)
                  20200b20    00000004     (.common:Key_Old)
                  20200b24    00000004     (.common:Key_Val)
                  20200b28    00000004     (.common:PWM)
                  20200b2c    00000004     (.common:PWM_left)
                  20200b30    00000004     (.common:PWM_right)
                  20200b34    00000004     (.common:angle_calcu)
                  20200b38    00000004     (.common:err)
                  20200b3c    00000004     (.common:err0)
                  20200b40    00000004     (.common:err_difference)
                  20200b44    00000004     (.common:error)
                  20200b48    00000004     (.common:filt_velocity)
                  20200b4c    00000004     (.common:last_err)
                  20200b50    00000004     (.common:last_filt_velocity)
                  20200b54    00000004     (.common:pitch)
                  20200b58    00000004     (.common:roll)
                  20200b5c    00000004     (.common:state)
                  20200b60    00000004     (.common:velocity_err)
                  20200b64    00000004     (.common:yaw)

.data      0    20200b68    0000025f     UNINITIALIZED
                  20200b68    000000f0     libc.a : defs.c.obj (.data._ftable)
                  20200c58    00000078     libsysbm.a : host_device.c.obj (.data._device)
                  20200cd0    00000050                : host_device.c.obj (.data._stream)
                  20200d20    0000002c     inv_mpu.o (.data.st)
                  20200d4c    00000010     inv_mpu_dmp_motion_driver.o (.data.dmp)
                  20200d5c    00000009     inv_mpu.o (.data.gyro_orientation)
                  20200d65    00000001     USOUND.o (.data.Page)
                  20200d66    00000001     bsp_mpu6050.o (.data.caiji_flag)
                  20200d67    00000001     OPENMV.o (.data.packet_ready)
                  20200d68    00000008     libc.a : exit.c.obj (.data..L_MergedGlobals)
                  20200d70    00000008     ENCODER.o (.data.pre_encoder_cnt1)
                  20200d78    00000008     ENCODER.o (.data.pre_encoder_cnt2)
                  20200d80    00000004     main.o (.data.Kd)
                  20200d84    00000004     main.o (.data.Ki)
                  20200d88    00000004     main.o (.data.Kp)
                  20200d8c    00000004     main.o (.data.VKi)
                  20200d90    00000004     main.o (.data.VKp)
                  20200d94    00000004     libc.a : defs.c.obj (.data.__TI_ft_end)
                  20200d98    00000004            : aeabi_portable.c.obj (.data.__aeabi_errno)
                  20200d9c    00000004            : _lock.c.obj (.data._lock)
                  20200da0    00000004            : _lock.c.obj (.data._unlock)
                  20200da4    00000004     ENCODER.o (.data.encoder_cnt1)
                  20200da8    00000004     ENCODER.o (.data.encoder_cnt2)
                  20200dac    00000004     CONTROL.o (.data.err_sum)
                  20200db0    00000004     main.o (.data.measure)
                  20200db4    00000004     main.o (.data.velocity_calcu)
                  20200db8    00000004     CONTROL.o (.data.velocity_err_sum)
                  20200dbc    00000004     main.o (.data.velocity_measure)
                  20200dc0    00000004     main.o (.data.zhongzhi)
                  20200dc4    00000001     libc.a : memory.c.obj (.data.memory_is_initialized)
                  20200dc5    00000001     OPENMV.o (.data.rx_index)
                  20200dc6    00000001     FINDLINE.o (.data.turn_flag)

.stack     0    20207e00    00000200     UNINITIALIZED
                  20207e00    00000004     libc.a : boot_cortex_m.c.obj (.stack)
                  20207e04    000001fc     --HOLE--

__llvm_prf_cnts 
*          0    20200000    00000000     UNINITIALIZED

__llvm_prf_bits 
*          0    20200000    00000000     UNINITIALIZED

MODULE SUMMARY

       Module                         code    ro data   rw data
       ------                         ----    -------   -------
    .\
       ti_msp_dl_config.o             2342    132       320    
       main.o                         372     0         69     
       startup_mspm0g350x_ticlang.o   8       192       0      
    +--+------------------------------+-------+---------+---------+
       Total:                         2722    324       389    
                                                               
    .\Hardware\MOTOR\
       MOTOR.o                        436     0         0      
    +--+------------------------------+-------+---------+---------+
       Total:                         436     0         0      
                                                               
    .\Hardware\MPU6050\
       bsp_mpu6050.o                  2096    51        1      
    +--+------------------------------+-------+---------+---------+
       Total:                         2096    51        1      
                                                               
    .\Hardware\MPU6050\eMPL\
       inv_mpu_dmp_motion_driver.o    3070    3062      16     
       inv_mpu.o                      5736    224       53     
    +--+------------------------------+-------+---------+---------+
       Total:                         8806    3286      69     
                                                               
    .\Hardware\OLED\
       oled.o                         790     0         0      
    +--+------------------------------+-------+---------+---------+
       Total:                         790     0         0      
                                                               
    .\Hardware\OPENMV\
       OPENMV.o                       194     0         7      
    +--+------------------------------+-------+---------+---------+
       Total:                         194     0         7      
                                                               
    .\Hardware\USOUND\
       USOUND.o                       228     0         22     
    +--+------------------------------+-------+---------+---------+
       Total:                         228     0         22     
                                                               
    .\User\
       ENCODER.o                      576     0         24     
       CONTROL.o                      556     0         32     
       FINDLINE.o                     450     0         9      
       DELAY.o                        138     0         0      
       KEY.o                          118     0         1      
    +--+------------------------------+-------+---------+---------+
       Total:                         1838    0         66     
                                                               
    C:/ti/mspm0_sdk_2_04_00_06/source/ti/driverlib/lib/ticlang/m0p/mspm0g1x0x_g3x0x/driverlib.a
       dl_timer.o                     588     0         0      
       dl_sysctl_mspm0g1x0x_g3x0x.o   288     0         0      
       dl_uart.o                      90      0         0      
       dl_common.o                    10      0         0      
    +--+------------------------------+-------+---------+---------+
       Total:                         976     0         0      
                                                               
    C:\ti\ccstheia151\ccs\tools\compiler\ti-cgt-armllvm_4.0.0.LTS\lib\armv6m-ti-none-eabi/c/libc.a
       _printfi.c.obj                 2166    34        0      
       e_asin.c.obj                   908     0         0      
       s_atan.c.obj                   784     64        0      
       memory.c.obj                   702     0         5      
       defs.c.obj                     0       0         404    
       e_atan2.c.obj                  392     0         0      
       e_sqrt.c.obj                   368     0         0      
       aeabi_ctype.S.obj              0       257       0      
       fputs.c.obj                    248     0         0      
       setvbuf.c.obj                  224     0         0      
       getdevice.c.obj                160     0         0      
       fputc.c.obj                    156     0         0      
       strcmp-armv6m.S.obj            136     0         0      
       copy_decompress_lzss.c.obj     124     0         0      
       fclose.c.obj                   124     0         0      
       fseek.c.obj                    116     0         0      
       printf.c.obj                   108     0         0      
       _io_perm.c.obj                 100     0         0      
       fflush.c.obj                   82      0         0      
       atoi.c.obj                     64      0         0      
       exit.c.obj                     56      0         8      
       autoinit.c.obj                 60      0         0      
       boot_cortex_m.c.obj            56      0         0      
       fopen.c.obj                    52      0         0      
       memccpy.c.obj                  34      0         0      
       memcmp.c.obj                   32      0         0      
       copy_zero_init.c.obj           22      0         0      
       copy_decompress_none.c.obj     18      0         0      
       memcpy16.S.obj                 18      0         0      
       wcslen.c.obj                   16      0         0      
       memset16.S.obj                 14      0         0      
       aeabi_portable.c.obj           8       0         4      
       _lock.c.obj                    2       0         8      
       pre_init.c.obj                 4       0         0      
    +--+------------------------------+-------+---------+---------+
       Total:                         7354    355       429    
                                                               
    C:\ti\ccstheia151\ccs\tools\compiler\ti-cgt-armllvm_4.0.0.LTS\lib\armv6m-ti-none-eabi/c/libsysbm.a
       trgmsg.c.obj                   104     0         288    
       host_device.c.obj              0       0         200    
       hostrename.c.obj               136     0         0      
       hostlseek.c.obj                108     0         0      
       hostopen.c.obj                 96      0         8      
       hostread.c.obj                 88      0         0      
       hostwrite.c.obj                88      0         0      
       close.c.obj                    80      0         0      
       hostclose.c.obj                72      0         0      
       hostunlink.c.obj               72      0         0      
       unlink.c.obj                   44      0         0      
       lseek.c.obj                    40      0         0      
       write.c.obj                    40      0         0      
       remove.c.obj                   8       0         0      
    +--+------------------------------+-------+---------+---------+
       Total:                         976     0         496    
                                                               
    C:\ti\ccstheia151\ccs\tools\compiler\ti-cgt-armllvm_4.0.0.LTS\lib\armv6m-ti-none-eabi/libclang_rt.builtins.a
       adddf3.S.obj                   418     0         0      
       divdf3.S.obj                   284     0         0      
       muldf3.S.obj                   244     0         0      
       comparedf2.c.obj               220     0         0      
       addsf3.S.obj                   216     0         0      
       udivmoddi4.S.obj               162     0         0      
       mulsf3.S.obj                   140     0         0      
       divsf3.S.obj                   130     0         0      
       comparesf2.S.obj               118     0         0      
       truncdfsf2.S.obj               116     0         0      
       aeabi_dcmp.S.obj               98      0         0      
       aeabi_fcmp.S.obj               98      0         0      
       aeabi_idivmod.S.obj            86      0         0      
       aeabi_uidivmod.S.obj           64      0         0      
       extendsfdf2.S.obj              64      0         0      
       floatsisf.S.obj                60      0         0      
       muldsi3.S.obj                  58      0         0      
       fixsfsi.S.obj                  56      0         0      
       floatunsisf.S.obj              40      0         0      
       muldi3.S.obj                   36      0         0      
       ashldi3.S.obj                  30      0         0      
       aeabi_memset.S.obj             26      0         0      
       aeabi_uldivmod.S.obj           20      0         0      
       aeabi_memcpy.S.obj             8       0         0      
       aeabi_div0.c.obj               4       0         0      
    +--+------------------------------+-------+---------+---------+
       Total:                         2796    0         0      
                                                               
       Heap:                          0       0         2048   
       Stack:                         0       0         512    
       Linker Generated:              0       181       0      
    +--+------------------------------+-------+---------+---------+
       Grand Total:                   29212   4197      4039   


LINKER GENERATED COPY TABLES

__TI_cinit_table @ 000082a8 records: 2, size/record: 8, table size: 16
	.data: load addr=00008200, load size=00000091 bytes, run addr=20200b68, run size=0000025f bytes, compression=lzss
	.bss: load addr=000082a0, load size=00000008 bytes, run addr=20200800, run size=00000368 bytes, compression=zero_init


LINKER GENERATED HANDLER TABLE

__TI_handler_table @ 00008294 records: 3, size/record: 4, table size: 12
	index: 0, handler: __TI_decompress_lzss
	index: 1, handler: __TI_decompress_none
	index: 2, handler: __TI_zero_init


FAR CALL TRAMPOLINES

callee name               trampoline name
   callee addr  tramp addr   call addr  call info
--------------  -----------  ---------  ----------------
__aeabi_dmul              $Tramp$TT$L$PI$$__aeabi_dmul
   00003759     00007244     00007242   libc.a : e_asin.c.obj (.text.OUTLINED_FUNCTION_0)
                             0000725c          : s_atan.c.obj (.text.OUTLINED_FUNCTION_0)
                             00007266          : e_asin.c.obj (.text.OUTLINED_FUNCTION_1)
                             0000728a          : s_atan.c.obj (.text.OUTLINED_FUNCTION_2)
                             000072e0          : e_asin.c.obj (.text.OUTLINED_FUNCTION_2)
__aeabi_ddiv              $Tramp$TT$L$PI$$__aeabi_ddiv
   00002f91     00007274     00007270   libc.a : e_asin.c.obj (.text.OUTLINED_FUNCTION_3)
__aeabi_dadd              $Tramp$TT$L$PI$$__aeabi_dadd
   00002017     000072cc     000072c8   libc.a : s_atan.c.obj (.text.OUTLINED_FUNCTION_1)
                             000072e4          : e_asin.c.obj (.text.OUTLINED_FUNCTION_4)
_c_int00_noargs           $Tramp$TT$L$PI$$_c_int00_noargs
   00006a21     000072ec     000072e6   startup_mspm0g350x_ticlang.o (.text.Reset_Handler)

[4 trampolines]
[9 trampoline calls]


GLOBAL SYMBOLS: SORTED ALPHABETICALLY BY Name 

address   name                                 
-------   ----                                 
00006b39  ABS_pwm                              
00004dfd  ADC0_IRQHandler                      
00004dfd  ADC1_IRQHandler                      
00004dfd  AES_IRQHandler                       
000072fc  C$$EXIT                              
000065b9  C$$IO$$                              
00004dfd  CANFD0_IRQHandler                    
00004dfd  DAC0_IRQHandler                      
00007231  DL_Common_delayCycles                
00003a01  DL_SYSCTL_configSYSPLL               
00006021  DL_SYSCTL_switchMCLKfromSYSOSCtoHSCLK
000031a5  DL_Timer_initFourCCPWMMode           
00003589  DL_Timer_initTimerMode               
00006c91  DL_Timer_setCaptCompUpdateMethod     
00006ebd  DL_Timer_setCaptureCompareOutCtl     
00007161  DL_Timer_setCaptureCompareValue      
00006cad  DL_Timer_setClockConfig              
00005e29  DL_UART_init                         
0000710b  DL_UART_setClockConfig               
00004dfd  DMA_IRQHandler                       
00004dfd  Default_Handler                      
00006a49  Delay_ms                             
00004dfd  GROUP0_IRQHandler                    
000028d1  GROUP1_IRQHandler                    
00005e71  HOSTclose                            
0000535d  HOSTlseek                            
00005841  HOSTopen                             
00005b8d  HOSTread                             
000053c9  HOSTrename                           
00005eb9  HOSTunlink                           
00005be5  HOSTwrite                            
00004dfd  HardFault_Handler                    
00004dfd  I2C0_IRQHandler                      
00004dfd  I2C1_IRQHandler                      
00006449  I2C_Start                            
000066bd  I2C_Stop                             
000066ed  I2C_WAITAck                          
00004169  I2C_WaitAck                          
00004e89  IIC_Send_Ack                         
000058a1  IIC_Start                            
00005c3d  IIC_Stop                             
000059c1  I_jiaoxianfu                         
00005a1d  I_xianfu                             
00005901  KEY_VAL                              
20200d80  Kd                                   
20200b1c  Key_Down                             
20200b20  Key_Old                              
20200b24  Key_Val                              
20200d84  Ki                                   
20200d88  Kp                                   
00002785  Line_Following                       
00005a79  MPU6050ReadID                        
00006feb  MPU6050_IRQINIT                      
00003d69  MPU6050_Init                         
00003c91  MPU6050_ReadData                     
0000439d  MPU6050_WriteReg                     
00006ce5  MPU_Set_Accel_Fsr                    
00006d01  MPU_Set_Gyro_Fsr                     
00004b3f  MPU_Set_LPF                          
00005579  MPU_Set_Rate                         
00004dfd  NMI_Handler                          
0000550d  OLED_Clear                           
000032a9  OLED_Init                            
00005d8d  OLED_WR_Byte                         
20200b28  PWM                                  
20200b2c  PWM_left                             
20200b30  PWM_right                            
20200d65  Page                                 
00004dfd  PendSV_Handler                       
00004dfd  RTC_IRQHandler                       
000046fd  Read_Byte                            
000072e7  Reset_Handler                        
00005015  SEND_Byte                            
00004dfd  SPI0_IRQHandler                      
00004dfd  SPI1_IRQHandler                      
00004dfd  SVC_Handler                          
00001c7d  SYSCFG_DL_GPIO_init                  
00004bcd  SYSCFG_DL_PWM_Motor_init             
00005f01  SYSCFG_DL_SYSCTL_init                
0000719f  SYSCFG_DL_SYSTICK_init               
00006269  SYSCFG_DL_TIMER_0_init               
000062a5  SYSCFG_DL_TIMER_1_init               
000060ed  SYSCFG_DL_TIMER_USOUND_init          
00005f49  SYSCFG_DL_UART_1_init                
000062e1  SYSCFG_DL_init                       
00004c59  SYSCFG_DL_initPower                  
0000479d  Send_Byte                            
00004dfd  SysTick_Handler                      
00004dfd  TIMA0_IRQHandler                     
00004dfd  TIMA1_IRQHandler                     
000071f5  TIMG0_IRQHandler                     
00004dfd  TIMG12_IRQHandler                    
00005ad5  TIMG6_IRQHandler                     
00007171  TIMG7_IRQHandler                     
00004dfd  TIMG8_IRQHandler                     
0000711d  TI_memcpy_small                      
000071e5  TI_memset_small                      
00004dfd  UART0_IRQHandler                     
0000483d  UART1_IRQHandler                     
00004dfd  UART2_IRQHandler                     
00004dfd  UART3_IRQHandler                     
00006a6d  USOUND_Init                          
20200d8c  VKi                                  
20200d90  VKp                                  
20200800  _CIOBUF_                             
20200800  __CIOBUF_                            
20208000  __STACK_END                          
00000200  __STACK_SIZE                         
00000800  __SYSMEM_SIZE                        
00000000  __TI_ATRegion0_region_sz             
00000000  __TI_ATRegion0_src_addr              
00000000  __TI_ATRegion0_trg_addr              
00000000  __TI_ATRegion1_region_sz             
00000000  __TI_ATRegion1_src_addr              
00000000  __TI_ATRegion1_trg_addr              
00000000  __TI_ATRegion2_region_sz             
00000000  __TI_ATRegion2_src_addr              
00000000  __TI_ATRegion2_trg_addr              
000082a8  __TI_CINIT_Base                      
000082b8  __TI_CINIT_Limit                     
000082b8  __TI_CINIT_Warm                      
00008294  __TI_Handler_Table_Base              
000082a0  __TI_Handler_Table_Limit             
00006395  __TI_auto_init_nobinit_nopinit       
00006525  __TI_cleanup                         
20200d68  __TI_cleanup_ptr                     
00005091  __TI_closefile                       
0000510d  __TI_decompress_lzss                 
0000712f  __TI_decompress_none                 
00005ceb  __TI_doflush                         
20200d6c  __TI_dtors_ptr                       
20200d94  __TI_ft_end                          
ffffffff  __TI_pprof_out_hndl                  
000000c1  __TI_printfi_nofloat                 
ffffffff  __TI_prof_data_size                  
ffffffff  __TI_prof_data_start                 
00006559  __TI_readmsg                         
00000000  __TI_static_base__                   
20200920  __TI_tmpnams                         
0000658d  __TI_writemsg                        
000056af  __TI_wrt_ok                          
0000702d  __TI_zero_init_nomemset              
00002017  __adddf3                             
00003bc3  __addsf3                             
00007f00  __aeabi_ctype_table_                 
00007f00  __aeabi_ctype_table_C                
00005201  __aeabi_d2f                          
00002017  __aeabi_dadd                         
00005779  __aeabi_dcmpeq                       
000057b5  __aeabi_dcmpge                       
000057c9  __aeabi_dcmpgt                       
000057a1  __aeabi_dcmple                       
0000578d  __aeabi_dcmplt                       
00002f91  __aeabi_ddiv                         
00003759  __aeabi_dmul                         
0000200d  __aeabi_dsub                         
20200d98  __aeabi_errno                        
0000728d  __aeabi_errno_addr                   
0000616d  __aeabi_f2d                          
00006481  __aeabi_f2iz                         
00003bc3  __aeabi_fadd                         
000057dd  __aeabi_fcmpeq                       
00005819  __aeabi_fcmpge                       
0000582d  __aeabi_fcmpgt                       
00005805  __aeabi_fcmple                       
000057f1  __aeabi_fcmplt                       
00004f91  __aeabi_fdiv                         
00004ce5  __aeabi_fmul                         
00003bb9  __aeabi_fsub                         
0000631d  __aeabi_i2f                          
00005c95  __aeabi_idiv                         
0000219f  __aeabi_idiv0                        
00005c95  __aeabi_idivmod                      
000033a3  __aeabi_ldiv0                        
00006b75  __aeabi_llsl                         
00006a91  __aeabi_lmul                         
00007201  __aeabi_memclr                       
00007201  __aeabi_memclr4                      
00007201  __aeabi_memclr8                      
00007295  __aeabi_memcpy                       
00007295  __aeabi_memcpy4                      
00007295  __aeabi_memcpy8                      
000071ad  __aeabi_memset                       
000071ad  __aeabi_memset4                      
000071ad  __aeabi_memset8                      
00006959  __aeabi_ui2f                         
0000612d  __aeabi_uidiv                        
0000612d  __aeabi_uidivmod                     
000070e5  __aeabi_uldivmod                     
00006b75  __ashldi3                            
ffffffff  __binit__                            
000055e1  __cmpdf2                             
000063d1  __cmpsf2                             
00002f91  __divdf3                             
00004f91  __divsf3                             
000055e1  __eqdf2                              
000063d1  __eqsf2                              
0000616d  __extendsfdf2                        
00006481  __fixsfsi                            
0000631d  __floatsisf                          
00006959  __floatunsisf                        
00005189  __gedf2                              
00006359  __gesf2                              
00005189  __gtdf2                              
00006359  __gtsf2                              
000055e1  __ledf2                              
000063d1  __lesf2                              
000055e1  __ltdf2                              
000063d1  __ltsf2                              
UNDEFED   __mpu_init                           
00003759  __muldf3                             
00006a91  __muldi3                             
0000640d  __muldsi3                            
00004ce5  __mulsf3                             
000055e1  __nedf2                              
000063d1  __nesf2                              
20207e00  __stack                              
20200000  __start___llvm_prf_bits              
20200000  __start___llvm_prf_cnts              
20200000  __stop___llvm_prf_bits               
20200000  __stop___llvm_prf_cnts               
0000200d  __subdf3                             
00003bb9  __subsf3                             
00005201  __truncdfsf2                         
00004659  __udivmoddi4                         
00006a21  _c_int00_noargs                      
20200c58  _device                              
20200b68  _ftable                              
20200d9c  _lock                                
00003d67  _nop                                 
20200cd0  _stream                              
20200000  _sys_memory                          
UNDEFED   _system_post_cinit                   
000051fd  _system_pre_init                     
20200da0  _unlock                              
000072fd  abort                                
00002d6d  aligned_alloc                        
20200b34  angle_calcu                          
00000929  asin                                 
00000929  asinl                                
00000c8d  atan                                 
000021a1  atan2                                
000021a1  atan2l                               
00000c8d  atanl                                
000061ad  atoi                                 
ffffffff  binit                                
20200d66  caiji_flag                           
00005d3d  close                                
20200b08  cnt                                  
00007001  delay_ms                             
00005275  delay_us                             
00005f91  dmp_enable_6x_lp_quat                
00000f85  dmp_enable_feature                   
00005961  dmp_enable_gyro_cal                  
00005fd9  dmp_enable_lp_quat                   
00006d1d  dmp_load_motion_driver_firmware      
00001a89  dmp_read_fifo                        
00004a11  dmp_set_fifo_rate                    
00002329  dmp_set_orientation                  
00006065  dmp_set_shake_reject_thresh          
00006629  dmp_set_shake_reject_time            
0000665b  dmp_set_shake_reject_timeout         
00005649  dmp_set_tap_axes                     
000060a9  dmp_set_tap_count                    
000011fd  dmp_set_tap_thresh                   
0000671d  dmp_set_tap_time                     
0000674d  dmp_set_tap_time_multi               
00006f05  encoder_Rst                          
20200da4  encoder_cnt1                         
20200da8  encoder_cnt2                         
00007017  encoder_init                         
00006981  encoder_update                       
20200b38  err                                  
20200b3c  err0                                 
20200b40  err_difference                       
20200dac  err_sum                              
20200b44  error                                
000065c1  exit                                 
20200b48  filt_velocity                        
000065f5  finddevice                           
000048d9  fputc                                
000033a5  fputs                                
00003671  free                                 
000072ad  fseek                                
00005435  fseeko                               
202009c0  gTIMER_0Backup                       
20200a60  gTIMER_1Backup                       
0000720d  get_encoder_cnt1                     
00007219  get_encoder_cnt2                     
00006f1d  get_left_status                      
00006f35  get_middle1_status                   
00006f4d  get_middle2_status                   
00006f65  get_right_status                     
000054a1  getdevice                            
000081c8  hw                                   
00000000  interruptVectors                     
000061ed  inv_orientation_matrix_to_scalar     
00004aa9  inv_row_2_scale                      
20200b4c  last_err                             
20200b50  last_filt_velocity                   
000069d1  lseek                                
000024a1  main                                 
00007225  malloc                               
20200db0  measure                              
00002d6d  memalign                             
00006ab5  memccpy                              
00006b19  memcmp                               
000072b5  mget_ms                              
00004229  mpu_configure_fifo                   
00001661  mpu_dmp_get_data                     
00002c55  mpu_dmp_init                         
000052e9  mpu_get_accel_fsr                    
00001875  mpu_init                             
00002b31  mpu_load_firmware                    
00002e81  mpu_lp_accel_mode                    
0000309d  mpu_read_fifo_stream                 
00004501  mpu_read_mem                         
00001435  mpu_reset_fifo                       
0000383d  mpu_set_accel_fsr                    
00001e6d  mpu_set_bypass                       
000042e5  mpu_set_dmp_state                    
00003fe1  mpu_set_gyro_fsr                     
00004975  mpu_set_int_latched                  
00003f11  mpu_set_lpf                          
0000349d  mpu_set_sample_rate                  
00002a01  mpu_set_sensors                      
000045ad  mpu_write_mem                        
20200b15  need_clear_display                   
20200b16  overflowFlag                         
20200d67  packet_ready                         
20200b00  parmbuf                              
20200b54  pitch                                
20200d70  pre_encoder_cnt1                     
20200d78  pre_encoder_cnt2                     
00005b31  printf                               
000064b9  pwm_limit                            
00008124  reg                                  
000072bd  remove                               
20200b58  roll                                 
20200b10  rx_buff                              
20200dc5  rx_index                             
00006885  set_motor1_pwm                       
000068b1  set_motor2_pwm                       
00003add  set_motor_pwm                        
00003921  setvbuf                              
00002615  sqrt                                 
00002615  sqrtl                                
20200b5c  state                                
00004e01  strcmp                               
20200b17  temp                                 
000080b8  test                                 
20200dc6  turn_flag                            
000068dd  unlink                               
000040a5  velocity_PID_value                   
20200db4  velocity_calcu                       
20200b60  velocity_err                         
20200db8  velocity_err_sum                     
20200dbc  velocity_measure                     
00004451  vertical_PID_value                   
00007181  wcslen                               
000069f9  write                                
20200b64  yaw                                  
20200dc0  zhongzhi                             


GLOBAL SYMBOLS: SORTED BY Symbol Address 

address   name                                 
-------   ----                                 
00000000  __TI_ATRegion0_region_sz             
00000000  __TI_ATRegion0_src_addr              
00000000  __TI_ATRegion0_trg_addr              
00000000  __TI_ATRegion1_region_sz             
00000000  __TI_ATRegion1_src_addr              
00000000  __TI_ATRegion1_trg_addr              
00000000  __TI_ATRegion2_region_sz             
00000000  __TI_ATRegion2_src_addr              
00000000  __TI_ATRegion2_trg_addr              
00000000  __TI_static_base__                   
00000000  interruptVectors                     
000000c1  __TI_printfi_nofloat                 
00000200  __STACK_SIZE                         
00000800  __SYSMEM_SIZE                        
00000929  asin                                 
00000929  asinl                                
00000c8d  atan                                 
00000c8d  atanl                                
00000f85  dmp_enable_feature                   
000011fd  dmp_set_tap_thresh                   
00001435  mpu_reset_fifo                       
00001661  mpu_dmp_get_data                     
00001875  mpu_init                             
00001a89  dmp_read_fifo                        
00001c7d  SYSCFG_DL_GPIO_init                  
00001e6d  mpu_set_bypass                       
0000200d  __aeabi_dsub                         
0000200d  __subdf3                             
00002017  __adddf3                             
00002017  __aeabi_dadd                         
0000219f  __aeabi_idiv0                        
000021a1  atan2                                
000021a1  atan2l                               
00002329  dmp_set_orientation                  
000024a1  main                                 
00002615  sqrt                                 
00002615  sqrtl                                
00002785  Line_Following                       
000028d1  GROUP1_IRQHandler                    
00002a01  mpu_set_sensors                      
00002b31  mpu_load_firmware                    
00002c55  mpu_dmp_init                         
00002d6d  aligned_alloc                        
00002d6d  memalign                             
00002e81  mpu_lp_accel_mode                    
00002f91  __aeabi_ddiv                         
00002f91  __divdf3                             
0000309d  mpu_read_fifo_stream                 
000031a5  DL_Timer_initFourCCPWMMode           
000032a9  OLED_Init                            
000033a3  __aeabi_ldiv0                        
000033a5  fputs                                
0000349d  mpu_set_sample_rate                  
00003589  DL_Timer_initTimerMode               
00003671  free                                 
00003759  __aeabi_dmul                         
00003759  __muldf3                             
0000383d  mpu_set_accel_fsr                    
00003921  setvbuf                              
00003a01  DL_SYSCTL_configSYSPLL               
00003add  set_motor_pwm                        
00003bb9  __aeabi_fsub                         
00003bb9  __subsf3                             
00003bc3  __addsf3                             
00003bc3  __aeabi_fadd                         
00003c91  MPU6050_ReadData                     
00003d67  _nop                                 
00003d69  MPU6050_Init                         
00003f11  mpu_set_lpf                          
00003fe1  mpu_set_gyro_fsr                     
000040a5  velocity_PID_value                   
00004169  I2C_WaitAck                          
00004229  mpu_configure_fifo                   
000042e5  mpu_set_dmp_state                    
0000439d  MPU6050_WriteReg                     
00004451  vertical_PID_value                   
00004501  mpu_read_mem                         
000045ad  mpu_write_mem                        
00004659  __udivmoddi4                         
000046fd  Read_Byte                            
0000479d  Send_Byte                            
0000483d  UART1_IRQHandler                     
000048d9  fputc                                
00004975  mpu_set_int_latched                  
00004a11  dmp_set_fifo_rate                    
00004aa9  inv_row_2_scale                      
00004b3f  MPU_Set_LPF                          
00004bcd  SYSCFG_DL_PWM_Motor_init             
00004c59  SYSCFG_DL_initPower                  
00004ce5  __aeabi_fmul                         
00004ce5  __mulsf3                             
00004dfd  ADC0_IRQHandler                      
00004dfd  ADC1_IRQHandler                      
00004dfd  AES_IRQHandler                       
00004dfd  CANFD0_IRQHandler                    
00004dfd  DAC0_IRQHandler                      
00004dfd  DMA_IRQHandler                       
00004dfd  Default_Handler                      
00004dfd  GROUP0_IRQHandler                    
00004dfd  HardFault_Handler                    
00004dfd  I2C0_IRQHandler                      
00004dfd  I2C1_IRQHandler                      
00004dfd  NMI_Handler                          
00004dfd  PendSV_Handler                       
00004dfd  RTC_IRQHandler                       
00004dfd  SPI0_IRQHandler                      
00004dfd  SPI1_IRQHandler                      
00004dfd  SVC_Handler                          
00004dfd  SysTick_Handler                      
00004dfd  TIMA0_IRQHandler                     
00004dfd  TIMA1_IRQHandler                     
00004dfd  TIMG12_IRQHandler                    
00004dfd  TIMG8_IRQHandler                     
00004dfd  UART0_IRQHandler                     
00004dfd  UART2_IRQHandler                     
00004dfd  UART3_IRQHandler                     
00004e01  strcmp                               
00004e89  IIC_Send_Ack                         
00004f91  __aeabi_fdiv                         
00004f91  __divsf3                             
00005015  SEND_Byte                            
00005091  __TI_closefile                       
0000510d  __TI_decompress_lzss                 
00005189  __gedf2                              
00005189  __gtdf2                              
000051fd  _system_pre_init                     
00005201  __aeabi_d2f                          
00005201  __truncdfsf2                         
00005275  delay_us                             
000052e9  mpu_get_accel_fsr                    
0000535d  HOSTlseek                            
000053c9  HOSTrename                           
00005435  fseeko                               
000054a1  getdevice                            
0000550d  OLED_Clear                           
00005579  MPU_Set_Rate                         
000055e1  __cmpdf2                             
000055e1  __eqdf2                              
000055e1  __ledf2                              
000055e1  __ltdf2                              
000055e1  __nedf2                              
00005649  dmp_set_tap_axes                     
000056af  __TI_wrt_ok                          
00005779  __aeabi_dcmpeq                       
0000578d  __aeabi_dcmplt                       
000057a1  __aeabi_dcmple                       
000057b5  __aeabi_dcmpge                       
000057c9  __aeabi_dcmpgt                       
000057dd  __aeabi_fcmpeq                       
000057f1  __aeabi_fcmplt                       
00005805  __aeabi_fcmple                       
00005819  __aeabi_fcmpge                       
0000582d  __aeabi_fcmpgt                       
00005841  HOSTopen                             
000058a1  IIC_Start                            
00005901  KEY_VAL                              
00005961  dmp_enable_gyro_cal                  
000059c1  I_jiaoxianfu                         
00005a1d  I_xianfu                             
00005a79  MPU6050ReadID                        
00005ad5  TIMG6_IRQHandler                     
00005b31  printf                               
00005b8d  HOSTread                             
00005be5  HOSTwrite                            
00005c3d  IIC_Stop                             
00005c95  __aeabi_idiv                         
00005c95  __aeabi_idivmod                      
00005ceb  __TI_doflush                         
00005d3d  close                                
00005d8d  OLED_WR_Byte                         
00005e29  DL_UART_init                         
00005e71  HOSTclose                            
00005eb9  HOSTunlink                           
00005f01  SYSCFG_DL_SYSCTL_init                
00005f49  SYSCFG_DL_UART_1_init                
00005f91  dmp_enable_6x_lp_quat                
00005fd9  dmp_enable_lp_quat                   
00006021  DL_SYSCTL_switchMCLKfromSYSOSCtoHSCLK
00006065  dmp_set_shake_reject_thresh          
000060a9  dmp_set_tap_count                    
000060ed  SYSCFG_DL_TIMER_USOUND_init          
0000612d  __aeabi_uidiv                        
0000612d  __aeabi_uidivmod                     
0000616d  __aeabi_f2d                          
0000616d  __extendsfdf2                        
000061ad  atoi                                 
000061ed  inv_orientation_matrix_to_scalar     
00006269  SYSCFG_DL_TIMER_0_init               
000062a5  SYSCFG_DL_TIMER_1_init               
000062e1  SYSCFG_DL_init                       
0000631d  __aeabi_i2f                          
0000631d  __floatsisf                          
00006359  __gesf2                              
00006359  __gtsf2                              
00006395  __TI_auto_init_nobinit_nopinit       
000063d1  __cmpsf2                             
000063d1  __eqsf2                              
000063d1  __lesf2                              
000063d1  __ltsf2                              
000063d1  __nesf2                              
0000640d  __muldsi3                            
00006449  I2C_Start                            
00006481  __aeabi_f2iz                         
00006481  __fixsfsi                            
000064b9  pwm_limit                            
00006525  __TI_cleanup                         
00006559  __TI_readmsg                         
0000658d  __TI_writemsg                        
000065b9  C$$IO$$                              
000065c1  exit                                 
000065f5  finddevice                           
00006629  dmp_set_shake_reject_time            
0000665b  dmp_set_shake_reject_timeout         
000066bd  I2C_Stop                             
000066ed  I2C_WAITAck                          
0000671d  dmp_set_tap_time                     
0000674d  dmp_set_tap_time_multi               
00006885  set_motor1_pwm                       
000068b1  set_motor2_pwm                       
000068dd  unlink                               
00006959  __aeabi_ui2f                         
00006959  __floatunsisf                        
00006981  encoder_update                       
000069d1  lseek                                
000069f9  write                                
00006a21  _c_int00_noargs                      
00006a49  Delay_ms                             
00006a6d  USOUND_Init                          
00006a91  __aeabi_lmul                         
00006a91  __muldi3                             
00006ab5  memccpy                              
00006b19  memcmp                               
00006b39  ABS_pwm                              
00006b75  __aeabi_llsl                         
00006b75  __ashldi3                            
00006c91  DL_Timer_setCaptCompUpdateMethod     
00006cad  DL_Timer_setClockConfig              
00006ce5  MPU_Set_Accel_Fsr                    
00006d01  MPU_Set_Gyro_Fsr                     
00006d1d  dmp_load_motion_driver_firmware      
00006ebd  DL_Timer_setCaptureCompareOutCtl     
00006f05  encoder_Rst                          
00006f1d  get_left_status                      
00006f35  get_middle1_status                   
00006f4d  get_middle2_status                   
00006f65  get_right_status                     
00006feb  MPU6050_IRQINIT                      
00007001  delay_ms                             
00007017  encoder_init                         
0000702d  __TI_zero_init_nomemset              
000070e5  __aeabi_uldivmod                     
0000710b  DL_UART_setClockConfig               
0000711d  TI_memcpy_small                      
0000712f  __TI_decompress_none                 
00007161  DL_Timer_setCaptureCompareValue      
00007171  TIMG7_IRQHandler                     
00007181  wcslen                               
0000719f  SYSCFG_DL_SYSTICK_init               
000071ad  __aeabi_memset                       
000071ad  __aeabi_memset4                      
000071ad  __aeabi_memset8                      
000071e5  TI_memset_small                      
000071f5  TIMG0_IRQHandler                     
00007201  __aeabi_memclr                       
00007201  __aeabi_memclr4                      
00007201  __aeabi_memclr8                      
0000720d  get_encoder_cnt1                     
00007219  get_encoder_cnt2                     
00007225  malloc                               
00007231  DL_Common_delayCycles                
0000728d  __aeabi_errno_addr                   
00007295  __aeabi_memcpy                       
00007295  __aeabi_memcpy4                      
00007295  __aeabi_memcpy8                      
000072ad  fseek                                
000072b5  mget_ms                              
000072bd  remove                               
000072e7  Reset_Handler                        
000072fc  C$$EXIT                              
000072fd  abort                                
00007f00  __aeabi_ctype_table_                 
00007f00  __aeabi_ctype_table_C                
000080b8  test                                 
00008124  reg                                  
000081c8  hw                                   
00008294  __TI_Handler_Table_Base              
000082a0  __TI_Handler_Table_Limit             
000082a8  __TI_CINIT_Base                      
000082b8  __TI_CINIT_Limit                     
000082b8  __TI_CINIT_Warm                      
20200000  __start___llvm_prf_bits              
20200000  __start___llvm_prf_cnts              
20200000  __stop___llvm_prf_bits               
20200000  __stop___llvm_prf_cnts               
20200000  _sys_memory                          
20200800  _CIOBUF_                             
20200800  __CIOBUF_                            
20200920  __TI_tmpnams                         
202009c0  gTIMER_0Backup                       
20200a60  gTIMER_1Backup                       
20200b00  parmbuf                              
20200b08  cnt                                  
20200b10  rx_buff                              
20200b15  need_clear_display                   
20200b16  overflowFlag                         
20200b17  temp                                 
20200b1c  Key_Down                             
20200b20  Key_Old                              
20200b24  Key_Val                              
20200b28  PWM                                  
20200b2c  PWM_left                             
20200b30  PWM_right                            
20200b34  angle_calcu                          
20200b38  err                                  
20200b3c  err0                                 
20200b40  err_difference                       
20200b44  error                                
20200b48  filt_velocity                        
20200b4c  last_err                             
20200b50  last_filt_velocity                   
20200b54  pitch                                
20200b58  roll                                 
20200b5c  state                                
20200b60  velocity_err                         
20200b64  yaw                                  
20200b68  _ftable                              
20200c58  _device                              
20200cd0  _stream                              
20200d65  Page                                 
20200d66  caiji_flag                           
20200d67  packet_ready                         
20200d68  __TI_cleanup_ptr                     
20200d6c  __TI_dtors_ptr                       
20200d70  pre_encoder_cnt1                     
20200d78  pre_encoder_cnt2                     
20200d80  Kd                                   
20200d84  Ki                                   
20200d88  Kp                                   
20200d8c  VKi                                  
20200d90  VKp                                  
20200d94  __TI_ft_end                          
20200d98  __aeabi_errno                        
20200d9c  _lock                                
20200da0  _unlock                              
20200da4  encoder_cnt1                         
20200da8  encoder_cnt2                         
20200dac  err_sum                              
20200db0  measure                              
20200db4  velocity_calcu                       
20200db8  velocity_err_sum                     
20200dbc  velocity_measure                     
20200dc0  zhongzhi                             
20200dc5  rx_index                             
20200dc6  turn_flag                            
20207e00  __stack                              
20208000  __STACK_END                          
ffffffff  __TI_pprof_out_hndl                  
ffffffff  __TI_prof_data_size                  
ffffffff  __TI_prof_data_start                 
ffffffff  __binit__                            
ffffffff  binit                                
UNDEFED   __mpu_init                           
UNDEFED   _system_post_cinit                   

[363 symbols]
