******************************************************************************
            TI ARM Clang Linker PC v4.0.0                      
******************************************************************************
>> Linked Mon May 19 21:36:16 2025

OUTPUT FILE NAME:   <Balance.out>
ENTRY POINT SYMBOL: "_c_int00_noargs"  address: 00006f89


MEMORY CONFIGURATION

         name            origin    length      used     unused   attr    fill
----------------------  --------  ---------  --------  --------  ----  --------
  FLASH                 00000000   00020000  00008978  00017688  R  X
  SRAM                  20200000   00008000  000010b6  00006f4a  RW X
  BCR_CONFIG            41c00000   000000ff  00000000  000000ff  R   
  BSL_CONFIG            41c00100   00000080  00000000  00000080  R   


SEGMENT ALLOCATION MAP

run origin  load origin   length   init length attrs members
----------  ----------- ---------- ----------- ----- -------
00000000    00000000    00008978   00008978    r-x
  00000000    00000000    000000c0   000000c0    r-- .intvecs
  000000c0    000000c0    000078f0   000078f0    r-x .text
  000079b0    000079b0    00000f10   00000f10    r-- .rodata
  000088c0    000088c0    000000b8   000000b8    r-- .cinit
20200000    20200000    00000ebd   00000000    rw-
  20200000    20200000    00000800   00000000    rw- .sysmem
  20200800    20200800    00000441   00000000    rw- .bss
  20200c48    20200c48    00000275   00000000    rw- .data
20207e00    20207e00    00000200   00000000    rw-
  20207e00    20207e00    00000200   00000000    rw- .stack


SECTION ALLOCATION MAP

 output                                  attributes/
section   page    origin      length       input sections
--------  ----  ----------  ----------   ----------------
.intvecs   0    00000000    000000c0     
                  00000000    000000c0     startup_mspm0g350x_ticlang.o (.intvecs)

.text      0    000000c0    000078f0     
                  000000c0    00000868     libc.a : _printfi.c.obj (.text:__TI_printfi_nofloat)
                  00000928    00000364            : e_asin.c.obj (.text.asin)
                  00000c8c    000002f8            : s_atan.c.obj (.text.atan)
                  00000f84    00000278     inv_mpu_dmp_motion_driver.o (.text.dmp_enable_feature)
                  000011fc    0000023c     FINDLINE.o (.text.Line_Following)
                  00001438    00000238     inv_mpu_dmp_motion_driver.o (.text.dmp_set_tap_thresh)
                  00001670    0000022c     inv_mpu.o (.text.mpu_reset_fifo)
                  0000189c    00000228     inv_mpu.o (.text.mpu_dmp_get_data)
                  00001ac4    00000214     inv_mpu.o (.text.mpu_init)
                  00001cd8    000001f4     inv_mpu_dmp_motion_driver.o (.text.dmp_read_fifo)
                  00001ecc    000001f0     ti_msp_dl_config.o (.text.SYSCFG_DL_GPIO_init)
                  000020bc    000001e8     ENCODER.o (.text.GROUP1_IRQHandler)
                  000022a4    000001a0     inv_mpu.o (.text.mpu_set_bypass)
                  00002444    00000192     libclang_rt.builtins.a : adddf3.S.obj (.text.adddf3_subdf3)
                  000025d6    00000002                            : aeabi_div0.c.obj (.text.__aeabi_idiv0)
                  000025d8    00000188     libc.a : e_atan2.c.obj (.text.atan2)
                  00002760    00000178     inv_mpu_dmp_motion_driver.o (.text.dmp_set_orientation)
                  000028d8    00000170     libc.a : e_sqrt.c.obj (.text.sqrt)
                  00002a48    00000130     inv_mpu.o (.text.mpu_set_sensors)
                  00002b78    00000124     inv_mpu.o (.text.mpu_load_firmware)
                  00002c9c    00000120     main.o (.text.pid_pro)
                  00002dbc    00000118     inv_mpu.o (.text.mpu_dmp_init)
                  00002ed4    00000114     USOUND.o (.text.TIMG6_IRQHandler)
                  00002fe8    00000114     libc.a : memory.c.obj (.text.aligned_alloc)
                  000030fc    00000110     inv_mpu.o (.text.mpu_lp_accel_mode)
                  0000320c    0000010c     libclang_rt.builtins.a : divdf3.S.obj (.text.__divdf3)
                  00003318    00000108     inv_mpu.o (.text.mpu_read_fifo_stream)
                  00003420    00000104     driverlib.a : dl_timer.o (.text.DL_Timer_initFourCCPWMMode)
                  00003524    000000fa     oled.o (.text.OLED_Init)
                  0000361e    00000002     libclang_rt.builtins.a : aeabi_div0.c.obj (.text.__aeabi_ldiv0)
                  00003620    000000f8     libc.a : fputs.c.obj (.text.fputs)
                  00003718    000000ec     inv_mpu.o (.text.mpu_set_sample_rate)
                  00003804    000000e8     driverlib.a : dl_timer.o (.text.DL_Timer_initTimerMode)
                  000038ec    000000e8     libc.a : memory.c.obj (.text.free)
                  000039d4    000000e4     libclang_rt.builtins.a : muldf3.S.obj (.text.__muldf3)
                  00003ab8    000000e4     inv_mpu.o (.text.mpu_set_accel_fsr)
                  00003b9c    000000e0     libc.a : setvbuf.c.obj (.text.setvbuf)
                  00003c7c    000000dc     driverlib.a : dl_sysctl_mspm0g1x0x_g3x0x.o (.text.DL_SYSCTL_configSYSPLL)
                  00003d58    000000dc     MOTOR.o (.text.set_motor_pwm)
                  00003e34    000000d8     libclang_rt.builtins.a : addsf3.S.obj (.text)
                  00003f0c    000000d6     bsp_mpu6050.o (.text.MPU6050_ReadData)
                  00003fe2    00000002     libc.a : _lock.c.obj (.text._nop)
                  00003fe4    000000d4     bsp_mpu6050.o (.text.MPU6050_Init)
                  000040b8    000000d4     inv_mpu.o (.text.set_int_enable)
                  0000418c    000000d0     inv_mpu.o (.text.mpu_set_lpf)
                  0000425c    000000c4     inv_mpu.o (.text.mpu_set_gyro_fsr)
                  00004320    000000c4     CONTROL.o (.text.velocity_PID_value)
                  000043e4    000000c0     bsp_mpu6050.o (.text.I2C_WaitAck)
                  000044a4    000000bc     inv_mpu.o (.text.mpu_configure_fifo)
                  00004560    000000b8     inv_mpu.o (.text.mpu_set_dmp_state)
                  00004618    000000b4     bsp_mpu6050.o (.text.MPU6050_WriteReg)
                  000046cc    000000b0     CONTROL.o (.text.vertical_PID_value)
                  0000477c    000000ac     inv_mpu.o (.text.mpu_read_mem)
                  00004828    000000ac     inv_mpu.o (.text.mpu_write_mem)
                  000048d4    000000a2     libclang_rt.builtins.a : udivmoddi4.S.obj (.text)
                  00004976    00000002     --HOLE-- [fill = 0]
                  00004978    000000a0     bsp_mpu6050.o (.text.Read_Byte)
                  00004a18    000000a0     ti_msp_dl_config.o (.text.SYSCFG_DL_initPower)
                  00004ab8    000000a0     bsp_mpu6050.o (.text.Send_Byte)
                  00004b58    0000009c     OPENMV.o (.text.UART1_IRQHandler)
                  00004bf4    0000009c     libc.a : fputc.c.obj (.text.fputc)
                  00004c90    0000009c     inv_mpu.o (.text.mpu_set_int_latched)
                  00004d2c    00000098     inv_mpu_dmp_motion_driver.o (.text.dmp_set_fifo_rate)
                  00004dc4    00000098     main.o (.text.main)
                  00004e5c    00000096     inv_mpu.o (.text.inv_row_2_scale)
                  00004ef2    0000008e     bsp_mpu6050.o (.text.MPU_Set_LPF)
                  00004f80    0000008c     ti_msp_dl_config.o (.text.SYSCFG_DL_PWM_Motor_init)
                  0000500c    0000008c     libclang_rt.builtins.a : mulsf3.S.obj (.text.__mulsf3)
                  00005098    0000008c     inv_mpu_dmp_motion_driver.o (.text.decode_gesture)
                  00005124    0000000c     libclang_rt.builtins.a : aeabi_memset.S.obj (.text.__aeabi_memclr)
                  00005130    00000088     libc.a : strcmp-armv6m.S.obj (.text:strcmp)
                  000051b8    00000084     bsp_mpu6050.o (.text.IIC_Send_Ack)
                  0000523c    00000084     ti_msp_dl_config.o (.text.__NVIC_SetPriority)
                  000052c0    00000082     libclang_rt.builtins.a : divsf3.S.obj (.text.__divsf3)
                  00005342    00000002     --HOLE-- [fill = 0]
                  00005344    0000007c     oled.o (.text.SEND_Byte)
                  000053c0    0000007c     libc.a : fclose.c.obj (.text.__TI_closefile)
                  0000543c    0000007c            : copy_decompress_lzss.c.obj (.text:decompress:lzss)
                  000054b8    00000074     libclang_rt.builtins.a : comparedf2.c.obj (.text.__gedf2)
                  0000552c    00000004     startup_mspm0g350x_ticlang.o (.text.Default_Handler)
                  00005530    00000074     libclang_rt.builtins.a : truncdfsf2.S.obj (.text.__truncdfsf2)
                  000055a4    00000074     DELAY.o (.text.delay_us)
                  00005618    00000074     inv_mpu.o (.text.mpu_get_accel_fsr)
                  0000568c    00000070     main.o (.text.TIMA0_IRQHandler)
                  000056fc    0000006c     libsysbm.a : hostlseek.c.obj (.text.HOSTlseek)
                  00005768    0000006c                : hostrename.c.obj (.text.HOSTrename)
                  000057d4    0000006c     libc.a : fseek.c.obj (.text.fseeko)
                  00005840    0000006c            : getdevice.c.obj (.text.getdevice)
                  000058ac    0000006a     oled.o (.text.OLED_Clear)
                  00005916    00000002     --HOLE-- [fill = 0]
                  00005918    00000068     bsp_mpu6050.o (.text.MPU_Set_Rate)
                  00005980    00000068     libclang_rt.builtins.a : comparedf2.c.obj (.text.__ledf2)
                  000059e8    00000066     inv_mpu_dmp_motion_driver.o (.text.dmp_set_tap_axes)
                  00005a4e    00000064     libc.a : _io_perm.c.obj (.text.__TI_wrt_ok)
                  00005ab2    00000002     --HOLE-- [fill = 0]
                  00005ab4    00000064            : memory.c.obj (.text.split)
                  00005b18    00000062     libclang_rt.builtins.a : aeabi_dcmp.S.obj (.text.__aeabi_dcmp)
                  00005b7a    00000002     --HOLE-- [fill = 0]
                  00005b7c    00000062                            : aeabi_fcmp.S.obj (.text.__aeabi_fcmp)
                  00005bde    00000002     --HOLE-- [fill = 0]
                  00005be0    00000060     libsysbm.a : hostopen.c.obj (.text.HOSTopen)
                  00005c40    00000060     bsp_mpu6050.o (.text.IIC_Start)
                  00005ca0    00000060     KEY.o (.text.KEY_VAL)
                  00005d00    00000060     inv_mpu_dmp_motion_driver.o (.text.dmp_enable_gyro_cal)
                  00005d60    0000005c     CONTROL.o (.text.I_jiaoxianfu)
                  00005dbc    0000005c     CONTROL.o (.text.I_xianfu)
                  00005e18    0000005c     bsp_mpu6050.o (.text.MPU6050ReadID)
                  00005e74    0000005c     libc.a : printf.c.obj (.text.printf)
                  00005ed0    00000058     libsysbm.a : hostread.c.obj (.text.HOSTread)
                  00005f28    00000058                : hostwrite.c.obj (.text.HOSTwrite)
                  00005f80    00000058     bsp_mpu6050.o (.text.IIC_Stop)
                  00005fd8    00000058     CONTROL.o (.text.Turn)
                  00006030    00000056     libclang_rt.builtins.a : aeabi_idivmod.S.obj (.text.__aeabi_idivmod)
                  00006086    00000002     --HOLE-- [fill = 0]
                  00006088    00000054     LED.o (.text.LED_OFF)
                  000060dc    00000054     LED.o (.text.LED_ON)
                  00006130    00000052     libc.a : fflush.c.obj (.text.__TI_doflush)
                  00006182    00000002     --HOLE-- [fill = 0]
                  00006184    00000050     libsysbm.a : close.c.obj (.text.close)
                  000061d4    0000004e     oled.o (.text.OLED_WR_Byte)
                  00006222    00000002     --HOLE-- [fill = 0]
                  00006224    0000004c     ti_msp_dl_config.o (.text.DL_UART_setBaudRateDivisor)
                  00006270    0000004c     ti_msp_dl_config.o (.text.SYSCFG_DL_init)
                  000062bc    0000004a     libclang_rt.builtins.a : fixdfsi.S.obj (.text.__fixdfsi)
                  00006306    00000002     --HOLE-- [fill = 0]
                  00006308    00000048     driverlib.a : dl_uart.o (.text.DL_UART_init)
                  00006350    00000048     libsysbm.a : hostclose.c.obj (.text.HOSTclose)
                  00006398    00000048                : hostunlink.c.obj (.text.HOSTunlink)
                  000063e0    00000048     ti_msp_dl_config.o (.text.SYSCFG_DL_SYSCTL_init)
                  00006428    00000048     ti_msp_dl_config.o (.text.SYSCFG_DL_UART_1_init)
                  00006470    00000048     inv_mpu_dmp_motion_driver.o (.text.dmp_enable_6x_lp_quat)
                  000064b8    00000048     inv_mpu_dmp_motion_driver.o (.text.dmp_enable_lp_quat)
                  00006500    00000044     driverlib.a : dl_sysctl_mspm0g1x0x_g3x0x.o (.text.DL_SYSCTL_switchMCLKfromSYSOSCtoHSCLK)
                  00006544    00000044     inv_mpu_dmp_motion_driver.o (.text.dmp_set_shake_reject_thresh)
                  00006588    00000044     inv_mpu_dmp_motion_driver.o (.text.dmp_set_tap_count)
                  000065cc    00000040     ti_msp_dl_config.o (.text.SYSCFG_DL_TIMER_0_init)
                  0000660c    00000040     ti_msp_dl_config.o (.text.SYSCFG_DL_TIMER_USOUND_init)
                  0000664c    00000040     libclang_rt.builtins.a : aeabi_uidivmod.S.obj (.text.__aeabi_uidivmod)
                  0000668c    00000040                            : extendsfdf2.S.obj (.text.__extendsfdf2)
                  000066cc    00000040     libc.a : atoi.c.obj (.text.atoi)
                  0000670c    0000003e     inv_mpu.o (.text.inv_orientation_matrix_to_scalar)
                  0000674a    00000002     --HOLE-- [fill = 0]
                  0000674c    0000003c     ti_msp_dl_config.o (.text.DL_Timer_setCounterControl)
                  00006788    0000003c     ti_msp_dl_config.o (.text.SYSCFG_DL_TIMER_1_init)
                  000067c4    0000003c     ti_msp_dl_config.o (.text.SYSCFG_DL_TIMER_2_init)
                  00006800    0000003c     libclang_rt.builtins.a : floatsisf.S.obj (.text.__floatsisf)
                  0000683c    0000003c                            : comparesf2.S.obj (.text.__gtsf2)
                  00006878    0000003c     libc.a : autoinit.c.obj (.text:__TI_auto_init_nobinit_nopinit)
                  000068b4    0000003a     libclang_rt.builtins.a : comparesf2.S.obj (.text.__eqsf2)
                  000068ee    00000002     --HOLE-- [fill = 0]
                  000068f0    0000003a                            : muldsi3.S.obj (.text.__muldsi3)
                  0000692a    00000002     --HOLE-- [fill = 0]
                  0000692c    00000038     oled.o (.text.I2C_Start)
                  00006964    00000038     libclang_rt.builtins.a : fixsfsi.S.obj (.text.__fixsfsi)
                  0000699c    00000036     MOTOR.o (.text.pwm_limit)
                  000069d2    00000002     --HOLE-- [fill = 0]
                  000069d4    00000034     ti_msp_dl_config.o (.text.DL_GPIO_initDigitalInputFeatures)
                  00006a08    00000034     libc.a : fopen.c.obj (.text.__TI_cleanup)
                  00006a3c    00000034     libsysbm.a : trgmsg.c.obj (.text.__TI_readmsg)
                  00006a70    00000034                : trgmsg.c.obj (.text.__TI_writemsg)
                  00006aa4    00000034     libc.a : exit.c.obj (.text.exit)
                  00006ad8    00000034            : getdevice.c.obj (.text.finddevice)
                  00006b0c    00000032     inv_mpu_dmp_motion_driver.o (.text.dmp_set_shake_reject_time)
                  00006b3e    00000032     inv_mpu_dmp_motion_driver.o (.text.dmp_set_shake_reject_timeout)
                  00006b70    00000030     ti_msp_dl_config.o (.text.DL_GPIO_initDigitalOutputFeatures)
                  00006ba0    00000030     oled.o (.text.I2C_Stop)
                  00006bd0    00000030     oled.o (.text.I2C_WAITAck)
                  00006c00    00000030     inv_mpu_dmp_motion_driver.o (.text.dmp_set_tap_time)
                  00006c30    00000030     inv_mpu_dmp_motion_driver.o (.text.dmp_set_tap_time_multi)
                  00006c60    0000002c     USOUND.o (.text.USOUND)
                  00006c8c    0000002c     CONTROL.o (.text.__NVIC_ClearPendingIRQ)
                  00006cb8    0000002c     ENCODER.o (.text.__NVIC_ClearPendingIRQ)
                  00006ce4    0000002c     USOUND.o (.text.__NVIC_ClearPendingIRQ)
                  00006d10    0000002c     bsp_mpu6050.o (.text.__NVIC_ClearPendingIRQ)
                  00006d3c    0000002c     CONTROL.o (.text.__NVIC_EnableIRQ)
                  00006d68    0000002c     ENCODER.o (.text.__NVIC_EnableIRQ)
                  00006d94    0000002c     USOUND.o (.text.__NVIC_EnableIRQ)
                  00006dc0    0000002c     bsp_mpu6050.o (.text.__NVIC_EnableIRQ)
                  00006dec    0000002c     MOTOR.o (.text.set_motor1_pwm)
                  00006e18    0000002c     MOTOR.o (.text.set_motor2_pwm)
                  00006e44    0000002c     libsysbm.a : unlink.c.obj (.text.unlink)
                  00006e70    00000028     ti_msp_dl_config.o (.text.DL_Common_updateReg)
                  00006e98    00000028     ti_msp_dl_config.o (.text.DL_SYSTICK_init)
                  00006ec0    00000028     libclang_rt.builtins.a : floatunsisf.S.obj (.text.__floatunsisf)
                  00006ee8    00000028     ENCODER.o (.text.encoder_update)
                  00006f10    00000028     libc.a : memory.c.obj (.text.free_list_insert)
                  00006f38    00000028     libsysbm.a : lseek.c.obj (.text.lseek)
                  00006f60    00000028                : write.c.obj (.text.write)
                  00006f88    00000028     libc.a : boot_cortex_m.c.obj (.text:_c_int00_noargs)
                  00006fb0    00000024     oled.o (.text.Delay_ms)
                  00006fd4    00000024     libclang_rt.builtins.a : floatunsidf.S.obj (.text.__floatunsidf)
                  00006ff8    00000024                            : muldi3.S.obj (.text.__muldi3)
                  0000701c    00000022     libc.a : memccpy.c.obj (.text.memccpy)
                  0000703e    00000002     --HOLE-- [fill = 0]
                  00007040    00000020     ti_msp_dl_config.o (.text.DL_GPIO_initPeripheralInputFunction)
                  00007060    00000020     ti_msp_dl_config.o (.text.DL_SYSCTL_setFlashWaitState)
                  00007080    00000020     libc.a : memcmp.c.obj (.text.memcmp)
                  000070a0    0000001e     MOTOR.o (.text.ABS_pwm)
                  000070be    0000001e     ti_msp_dl_config.o (.text.DL_UART_setOversampling)
                  000070dc    0000001e     libclang_rt.builtins.a : ashldi3.S.obj (.text.__ashldi3)
                  000070fa    00000002     --HOLE-- [fill = 0]
                  000070fc    0000001c     ENCODER.o (.text.DL_GPIO_clearInterruptStatus)
                  00007118    0000001c     ti_msp_dl_config.o (.text.DL_GPIO_clearInterruptStatus)
                  00007134    0000001c     ti_msp_dl_config.o (.text.DL_GPIO_enableInterrupt)
                  00007150    0000001c     bsp_mpu6050.o (.text.DL_GPIO_initDigitalInput)
                  0000716c    0000001c     ti_msp_dl_config.o (.text.DL_GPIO_initPeripheralOutputFunction)
                  00007188    0000001c     ti_msp_dl_config.o (.text.DL_GPIO_setLowerPinsPolarity)
                  000071a4    0000001c     ti_msp_dl_config.o (.text.DL_SYSCTL_setSYSOSCFreq)
                  000071c0    0000001c     ti_msp_dl_config.o (.text.DL_SYSCTL_setULPCLKDivider)
                  000071dc    0000001c     ti_msp_dl_config.o (.text.DL_Timer_enableInterrupt)
                  000071f8    0000001c     driverlib.a : dl_timer.o (.text.DL_Timer_setCaptCompUpdateMethod)
                  00007214    0000001c                 : dl_timer.o (.text.DL_Timer_setClockConfig)
                  00007230    0000001c     ti_msp_dl_config.o (.text.DL_UART_enableInterrupt)
                  0000724c    0000001c     bsp_mpu6050.o (.text.MPU_Set_Accel_Fsr)
                  00007268    0000001c     bsp_mpu6050.o (.text.MPU_Set_Gyro_Fsr)
                  00007284    0000001c     USOUND.o (.text.USOUND_Init)
                  000072a0    0000001c     inv_mpu_dmp_motion_driver.o (.text.dmp_load_motion_driver_firmware)
                  000072bc    0000001c     libc.a : memory.c.obj (.text.free_list_remove)
                  000072d8    00000018     bsp_mpu6050.o (.text.DL_GPIO_enableOutput)
                  000072f0    00000018     ti_msp_dl_config.o (.text.DL_GPIO_enableOutput)
                  00007308    00000018     ti_msp_dl_config.o (.text.DL_GPIO_enablePower)
                  00007320    00000018     ENCODER.o (.text.DL_GPIO_getEnabledInterruptStatus)
                  00007338    00000018     bsp_mpu6050.o (.text.DL_GPIO_initDigitalOutput)
                  00007350    00000018     ti_msp_dl_config.o (.text.DL_GPIO_initDigitalOutput)
                  00007368    00000018     ti_msp_dl_config.o (.text.DL_GPIO_reset)
                  00007380    00000018     BUZ.o (.text.DL_GPIO_setPins)
                  00007398    00000018     LED.o (.text.DL_GPIO_setPins)
                  000073b0    00000018     MOTOR.o (.text.DL_GPIO_setPins)
                  000073c8    00000018     USOUND.o (.text.DL_GPIO_setPins)
                  000073e0    00000018     bsp_mpu6050.o (.text.DL_GPIO_setPins)
                  000073f8    00000018     oled.o (.text.DL_GPIO_setPins)
                  00007410    00000018     ti_msp_dl_config.o (.text.DL_GPIO_setPins)
                  00007428    00000018     ti_msp_dl_config.o (.text.DL_GPIO_setUpperPinsPolarity)
                  00007440    00000018     ti_msp_dl_config.o (.text.DL_SYSCTL_setBORThreshold)
                  00007458    00000018     ti_msp_dl_config.o (.text.DL_Timer_enablePower)
                  00007470    00000018     ti_msp_dl_config.o (.text.DL_Timer_reset)
                  00007488    00000018     driverlib.a : dl_timer.o (.text.DL_Timer_setCaptureCompareOutCtl)
                  000074a0    00000018     ENCODER.o (.text.DL_Timer_startCounter)
                  000074b8    00000018     ENCODER.o (.text.DL_Timer_stopCounter)
                  000074d0    00000018     ti_msp_dl_config.o (.text.DL_UART_enablePower)
                  000074e8    00000018     ti_msp_dl_config.o (.text.DL_UART_reset)
                  00007500    00000018     ENCODER.o (.text.encoder_Rst)
                  00007518    00000018     FINDLINE.o (.text.get_left_status)
                  00007530    00000018     FINDLINE.o (.text.get_middle1_status)
                  00007548    00000018     FINDLINE.o (.text.get_middle2_status)
                  00007560    00000018     FINDLINE.o (.text.get_right_status)
                  00007578    00000016     ENCODER.o (.text.DL_GPIO_readPins)
                  0000758e    00000016     FINDLINE.o (.text.DL_GPIO_readPins)
                  000075a4    00000016     KEY.o (.text.DL_GPIO_readPins)
                  000075ba    00000016     bsp_mpu6050.o (.text.DL_GPIO_readPins)
                  000075d0    00000016     ti_msp_dl_config.o (.text.DL_UART_enable)
                  000075e6    00000016     bsp_mpu6050.o (.text.MPU6050_IRQINIT)
                  000075fc    00000016     CONTROL.o (.text.control_init)
                  00007612    00000016     DELAY.o (.text.delay_ms)
                  00007628    00000016     ENCODER.o (.text.encoder_init)
                  0000763e    00000002     --HOLE-- [fill = 0]
                  00007640    00000014     BUZ.o (.text.BUZ_OFF)
                  00007654    00000014     BUZ.o (.text.BUZ_ON)
                  00007668    00000014     BUZ.o (.text.DL_GPIO_clearPins)
                  0000767c    00000014     LED.o (.text.DL_GPIO_clearPins)
                  00007690    00000014     MOTOR.o (.text.DL_GPIO_clearPins)
                  000076a4    00000014     USOUND.o (.text.DL_GPIO_clearPins)
                  000076b8    00000014     bsp_mpu6050.o (.text.DL_GPIO_clearPins)
                  000076cc    00000014     oled.o (.text.DL_GPIO_clearPins)
                  000076e0    00000014     ti_msp_dl_config.o (.text.DL_GPIO_clearPins)
                  000076f4    00000014     ti_msp_dl_config.o (.text.DL_SYSCTL_disableSYSPLL)
                  00007708    00000014     ti_msp_dl_config.o (.text.DL_Timer_enableClock)
                  0000771c    00000014     ti_msp_dl_config.o (.text.DL_Timer_setCCPDirection)
                  00007730    00000014     ENCODER.o (.text.DL_Timer_setTimerCount)
                  00007744    00000014     OPENMV.o (.text.DL_UART_receiveData)
                  00007758    00000014     libclang_rt.builtins.a : aeabi_uldivmod.S.obj (.text.__aeabi_uldivmod)
                  0000776c    00000012     USOUND.o (.text.DL_Timer_getPendingInterrupt)
                  0000777e    00000012     main.o (.text.DL_Timer_getPendingInterrupt)
                  00007790    00000012     OPENMV.o (.text.DL_UART_getPendingInterrupt)
                  000077a2    00000012     driverlib.a : dl_uart.o (.text.DL_UART_setClockConfig)
                  000077b4    00000012     libc.a : memcpy16.S.obj (.text:TI_memcpy_small)
                  000077c6    00000012            : copy_decompress_none.c.obj (.text:decompress:none)
                  000077d8    00000010     ti_msp_dl_config.o (.text.DL_SYSCTL_disableHFXT)
                  000077e8    00000010     ti_msp_dl_config.o (.text.DL_SYSTICK_enable)
                  000077f8    00000010     ENCODER.o (.text.DL_Timer_getTimerCount)
                  00007808    00000010     driverlib.a : dl_timer.o (.text.DL_Timer_setCaptureCompareValue)
                  00007818    00000010     bsp_mpu6050.o (.text.TIMG7_IRQHandler)
                  00007828    00000010     libc.a : wcslen.c.obj (.text.wcslen)
                  00007838    00000010            : copy_zero_init.c.obj (.text:decompress:ZI)
                  00007848    0000000e            : memory.c.obj (.text.OUTLINED_FUNCTION_0)
                  00007856    0000000e     ti_msp_dl_config.o (.text.SYSCFG_DL_SYSTICK_init)
                  00007864    0000000e     libclang_rt.builtins.a : aeabi_memset.S.obj (.text.__aeabi_memset)
                  00007872    0000000e     libsysbm.a : hostrename.c.obj (.text.strcpy)
                  00007880    0000000e     libc.a : _printfi.c.obj (.text.strlen)
                  0000788e    0000000e     libsysbm.a : hostrename.c.obj (.text.strlen)
                  0000789c    0000000e     libc.a : memset16.S.obj (.text:TI_memset_small)
                  000078aa    00000002     --HOLE-- [fill = 0]
                  000078ac    0000000c     ENCODER.o (.text.get_encoder_cnt1)
                  000078b8    0000000c     ENCODER.o (.text.get_encoder_cnt2)
                  000078c4    0000000c     libc.a : memory.c.obj (.text.malloc)
                  000078d0    0000000a     driverlib.a : dl_common.o (.text.DL_Common_delayCycles)
                  000078da    0000000a     libc.a : e_asin.c.obj (.text.OUTLINED_FUNCTION_0)
                  000078e4    00000010     libclang_rt.builtins.a : muldf3.S.obj (.tramp.__aeabi_dmul.1)
                  000078f4    0000000a     libc.a : s_atan.c.obj (.text.OUTLINED_FUNCTION_0)
                  000078fe    0000000a            : e_asin.c.obj (.text.OUTLINED_FUNCTION_1)
                  00007908    0000000a            : e_asin.c.obj (.text.OUTLINED_FUNCTION_3)
                  00007912    00000002     --HOLE-- [fill = 0]
                  00007914    00000010     libclang_rt.builtins.a : divdf3.S.obj (.tramp.__aeabi_ddiv.1)
                  00007924    00000008     libc.a : s_atan.c.obj (.text.OUTLINED_FUNCTION_2)
                  0000792c    00000008            : aeabi_portable.c.obj (.text.__aeabi_errno_addr)
                  00007934    00000008     libclang_rt.builtins.a : aeabi_memcpy.S.obj (.text.__aeabi_memcpy)
                  0000793c    00000008     libc.a : printf.c.obj (.text._outc)
                  00007944    00000008            : printf.c.obj (.text._outs)
                  0000794c    00000008            : fseek.c.obj (.text.fseek)
                  00007954    00000008     inv_mpu.o (.text.mget_ms)
                  0000795c    00000008     libsysbm.a : remove.c.obj (.text.remove)
                  00007964    00000006     libc.a : s_atan.c.obj (.text.OUTLINED_FUNCTION_1)
                  0000796a    00000002     --HOLE-- [fill = 0]
                  0000796c    00000010     libclang_rt.builtins.a : adddf3.S.obj (.tramp.__aeabi_dadd.1)
                  0000797c    00000006     libc.a : e_asin.c.obj (.text.OUTLINED_FUNCTION_2)
                  00007982    00000004            : e_asin.c.obj (.text.OUTLINED_FUNCTION_4)
                  00007986    00000004     startup_mspm0g350x_ticlang.o (.text.Reset_Handler)
                  0000798a    00000002     --HOLE-- [fill = 0]
                  0000798c    00000010     libc.a : boot_cortex_m.c.obj (.tramp._c_int00_noargs.1)
                  0000799c    00000004            : pre_init.c.obj (.text._system_pre_init)
                  000079a0    00000004            : exit.c.obj (.text:abort)
                  000079a4    0000000c     --HOLE-- [fill = 0]

.cinit     0    000088c0    000000b8     
                  000088c0    00000092     (.cinit..data.load) [load image, compression = lzss]
                  00008952    00000002     --HOLE-- [fill = 0]
                  00008954    0000000c     (__TI_handler_table)
                  00008960    00000008     (.cinit..bss.load) [load image, compression = zero_init]
                  00008968    00000010     (__TI_cinit_table)

.rodata    0    000079b0    00000f10     
                  000079b0    00000bf6     inv_mpu_dmp_motion_driver.o (.rodata.dmp_memory)
                  000085a6    0000000a     ti_msp_dl_config.o (.rodata.gUART_1Config)
                  000085b0    00000101     libc.a : aeabi_ctype.S.obj (.rodata:__aeabi_ctype_table_)
                  000086b1    0000004d     inv_mpu.o (.rodata.str1.160283505510757216751)
                  000086fe    00000002     ti_msp_dl_config.o (.rodata.gUART_1ClockConfig)
                  00008700    00000040     libc.a : s_atan.c.obj (.rodata.cst32)
                  00008740    00000028     ti_msp_dl_config.o (.rodata.gSYSPLLConfig)
                  00008768    00000028     inv_mpu.o (.rodata.test)
                  00008790    00000026     inv_mpu.o (.rodata.str1.30660213265100532911)
                  000087b6    0000001e     inv_mpu.o (.rodata.str1.65607303993038708971)
                  000087d4    0000001b     inv_mpu.o (.rodata.reg)
                  000087ef    00000018     bsp_mpu6050.o (.rodata.str1.47131709717075209341)
                  00008807    00000001     --HOLE-- [fill = 0]
                  00008808    00000014     ti_msp_dl_config.o (.rodata.gTIMER_0TimerConfig)
                  0000881c    00000014     ti_msp_dl_config.o (.rodata.gTIMER_1TimerConfig)
                  00008830    00000014     ti_msp_dl_config.o (.rodata.gTIMER_2TimerConfig)
                  00008844    00000014     ti_msp_dl_config.o (.rodata.gTIMER_USOUNDTimerConfig)
                  00008858    00000012     bsp_mpu6050.o (.rodata.str1.121524806415416391)
                  0000886a    00000011     libc.a : _printfi.c.obj (.rodata.str1.103488685894817597201)
                  0000887b    00000011            : _printfi.c.obj (.rodata.str1.153638888446227384661)
                  0000888c    0000000c     inv_mpu.o (.rodata.hw)
                  00008898    00000009     bsp_mpu6050.o (.rodata.str1.31194399489305687111)
                  000088a1    00000003     ti_msp_dl_config.o (.rodata.gPWM_MotorClockConfig)
                  000088a4    00000008     ti_msp_dl_config.o (.rodata.gPWM_MotorConfig)
                  000088ac    00000003     ti_msp_dl_config.o (.rodata.gTIMER_0ClockConfig)
                  000088af    00000003     ti_msp_dl_config.o (.rodata.gTIMER_1ClockConfig)
                  000088b2    00000003     ti_msp_dl_config.o (.rodata.gTIMER_2ClockConfig)
                  000088b5    00000003     ti_msp_dl_config.o (.rodata.gTIMER_USOUNDClockConfig)
                  000088b8    00000008     --HOLE-- [fill = 0]

.init_array 
*          0    00000000    00000000     UNINITIALIZED

.binit     0    00000000    00000000     

.sysmem    0    20200000    00000800     UNINITIALIZED
                  20200000    00000010     libc.a : memory.c.obj (.sysmem)
                  20200010    000007f0     --HOLE--

.bss       0    20200800    00000441     UNINITIALIZED
                  20200800    00000120     libsysbm.a : trgmsg.c.obj (.bss:_CIOBUF_)
                  20200920    000000bc     (.common:gTIMER_2Backup)
                  202009dc    000000a0     libc.a : defs.c.obj (.bss.__TI_tmpnams)
                  20200a7c    000000a0     (.common:gTIMER_0Backup)
                  20200b1c    000000a0     (.common:gTIMER_1Backup)
                  20200bbc    00000008     libsysbm.a : hostopen.c.obj (.bss.parmbuf)
                  20200bc4    00000006     (.common:acc)
                  20200bca    00000005     (.common:rx_buff)
                  20200bcf    00000001     (.common:need_clear_display)
                  20200bd0    00000004     libc.a : memory.c.obj (.bss.sys_free)
                  20200bd4    00000004     (.common:Key_Down)
                  20200bd8    00000004     (.common:Key_Old)
                  20200bdc    00000004     (.common:Key_Val)
                  20200be0    00000004     (.common:PWM)
                  20200be4    00000004     (.common:PWM_left)
                  20200be8    00000004     (.common:PWM_right)
                  20200bec    00000004     (.common:Turn_out)
                  20200bf0    00000004     (.common:angle_calcu)
                  20200bf4    00000004     (.common:cnt)
                  20200bf8    00000004     (.common:cnt_l)
                  20200bfc    00000004     (.common:cnt_r)
                  20200c00    00000004     (.common:err)
                  20200c04    00000004     (.common:err0)
                  20200c08    00000004     (.common:err_difference)
                  20200c0c    00000004     (.common:error)
                  20200c10    00000004     (.common:filt_velocity)
                  20200c14    00000004     (.common:gpio_flag)
                  20200c18    00000004     (.common:gpiob_flag)
                  20200c1c    00000004     (.common:last_err)
                  20200c20    00000004     (.common:last_filt_velocity)
                  20200c24    00000004     (.common:line_flag)
                  20200c28    00000004     (.common:pitch)
                  20200c2c    00000004     (.common:roll)
                  20200c30    00000004     (.common:state)
                  20200c34    00000004     (.common:usound_flag)
                  20200c38    00000004     (.common:velocity_err)
                  20200c3c    00000004     (.common:yaw)
                  20200c40    00000001     (.common:temp)

.data      0    20200c48    00000275     UNINITIALIZED
                  20200c48    000000f0     libc.a : defs.c.obj (.data._ftable)
                  20200d38    00000078     libsysbm.a : host_device.c.obj (.data._device)
                  20200db0    00000050                : host_device.c.obj (.data._stream)
                  20200e00    0000002c     inv_mpu.o (.data.st)
                  20200e2c    00000010     inv_mpu_dmp_motion_driver.o (.data.dmp)
                  20200e3c    00000009     inv_mpu.o (.data.gyro_orientation)
                  20200e45    00000001     USOUND.o (.data.Page)
                  20200e46    00000002     USOUND.o (.data.Range)
                  20200e48    00000008     libc.a : exit.c.obj (.data..L_MergedGlobals)
                  20200e50    00000008     ENCODER.o (.data.pre_encoder_cnt1)
                  20200e58    00000008     ENCODER.o (.data.pre_encoder_cnt2)
                  20200e60    00000004     main.o (.data.Kd)
                  20200e64    00000004     main.o (.data.Ki)
                  20200e68    00000004     main.o (.data.Kp)
                  20200e6c    00000004     main.o (.data.TIMA0_IRQHandler.count)
                  20200e70    00000004     main.o (.data.TKd)
                  20200e74    00000004     main.o (.data.TKp)
                  20200e78    00000004     main.o (.data.VKi)
                  20200e7c    00000004     main.o (.data.VKp)
                  20200e80    00000004     libc.a : defs.c.obj (.data.__TI_ft_end)
                  20200e84    00000004            : aeabi_portable.c.obj (.data.__aeabi_errno)
                  20200e88    00000004            : _lock.c.obj (.data._lock)
                  20200e8c    00000004            : _lock.c.obj (.data._unlock)
                  20200e90    00000004     FINDLINE.o (.data.buz_flag)
                  20200e94    00000004     ENCODER.o (.data.encoder_cnt1)
                  20200e98    00000004     ENCODER.o (.data.encoder_cnt2)
                  20200e9c    00000004     CONTROL.o (.data.err_sum)
                  20200ea0    00000004     main.o (.data.measure)
                  20200ea4    00000004     USOUND.o (.data.velocity_calcu)
                  20200ea8    00000004     CONTROL.o (.data.velocity_err_sum)
                  20200eac    00000004     main.o (.data.velocity_measure)
                  20200eb0    00000004     main.o (.data.zhongzhi)
                  20200eb4    00000002     USOUND.o (.data.TIMG6_IRQHandler.cnt1)
                  20200eb6    00000001     bsp_mpu6050.o (.data.caiji_flag)
                  20200eb7    00000001     OPENMV.o (.data.packet_ready)
                  20200eb8    00000001     libc.a : memory.c.obj (.data.memory_is_initialized)
                  20200eb9    00000001     FINDLINE.o (.data.quan_flag)
                  20200eba    00000001     OPENMV.o (.data.rx_index)
                  20200ebb    00000001     USOUND.o (.data.sys_state)
                  20200ebc    00000001     FINDLINE.o (.data.turn_flag)

.stack     0    20207e00    00000200     UNINITIALIZED
                  20207e00    00000004     libc.a : boot_cortex_m.c.obj (.stack)
                  20207e04    000001fc     --HOLE--

__llvm_prf_cnts 
*          0    20200000    00000000     UNINITIALIZED

__llvm_prf_bits 
*          0    20200000    00000000     UNINITIALIZED

MODULE SUMMARY

       Module                         code    ro data   rw data
       ------                         ----    -------   -------
    .\
       ti_msp_dl_config.o             2442    155       508    
       main.o                         570     0         95     
       startup_mspm0g350x_ticlang.o   8       192       0      
    +--+------------------------------+-------+---------+---------+
       Total:                         3020    347       603    
                                                               
    .\Hardware\BUZ\
       BUZ.o                          84      0         0      
    +--+------------------------------+-------+---------+---------+
       Total:                         84      0         0      
                                                               
    .\Hardware\MOTOR\
       MOTOR.o                        436     0         0      
    +--+------------------------------+-------+---------+---------+
       Total:                         436     0         0      
                                                               
    .\Hardware\MPU6050\
       bsp_mpu6050.o                  2096    51        1      
    +--+------------------------------+-------+---------+---------+
       Total:                         2096    51        1      
                                                               
    .\Hardware\MPU6050\eMPL\
       inv_mpu_dmp_motion_driver.o    3070    3062      16     
       inv_mpu.o                      5756    224       53     
    +--+------------------------------+-------+---------+---------+
       Total:                         8826    3286      69     
                                                               
    .\Hardware\OLED\
       oled.o                         790     0         0      
    +--+------------------------------+-------+---------+---------+
       Total:                         790     0         0      
                                                               
    .\Hardware\OPENMV\
       OPENMV.o                       194     0         7      
    +--+------------------------------+-------+---------+---------+
       Total:                         194     0         7      
                                                               
    .\Hardware\USOUND\
       USOUND.o                       498     0         26     
    +--+------------------------------+-------+---------+---------+
       Total:                         498     0         26     
                                                               
    .\User\
       ENCODER.o                      844     0         40     
       CONTROL.o                      754     0         32     
       FINDLINE.o                     690     0         14     
       LED.o                          212     0         0      
       DELAY.o                        138     0         0      
       KEY.o                          118     0         1      
    +--+------------------------------+-------+---------+---------+
       Total:                         2756    0         87     
                                                               
    C:/ti/mspm0_sdk_2_04_00_06/source/ti/driverlib/lib/ticlang/m0p/mspm0g1x0x_g3x0x/driverlib.a
       dl_timer.o                     588     0         0      
       dl_sysctl_mspm0g1x0x_g3x0x.o   288     0         0      
       dl_uart.o                      90      0         0      
       dl_common.o                    10      0         0      
    +--+------------------------------+-------+---------+---------+
       Total:                         976     0         0      
                                                               
    C:\ti\ccstheia151\ccs\tools\compiler\ti-cgt-armllvm_4.0.0.LTS\lib\armv6m-ti-none-eabi/c/libc.a
       _printfi.c.obj                 2166    34        0      
       e_asin.c.obj                   908     0         0      
       s_atan.c.obj                   784     64        0      
       memory.c.obj                   702     0         5      
       defs.c.obj                     0       0         404    
       e_atan2.c.obj                  392     0         0      
       e_sqrt.c.obj                   368     0         0      
       aeabi_ctype.S.obj              0       257       0      
       fputs.c.obj                    248     0         0      
       setvbuf.c.obj                  224     0         0      
       getdevice.c.obj                160     0         0      
       fputc.c.obj                    156     0         0      
       strcmp-armv6m.S.obj            136     0         0      
       copy_decompress_lzss.c.obj     124     0         0      
       fclose.c.obj                   124     0         0      
       fseek.c.obj                    116     0         0      
       printf.c.obj                   108     0         0      
       _io_perm.c.obj                 100     0         0      
       fflush.c.obj                   82      0         0      
       atoi.c.obj                     64      0         0      
       exit.c.obj                     56      0         8      
       autoinit.c.obj                 60      0         0      
       boot_cortex_m.c.obj            56      0         0      
       fopen.c.obj                    52      0         0      
       memccpy.c.obj                  34      0         0      
       memcmp.c.obj                   32      0         0      
       copy_decompress_none.c.obj     18      0         0      
       memcpy16.S.obj                 18      0         0      
       copy_zero_init.c.obj           16      0         0      
       wcslen.c.obj                   16      0         0      
       memset16.S.obj                 14      0         0      
       aeabi_portable.c.obj           8       0         4      
       _lock.c.obj                    2       0         8      
       pre_init.c.obj                 4       0         0      
    +--+------------------------------+-------+---------+---------+
       Total:                         7348    355       429    
                                                               
    C:\ti\ccstheia151\ccs\tools\compiler\ti-cgt-armllvm_4.0.0.LTS\lib\armv6m-ti-none-eabi/c/libsysbm.a
       trgmsg.c.obj                   104     0         288    
       host_device.c.obj              0       0         200    
       hostrename.c.obj               136     0         0      
       hostlseek.c.obj                108     0         0      
       hostopen.c.obj                 96      0         8      
       hostread.c.obj                 88      0         0      
       hostwrite.c.obj                88      0         0      
       close.c.obj                    80      0         0      
       hostclose.c.obj                72      0         0      
       hostunlink.c.obj               72      0         0      
       unlink.c.obj                   44      0         0      
       lseek.c.obj                    40      0         0      
       write.c.obj                    40      0         0      
       remove.c.obj                   8       0         0      
    +--+------------------------------+-------+---------+---------+
       Total:                         976     0         496    
                                                               
    C:\ti\ccstheia151\ccs\tools\compiler\ti-cgt-armllvm_4.0.0.LTS\lib\armv6m-ti-none-eabi/libclang_rt.builtins.a
       adddf3.S.obj                   418     0         0      
       divdf3.S.obj                   284     0         0      
       muldf3.S.obj                   244     0         0      
       comparedf2.c.obj               220     0         0      
       addsf3.S.obj                   216     0         0      
       udivmoddi4.S.obj               162     0         0      
       mulsf3.S.obj                   140     0         0      
       divsf3.S.obj                   130     0         0      
       comparesf2.S.obj               118     0         0      
       truncdfsf2.S.obj               116     0         0      
       aeabi_dcmp.S.obj               98      0         0      
       aeabi_fcmp.S.obj               98      0         0      
       aeabi_idivmod.S.obj            86      0         0      
       fixdfsi.S.obj                  74      0         0      
       aeabi_uidivmod.S.obj           64      0         0      
       extendsfdf2.S.obj              64      0         0      
       floatsisf.S.obj                60      0         0      
       muldsi3.S.obj                  58      0         0      
       fixsfsi.S.obj                  56      0         0      
       floatunsisf.S.obj              40      0         0      
       floatunsidf.S.obj              36      0         0      
       muldi3.S.obj                   36      0         0      
       ashldi3.S.obj                  30      0         0      
       aeabi_memset.S.obj             26      0         0      
       aeabi_uldivmod.S.obj           20      0         0      
       aeabi_memcpy.S.obj             8       0         0      
       aeabi_div0.c.obj               4       0         0      
    +--+------------------------------+-------+---------+---------+
       Total:                         2906    0         0      
                                                               
       Heap:                          0       0         2048   
       Stack:                         0       0         512    
       Linker Generated:              0       182       0      
    +--+------------------------------+-------+---------+---------+
       Grand Total:                   30906   4221      4278   


LINKER GENERATED COPY TABLES

__TI_cinit_table @ 00008968 records: 2, size/record: 8, table size: 16
	.data: load addr=000088c0, load size=00000092 bytes, run addr=20200c48, run size=00000275 bytes, compression=lzss
	.bss: load addr=00008960, load size=00000008 bytes, run addr=20200800, run size=00000441 bytes, compression=zero_init


LINKER GENERATED HANDLER TABLE

__TI_handler_table @ 00008954 records: 3, size/record: 4, table size: 12
	index: 0, handler: __TI_decompress_lzss
	index: 1, handler: __TI_decompress_none
	index: 2, handler: __TI_zero_init


FAR CALL TRAMPOLINES

callee name               trampoline name
   callee addr  tramp addr   call addr  call info
--------------  -----------  ---------  ----------------
__aeabi_dmul              $Tramp$TT$L$PI$$__aeabi_dmul
   000039d5     000078e4     000078e2   libc.a : e_asin.c.obj (.text.OUTLINED_FUNCTION_0)
                             000078fc          : s_atan.c.obj (.text.OUTLINED_FUNCTION_0)
                             00007906          : e_asin.c.obj (.text.OUTLINED_FUNCTION_1)
                             0000792a          : s_atan.c.obj (.text.OUTLINED_FUNCTION_2)
                             00007980          : e_asin.c.obj (.text.OUTLINED_FUNCTION_2)
__aeabi_ddiv              $Tramp$TT$L$PI$$__aeabi_ddiv
   0000320d     00007914     00007910   libc.a : e_asin.c.obj (.text.OUTLINED_FUNCTION_3)
__aeabi_dadd              $Tramp$TT$L$PI$$__aeabi_dadd
   0000244f     0000796c     00007968   libc.a : s_atan.c.obj (.text.OUTLINED_FUNCTION_1)
                             00007984          : e_asin.c.obj (.text.OUTLINED_FUNCTION_4)
_c_int00_noargs           $Tramp$TT$L$PI$$_c_int00_noargs
   00006f89     0000798c     00007986   startup_mspm0g350x_ticlang.o (.text.Reset_Handler)

[4 trampolines]
[9 trampoline calls]


GLOBAL SYMBOLS: SORTED ALPHABETICALLY BY Name 

address   name                                 
-------   ----                                 
000070a1  ABS_pwm                              
0000552d  ADC0_IRQHandler                      
0000552d  ADC1_IRQHandler                      
0000552d  AES_IRQHandler                       
00007641  BUZ_OFF                              
00007655  BUZ_ON                               
000079a0  C$$EXIT                              
00006a9d  C$$IO$$                              
0000552d  CANFD0_IRQHandler                    
0000552d  DAC0_IRQHandler                      
000078d1  DL_Common_delayCycles                
00003c7d  DL_SYSCTL_configSYSPLL               
00006501  DL_SYSCTL_switchMCLKfromSYSOSCtoHSCLK
00003421  DL_Timer_initFourCCPWMMode           
00003805  DL_Timer_initTimerMode               
000071f9  DL_Timer_setCaptCompUpdateMethod     
00007489  DL_Timer_setCaptureCompareOutCtl     
00007809  DL_Timer_setCaptureCompareValue      
00007215  DL_Timer_setClockConfig              
00006309  DL_UART_init                         
000077a3  DL_UART_setClockConfig               
0000552d  DMA_IRQHandler                       
0000552d  Default_Handler                      
00006fb1  Delay_ms                             
0000552d  GROUP0_IRQHandler                    
000020bd  GROUP1_IRQHandler                    
00006351  HOSTclose                            
000056fd  HOSTlseek                            
00005be1  HOSTopen                             
00005ed1  HOSTread                             
00005769  HOSTrename                           
00006399  HOSTunlink                           
00005f29  HOSTwrite                            
0000552d  HardFault_Handler                    
0000552d  I2C0_IRQHandler                      
0000552d  I2C1_IRQHandler                      
0000692d  I2C_Start                            
00006ba1  I2C_Stop                             
00006bd1  I2C_WAITAck                          
000043e5  I2C_WaitAck                          
000051b9  IIC_Send_Ack                         
00005c41  IIC_Start                            
00005f81  IIC_Stop                             
00005d61  I_jiaoxianfu                         
00005dbd  I_xianfu                             
00005ca1  KEY_VAL                              
20200e60  Kd                                   
20200bd4  Key_Down                             
20200bd8  Key_Old                              
20200bdc  Key_Val                              
20200e64  Ki                                   
20200e68  Kp                                   
00006089  LED_OFF                              
000060dd  LED_ON                               
000011fd  Line_Following                       
00005e19  MPU6050ReadID                        
000075e7  MPU6050_IRQINIT                      
00003fe5  MPU6050_Init                         
00003f0d  MPU6050_ReadData                     
00004619  MPU6050_WriteReg                     
0000724d  MPU_Set_Accel_Fsr                    
00007269  MPU_Set_Gyro_Fsr                     
00004ef3  MPU_Set_LPF                          
00005919  MPU_Set_Rate                         
0000552d  NMI_Handler                          
000058ad  OLED_Clear                           
00003525  OLED_Init                            
000061d5  OLED_WR_Byte                         
20200be0  PWM                                  
20200be4  PWM_left                             
20200be8  PWM_right                            
20200e45  Page                                 
0000552d  PendSV_Handler                       
0000552d  RTC_IRQHandler                       
20200e46  Range                                
00004979  Read_Byte                            
00007987  Reset_Handler                        
00005345  SEND_Byte                            
0000552d  SPI0_IRQHandler                      
0000552d  SPI1_IRQHandler                      
0000552d  SVC_Handler                          
00001ecd  SYSCFG_DL_GPIO_init                  
00004f81  SYSCFG_DL_PWM_Motor_init             
000063e1  SYSCFG_DL_SYSCTL_init                
00007857  SYSCFG_DL_SYSTICK_init               
000065cd  SYSCFG_DL_TIMER_0_init               
00006789  SYSCFG_DL_TIMER_1_init               
000067c5  SYSCFG_DL_TIMER_2_init               
0000660d  SYSCFG_DL_TIMER_USOUND_init          
00006429  SYSCFG_DL_UART_1_init                
00006271  SYSCFG_DL_init                       
00004a19  SYSCFG_DL_initPower                  
00004ab9  Send_Byte                            
0000552d  SysTick_Handler                      
0000568d  TIMA0_IRQHandler                     
0000552d  TIMA1_IRQHandler                     
0000552d  TIMG0_IRQHandler                     
0000552d  TIMG12_IRQHandler                    
00002ed5  TIMG6_IRQHandler                     
00007819  TIMG7_IRQHandler                     
0000552d  TIMG8_IRQHandler                     
000077b5  TI_memcpy_small                      
0000789d  TI_memset_small                      
20200e70  TKd                                  
20200e74  TKp                                  
00005fd9  Turn                                 
20200bec  Turn_out                             
0000552d  UART0_IRQHandler                     
00004b59  UART1_IRQHandler                     
0000552d  UART2_IRQHandler                     
0000552d  UART3_IRQHandler                     
00006c61  USOUND                               
00007285  USOUND_Init                          
20200e78  VKi                                  
20200e7c  VKp                                  
20200800  _CIOBUF_                             
20200800  __CIOBUF_                            
20208000  __STACK_END                          
00000200  __STACK_SIZE                         
00000800  __SYSMEM_SIZE                        
00000000  __TI_ATRegion0_region_sz             
00000000  __TI_ATRegion0_src_addr              
00000000  __TI_ATRegion0_trg_addr              
00000000  __TI_ATRegion1_region_sz             
00000000  __TI_ATRegion1_src_addr              
00000000  __TI_ATRegion1_trg_addr              
00000000  __TI_ATRegion2_region_sz             
00000000  __TI_ATRegion2_src_addr              
00000000  __TI_ATRegion2_trg_addr              
00008968  __TI_CINIT_Base                      
00008978  __TI_CINIT_Limit                     
00008978  __TI_CINIT_Warm                      
00008954  __TI_Handler_Table_Base              
00008960  __TI_Handler_Table_Limit             
00006879  __TI_auto_init_nobinit_nopinit       
00006a09  __TI_cleanup                         
20200e48  __TI_cleanup_ptr                     
000053c1  __TI_closefile                       
0000543d  __TI_decompress_lzss                 
000077c7  __TI_decompress_none                 
00006131  __TI_doflush                         
20200e4c  __TI_dtors_ptr                       
20200e80  __TI_ft_end                          
ffffffff  __TI_pprof_out_hndl                  
000000c1  __TI_printfi_nofloat                 
ffffffff  __TI_prof_data_size                  
ffffffff  __TI_prof_data_start                 
00006a3d  __TI_readmsg                         
00000000  __TI_static_base__                   
202009dc  __TI_tmpnams                         
00006a71  __TI_writemsg                        
00005a4f  __TI_wrt_ok                          
00007839  __TI_zero_init                       
0000244f  __adddf3                             
00003e3f  __addsf3                             
000085b0  __aeabi_ctype_table_                 
000085b0  __aeabi_ctype_table_C                
00005531  __aeabi_d2f                          
000062bd  __aeabi_d2iz                         
0000244f  __aeabi_dadd                         
00005b19  __aeabi_dcmpeq                       
00005b55  __aeabi_dcmpge                       
00005b69  __aeabi_dcmpgt                       
00005b41  __aeabi_dcmple                       
00005b2d  __aeabi_dcmplt                       
0000320d  __aeabi_ddiv                         
000039d5  __aeabi_dmul                         
00002445  __aeabi_dsub                         
20200e84  __aeabi_errno                        
0000792d  __aeabi_errno_addr                   
0000668d  __aeabi_f2d                          
00006965  __aeabi_f2iz                         
00003e3f  __aeabi_fadd                         
00005b7d  __aeabi_fcmpeq                       
00005bb9  __aeabi_fcmpge                       
00005bcd  __aeabi_fcmpgt                       
00005ba5  __aeabi_fcmple                       
00005b91  __aeabi_fcmplt                       
000052c1  __aeabi_fdiv                         
0000500d  __aeabi_fmul                         
00003e35  __aeabi_fsub                         
00006801  __aeabi_i2f                          
00006031  __aeabi_idiv                         
000025d7  __aeabi_idiv0                        
00006031  __aeabi_idivmod                      
0000361f  __aeabi_ldiv0                        
000070dd  __aeabi_llsl                         
00006ff9  __aeabi_lmul                         
00005125  __aeabi_memclr                       
00005125  __aeabi_memclr4                      
00005125  __aeabi_memclr8                      
00007935  __aeabi_memcpy                       
00007935  __aeabi_memcpy4                      
00007935  __aeabi_memcpy8                      
00007865  __aeabi_memset                       
00007865  __aeabi_memset4                      
00007865  __aeabi_memset8                      
00006fd5  __aeabi_ui2d                         
00006ec1  __aeabi_ui2f                         
0000664d  __aeabi_uidiv                        
0000664d  __aeabi_uidivmod                     
00007759  __aeabi_uldivmod                     
000070dd  __ashldi3                            
ffffffff  __binit__                            
00005981  __cmpdf2                             
000068b5  __cmpsf2                             
0000320d  __divdf3                             
000052c1  __divsf3                             
00005981  __eqdf2                              
000068b5  __eqsf2                              
0000668d  __extendsfdf2                        
000062bd  __fixdfsi                            
00006965  __fixsfsi                            
00006801  __floatsisf                          
00006fd5  __floatunsidf                        
00006ec1  __floatunsisf                        
000054b9  __gedf2                              
0000683d  __gesf2                              
000054b9  __gtdf2                              
0000683d  __gtsf2                              
00005981  __ledf2                              
000068b5  __lesf2                              
00005981  __ltdf2                              
000068b5  __ltsf2                              
UNDEFED   __mpu_init                           
000039d5  __muldf3                             
00006ff9  __muldi3                             
000068f1  __muldsi3                            
0000500d  __mulsf3                             
00005981  __nedf2                              
000068b5  __nesf2                              
20207e00  __stack                              
20200000  __start___llvm_prf_bits              
20200000  __start___llvm_prf_cnts              
20200000  __stop___llvm_prf_bits               
20200000  __stop___llvm_prf_cnts               
00002445  __subdf3                             
00003e35  __subsf3                             
00005531  __truncdfsf2                         
000048d5  __udivmoddi4                         
00006f89  _c_int00_noargs                      
20200d38  _device                              
20200c48  _ftable                              
20200e88  _lock                                
00003fe3  _nop                                 
20200db0  _stream                              
20200000  _sys_memory                          
UNDEFED   _system_post_cinit                   
0000799d  _system_pre_init                     
20200e8c  _unlock                              
000079a1  abort                                
20200bc4  acc                                  
00002fe9  aligned_alloc                        
20200bf0  angle_calcu                          
00000929  asin                                 
00000929  asinl                                
00000c8d  atan                                 
000025d9  atan2                                
000025d9  atan2l                               
00000c8d  atanl                                
000066cd  atoi                                 
ffffffff  binit                                
20200e90  buz_flag                             
20200eb6  caiji_flag                           
00006185  close                                
20200bf4  cnt                                  
20200bf8  cnt_l                                
20200bfc  cnt_r                                
000075fd  control_init                         
00007613  delay_ms                             
000055a5  delay_us                             
00006471  dmp_enable_6x_lp_quat                
00000f85  dmp_enable_feature                   
00005d01  dmp_enable_gyro_cal                  
000064b9  dmp_enable_lp_quat                   
000072a1  dmp_load_motion_driver_firmware      
00001cd9  dmp_read_fifo                        
00004d2d  dmp_set_fifo_rate                    
00002761  dmp_set_orientation                  
00006545  dmp_set_shake_reject_thresh          
00006b0d  dmp_set_shake_reject_time            
00006b3f  dmp_set_shake_reject_timeout         
000059e9  dmp_set_tap_axes                     
00006589  dmp_set_tap_count                    
00001439  dmp_set_tap_thresh                   
00006c01  dmp_set_tap_time                     
00006c31  dmp_set_tap_time_multi               
00007501  encoder_Rst                          
20200e94  encoder_cnt1                         
20200e98  encoder_cnt2                         
00007629  encoder_init                         
00006ee9  encoder_update                       
20200c00  err                                  
20200c04  err0                                 
20200c08  err_difference                       
20200e9c  err_sum                              
20200c0c  error                                
00006aa5  exit                                 
20200c10  filt_velocity                        
00006ad9  finddevice                           
00004bf5  fputc                                
00003621  fputs                                
000038ed  free                                 
0000794d  fseek                                
000057d5  fseeko                               
20200a7c  gTIMER_0Backup                       
20200b1c  gTIMER_1Backup                       
20200920  gTIMER_2Backup                       
000078ad  get_encoder_cnt1                     
000078b9  get_encoder_cnt2                     
00007519  get_left_status                      
00007531  get_middle1_status                   
00007549  get_middle2_status                   
00007561  get_right_status                     
00005841  getdevice                            
20200c14  gpio_flag                            
20200c18  gpiob_flag                           
0000888c  hw                                   
00000000  interruptVectors                     
0000670d  inv_orientation_matrix_to_scalar     
00004e5d  inv_row_2_scale                      
20200c1c  last_err                             
20200c20  last_filt_velocity                   
20200c24  line_flag                            
00006f39  lseek                                
00004dc5  main                                 
000078c5  malloc                               
20200ea0  measure                              
00002fe9  memalign                             
0000701d  memccpy                              
00007081  memcmp                               
00007955  mget_ms                              
000044a5  mpu_configure_fifo                   
0000189d  mpu_dmp_get_data                     
00002dbd  mpu_dmp_init                         
00005619  mpu_get_accel_fsr                    
00001ac5  mpu_init                             
00002b79  mpu_load_firmware                    
000030fd  mpu_lp_accel_mode                    
00003319  mpu_read_fifo_stream                 
0000477d  mpu_read_mem                         
00001671  mpu_reset_fifo                       
00003ab9  mpu_set_accel_fsr                    
000022a5  mpu_set_bypass                       
00004561  mpu_set_dmp_state                    
0000425d  mpu_set_gyro_fsr                     
00004c91  mpu_set_int_latched                  
0000418d  mpu_set_lpf                          
00003719  mpu_set_sample_rate                  
00002a49  mpu_set_sensors                      
00004829  mpu_write_mem                        
20200bcf  need_clear_display                   
20200eb7  packet_ready                         
20200bbc  parmbuf                              
00002c9d  pid_pro                              
20200c28  pitch                                
20200e50  pre_encoder_cnt1                     
20200e58  pre_encoder_cnt2                     
00005e75  printf                               
0000699d  pwm_limit                            
20200eb9  quan_flag                            
000087d4  reg                                  
0000795d  remove                               
20200c2c  roll                                 
20200bca  rx_buff                              
20200eba  rx_index                             
00006ded  set_motor1_pwm                       
00006e19  set_motor2_pwm                       
00003d59  set_motor_pwm                        
00003b9d  setvbuf                              
000028d9  sqrt                                 
000028d9  sqrtl                                
20200c30  state                                
00005131  strcmp                               
20200ebb  sys_state                            
20200c40  temp                                 
00008768  test                                 
20200ebc  turn_flag                            
00006e45  unlink                               
20200c34  usound_flag                          
00004321  velocity_PID_value                   
20200ea4  velocity_calcu                       
20200c38  velocity_err                         
20200ea8  velocity_err_sum                     
20200eac  velocity_measure                     
000046cd  vertical_PID_value                   
00007829  wcslen                               
00006f61  write                                
20200c3c  yaw                                  
20200eb0  zhongzhi                             


GLOBAL SYMBOLS: SORTED BY Symbol Address 

address   name                                 
-------   ----                                 
00000000  __TI_ATRegion0_region_sz             
00000000  __TI_ATRegion0_src_addr              
00000000  __TI_ATRegion0_trg_addr              
00000000  __TI_ATRegion1_region_sz             
00000000  __TI_ATRegion1_src_addr              
00000000  __TI_ATRegion1_trg_addr              
00000000  __TI_ATRegion2_region_sz             
00000000  __TI_ATRegion2_src_addr              
00000000  __TI_ATRegion2_trg_addr              
00000000  __TI_static_base__                   
00000000  interruptVectors                     
000000c1  __TI_printfi_nofloat                 
00000200  __STACK_SIZE                         
00000800  __SYSMEM_SIZE                        
00000929  asin                                 
00000929  asinl                                
00000c8d  atan                                 
00000c8d  atanl                                
00000f85  dmp_enable_feature                   
000011fd  Line_Following                       
00001439  dmp_set_tap_thresh                   
00001671  mpu_reset_fifo                       
0000189d  mpu_dmp_get_data                     
00001ac5  mpu_init                             
00001cd9  dmp_read_fifo                        
00001ecd  SYSCFG_DL_GPIO_init                  
000020bd  GROUP1_IRQHandler                    
000022a5  mpu_set_bypass                       
00002445  __aeabi_dsub                         
00002445  __subdf3                             
0000244f  __adddf3                             
0000244f  __aeabi_dadd                         
000025d7  __aeabi_idiv0                        
000025d9  atan2                                
000025d9  atan2l                               
00002761  dmp_set_orientation                  
000028d9  sqrt                                 
000028d9  sqrtl                                
00002a49  mpu_set_sensors                      
00002b79  mpu_load_firmware                    
00002c9d  pid_pro                              
00002dbd  mpu_dmp_init                         
00002ed5  TIMG6_IRQHandler                     
00002fe9  aligned_alloc                        
00002fe9  memalign                             
000030fd  mpu_lp_accel_mode                    
0000320d  __aeabi_ddiv                         
0000320d  __divdf3                             
00003319  mpu_read_fifo_stream                 
00003421  DL_Timer_initFourCCPWMMode           
00003525  OLED_Init                            
0000361f  __aeabi_ldiv0                        
00003621  fputs                                
00003719  mpu_set_sample_rate                  
00003805  DL_Timer_initTimerMode               
000038ed  free                                 
000039d5  __aeabi_dmul                         
000039d5  __muldf3                             
00003ab9  mpu_set_accel_fsr                    
00003b9d  setvbuf                              
00003c7d  DL_SYSCTL_configSYSPLL               
00003d59  set_motor_pwm                        
00003e35  __aeabi_fsub                         
00003e35  __subsf3                             
00003e3f  __addsf3                             
00003e3f  __aeabi_fadd                         
00003f0d  MPU6050_ReadData                     
00003fe3  _nop                                 
00003fe5  MPU6050_Init                         
0000418d  mpu_set_lpf                          
0000425d  mpu_set_gyro_fsr                     
00004321  velocity_PID_value                   
000043e5  I2C_WaitAck                          
000044a5  mpu_configure_fifo                   
00004561  mpu_set_dmp_state                    
00004619  MPU6050_WriteReg                     
000046cd  vertical_PID_value                   
0000477d  mpu_read_mem                         
00004829  mpu_write_mem                        
000048d5  __udivmoddi4                         
00004979  Read_Byte                            
00004a19  SYSCFG_DL_initPower                  
00004ab9  Send_Byte                            
00004b59  UART1_IRQHandler                     
00004bf5  fputc                                
00004c91  mpu_set_int_latched                  
00004d2d  dmp_set_fifo_rate                    
00004dc5  main                                 
00004e5d  inv_row_2_scale                      
00004ef3  MPU_Set_LPF                          
00004f81  SYSCFG_DL_PWM_Motor_init             
0000500d  __aeabi_fmul                         
0000500d  __mulsf3                             
00005125  __aeabi_memclr                       
00005125  __aeabi_memclr4                      
00005125  __aeabi_memclr8                      
00005131  strcmp                               
000051b9  IIC_Send_Ack                         
000052c1  __aeabi_fdiv                         
000052c1  __divsf3                             
00005345  SEND_Byte                            
000053c1  __TI_closefile                       
0000543d  __TI_decompress_lzss                 
000054b9  __gedf2                              
000054b9  __gtdf2                              
0000552d  ADC0_IRQHandler                      
0000552d  ADC1_IRQHandler                      
0000552d  AES_IRQHandler                       
0000552d  CANFD0_IRQHandler                    
0000552d  DAC0_IRQHandler                      
0000552d  DMA_IRQHandler                       
0000552d  Default_Handler                      
0000552d  GROUP0_IRQHandler                    
0000552d  HardFault_Handler                    
0000552d  I2C0_IRQHandler                      
0000552d  I2C1_IRQHandler                      
0000552d  NMI_Handler                          
0000552d  PendSV_Handler                       
0000552d  RTC_IRQHandler                       
0000552d  SPI0_IRQHandler                      
0000552d  SPI1_IRQHandler                      
0000552d  SVC_Handler                          
0000552d  SysTick_Handler                      
0000552d  TIMA1_IRQHandler                     
0000552d  TIMG0_IRQHandler                     
0000552d  TIMG12_IRQHandler                    
0000552d  TIMG8_IRQHandler                     
0000552d  UART0_IRQHandler                     
0000552d  UART2_IRQHandler                     
0000552d  UART3_IRQHandler                     
00005531  __aeabi_d2f                          
00005531  __truncdfsf2                         
000055a5  delay_us                             
00005619  mpu_get_accel_fsr                    
0000568d  TIMA0_IRQHandler                     
000056fd  HOSTlseek                            
00005769  HOSTrename                           
000057d5  fseeko                               
00005841  getdevice                            
000058ad  OLED_Clear                           
00005919  MPU_Set_Rate                         
00005981  __cmpdf2                             
00005981  __eqdf2                              
00005981  __ledf2                              
00005981  __ltdf2                              
00005981  __nedf2                              
000059e9  dmp_set_tap_axes                     
00005a4f  __TI_wrt_ok                          
00005b19  __aeabi_dcmpeq                       
00005b2d  __aeabi_dcmplt                       
00005b41  __aeabi_dcmple                       
00005b55  __aeabi_dcmpge                       
00005b69  __aeabi_dcmpgt                       
00005b7d  __aeabi_fcmpeq                       
00005b91  __aeabi_fcmplt                       
00005ba5  __aeabi_fcmple                       
00005bb9  __aeabi_fcmpge                       
00005bcd  __aeabi_fcmpgt                       
00005be1  HOSTopen                             
00005c41  IIC_Start                            
00005ca1  KEY_VAL                              
00005d01  dmp_enable_gyro_cal                  
00005d61  I_jiaoxianfu                         
00005dbd  I_xianfu                             
00005e19  MPU6050ReadID                        
00005e75  printf                               
00005ed1  HOSTread                             
00005f29  HOSTwrite                            
00005f81  IIC_Stop                             
00005fd9  Turn                                 
00006031  __aeabi_idiv                         
00006031  __aeabi_idivmod                      
00006089  LED_OFF                              
000060dd  LED_ON                               
00006131  __TI_doflush                         
00006185  close                                
000061d5  OLED_WR_Byte                         
00006271  SYSCFG_DL_init                       
000062bd  __aeabi_d2iz                         
000062bd  __fixdfsi                            
00006309  DL_UART_init                         
00006351  HOSTclose                            
00006399  HOSTunlink                           
000063e1  SYSCFG_DL_SYSCTL_init                
00006429  SYSCFG_DL_UART_1_init                
00006471  dmp_enable_6x_lp_quat                
000064b9  dmp_enable_lp_quat                   
00006501  DL_SYSCTL_switchMCLKfromSYSOSCtoHSCLK
00006545  dmp_set_shake_reject_thresh          
00006589  dmp_set_tap_count                    
000065cd  SYSCFG_DL_TIMER_0_init               
0000660d  SYSCFG_DL_TIMER_USOUND_init          
0000664d  __aeabi_uidiv                        
0000664d  __aeabi_uidivmod                     
0000668d  __aeabi_f2d                          
0000668d  __extendsfdf2                        
000066cd  atoi                                 
0000670d  inv_orientation_matrix_to_scalar     
00006789  SYSCFG_DL_TIMER_1_init               
000067c5  SYSCFG_DL_TIMER_2_init               
00006801  __aeabi_i2f                          
00006801  __floatsisf                          
0000683d  __gesf2                              
0000683d  __gtsf2                              
00006879  __TI_auto_init_nobinit_nopinit       
000068b5  __cmpsf2                             
000068b5  __eqsf2                              
000068b5  __lesf2                              
000068b5  __ltsf2                              
000068b5  __nesf2                              
000068f1  __muldsi3                            
0000692d  I2C_Start                            
00006965  __aeabi_f2iz                         
00006965  __fixsfsi                            
0000699d  pwm_limit                            
00006a09  __TI_cleanup                         
00006a3d  __TI_readmsg                         
00006a71  __TI_writemsg                        
00006a9d  C$$IO$$                              
00006aa5  exit                                 
00006ad9  finddevice                           
00006b0d  dmp_set_shake_reject_time            
00006b3f  dmp_set_shake_reject_timeout         
00006ba1  I2C_Stop                             
00006bd1  I2C_WAITAck                          
00006c01  dmp_set_tap_time                     
00006c31  dmp_set_tap_time_multi               
00006c61  USOUND                               
00006ded  set_motor1_pwm                       
00006e19  set_motor2_pwm                       
00006e45  unlink                               
00006ec1  __aeabi_ui2f                         
00006ec1  __floatunsisf                        
00006ee9  encoder_update                       
00006f39  lseek                                
00006f61  write                                
00006f89  _c_int00_noargs                      
00006fb1  Delay_ms                             
00006fd5  __aeabi_ui2d                         
00006fd5  __floatunsidf                        
00006ff9  __aeabi_lmul                         
00006ff9  __muldi3                             
0000701d  memccpy                              
00007081  memcmp                               
000070a1  ABS_pwm                              
000070dd  __aeabi_llsl                         
000070dd  __ashldi3                            
000071f9  DL_Timer_setCaptCompUpdateMethod     
00007215  DL_Timer_setClockConfig              
0000724d  MPU_Set_Accel_Fsr                    
00007269  MPU_Set_Gyro_Fsr                     
00007285  USOUND_Init                          
000072a1  dmp_load_motion_driver_firmware      
00007489  DL_Timer_setCaptureCompareOutCtl     
00007501  encoder_Rst                          
00007519  get_left_status                      
00007531  get_middle1_status                   
00007549  get_middle2_status                   
00007561  get_right_status                     
000075e7  MPU6050_IRQINIT                      
000075fd  control_init                         
00007613  delay_ms                             
00007629  encoder_init                         
00007641  BUZ_OFF                              
00007655  BUZ_ON                               
00007759  __aeabi_uldivmod                     
000077a3  DL_UART_setClockConfig               
000077b5  TI_memcpy_small                      
000077c7  __TI_decompress_none                 
00007809  DL_Timer_setCaptureCompareValue      
00007819  TIMG7_IRQHandler                     
00007829  wcslen                               
00007839  __TI_zero_init                       
00007857  SYSCFG_DL_SYSTICK_init               
00007865  __aeabi_memset                       
00007865  __aeabi_memset4                      
00007865  __aeabi_memset8                      
0000789d  TI_memset_small                      
000078ad  get_encoder_cnt1                     
000078b9  get_encoder_cnt2                     
000078c5  malloc                               
000078d1  DL_Common_delayCycles                
0000792d  __aeabi_errno_addr                   
00007935  __aeabi_memcpy                       
00007935  __aeabi_memcpy4                      
00007935  __aeabi_memcpy8                      
0000794d  fseek                                
00007955  mget_ms                              
0000795d  remove                               
00007987  Reset_Handler                        
0000799d  _system_pre_init                     
000079a0  C$$EXIT                              
000079a1  abort                                
000085b0  __aeabi_ctype_table_                 
000085b0  __aeabi_ctype_table_C                
00008768  test                                 
000087d4  reg                                  
0000888c  hw                                   
00008954  __TI_Handler_Table_Base              
00008960  __TI_Handler_Table_Limit             
00008968  __TI_CINIT_Base                      
00008978  __TI_CINIT_Limit                     
00008978  __TI_CINIT_Warm                      
20200000  __start___llvm_prf_bits              
20200000  __start___llvm_prf_cnts              
20200000  __stop___llvm_prf_bits               
20200000  __stop___llvm_prf_cnts               
20200000  _sys_memory                          
20200800  _CIOBUF_                             
20200800  __CIOBUF_                            
20200920  gTIMER_2Backup                       
202009dc  __TI_tmpnams                         
20200a7c  gTIMER_0Backup                       
20200b1c  gTIMER_1Backup                       
20200bbc  parmbuf                              
20200bc4  acc                                  
20200bca  rx_buff                              
20200bcf  need_clear_display                   
20200bd4  Key_Down                             
20200bd8  Key_Old                              
20200bdc  Key_Val                              
20200be0  PWM                                  
20200be4  PWM_left                             
20200be8  PWM_right                            
20200bec  Turn_out                             
20200bf0  angle_calcu                          
20200bf4  cnt                                  
20200bf8  cnt_l                                
20200bfc  cnt_r                                
20200c00  err                                  
20200c04  err0                                 
20200c08  err_difference                       
20200c0c  error                                
20200c10  filt_velocity                        
20200c14  gpio_flag                            
20200c18  gpiob_flag                           
20200c1c  last_err                             
20200c20  last_filt_velocity                   
20200c24  line_flag                            
20200c28  pitch                                
20200c2c  roll                                 
20200c30  state                                
20200c34  usound_flag                          
20200c38  velocity_err                         
20200c3c  yaw                                  
20200c40  temp                                 
20200c48  _ftable                              
20200d38  _device                              
20200db0  _stream                              
20200e45  Page                                 
20200e46  Range                                
20200e48  __TI_cleanup_ptr                     
20200e4c  __TI_dtors_ptr                       
20200e50  pre_encoder_cnt1                     
20200e58  pre_encoder_cnt2                     
20200e60  Kd                                   
20200e64  Ki                                   
20200e68  Kp                                   
20200e70  TKd                                  
20200e74  TKp                                  
20200e78  VKi                                  
20200e7c  VKp                                  
20200e80  __TI_ft_end                          
20200e84  __aeabi_errno                        
20200e88  _lock                                
20200e8c  _unlock                              
20200e90  buz_flag                             
20200e94  encoder_cnt1                         
20200e98  encoder_cnt2                         
20200e9c  err_sum                              
20200ea0  measure                              
20200ea4  velocity_calcu                       
20200ea8  velocity_err_sum                     
20200eac  velocity_measure                     
20200eb0  zhongzhi                             
20200eb6  caiji_flag                           
20200eb7  packet_ready                         
20200eb9  quan_flag                            
20200eba  rx_index                             
20200ebb  sys_state                            
20200ebc  turn_flag                            
20207e00  __stack                              
20208000  __STACK_END                          
ffffffff  __TI_pprof_out_hndl                  
ffffffff  __TI_prof_data_size                  
ffffffff  __TI_prof_data_start                 
ffffffff  __binit__                            
ffffffff  binit                                
UNDEFED   __mpu_init                           
UNDEFED   _system_post_cinit                   

[390 symbols]
