<?xml version="1.0" encoding="ISO-8859-1" ?>
<link_info>
   <banner>TI ARM Clang Linker PC v4.0.0.LTS</banner>
   <copyright>Copyright (c) 1996-2018 Texas Instruments Incorporated</copyright>
   <command_line>C:\ti\ccstheia151\ccs\tools\compiler\ti-cgt-armllvm_4.0.0.LTS\bin\tiarmlnk -IC:\ti\ccstheia151\ccs\tools\compiler\ti-cgt-armllvm_4.0.0.LTS\lib -o Balance.out -mBalance.map -iC:/ti/mspm0_sdk_2_04_00_06/source -iC:/Users/admin/Desktop/BalanceCar - softiic -iC:/Users/admin/Desktop/BalanceCar - softiic/Debug/syscfg -iC:/ti/ccstheia151/ccs/tools/compiler/ti-cgt-armllvm_4.0.0.LTS/lib --diag_wrap=off --display_error_number --warn_sections --xml_link_info=Balance_linkInfo.xml --rom_model ./main.o ./ti_msp_dl_config.o ./startup_mspm0g350x_ticlang.o ./Hardware/BUZ/BUZ.o ./Hardware/MOTOR/MOTOR.o ./Hardware/MPU6050/bsp_mpu6050.o ./Hardware/MPU6050/eMPL/inv_mpu.o ./Hardware/MPU6050/eMPL/inv_mpu_dmp_motion_driver.o ./Hardware/OLED/oled.o ./Hardware/OPENMV/OPENMV.o ./Hardware/USOUND/USOUND.o ./User/CONTROL.o ./User/DELAY.o ./User/ENCODER.o ./User/FINDLINE.o ./User/KEY.o ./User/LED.o ./User/SHOW.o -l./device_linker.cmd -ldevice.cmd.genlibs -llibc.a --start-group -llibc++.a -llibc++abi.a -llibc.a -llibsys.a -llibsysbm.a -llibclang_rt.builtins.a -llibclang_rt.profile.a --end-group --cg_opt_level=0</command_line>
   <link_time>0x682887be</link_time>
   <link_errors>0x0</link_errors>
   <output_file>C:\Users\admin\Desktop\BalanceCar - softiic\Debug\Balance.out</output_file>
   <entry_point>
      <name>_c_int00_noargs</name>
      <address>0x6a21</address>
   </entry_point>
   <input_file_list>
      <input_file id="fl-1">
         <path>C:\Users\admin\Desktop\BalanceCar - softiic\Debug\.\</path>
         <kind>object</kind>
         <file>main.o</file>
         <name>main.o</name>
      </input_file>
      <input_file id="fl-2">
         <path>C:\Users\admin\Desktop\BalanceCar - softiic\Debug\.\</path>
         <kind>object</kind>
         <file>ti_msp_dl_config.o</file>
         <name>ti_msp_dl_config.o</name>
      </input_file>
      <input_file id="fl-3">
         <path>C:\Users\admin\Desktop\BalanceCar - softiic\Debug\.\</path>
         <kind>object</kind>
         <file>startup_mspm0g350x_ticlang.o</file>
         <name>startup_mspm0g350x_ticlang.o</name>
      </input_file>
      <input_file id="fl-4">
         <path>C:\Users\admin\Desktop\BalanceCar - softiic\Debug\.\Hardware\BUZ\</path>
         <kind>object</kind>
         <file>BUZ.o</file>
         <name>BUZ.o</name>
      </input_file>
      <input_file id="fl-5">
         <path>C:\Users\admin\Desktop\BalanceCar - softiic\Debug\.\Hardware\MOTOR\</path>
         <kind>object</kind>
         <file>MOTOR.o</file>
         <name>MOTOR.o</name>
      </input_file>
      <input_file id="fl-6">
         <path>C:\Users\admin\Desktop\BalanceCar - softiic\Debug\.\Hardware\MPU6050\</path>
         <kind>object</kind>
         <file>bsp_mpu6050.o</file>
         <name>bsp_mpu6050.o</name>
      </input_file>
      <input_file id="fl-7">
         <path>C:\Users\admin\Desktop\BalanceCar - softiic\Debug\.\Hardware\MPU6050\eMPL\</path>
         <kind>object</kind>
         <file>inv_mpu.o</file>
         <name>inv_mpu.o</name>
      </input_file>
      <input_file id="fl-8">
         <path>C:\Users\admin\Desktop\BalanceCar - softiic\Debug\.\Hardware\MPU6050\eMPL\</path>
         <kind>object</kind>
         <file>inv_mpu_dmp_motion_driver.o</file>
         <name>inv_mpu_dmp_motion_driver.o</name>
      </input_file>
      <input_file id="fl-9">
         <path>C:\Users\admin\Desktop\BalanceCar - softiic\Debug\.\Hardware\OLED\</path>
         <kind>object</kind>
         <file>oled.o</file>
         <name>oled.o</name>
      </input_file>
      <input_file id="fl-a">
         <path>C:\Users\admin\Desktop\BalanceCar - softiic\Debug\.\Hardware\OPENMV\</path>
         <kind>object</kind>
         <file>OPENMV.o</file>
         <name>OPENMV.o</name>
      </input_file>
      <input_file id="fl-b">
         <path>C:\Users\admin\Desktop\BalanceCar - softiic\Debug\.\Hardware\USOUND\</path>
         <kind>object</kind>
         <file>USOUND.o</file>
         <name>USOUND.o</name>
      </input_file>
      <input_file id="fl-c">
         <path>C:\Users\admin\Desktop\BalanceCar - softiic\Debug\.\User\</path>
         <kind>object</kind>
         <file>CONTROL.o</file>
         <name>CONTROL.o</name>
      </input_file>
      <input_file id="fl-d">
         <path>C:\Users\admin\Desktop\BalanceCar - softiic\Debug\.\User\</path>
         <kind>object</kind>
         <file>DELAY.o</file>
         <name>DELAY.o</name>
      </input_file>
      <input_file id="fl-e">
         <path>C:\Users\admin\Desktop\BalanceCar - softiic\Debug\.\User\</path>
         <kind>object</kind>
         <file>ENCODER.o</file>
         <name>ENCODER.o</name>
      </input_file>
      <input_file id="fl-f">
         <path>C:\Users\admin\Desktop\BalanceCar - softiic\Debug\.\User\</path>
         <kind>object</kind>
         <file>FINDLINE.o</file>
         <name>FINDLINE.o</name>
      </input_file>
      <input_file id="fl-10">
         <path>C:\Users\admin\Desktop\BalanceCar - softiic\Debug\.\User\</path>
         <kind>object</kind>
         <file>KEY.o</file>
         <name>KEY.o</name>
      </input_file>
      <input_file id="fl-11">
         <path>C:\Users\admin\Desktop\BalanceCar - softiic\Debug\.\User\</path>
         <kind>object</kind>
         <file>LED.o</file>
         <name>LED.o</name>
      </input_file>
      <input_file id="fl-12">
         <path>C:\Users\admin\Desktop\BalanceCar - softiic\Debug\.\User\</path>
         <kind>object</kind>
         <file>SHOW.o</file>
         <name>SHOW.o</name>
      </input_file>
      <input_file id="fl-20">
         <path>C:\Users\admin\Desktop\BalanceCar - softiic\Debug\</path>
         <kind>object</kind>
         <file>&lt;internal&gt;</file>
         <name>&lt;internal&gt;</name>
      </input_file>
      <input_file id="fl-21">
         <path>C:\ti\mspm0_sdk_2_04_00_06\source\ti\driverlib\lib\ticlang\m0p\mspm0g1x0x_g3x0x\</path>
         <kind>archive</kind>
         <file>driverlib.a</file>
         <name>dl_common.o</name>
      </input_file>
      <input_file id="fl-22">
         <path>C:\ti\mspm0_sdk_2_04_00_06\source\ti\driverlib\lib\ticlang\m0p\mspm0g1x0x_g3x0x\</path>
         <kind>archive</kind>
         <file>driverlib.a</file>
         <name>dl_timer.o</name>
      </input_file>
      <input_file id="fl-23">
         <path>C:\ti\mspm0_sdk_2_04_00_06\source\ti\driverlib\lib\ticlang\m0p\mspm0g1x0x_g3x0x\</path>
         <kind>archive</kind>
         <file>driverlib.a</file>
         <name>dl_uart.o</name>
      </input_file>
      <input_file id="fl-24">
         <path>C:\ti\mspm0_sdk_2_04_00_06\source\ti\driverlib\lib\ticlang\m0p\mspm0g1x0x_g3x0x\</path>
         <kind>archive</kind>
         <file>driverlib.a</file>
         <name>dl_sysctl_mspm0g1x0x_g3x0x.o</name>
      </input_file>
      <input_file id="fl-39">
         <path>C:\ti\ccstheia151\ccs\tools\compiler\ti-cgt-armllvm_4.0.0.LTS\lib\armv6m-ti-none-eabi\c\</path>
         <kind>archive</kind>
         <file>libc.a</file>
         <name>printf.c.obj</name>
      </input_file>
      <input_file id="fl-3a">
         <path>C:\ti\ccstheia151\ccs\tools\compiler\ti-cgt-armllvm_4.0.0.LTS\lib\armv6m-ti-none-eabi\c\</path>
         <kind>archive</kind>
         <file>libc.a</file>
         <name>_printfi.c.obj</name>
      </input_file>
      <input_file id="fl-3b">
         <path>C:\ti\ccstheia151\ccs\tools\compiler\ti-cgt-armllvm_4.0.0.LTS\lib\armv6m-ti-none-eabi\c\</path>
         <kind>archive</kind>
         <file>libc.a</file>
         <name>sprintf.c.obj</name>
      </input_file>
      <input_file id="fl-3c">
         <path>C:\ti\ccstheia151\ccs\tools\compiler\ti-cgt-armllvm_4.0.0.LTS\lib\armv6m-ti-none-eabi\c\</path>
         <kind>archive</kind>
         <file>libc.a</file>
         <name>fputc.c.obj</name>
      </input_file>
      <input_file id="fl-3d">
         <path>C:\ti\ccstheia151\ccs\tools\compiler\ti-cgt-armllvm_4.0.0.LTS\lib\armv6m-ti-none-eabi\c\</path>
         <kind>archive</kind>
         <file>libc.a</file>
         <name>fputs.c.obj</name>
      </input_file>
      <input_file id="fl-3e">
         <path>C:\ti\ccstheia151\ccs\tools\compiler\ti-cgt-armllvm_4.0.0.LTS\lib\armv6m-ti-none-eabi\c\</path>
         <kind>archive</kind>
         <file>libc.a</file>
         <name>_io_perm.c.obj</name>
      </input_file>
      <input_file id="fl-3f">
         <path>C:\ti\ccstheia151\ccs\tools\compiler\ti-cgt-armllvm_4.0.0.LTS\lib\armv6m-ti-none-eabi\c\</path>
         <kind>archive</kind>
         <file>libc.a</file>
         <name>setvbuf.c.obj</name>
      </input_file>
      <input_file id="fl-40">
         <path>C:\ti\ccstheia151\ccs\tools\compiler\ti-cgt-armllvm_4.0.0.LTS\lib\armv6m-ti-none-eabi\c\</path>
         <kind>archive</kind>
         <file>libc.a</file>
         <name>wcslen.c.obj</name>
      </input_file>
      <input_file id="fl-41">
         <path>C:\ti\ccstheia151\ccs\tools\compiler\ti-cgt-armllvm_4.0.0.LTS\lib\armv6m-ti-none-eabi\c\</path>
         <kind>archive</kind>
         <file>libc.a</file>
         <name>e_asin.c.obj</name>
      </input_file>
      <input_file id="fl-42">
         <path>C:\ti\ccstheia151\ccs\tools\compiler\ti-cgt-armllvm_4.0.0.LTS\lib\armv6m-ti-none-eabi\c\</path>
         <kind>archive</kind>
         <file>libc.a</file>
         <name>e_atan2.c.obj</name>
      </input_file>
      <input_file id="fl-43">
         <path>C:\ti\ccstheia151\ccs\tools\compiler\ti-cgt-armllvm_4.0.0.LTS\lib\armv6m-ti-none-eabi\c\</path>
         <kind>archive</kind>
         <file>libc.a</file>
         <name>e_sqrt.c.obj</name>
      </input_file>
      <input_file id="fl-44">
         <path>C:\ti\ccstheia151\ccs\tools\compiler\ti-cgt-armllvm_4.0.0.LTS\lib\armv6m-ti-none-eabi\c\</path>
         <kind>archive</kind>
         <file>libc.a</file>
         <name>s_atan.c.obj</name>
      </input_file>
      <input_file id="fl-45">
         <path>C:\ti\ccstheia151\ccs\tools\compiler\ti-cgt-armllvm_4.0.0.LTS\lib\armv6m-ti-none-eabi\c\</path>
         <kind>archive</kind>
         <file>libc.a</file>
         <name>s_frexp.c.obj</name>
      </input_file>
      <input_file id="fl-46">
         <path>C:\ti\ccstheia151\ccs\tools\compiler\ti-cgt-armllvm_4.0.0.LTS\lib\armv6m-ti-none-eabi\c\</path>
         <kind>archive</kind>
         <file>libc.a</file>
         <name>s_scalbn.c.obj</name>
      </input_file>
      <input_file id="fl-47">
         <path>C:\ti\ccstheia151\ccs\tools\compiler\ti-cgt-armllvm_4.0.0.LTS\lib\armv6m-ti-none-eabi\c\</path>
         <kind>archive</kind>
         <file>libc.a</file>
         <name>aeabi_portable.c.obj</name>
      </input_file>
      <input_file id="fl-48">
         <path>C:\ti\ccstheia151\ccs\tools\compiler\ti-cgt-armllvm_4.0.0.LTS\lib\armv6m-ti-none-eabi\c\</path>
         <kind>archive</kind>
         <file>libc.a</file>
         <name>exit.c.obj</name>
      </input_file>
      <input_file id="fl-49">
         <path>C:\ti\ccstheia151\ccs\tools\compiler\ti-cgt-armllvm_4.0.0.LTS\lib\armv6m-ti-none-eabi\c\</path>
         <kind>archive</kind>
         <file>libc.a</file>
         <name>_lock.c.obj</name>
      </input_file>
      <input_file id="fl-4a">
         <path>C:\ti\ccstheia151\ccs\tools\compiler\ti-cgt-armllvm_4.0.0.LTS\lib\armv6m-ti-none-eabi\c\</path>
         <kind>archive</kind>
         <file>libc.a</file>
         <name>_ltoa.c.obj</name>
      </input_file>
      <input_file id="fl-4b">
         <path>C:\ti\ccstheia151\ccs\tools\compiler\ti-cgt-armllvm_4.0.0.LTS\lib\armv6m-ti-none-eabi\c\</path>
         <kind>archive</kind>
         <file>libc.a</file>
         <name>assert.c.obj</name>
      </input_file>
      <input_file id="fl-4c">
         <path>C:\ti\ccstheia151\ccs\tools\compiler\ti-cgt-armllvm_4.0.0.LTS\lib\armv6m-ti-none-eabi\c\</path>
         <kind>archive</kind>
         <file>libc.a</file>
         <name>atoi.c.obj</name>
      </input_file>
      <input_file id="fl-4d">
         <path>C:\ti\ccstheia151\ccs\tools\compiler\ti-cgt-armllvm_4.0.0.LTS\lib\armv6m-ti-none-eabi\c\</path>
         <kind>archive</kind>
         <file>libc.a</file>
         <name>defs.c.obj</name>
      </input_file>
      <input_file id="fl-4e">
         <path>C:\ti\ccstheia151\ccs\tools\compiler\ti-cgt-armllvm_4.0.0.LTS\lib\armv6m-ti-none-eabi\c\</path>
         <kind>archive</kind>
         <file>libc.a</file>
         <name>memccpy.c.obj</name>
      </input_file>
      <input_file id="fl-4f">
         <path>C:\ti\ccstheia151\ccs\tools\compiler\ti-cgt-armllvm_4.0.0.LTS\lib\armv6m-ti-none-eabi\c\</path>
         <kind>archive</kind>
         <file>libc.a</file>
         <name>memcmp.c.obj</name>
      </input_file>
      <input_file id="fl-50">
         <path>C:\ti\ccstheia151\ccs\tools\compiler\ti-cgt-armllvm_4.0.0.LTS\lib\armv6m-ti-none-eabi\c\</path>
         <kind>archive</kind>
         <file>libc.a</file>
         <name>memory.c.obj</name>
      </input_file>
      <input_file id="fl-51">
         <path>C:\ti\ccstheia151\ccs\tools\compiler\ti-cgt-armllvm_4.0.0.LTS\lib\armv6m-ti-none-eabi\c\</path>
         <kind>archive</kind>
         <file>libc.a</file>
         <name>boot_cortex_m.c.obj</name>
      </input_file>
      <input_file id="fl-52">
         <path>C:\ti\ccstheia151\ccs\tools\compiler\ti-cgt-armllvm_4.0.0.LTS\lib\armv6m-ti-none-eabi\c\</path>
         <kind>archive</kind>
         <file>libc.a</file>
         <name>mathacl_init.c.obj</name>
      </input_file>
      <input_file id="fl-53">
         <path>C:\ti\ccstheia151\ccs\tools\compiler\ti-cgt-armllvm_4.0.0.LTS\lib\armv6m-ti-none-eabi\c\</path>
         <kind>archive</kind>
         <file>libc.a</file>
         <name>autoinit.c.obj</name>
      </input_file>
      <input_file id="fl-54">
         <path>C:\ti\ccstheia151\ccs\tools\compiler\ti-cgt-armllvm_4.0.0.LTS\lib\armv6m-ti-none-eabi\c\</path>
         <kind>archive</kind>
         <file>libc.a</file>
         <name>pre_init.c.obj</name>
      </input_file>
      <input_file id="fl-55">
         <path>C:\ti\ccstheia151\ccs\tools\compiler\ti-cgt-armllvm_4.0.0.LTS\lib\armv6m-ti-none-eabi\c\</path>
         <kind>archive</kind>
         <file>libc.a</file>
         <name>cpy_tbl.c.obj</name>
      </input_file>
      <input_file id="fl-56">
         <path>C:\ti\ccstheia151\ccs\tools\compiler\ti-cgt-armllvm_4.0.0.LTS\lib\armv6m-ti-none-eabi\c\</path>
         <kind>archive</kind>
         <file>libc.a</file>
         <name>copy_zero_init.c.obj</name>
      </input_file>
      <input_file id="fl-57">
         <path>C:\ti\ccstheia151\ccs\tools\compiler\ti-cgt-armllvm_4.0.0.LTS\lib\armv6m-ti-none-eabi\c\</path>
         <kind>archive</kind>
         <file>libc.a</file>
         <name>copy_decompress_none.c.obj</name>
      </input_file>
      <input_file id="fl-58">
         <path>C:\ti\ccstheia151\ccs\tools\compiler\ti-cgt-armllvm_4.0.0.LTS\lib\armv6m-ti-none-eabi\c\</path>
         <kind>archive</kind>
         <file>libc.a</file>
         <name>copy_decompress_lzss.c.obj</name>
      </input_file>
      <input_file id="fl-59">
         <path>C:\ti\ccstheia151\ccs\tools\compiler\ti-cgt-armllvm_4.0.0.LTS\lib\armv6m-ti-none-eabi\c\</path>
         <kind>archive</kind>
         <file>libc.a</file>
         <name>fflush.c.obj</name>
      </input_file>
      <input_file id="fl-5a">
         <path>C:\ti\ccstheia151\ccs\tools\compiler\ti-cgt-armllvm_4.0.0.LTS\lib\armv6m-ti-none-eabi\c\</path>
         <kind>archive</kind>
         <file>libc.a</file>
         <name>fopen.c.obj</name>
      </input_file>
      <input_file id="fl-5b">
         <path>C:\ti\ccstheia151\ccs\tools\compiler\ti-cgt-armllvm_4.0.0.LTS\lib\armv6m-ti-none-eabi\c\</path>
         <kind>archive</kind>
         <file>libc.a</file>
         <name>fseek.c.obj</name>
      </input_file>
      <input_file id="fl-5c">
         <path>C:\ti\ccstheia151\ccs\tools\compiler\ti-cgt-armllvm_4.0.0.LTS\lib\armv6m-ti-none-eabi\c\</path>
         <kind>archive</kind>
         <file>libc.a</file>
         <name>aeabi_ctype.S.obj</name>
      </input_file>
      <input_file id="fl-5d">
         <path>C:\ti\ccstheia151\ccs\tools\compiler\ti-cgt-armllvm_4.0.0.LTS\lib\armv6m-ti-none-eabi\c\</path>
         <kind>archive</kind>
         <file>libc.a</file>
         <name>args_main.c.obj</name>
      </input_file>
      <input_file id="fl-5e">
         <path>C:\ti\ccstheia151\ccs\tools\compiler\ti-cgt-armllvm_4.0.0.LTS\lib\armv6m-ti-none-eabi\c\</path>
         <kind>archive</kind>
         <file>libc.a</file>
         <name>fclose.c.obj</name>
      </input_file>
      <input_file id="fl-f4">
         <path>C:\ti\ccstheia151\ccs\tools\compiler\ti-cgt-armllvm_4.0.0.LTS\lib\armv6m-ti-none-eabi\c\</path>
         <kind>archive</kind>
         <file>libsysbm.a</file>
         <name>write.c.obj</name>
      </input_file>
      <input_file id="fl-f5">
         <path>C:\ti\ccstheia151\ccs\tools\compiler\ti-cgt-armllvm_4.0.0.LTS\lib\armv6m-ti-none-eabi\c\</path>
         <kind>archive</kind>
         <file>libsysbm.a</file>
         <name>host_device.c.obj</name>
      </input_file>
      <input_file id="fl-f6">
         <path>C:\ti\ccstheia151\ccs\tools\compiler\ti-cgt-armllvm_4.0.0.LTS\lib\armv6m-ti-none-eabi\c\</path>
         <kind>archive</kind>
         <file>libsysbm.a</file>
         <name>remove.c.obj</name>
      </input_file>
      <input_file id="fl-f7">
         <path>C:\ti\ccstheia151\ccs\tools\compiler\ti-cgt-armllvm_4.0.0.LTS\lib\armv6m-ti-none-eabi\c\</path>
         <kind>archive</kind>
         <file>libsysbm.a</file>
         <name>open.c.obj</name>
      </input_file>
      <input_file id="fl-f8">
         <path>C:\ti\ccstheia151\ccs\tools\compiler\ti-cgt-armllvm_4.0.0.LTS\lib\armv6m-ti-none-eabi\c\</path>
         <kind>archive</kind>
         <file>libsysbm.a</file>
         <name>lseek.c.obj</name>
      </input_file>
      <input_file id="fl-f9">
         <path>C:\ti\ccstheia151\ccs\tools\compiler\ti-cgt-armllvm_4.0.0.LTS\lib\armv6m-ti-none-eabi\c\</path>
         <kind>archive</kind>
         <file>libsysbm.a</file>
         <name>close.c.obj</name>
      </input_file>
      <input_file id="fl-fa">
         <path>C:\ti\ccstheia151\ccs\tools\compiler\ti-cgt-armllvm_4.0.0.LTS\lib\armv6m-ti-none-eabi\c\</path>
         <kind>archive</kind>
         <file>libsysbm.a</file>
         <name>unlink.c.obj</name>
      </input_file>
      <input_file id="fl-fb">
         <path>C:\ti\ccstheia151\ccs\tools\compiler\ti-cgt-armllvm_4.0.0.LTS\lib\armv6m-ti-none-eabi\c\</path>
         <kind>archive</kind>
         <file>libsysbm.a</file>
         <name>hostclose.c.obj</name>
      </input_file>
      <input_file id="fl-fc">
         <path>C:\ti\ccstheia151\ccs\tools\compiler\ti-cgt-armllvm_4.0.0.LTS\lib\armv6m-ti-none-eabi\c\</path>
         <kind>archive</kind>
         <file>libsysbm.a</file>
         <name>hostlseek.c.obj</name>
      </input_file>
      <input_file id="fl-fd">
         <path>C:\ti\ccstheia151\ccs\tools\compiler\ti-cgt-armllvm_4.0.0.LTS\lib\armv6m-ti-none-eabi\c\</path>
         <kind>archive</kind>
         <file>libsysbm.a</file>
         <name>hostopen.c.obj</name>
      </input_file>
      <input_file id="fl-fe">
         <path>C:\ti\ccstheia151\ccs\tools\compiler\ti-cgt-armllvm_4.0.0.LTS\lib\armv6m-ti-none-eabi\c\</path>
         <kind>archive</kind>
         <file>libsysbm.a</file>
         <name>hostread.c.obj</name>
      </input_file>
      <input_file id="fl-ff">
         <path>C:\ti\ccstheia151\ccs\tools\compiler\ti-cgt-armllvm_4.0.0.LTS\lib\armv6m-ti-none-eabi\c\</path>
         <kind>archive</kind>
         <file>libsysbm.a</file>
         <name>hostrename.c.obj</name>
      </input_file>
      <input_file id="fl-100">
         <path>C:\ti\ccstheia151\ccs\tools\compiler\ti-cgt-armllvm_4.0.0.LTS\lib\armv6m-ti-none-eabi\c\</path>
         <kind>archive</kind>
         <file>libsysbm.a</file>
         <name>hostunlink.c.obj</name>
      </input_file>
      <input_file id="fl-101">
         <path>C:\ti\ccstheia151\ccs\tools\compiler\ti-cgt-armllvm_4.0.0.LTS\lib\armv6m-ti-none-eabi\c\</path>
         <kind>archive</kind>
         <file>libsysbm.a</file>
         <name>hostwrite.c.obj</name>
      </input_file>
      <input_file id="fl-102">
         <path>C:\ti\ccstheia151\ccs\tools\compiler\ti-cgt-armllvm_4.0.0.LTS\lib\armv6m-ti-none-eabi\c\</path>
         <kind>archive</kind>
         <file>libsysbm.a</file>
         <name>trgmsg.c.obj</name>
      </input_file>
      <input_file id="fl-103">
         <path>C:\ti\ccstheia151\ccs\tools\compiler\ti-cgt-armllvm_4.0.0.LTS\lib\armv6m-ti-none-eabi\</path>
         <kind>archive</kind>
         <file>libclang_rt.builtins.a</file>
         <name>addsf3.S.obj</name>
      </input_file>
      <input_file id="fl-104">
         <path>C:\ti\ccstheia151\ccs\tools\compiler\ti-cgt-armllvm_4.0.0.LTS\lib\armv6m-ti-none-eabi\</path>
         <kind>archive</kind>
         <file>libclang_rt.builtins.a</file>
         <name>adddf3.S.obj</name>
      </input_file>
      <input_file id="fl-105">
         <path>C:\ti\ccstheia151\ccs\tools\compiler\ti-cgt-armllvm_4.0.0.LTS\lib\armv6m-ti-none-eabi\</path>
         <kind>archive</kind>
         <file>libclang_rt.builtins.a</file>
         <name>muldf3.S.obj</name>
      </input_file>
      <input_file id="fl-106">
         <path>C:\ti\ccstheia151\ccs\tools\compiler\ti-cgt-armllvm_4.0.0.LTS\lib\armv6m-ti-none-eabi\</path>
         <kind>archive</kind>
         <file>libclang_rt.builtins.a</file>
         <name>muldsi3.S.obj</name>
      </input_file>
      <input_file id="fl-107">
         <path>C:\ti\ccstheia151\ccs\tools\compiler\ti-cgt-armllvm_4.0.0.LTS\lib\armv6m-ti-none-eabi\</path>
         <kind>archive</kind>
         <file>libclang_rt.builtins.a</file>
         <name>mulsf3.S.obj</name>
      </input_file>
      <input_file id="fl-108">
         <path>C:\ti\ccstheia151\ccs\tools\compiler\ti-cgt-armllvm_4.0.0.LTS\lib\armv6m-ti-none-eabi\</path>
         <kind>archive</kind>
         <file>libclang_rt.builtins.a</file>
         <name>divsf3.S.obj</name>
      </input_file>
      <input_file id="fl-109">
         <path>C:\ti\ccstheia151\ccs\tools\compiler\ti-cgt-armllvm_4.0.0.LTS\lib\armv6m-ti-none-eabi\</path>
         <kind>archive</kind>
         <file>libclang_rt.builtins.a</file>
         <name>divdf3.S.obj</name>
      </input_file>
      <input_file id="fl-10a">
         <path>C:\ti\ccstheia151\ccs\tools\compiler\ti-cgt-armllvm_4.0.0.LTS\lib\armv6m-ti-none-eabi\</path>
         <kind>archive</kind>
         <file>libclang_rt.builtins.a</file>
         <name>extendsfdf2.S.obj</name>
      </input_file>
      <input_file id="fl-10b">
         <path>C:\ti\ccstheia151\ccs\tools\compiler\ti-cgt-armllvm_4.0.0.LTS\lib\armv6m-ti-none-eabi\</path>
         <kind>archive</kind>
         <file>libclang_rt.builtins.a</file>
         <name>fixdfsi.S.obj</name>
      </input_file>
      <input_file id="fl-10c">
         <path>C:\ti\ccstheia151\ccs\tools\compiler\ti-cgt-armllvm_4.0.0.LTS\lib\armv6m-ti-none-eabi\</path>
         <kind>archive</kind>
         <file>libclang_rt.builtins.a</file>
         <name>fixsfsi.S.obj</name>
      </input_file>
      <input_file id="fl-10d">
         <path>C:\ti\ccstheia151\ccs\tools\compiler\ti-cgt-armllvm_4.0.0.LTS\lib\armv6m-ti-none-eabi\</path>
         <kind>archive</kind>
         <file>libclang_rt.builtins.a</file>
         <name>fixunsdfsi.S.obj</name>
      </input_file>
      <input_file id="fl-10e">
         <path>C:\ti\ccstheia151\ccs\tools\compiler\ti-cgt-armllvm_4.0.0.LTS\lib\armv6m-ti-none-eabi\</path>
         <kind>archive</kind>
         <file>libclang_rt.builtins.a</file>
         <name>floatsidf.S.obj</name>
      </input_file>
      <input_file id="fl-10f">
         <path>C:\ti\ccstheia151\ccs\tools\compiler\ti-cgt-armllvm_4.0.0.LTS\lib\armv6m-ti-none-eabi\</path>
         <kind>archive</kind>
         <file>libclang_rt.builtins.a</file>
         <name>floatsisf.S.obj</name>
      </input_file>
      <input_file id="fl-110">
         <path>C:\ti\ccstheia151\ccs\tools\compiler\ti-cgt-armllvm_4.0.0.LTS\lib\armv6m-ti-none-eabi\</path>
         <kind>archive</kind>
         <file>libclang_rt.builtins.a</file>
         <name>floatunsidf.S.obj</name>
      </input_file>
      <input_file id="fl-111">
         <path>C:\ti\ccstheia151\ccs\tools\compiler\ti-cgt-armllvm_4.0.0.LTS\lib\armv6m-ti-none-eabi\</path>
         <kind>archive</kind>
         <file>libclang_rt.builtins.a</file>
         <name>floatunsisf.S.obj</name>
      </input_file>
      <input_file id="fl-112">
         <path>C:\ti\ccstheia151\ccs\tools\compiler\ti-cgt-armllvm_4.0.0.LTS\lib\armv6m-ti-none-eabi\</path>
         <kind>archive</kind>
         <file>libclang_rt.builtins.a</file>
         <name>muldi3.S.obj</name>
      </input_file>
      <input_file id="fl-113">
         <path>C:\ti\ccstheia151\ccs\tools\compiler\ti-cgt-armllvm_4.0.0.LTS\lib\armv6m-ti-none-eabi\</path>
         <kind>archive</kind>
         <file>libclang_rt.builtins.a</file>
         <name>truncdfsf2.S.obj</name>
      </input_file>
      <input_file id="fl-114">
         <path>C:\ti\ccstheia151\ccs\tools\compiler\ti-cgt-armllvm_4.0.0.LTS\lib\armv6m-ti-none-eabi\</path>
         <kind>archive</kind>
         <file>libclang_rt.builtins.a</file>
         <name>aeabi_dcmp.S.obj</name>
      </input_file>
      <input_file id="fl-115">
         <path>C:\ti\ccstheia151\ccs\tools\compiler\ti-cgt-armllvm_4.0.0.LTS\lib\armv6m-ti-none-eabi\</path>
         <kind>archive</kind>
         <file>libclang_rt.builtins.a</file>
         <name>aeabi_fcmp.S.obj</name>
      </input_file>
      <input_file id="fl-116">
         <path>C:\ti\ccstheia151\ccs\tools\compiler\ti-cgt-armllvm_4.0.0.LTS\lib\armv6m-ti-none-eabi\</path>
         <kind>archive</kind>
         <file>libclang_rt.builtins.a</file>
         <name>aeabi_idivmod.S.obj</name>
      </input_file>
      <input_file id="fl-117">
         <path>C:\ti\ccstheia151\ccs\tools\compiler\ti-cgt-armllvm_4.0.0.LTS\lib\armv6m-ti-none-eabi\</path>
         <kind>archive</kind>
         <file>libclang_rt.builtins.a</file>
         <name>aeabi_ldivmod.S.obj</name>
      </input_file>
      <input_file id="fl-118">
         <path>C:\ti\ccstheia151\ccs\tools\compiler\ti-cgt-armllvm_4.0.0.LTS\lib\armv6m-ti-none-eabi\</path>
         <kind>archive</kind>
         <file>libclang_rt.builtins.a</file>
         <name>aeabi_memcpy.S.obj</name>
      </input_file>
      <input_file id="fl-119">
         <path>C:\ti\ccstheia151\ccs\tools\compiler\ti-cgt-armllvm_4.0.0.LTS\lib\armv6m-ti-none-eabi\</path>
         <kind>archive</kind>
         <file>libclang_rt.builtins.a</file>
         <name>aeabi_memset.S.obj</name>
      </input_file>
      <input_file id="fl-11a">
         <path>C:\ti\ccstheia151\ccs\tools\compiler\ti-cgt-armllvm_4.0.0.LTS\lib\armv6m-ti-none-eabi\</path>
         <kind>archive</kind>
         <file>libclang_rt.builtins.a</file>
         <name>aeabi_uidivmod.S.obj</name>
      </input_file>
      <input_file id="fl-11b">
         <path>C:\ti\ccstheia151\ccs\tools\compiler\ti-cgt-armllvm_4.0.0.LTS\lib\armv6m-ti-none-eabi\</path>
         <kind>archive</kind>
         <file>libclang_rt.builtins.a</file>
         <name>aeabi_uldivmod.S.obj</name>
      </input_file>
      <input_file id="fl-11c">
         <path>C:\ti\ccstheia151\ccs\tools\compiler\ti-cgt-armllvm_4.0.0.LTS\lib\armv6m-ti-none-eabi\</path>
         <kind>archive</kind>
         <file>libclang_rt.builtins.a</file>
         <name>comparesf2.S.obj</name>
      </input_file>
      <input_file id="fl-11d">
         <path>C:\ti\ccstheia151\ccs\tools\compiler\ti-cgt-armllvm_4.0.0.LTS\lib\armv6m-ti-none-eabi\</path>
         <kind>archive</kind>
         <file>libclang_rt.builtins.a</file>
         <name>udivmoddi4.S.obj</name>
      </input_file>
      <input_file id="fl-11e">
         <path>C:\ti\ccstheia151\ccs\tools\compiler\ti-cgt-armllvm_4.0.0.LTS\lib\armv6m-ti-none-eabi\</path>
         <kind>archive</kind>
         <file>libclang_rt.builtins.a</file>
         <name>ashldi3.S.obj</name>
      </input_file>
      <input_file id="fl-11f">
         <path>C:\ti\ccstheia151\ccs\tools\compiler\ti-cgt-armllvm_4.0.0.LTS\lib\armv6m-ti-none-eabi\</path>
         <kind>archive</kind>
         <file>libclang_rt.builtins.a</file>
         <name>comparedf2.c.obj</name>
      </input_file>
      <input_file id="fl-120">
         <path>C:\ti\ccstheia151\ccs\tools\compiler\ti-cgt-armllvm_4.0.0.LTS\lib\armv6m-ti-none-eabi\</path>
         <kind>archive</kind>
         <file>libclang_rt.builtins.a</file>
         <name>divmoddi4.c.obj</name>
      </input_file>
      <input_file id="fl-121">
         <path>C:\ti\ccstheia151\ccs\tools\compiler\ti-cgt-armllvm_4.0.0.LTS\lib\armv6m-ti-none-eabi\</path>
         <kind>archive</kind>
         <file>libclang_rt.builtins.a</file>
         <name>aeabi_div0.c.obj</name>
      </input_file>
      <input_file id="fl-122">
         <path>C:\ti\ccstheia151\ccs\tools\compiler\ti-cgt-armllvm_4.0.0.LTS\lib\armv6m-ti-none-eabi\c\</path>
         <kind>archive</kind>
         <file>libc.a</file>
         <name>getdevice.c.obj</name>
      </input_file>
      <input_file id="fl-123">
         <path>C:\ti\ccstheia151\ccs\tools\compiler\ti-cgt-armllvm_4.0.0.LTS\lib\armv6m-ti-none-eabi\c\</path>
         <kind>archive</kind>
         <file>libc.a</file>
         <name>memcpy16.S.obj</name>
      </input_file>
      <input_file id="fl-124">
         <path>C:\ti\ccstheia151\ccs\tools\compiler\ti-cgt-armllvm_4.0.0.LTS\lib\armv6m-ti-none-eabi\c\</path>
         <kind>archive</kind>
         <file>libc.a</file>
         <name>memset16.S.obj</name>
      </input_file>
      <input_file id="fl-125">
         <path>C:\ti\ccstheia151\ccs\tools\compiler\ti-cgt-armllvm_4.0.0.LTS\lib\armv6m-ti-none-eabi\c\</path>
         <kind>archive</kind>
         <file>libc.a</file>
         <name>strcmp-armv6m.S.obj</name>
      </input_file>
   </input_file_list>
   <object_component_list>
      <object_component id="oc-18">
         <name>.intvecs</name>
         <load_address>0x0</load_address>
         <readonly>true</readonly>
         <run_address>0x0</run_address>
         <size>0xc0</size>
         <alignment>0x4</alignment>
         <input_file_ref idref="fl-3"/>
      </object_component>
      <object_component id="oc-2b7">
         <name>.text:__TI_printfi_nofloat</name>
         <load_address>0xc0</load_address>
         <readonly>true</readonly>
         <executable>true</executable>
         <run_address>0xc0</run_address>
         <size>0x868</size>
         <alignment>0x4</alignment>
         <input_file_ref idref="fl-3a"/>
      </object_component>
      <object_component id="oc-164">
         <name>.text.asin</name>
         <load_address>0x928</load_address>
         <readonly>true</readonly>
         <executable>true</executable>
         <run_address>0x928</run_address>
         <size>0x364</size>
         <alignment>0x4</alignment>
         <input_file_ref idref="fl-41"/>
      </object_component>
      <object_component id="oc-248">
         <name>.text.atan</name>
         <load_address>0xc8c</load_address>
         <readonly>true</readonly>
         <executable>true</executable>
         <run_address>0xc8c</run_address>
         <size>0x2f8</size>
         <alignment>0x4</alignment>
         <input_file_ref idref="fl-44"/>
      </object_component>
      <object_component id="oc-146">
         <name>.text.dmp_enable_feature</name>
         <load_address>0xf84</load_address>
         <readonly>true</readonly>
         <executable>true</executable>
         <run_address>0xf84</run_address>
         <size>0x278</size>
         <alignment>0x4</alignment>
         <input_file_ref idref="fl-8"/>
      </object_component>
      <object_component id="oc-215">
         <name>.text.dmp_set_tap_thresh</name>
         <load_address>0x11fc</load_address>
         <readonly>true</readonly>
         <executable>true</executable>
         <run_address>0x11fc</run_address>
         <size>0x238</size>
         <alignment>0x4</alignment>
         <input_file_ref idref="fl-8"/>
      </object_component>
      <object_component id="oc-20b">
         <name>.text.mpu_reset_fifo</name>
         <load_address>0x1434</load_address>
         <readonly>true</readonly>
         <executable>true</executable>
         <run_address>0x1434</run_address>
         <size>0x22c</size>
         <alignment>0x4</alignment>
         <input_file_ref idref="fl-7"/>
      </object_component>
      <object_component id="oc-d1">
         <name>.text.mpu_dmp_get_data</name>
         <load_address>0x1660</load_address>
         <readonly>true</readonly>
         <executable>true</executable>
         <run_address>0x1660</run_address>
         <size>0x214</size>
         <alignment>0x4</alignment>
         <input_file_ref idref="fl-7"/>
      </object_component>
      <object_component id="oc-13b">
         <name>.text.mpu_init</name>
         <load_address>0x1874</load_address>
         <readonly>true</readonly>
         <executable>true</executable>
         <run_address>0x1874</run_address>
         <size>0x214</size>
         <alignment>0x4</alignment>
         <input_file_ref idref="fl-7"/>
      </object_component>
      <object_component id="oc-157">
         <name>.text.dmp_read_fifo</name>
         <load_address>0x1a88</load_address>
         <readonly>true</readonly>
         <executable>true</executable>
         <run_address>0x1a88</run_address>
         <size>0x1f4</size>
         <alignment>0x4</alignment>
         <input_file_ref idref="fl-8"/>
      </object_component>
      <object_component id="oc-11c">
         <name>.text.SYSCFG_DL_GPIO_init</name>
         <load_address>0x1c7c</load_address>
         <readonly>true</readonly>
         <executable>true</executable>
         <run_address>0x1c7c</run_address>
         <size>0x1f0</size>
         <alignment>0x4</alignment>
         <input_file_ref idref="fl-2"/>
      </object_component>
      <object_component id="oc-204">
         <name>.text.mpu_set_bypass</name>
         <load_address>0x1e6c</load_address>
         <readonly>true</readonly>
         <executable>true</executable>
         <run_address>0x1e6c</run_address>
         <size>0x1a0</size>
         <alignment>0x4</alignment>
         <input_file_ref idref="fl-7"/>
      </object_component>
      <object_component id="oc-22f">
         <name>.text.adddf3_subdf3</name>
         <load_address>0x200c</load_address>
         <readonly>true</readonly>
         <executable>true</executable>
         <run_address>0x200c</run_address>
         <size>0x192</size>
         <alignment>0x4</alignment>
         <input_file_ref idref="fl-104"/>
      </object_component>
      <object_component id="oc-26f">
         <name>.text.__aeabi_idiv0</name>
         <load_address>0x219e</load_address>
         <readonly>true</readonly>
         <executable>true</executable>
         <run_address>0x219e</run_address>
         <size>0x2</size>
         <alignment>0x2</alignment>
         <input_file_ref idref="fl-121"/>
      </object_component>
      <object_component id="oc-172">
         <name>.text.atan2</name>
         <load_address>0x21a0</load_address>
         <readonly>true</readonly>
         <executable>true</executable>
         <run_address>0x21a0</run_address>
         <size>0x188</size>
         <alignment>0x4</alignment>
         <input_file_ref idref="fl-42"/>
      </object_component>
      <object_component id="oc-145">
         <name>.text.dmp_set_orientation</name>
         <load_address>0x2328</load_address>
         <readonly>true</readonly>
         <executable>true</executable>
         <run_address>0x2328</run_address>
         <size>0x178</size>
         <alignment>0x4</alignment>
         <input_file_ref idref="fl-8"/>
      </object_component>
      <object_component id="oc-97">
         <name>.text.main</name>
         <load_address>0x24a0</load_address>
         <readonly>true</readonly>
         <executable>true</executable>
         <run_address>0x24a0</run_address>
         <size>0x174</size>
         <alignment>0x4</alignment>
         <input_file_ref idref="fl-1"/>
      </object_component>
      <object_component id="oc-239">
         <name>.text.sqrt</name>
         <load_address>0x2614</load_address>
         <readonly>true</readonly>
         <executable>true</executable>
         <run_address>0x2614</run_address>
         <size>0x170</size>
         <alignment>0x4</alignment>
         <input_file_ref idref="fl-43"/>
      </object_component>
      <object_component id="oc-cc">
         <name>.text.Line_Following</name>
         <load_address>0x2784</load_address>
         <readonly>true</readonly>
         <executable>true</executable>
         <run_address>0x2784</run_address>
         <size>0x14c</size>
         <alignment>0x4</alignment>
         <input_file_ref idref="fl-f"/>
      </object_component>
      <object_component id="oc-34">
         <name>.text.GROUP1_IRQHandler</name>
         <load_address>0x28d0</load_address>
         <readonly>true</readonly>
         <executable>true</executable>
         <run_address>0x28d0</run_address>
         <size>0x130</size>
         <alignment>0x4</alignment>
         <input_file_ref idref="fl-e"/>
      </object_component>
      <object_component id="oc-13c">
         <name>.text.mpu_set_sensors</name>
         <load_address>0x2a00</load_address>
         <readonly>true</readonly>
         <executable>true</executable>
         <run_address>0x2a00</run_address>
         <size>0x130</size>
         <alignment>0x4</alignment>
         <input_file_ref idref="fl-7"/>
      </object_component>
      <object_component id="oc-20d">
         <name>.text.mpu_load_firmware</name>
         <load_address>0x2b30</load_address>
         <readonly>true</readonly>
         <executable>true</executable>
         <run_address>0x2b30</run_address>
         <size>0x124</size>
         <alignment>0x4</alignment>
         <input_file_ref idref="fl-7"/>
      </object_component>
      <object_component id="oc-c6">
         <name>.text.mpu_dmp_init</name>
         <load_address>0x2c54</load_address>
         <readonly>true</readonly>
         <executable>true</executable>
         <run_address>0x2c54</run_address>
         <size>0x118</size>
         <alignment>0x4</alignment>
         <input_file_ref idref="fl-7"/>
      </object_component>
      <object_component id="oc-373">
         <name>.text.aligned_alloc</name>
         <load_address>0x2d6c</load_address>
         <readonly>true</readonly>
         <executable>true</executable>
         <run_address>0x2d6c</run_address>
         <size>0x114</size>
         <alignment>0x4</alignment>
         <input_file_ref idref="fl-50"/>
      </object_component>
      <object_component id="oc-20c">
         <name>.text.mpu_lp_accel_mode</name>
         <load_address>0x2e80</load_address>
         <readonly>true</readonly>
         <executable>true</executable>
         <run_address>0x2e80</run_address>
         <size>0x110</size>
         <alignment>0x4</alignment>
         <input_file_ref idref="fl-7"/>
      </object_component>
      <object_component id="oc-240">
         <name>.text.__divdf3</name>
         <load_address>0x2f90</load_address>
         <readonly>true</readonly>
         <executable>true</executable>
         <run_address>0x2f90</run_address>
         <size>0x10c</size>
         <alignment>0x4</alignment>
         <input_file_ref idref="fl-109"/>
      </object_component>
      <object_component id="oc-220">
         <name>.text.mpu_read_fifo_stream</name>
         <load_address>0x309c</load_address>
         <readonly>true</readonly>
         <executable>true</executable>
         <run_address>0x309c</run_address>
         <size>0x108</size>
         <alignment>0x4</alignment>
         <input_file_ref idref="fl-7"/>
      </object_component>
      <object_component id="oc-1ca">
         <name>.text.DL_Timer_initFourCCPWMMode</name>
         <load_address>0x31a4</load_address>
         <readonly>true</readonly>
         <executable>true</executable>
         <run_address>0x31a4</run_address>
         <size>0x104</size>
         <alignment>0x4</alignment>
         <input_file_ref idref="fl-22"/>
      </object_component>
      <object_component id="oc-be">
         <name>.text.OLED_Init</name>
         <load_address>0x32a8</load_address>
         <readonly>true</readonly>
         <executable>true</executable>
         <run_address>0x32a8</run_address>
         <size>0xfa</size>
         <alignment>0x2</alignment>
         <input_file_ref idref="fl-9"/>
      </object_component>
      <object_component id="oc-340">
         <name>.text.__aeabi_ldiv0</name>
         <load_address>0x33a2</load_address>
         <readonly>true</readonly>
         <executable>true</executable>
         <run_address>0x33a2</run_address>
         <size>0x2</size>
         <alignment>0x2</alignment>
         <input_file_ref idref="fl-121"/>
      </object_component>
      <object_component id="oc-2bc">
         <name>.text.fputs</name>
         <load_address>0x33a4</load_address>
         <readonly>true</readonly>
         <executable>true</executable>
         <run_address>0x33a4</run_address>
         <size>0xf8</size>
         <alignment>0x4</alignment>
         <input_file_ref idref="fl-3d"/>
      </object_component>
      <object_component id="oc-13e">
         <name>.text.mpu_set_sample_rate</name>
         <load_address>0x349c</load_address>
         <readonly>true</readonly>
         <executable>true</executable>
         <run_address>0x349c</run_address>
         <size>0xec</size>
         <alignment>0x4</alignment>
         <input_file_ref idref="fl-7"/>
      </object_component>
      <object_component id="oc-1d3">
         <name>.text.DL_Timer_initTimerMode</name>
         <load_address>0x3588</load_address>
         <readonly>true</readonly>
         <executable>true</executable>
         <run_address>0x3588</run_address>
         <size>0xe8</size>
         <alignment>0x4</alignment>
         <input_file_ref idref="fl-22"/>
      </object_component>
      <object_component id="oc-354">
         <name>.text.free</name>
         <load_address>0x3670</load_address>
         <readonly>true</readonly>
         <executable>true</executable>
         <run_address>0x3670</run_address>
         <size>0xe8</size>
         <alignment>0x4</alignment>
         <input_file_ref idref="fl-50"/>
      </object_component>
      <object_component id="oc-16a">
         <name>.text.__muldf3</name>
         <load_address>0x3758</load_address>
         <readonly>true</readonly>
         <executable>true</executable>
         <run_address>0x3758</run_address>
         <size>0xe4</size>
         <alignment>0x4</alignment>
         <input_file_ref idref="fl-105"/>
      </object_component>
      <object_component id="oc-202">
         <name>.text.mpu_set_accel_fsr</name>
         <load_address>0x383c</load_address>
         <readonly>true</readonly>
         <executable>true</executable>
         <run_address>0x383c</run_address>
         <size>0xe4</size>
         <alignment>0x4</alignment>
         <input_file_ref idref="fl-7"/>
      </object_component>
      <object_component id="oc-333">
         <name>.text.setvbuf</name>
         <load_address>0x3920</load_address>
         <readonly>true</readonly>
         <executable>true</executable>
         <run_address>0x3920</run_address>
         <size>0xe0</size>
         <alignment>0x4</alignment>
         <input_file_ref idref="fl-3f"/>
      </object_component>
      <object_component id="oc-1ba">
         <name>.text.DL_SYSCTL_configSYSPLL</name>
         <load_address>0x3a00</load_address>
         <readonly>true</readonly>
         <executable>true</executable>
         <run_address>0x3a00</run_address>
         <size>0xdc</size>
         <alignment>0x4</alignment>
         <input_file_ref idref="fl-24"/>
      </object_component>
      <object_component id="oc-e8">
         <name>.text.set_motor_pwm</name>
         <load_address>0x3adc</load_address>
         <readonly>true</readonly>
         <executable>true</executable>
         <run_address>0x3adc</run_address>
         <size>0xdc</size>
         <alignment>0x4</alignment>
         <input_file_ref idref="fl-5"/>
      </object_component>
      <object_component id="oc-e0">
         <name>.text</name>
         <load_address>0x3bb8</load_address>
         <readonly>true</readonly>
         <executable>true</executable>
         <run_address>0x3bb8</run_address>
         <size>0xd8</size>
         <alignment>0x4</alignment>
         <input_file_ref idref="fl-103"/>
      </object_component>
      <object_component id="oc-1f7">
         <name>.text.MPU6050_ReadData</name>
         <load_address>0x3c90</load_address>
         <readonly>true</readonly>
         <executable>true</executable>
         <run_address>0x3c90</run_address>
         <size>0xd6</size>
         <alignment>0x2</alignment>
         <input_file_ref idref="fl-6"/>
      </object_component>
      <object_component id="oc-257">
         <name>.text._nop</name>
         <load_address>0x3d66</load_address>
         <readonly>true</readonly>
         <executable>true</executable>
         <run_address>0x3d66</run_address>
         <size>0x2</size>
         <alignment>0x2</alignment>
         <input_file_ref idref="fl-49"/>
      </object_component>
      <object_component id="oc-c5">
         <name>.text.MPU6050_Init</name>
         <load_address>0x3d68</load_address>
         <readonly>true</readonly>
         <executable>true</executable>
         <run_address>0x3d68</run_address>
         <size>0xd4</size>
         <alignment>0x4</alignment>
         <input_file_ref idref="fl-6"/>
      </object_component>
      <object_component id="oc-20a">
         <name>.text.set_int_enable</name>
         <load_address>0x3e3c</load_address>
         <readonly>true</readonly>
         <executable>true</executable>
         <run_address>0x3e3c</run_address>
         <size>0xd4</size>
         <alignment>0x4</alignment>
         <input_file_ref idref="fl-7"/>
      </object_component>
      <object_component id="oc-203">
         <name>.text.mpu_set_lpf</name>
         <load_address>0x3f10</load_address>
         <readonly>true</readonly>
         <executable>true</executable>
         <run_address>0x3f10</run_address>
         <size>0xd0</size>
         <alignment>0x4</alignment>
         <input_file_ref idref="fl-7"/>
      </object_component>
      <object_component id="oc-201">
         <name>.text.mpu_set_gyro_fsr</name>
         <load_address>0x3fe0</load_address>
         <readonly>true</readonly>
         <executable>true</executable>
         <run_address>0x3fe0</run_address>
         <size>0xc4</size>
         <alignment>0x4</alignment>
         <input_file_ref idref="fl-7"/>
      </object_component>
      <object_component id="oc-db">
         <name>.text.velocity_PID_value</name>
         <load_address>0x40a4</load_address>
         <readonly>true</readonly>
         <executable>true</executable>
         <run_address>0x40a4</run_address>
         <size>0xc4</size>
         <alignment>0x4</alignment>
         <input_file_ref idref="fl-c"/>
      </object_component>
      <object_component id="oc-1f0">
         <name>.text.I2C_WaitAck</name>
         <load_address>0x4168</load_address>
         <readonly>true</readonly>
         <executable>true</executable>
         <run_address>0x4168</run_address>
         <size>0xc0</size>
         <alignment>0x4</alignment>
         <input_file_ref idref="fl-6"/>
      </object_component>
      <object_component id="oc-13d">
         <name>.text.mpu_configure_fifo</name>
         <load_address>0x4228</load_address>
         <readonly>true</readonly>
         <executable>true</executable>
         <run_address>0x4228</run_address>
         <size>0xbc</size>
         <alignment>0x4</alignment>
         <input_file_ref idref="fl-7"/>
      </object_component>
      <object_component id="oc-148">
         <name>.text.mpu_set_dmp_state</name>
         <load_address>0x42e4</load_address>
         <readonly>true</readonly>
         <executable>true</executable>
         <run_address>0x42e4</run_address>
         <size>0xb8</size>
         <alignment>0x4</alignment>
         <input_file_ref idref="fl-7"/>
      </object_component>
      <object_component id="oc-136">
         <name>.text.MPU6050_WriteReg</name>
         <load_address>0x439c</load_address>
         <readonly>true</readonly>
         <executable>true</executable>
         <run_address>0x439c</run_address>
         <size>0xb4</size>
         <alignment>0x2</alignment>
         <input_file_ref idref="fl-6"/>
      </object_component>
      <object_component id="oc-d6">
         <name>.text.vertical_PID_value</name>
         <load_address>0x4450</load_address>
         <readonly>true</readonly>
         <executable>true</executable>
         <run_address>0x4450</run_address>
         <size>0xb0</size>
         <alignment>0x4</alignment>
         <input_file_ref idref="fl-c"/>
      </object_component>
      <object_component id="oc-281">
         <name>.text.mpu_read_mem</name>
         <load_address>0x4500</load_address>
         <readonly>true</readonly>
         <executable>true</executable>
         <run_address>0x4500</run_address>
         <size>0xac</size>
         <alignment>0x4</alignment>
         <input_file_ref idref="fl-7"/>
      </object_component>
      <object_component id="oc-212">
         <name>.text.mpu_write_mem</name>
         <load_address>0x45ac</load_address>
         <readonly>true</readonly>
         <executable>true</executable>
         <run_address>0x45ac</run_address>
         <size>0xac</size>
         <alignment>0x4</alignment>
         <input_file_ref idref="fl-7"/>
      </object_component>
      <object_component id="oc-30d">
         <name>.text</name>
         <load_address>0x4658</load_address>
         <readonly>true</readonly>
         <executable>true</executable>
         <run_address>0x4658</run_address>
         <size>0xa2</size>
         <alignment>0x4</alignment>
         <input_file_ref idref="fl-11d"/>
      </object_component>
      <object_component id="oc-275">
         <name>.text.Read_Byte</name>
         <load_address>0x46fc</load_address>
         <readonly>true</readonly>
         <executable>true</executable>
         <run_address>0x46fc</run_address>
         <size>0xa0</size>
         <alignment>0x4</alignment>
         <input_file_ref idref="fl-6"/>
      </object_component>
      <object_component id="oc-1ef">
         <name>.text.Send_Byte</name>
         <load_address>0x479c</load_address>
         <readonly>true</readonly>
         <executable>true</executable>
         <run_address>0x479c</run_address>
         <size>0xa0</size>
         <alignment>0x4</alignment>
         <input_file_ref idref="fl-6"/>
      </object_component>
      <object_component id="oc-39">
         <name>.text.UART1_IRQHandler</name>
         <load_address>0x483c</load_address>
         <readonly>true</readonly>
         <executable>true</executable>
         <run_address>0x483c</run_address>
         <size>0x9c</size>
         <alignment>0x4</alignment>
         <input_file_ref idref="fl-a"/>
      </object_component>
      <object_component id="oc-2c2">
         <name>.text.fputc</name>
         <load_address>0x48d8</load_address>
         <readonly>true</readonly>
         <executable>true</executable>
         <run_address>0x48d8</run_address>
         <size>0x9c</size>
         <alignment>0x4</alignment>
         <input_file_ref idref="fl-3c"/>
      </object_component>
      <object_component id="oc-209">
         <name>.text.mpu_set_int_latched</name>
         <load_address>0x4974</load_address>
         <readonly>true</readonly>
         <executable>true</executable>
         <run_address>0x4974</run_address>
         <size>0x9c</size>
         <alignment>0x4</alignment>
         <input_file_ref idref="fl-7"/>
      </object_component>
      <object_component id="oc-147">
         <name>.text.dmp_set_fifo_rate</name>
         <load_address>0x4a10</load_address>
         <readonly>true</readonly>
         <executable>true</executable>
         <run_address>0x4a10</run_address>
         <size>0x98</size>
         <alignment>0x4</alignment>
         <input_file_ref idref="fl-8"/>
      </object_component>
      <object_component id="oc-211">
         <name>.text.inv_row_2_scale</name>
         <load_address>0x4aa8</load_address>
         <readonly>true</readonly>
         <executable>true</executable>
         <run_address>0x4aa8</run_address>
         <size>0x96</size>
         <alignment>0x2</alignment>
         <input_file_ref idref="fl-7"/>
      </object_component>
      <object_component id="oc-1f6">
         <name>.text.MPU_Set_LPF</name>
         <load_address>0x4b3e</load_address>
         <readonly>true</readonly>
         <executable>true</executable>
         <run_address>0x4b3e</run_address>
         <size>0x8e</size>
         <alignment>0x2</alignment>
         <input_file_ref idref="fl-6"/>
      </object_component>
      <object_component id="oc-11e">
         <name>.text.SYSCFG_DL_PWM_Motor_init</name>
         <load_address>0x4bcc</load_address>
         <readonly>true</readonly>
         <executable>true</executable>
         <run_address>0x4bcc</run_address>
         <size>0x8c</size>
         <alignment>0x4</alignment>
         <input_file_ref idref="fl-2"/>
      </object_component>
      <object_component id="oc-11b">
         <name>.text.SYSCFG_DL_initPower</name>
         <load_address>0x4c58</load_address>
         <readonly>true</readonly>
         <executable>true</executable>
         <run_address>0x4c58</run_address>
         <size>0x8c</size>
         <alignment>0x4</alignment>
         <input_file_ref idref="fl-2"/>
      </object_component>
      <object_component id="oc-15c">
         <name>.text.__mulsf3</name>
         <load_address>0x4ce4</load_address>
         <readonly>true</readonly>
         <executable>true</executable>
         <run_address>0x4ce4</run_address>
         <size>0x8c</size>
         <alignment>0x4</alignment>
         <input_file_ref idref="fl-107"/>
      </object_component>
      <object_component id="oc-221">
         <name>.text.decode_gesture</name>
         <load_address>0x4d70</load_address>
         <readonly>true</readonly>
         <executable>true</executable>
         <run_address>0x4d70</run_address>
         <size>0x8c</size>
         <alignment>0x4</alignment>
         <input_file_ref idref="fl-8"/>
      </object_component>
      <object_component id="oc-33">
         <name>.text.Default_Handler</name>
         <load_address>0x4dfc</load_address>
         <readonly>true</readonly>
         <executable>true</executable>
         <run_address>0x4dfc</run_address>
         <size>0x4</size>
         <alignment>0x2</alignment>
         <input_file_ref idref="fl-3"/>
      </object_component>
      <object_component id="oc-3e3">
         <name>.text:strcmp</name>
         <load_address>0x4e00</load_address>
         <readonly>true</readonly>
         <executable>true</executable>
         <run_address>0x4e00</run_address>
         <size>0x88</size>
         <alignment>0x10</alignment>
         <input_file_ref idref="fl-125"/>
      </object_component>
      <object_component id="oc-276">
         <name>.text.IIC_Send_Ack</name>
         <load_address>0x4e88</load_address>
         <readonly>true</readonly>
         <executable>true</executable>
         <run_address>0x4e88</run_address>
         <size>0x84</size>
         <alignment>0x4</alignment>
         <input_file_ref idref="fl-6"/>
      </object_component>
      <object_component id="oc-1c2">
         <name>.text.__NVIC_SetPriority</name>
         <load_address>0x4f0c</load_address>
         <readonly>true</readonly>
         <executable>true</executable>
         <run_address>0x4f0c</run_address>
         <size>0x84</size>
         <alignment>0x4</alignment>
         <input_file_ref idref="fl-2"/>
      </object_component>
      <object_component id="oc-158">
         <name>.text.__divsf3</name>
         <load_address>0x4f90</load_address>
         <readonly>true</readonly>
         <executable>true</executable>
         <run_address>0x4f90</run_address>
         <size>0x82</size>
         <alignment>0x4</alignment>
         <input_file_ref idref="fl-108"/>
      </object_component>
      <object_component id="oc-1eb">
         <name>.text.SEND_Byte</name>
         <load_address>0x5014</load_address>
         <readonly>true</readonly>
         <executable>true</executable>
         <run_address>0x5014</run_address>
         <size>0x7c</size>
         <alignment>0x4</alignment>
         <input_file_ref idref="fl-9"/>
      </object_component>
      <object_component id="oc-374">
         <name>.text.__TI_closefile</name>
         <load_address>0x5090</load_address>
         <readonly>true</readonly>
         <executable>true</executable>
         <run_address>0x5090</run_address>
         <size>0x7c</size>
         <alignment>0x4</alignment>
         <input_file_ref idref="fl-5e"/>
      </object_component>
      <object_component id="oc-1c">
         <name>.text:decompress:lzss</name>
         <load_address>0x510c</load_address>
         <readonly>true</readonly>
         <executable>true</executable>
         <run_address>0x510c</run_address>
         <size>0x7c</size>
         <alignment>0x4</alignment>
         <input_file_ref idref="fl-58"/>
      </object_component>
      <object_component id="oc-29b">
         <name>.text.__gedf2</name>
         <load_address>0x5188</load_address>
         <readonly>true</readonly>
         <executable>true</executable>
         <run_address>0x5188</run_address>
         <size>0x74</size>
         <alignment>0x4</alignment>
         <input_file_ref idref="fl-11f"/>
      </object_component>
      <object_component id="oc-93">
         <name>.text._system_pre_init</name>
         <load_address>0x51fc</load_address>
         <readonly>true</readonly>
         <executable>true</executable>
         <run_address>0x51fc</run_address>
         <size>0x4</size>
         <alignment>0x2</alignment>
         <input_file_ref idref="fl-54"/>
      </object_component>
      <object_component id="oc-16e">
         <name>.text.__truncdfsf2</name>
         <load_address>0x5200</load_address>
         <readonly>true</readonly>
         <executable>true</executable>
         <run_address>0x5200</run_address>
         <size>0x74</size>
         <alignment>0x10</alignment>
         <input_file_ref idref="fl-113"/>
      </object_component>
      <object_component id="oc-128">
         <name>.text.delay_us</name>
         <load_address>0x5274</load_address>
         <readonly>true</readonly>
         <executable>true</executable>
         <run_address>0x5274</run_address>
         <size>0x74</size>
         <alignment>0x4</alignment>
         <input_file_ref idref="fl-d"/>
      </object_component>
      <object_component id="oc-28a">
         <name>.text.mpu_get_accel_fsr</name>
         <load_address>0x52e8</load_address>
         <readonly>true</readonly>
         <executable>true</executable>
         <run_address>0x52e8</run_address>
         <size>0x74</size>
         <alignment>0x4</alignment>
         <input_file_ref idref="fl-7"/>
      </object_component>
      <object_component id="oc-38d">
         <name>.text.HOSTlseek</name>
         <load_address>0x535c</load_address>
         <readonly>true</readonly>
         <executable>true</executable>
         <run_address>0x535c</run_address>
         <size>0x6c</size>
         <alignment>0x4</alignment>
         <input_file_ref idref="fl-fc"/>
      </object_component>
      <object_component id="oc-395">
         <name>.text.HOSTrename</name>
         <load_address>0x53c8</load_address>
         <readonly>true</readonly>
         <executable>true</executable>
         <run_address>0x53c8</run_address>
         <size>0x6c</size>
         <alignment>0x4</alignment>
         <input_file_ref idref="fl-ff"/>
      </object_component>
      <object_component id="oc-351">
         <name>.text.fseeko</name>
         <load_address>0x5434</load_address>
         <readonly>true</readonly>
         <executable>true</executable>
         <run_address>0x5434</run_address>
         <size>0x6c</size>
         <alignment>0x4</alignment>
         <input_file_ref idref="fl-5b"/>
      </object_component>
      <object_component id="oc-3d7">
         <name>.text.getdevice</name>
         <load_address>0x54a0</load_address>
         <readonly>true</readonly>
         <executable>true</executable>
         <run_address>0x54a0</run_address>
         <size>0x6c</size>
         <alignment>0x4</alignment>
         <input_file_ref idref="fl-122"/>
      </object_component>
      <object_component id="oc-ed">
         <name>.text.OLED_Clear</name>
         <load_address>0x550c</load_address>
         <readonly>true</readonly>
         <executable>true</executable>
         <run_address>0x550c</run_address>
         <size>0x6a</size>
         <alignment>0x2</alignment>
         <input_file_ref idref="fl-9"/>
      </object_component>
      <object_component id="oc-139">
         <name>.text.MPU_Set_Rate</name>
         <load_address>0x5578</load_address>
         <readonly>true</readonly>
         <executable>true</executable>
         <run_address>0x5578</run_address>
         <size>0x68</size>
         <alignment>0x4</alignment>
         <input_file_ref idref="fl-6"/>
      </object_component>
      <object_component id="oc-295">
         <name>.text.__ledf2</name>
         <load_address>0x55e0</load_address>
         <readonly>true</readonly>
         <executable>true</executable>
         <run_address>0x55e0</run_address>
         <size>0x68</size>
         <alignment>0x4</alignment>
         <input_file_ref idref="fl-11f"/>
      </object_component>
      <object_component id="oc-216">
         <name>.text.dmp_set_tap_axes</name>
         <load_address>0x5648</load_address>
         <readonly>true</readonly>
         <executable>true</executable>
         <run_address>0x5648</run_address>
         <size>0x66</size>
         <alignment>0x2</alignment>
         <input_file_ref idref="fl-8"/>
      </object_component>
      <object_component id="oc-2ee">
         <name>.text.__TI_wrt_ok</name>
         <load_address>0x56ae</load_address>
         <readonly>true</readonly>
         <executable>true</executable>
         <run_address>0x56ae</run_address>
         <size>0x64</size>
         <alignment>0x2</alignment>
         <input_file_ref idref="fl-3e"/>
      </object_component>
      <object_component id="oc-39f">
         <name>.text.split</name>
         <load_address>0x5714</load_address>
         <readonly>true</readonly>
         <executable>true</executable>
         <run_address>0x5714</run_address>
         <size>0x64</size>
         <alignment>0x4</alignment>
         <input_file_ref idref="fl-50"/>
      </object_component>
      <object_component id="oc-233">
         <name>.text.__aeabi_dcmp</name>
         <load_address>0x5778</load_address>
         <readonly>true</readonly>
         <executable>true</executable>
         <run_address>0x5778</run_address>
         <size>0x62</size>
         <alignment>0x4</alignment>
         <input_file_ref idref="fl-114"/>
      </object_component>
      <object_component id="oc-251">
         <name>.text.__aeabi_fcmp</name>
         <load_address>0x57dc</load_address>
         <readonly>true</readonly>
         <executable>true</executable>
         <run_address>0x57dc</run_address>
         <size>0x62</size>
         <alignment>0x4</alignment>
         <input_file_ref idref="fl-115"/>
      </object_component>
      <object_component id="oc-37d">
         <name>.text.HOSTopen</name>
         <load_address>0x5840</load_address>
         <readonly>true</readonly>
         <executable>true</executable>
         <run_address>0x5840</run_address>
         <size>0x60</size>
         <alignment>0x4</alignment>
         <input_file_ref idref="fl-fd"/>
      </object_component>
      <object_component id="oc-1ee">
         <name>.text.IIC_Start</name>
         <load_address>0x58a0</load_address>
         <readonly>true</readonly>
         <executable>true</executable>
         <run_address>0x58a0</run_address>
         <size>0x60</size>
         <alignment>0x4</alignment>
         <input_file_ref idref="fl-6"/>
      </object_component>
      <object_component id="oc-7c">
         <name>.text.KEY_VAL</name>
         <load_address>0x5900</load_address>
         <readonly>true</readonly>
         <executable>true</executable>
         <run_address>0x5900</run_address>
         <size>0x60</size>
         <alignment>0x4</alignment>
         <input_file_ref idref="fl-10"/>
      </object_component>
      <object_component id="oc-214">
         <name>.text.dmp_enable_gyro_cal</name>
         <load_address>0x5960</load_address>
         <readonly>true</readonly>
         <executable>true</executable>
         <run_address>0x5960</run_address>
         <size>0x60</size>
         <alignment>0x4</alignment>
         <input_file_ref idref="fl-8"/>
      </object_component>
      <object_component id="oc-178">
         <name>.text.I_jiaoxianfu</name>
         <load_address>0x59c0</load_address>
         <readonly>true</readonly>
         <executable>true</executable>
         <run_address>0x59c0</run_address>
         <size>0x5c</size>
         <alignment>0x2</alignment>
         <input_file_ref idref="fl-c"/>
      </object_component>
      <object_component id="oc-182">
         <name>.text.I_xianfu</name>
         <load_address>0x5a1c</load_address>
         <readonly>true</readonly>
         <executable>true</executable>
         <run_address>0x5a1c</run_address>
         <size>0x5c</size>
         <alignment>0x2</alignment>
         <input_file_ref idref="fl-c"/>
      </object_component>
      <object_component id="oc-13a">
         <name>.text.MPU6050ReadID</name>
         <load_address>0x5a78</load_address>
         <readonly>true</readonly>
         <executable>true</executable>
         <run_address>0x5a78</run_address>
         <size>0x5c</size>
         <alignment>0x4</alignment>
         <input_file_ref idref="fl-6"/>
      </object_component>
      <object_component id="oc-43">
         <name>.text.TIMG6_IRQHandler</name>
         <load_address>0x5ad4</load_address>
         <readonly>true</readonly>
         <executable>true</executable>
         <run_address>0x5ad4</run_address>
         <size>0x5c</size>
         <alignment>0x4</alignment>
         <input_file_ref idref="fl-b"/>
      </object_component>
      <object_component id="oc-1f8">
         <name>.text.printf</name>
         <load_address>0x5b30</load_address>
         <readonly>true</readonly>
         <executable>true</executable>
         <run_address>0x5b30</run_address>
         <size>0x5c</size>
         <alignment>0x4</alignment>
         <input_file_ref idref="fl-39"/>
      </object_component>
      <object_component id="oc-385">
         <name>.text.HOSTread</name>
         <load_address>0x5b8c</load_address>
         <readonly>true</readonly>
         <executable>true</executable>
         <run_address>0x5b8c</run_address>
         <size>0x58</size>
         <alignment>0x4</alignment>
         <input_file_ref idref="fl-fe"/>
      </object_component>
      <object_component id="oc-389">
         <name>.text.HOSTwrite</name>
         <load_address>0x5be4</load_address>
         <readonly>true</readonly>
         <executable>true</executable>
         <run_address>0x5be4</run_address>
         <size>0x58</size>
         <alignment>0x4</alignment>
         <input_file_ref idref="fl-101"/>
      </object_component>
      <object_component id="oc-1f1">
         <name>.text.IIC_Stop</name>
         <load_address>0x5c3c</load_address>
         <readonly>true</readonly>
         <executable>true</executable>
         <run_address>0x5c3c</run_address>
         <size>0x58</size>
         <alignment>0x4</alignment>
         <input_file_ref idref="fl-6"/>
      </object_component>
      <object_component id="oc-28b">
         <name>.text.__aeabi_idivmod</name>
         <load_address>0x5c94</load_address>
         <readonly>true</readonly>
         <executable>true</executable>
         <run_address>0x5c94</run_address>
         <size>0x56</size>
         <alignment>0x4</alignment>
         <input_file_ref idref="fl-116"/>
      </object_component>
      <object_component id="oc-2f8">
         <name>.text.__TI_doflush</name>
         <load_address>0x5cea</load_address>
         <readonly>true</readonly>
         <executable>true</executable>
         <run_address>0x5cea</run_address>
         <size>0x52</size>
         <alignment>0x2</alignment>
         <input_file_ref idref="fl-59"/>
      </object_component>
      <object_component id="oc-3a1">
         <name>.text.close</name>
         <load_address>0x5d3c</load_address>
         <readonly>true</readonly>
         <executable>true</executable>
         <run_address>0x5d3c</run_address>
         <size>0x50</size>
         <alignment>0x4</alignment>
         <input_file_ref idref="fl-f9"/>
      </object_component>
      <object_component id="oc-12c">
         <name>.text.OLED_WR_Byte</name>
         <load_address>0x5d8c</load_address>
         <readonly>true</readonly>
         <executable>true</executable>
         <run_address>0x5d8c</run_address>
         <size>0x4e</size>
         <alignment>0x2</alignment>
         <input_file_ref idref="fl-9"/>
      </object_component>
      <object_component id="oc-1e3">
         <name>.text.DL_UART_setBaudRateDivisor</name>
         <load_address>0x5ddc</load_address>
         <readonly>true</readonly>
         <executable>true</executable>
         <run_address>0x5ddc</run_address>
         <size>0x4c</size>
         <alignment>0x4</alignment>
         <input_file_ref idref="fl-2"/>
      </object_component>
      <object_component id="oc-1e1">
         <name>.text.DL_UART_init</name>
         <load_address>0x5e28</load_address>
         <readonly>true</readonly>
         <executable>true</executable>
         <run_address>0x5e28</run_address>
         <size>0x48</size>
         <alignment>0x4</alignment>
         <input_file_ref idref="fl-23"/>
      </object_component>
      <object_component id="oc-381">
         <name>.text.HOSTclose</name>
         <load_address>0x5e70</load_address>
         <readonly>true</readonly>
         <executable>true</executable>
         <run_address>0x5e70</run_address>
         <size>0x48</size>
         <alignment>0x4</alignment>
         <input_file_ref idref="fl-fb"/>
      </object_component>
      <object_component id="oc-391">
         <name>.text.HOSTunlink</name>
         <load_address>0x5eb8</load_address>
         <readonly>true</readonly>
         <executable>true</executable>
         <run_address>0x5eb8</run_address>
         <size>0x48</size>
         <alignment>0x4</alignment>
         <input_file_ref idref="fl-100"/>
      </object_component>
      <object_component id="oc-11d">
         <name>.text.SYSCFG_DL_SYSCTL_init</name>
         <load_address>0x5f00</load_address>
         <readonly>true</readonly>
         <executable>true</executable>
         <run_address>0x5f00</run_address>
         <size>0x48</size>
         <alignment>0x4</alignment>
         <input_file_ref idref="fl-2"/>
      </object_component>
      <object_component id="oc-122">
         <name>.text.SYSCFG_DL_UART_1_init</name>
         <load_address>0x5f48</load_address>
         <readonly>true</readonly>
         <executable>true</executable>
         <run_address>0x5f48</run_address>
         <size>0x48</size>
         <alignment>0x4</alignment>
         <input_file_ref idref="fl-2"/>
      </object_component>
      <object_component id="oc-21e">
         <name>.text.dmp_enable_6x_lp_quat</name>
         <load_address>0x5f90</load_address>
         <readonly>true</readonly>
         <executable>true</executable>
         <run_address>0x5f90</run_address>
         <size>0x48</size>
         <alignment>0x4</alignment>
         <input_file_ref idref="fl-8"/>
      </object_component>
      <object_component id="oc-21d">
         <name>.text.dmp_enable_lp_quat</name>
         <load_address>0x5fd8</load_address>
         <readonly>true</readonly>
         <executable>true</executable>
         <run_address>0x5fd8</run_address>
         <size>0x48</size>
         <alignment>0x4</alignment>
         <input_file_ref idref="fl-8"/>
      </object_component>
      <object_component id="oc-1c1">
         <name>.text.DL_SYSCTL_switchMCLKfromSYSOSCtoHSCLK</name>
         <load_address>0x6020</load_address>
         <readonly>true</readonly>
         <executable>true</executable>
         <run_address>0x6020</run_address>
         <size>0x44</size>
         <alignment>0x4</alignment>
         <input_file_ref idref="fl-24"/>
      </object_component>
      <object_component id="oc-21a">
         <name>.text.dmp_set_shake_reject_thresh</name>
         <load_address>0x6064</load_address>
         <readonly>true</readonly>
         <executable>true</executable>
         <run_address>0x6064</run_address>
         <size>0x44</size>
         <alignment>0x2</alignment>
         <input_file_ref idref="fl-8"/>
      </object_component>
      <object_component id="oc-217">
         <name>.text.dmp_set_tap_count</name>
         <load_address>0x60a8</load_address>
         <readonly>true</readonly>
         <executable>true</executable>
         <run_address>0x60a8</run_address>
         <size>0x44</size>
         <alignment>0x2</alignment>
         <input_file_ref idref="fl-8"/>
      </object_component>
      <object_component id="oc-11f">
         <name>.text.SYSCFG_DL_TIMER_USOUND_init</name>
         <load_address>0x60ec</load_address>
         <readonly>true</readonly>
         <executable>true</executable>
         <run_address>0x60ec</run_address>
         <size>0x40</size>
         <alignment>0x4</alignment>
         <input_file_ref idref="fl-2"/>
      </object_component>
      <object_component id="oc-1f2">
         <name>.text.__aeabi_uidivmod</name>
         <load_address>0x612c</load_address>
         <readonly>true</readonly>
         <executable>true</executable>
         <run_address>0x612c</run_address>
         <size>0x40</size>
         <alignment>0x4</alignment>
         <input_file_ref idref="fl-11a"/>
      </object_component>
      <object_component id="oc-160">
         <name>.text.__extendsfdf2</name>
         <load_address>0x616c</load_address>
         <readonly>true</readonly>
         <executable>true</executable>
         <run_address>0x616c</run_address>
         <size>0x40</size>
         <alignment>0x4</alignment>
         <input_file_ref idref="fl-10a"/>
      </object_component>
      <object_component id="oc-2d9">
         <name>.text.atoi</name>
         <load_address>0x61ac</load_address>
         <readonly>true</readonly>
         <executable>true</executable>
         <run_address>0x61ac</run_address>
         <size>0x40</size>
         <alignment>0x4</alignment>
         <input_file_ref idref="fl-4c"/>
      </object_component>
      <object_component id="oc-144">
         <name>.text.inv_orientation_matrix_to_scalar</name>
         <load_address>0x61ec</load_address>
         <readonly>true</readonly>
         <executable>true</executable>
         <run_address>0x61ec</run_address>
         <size>0x3e</size>
         <alignment>0x2</alignment>
         <input_file_ref idref="fl-7"/>
      </object_component>
      <object_component id="oc-1cb">
         <name>.text.DL_Timer_setCounterControl</name>
         <load_address>0x622c</load_address>
         <readonly>true</readonly>
         <executable>true</executable>
         <run_address>0x622c</run_address>
         <size>0x3c</size>
         <alignment>0x4</alignment>
         <input_file_ref idref="fl-2"/>
      </object_component>
      <object_component id="oc-120">
         <name>.text.SYSCFG_DL_TIMER_0_init</name>
         <load_address>0x6268</load_address>
         <readonly>true</readonly>
         <executable>true</executable>
         <run_address>0x6268</run_address>
         <size>0x3c</size>
         <alignment>0x4</alignment>
         <input_file_ref idref="fl-2"/>
      </object_component>
      <object_component id="oc-121">
         <name>.text.SYSCFG_DL_TIMER_1_init</name>
         <load_address>0x62a4</load_address>
         <readonly>true</readonly>
         <executable>true</executable>
         <run_address>0x62a4</run_address>
         <size>0x3c</size>
         <alignment>0x4</alignment>
         <input_file_ref idref="fl-2"/>
      </object_component>
      <object_component id="oc-b4">
         <name>.text.SYSCFG_DL_init</name>
         <load_address>0x62e0</load_address>
         <readonly>true</readonly>
         <executable>true</executable>
         <run_address>0x62e0</run_address>
         <size>0x3c</size>
         <alignment>0x4</alignment>
         <input_file_ref idref="fl-2"/>
      </object_component>
      <object_component id="oc-dc">
         <name>.text.__floatsisf</name>
         <load_address>0x631c</load_address>
         <readonly>true</readonly>
         <executable>true</executable>
         <run_address>0x631c</run_address>
         <size>0x3c</size>
         <alignment>0x4</alignment>
         <input_file_ref idref="fl-10f"/>
      </object_component>
      <object_component id="oc-2ac">
         <name>.text.__gtsf2</name>
         <load_address>0x6358</load_address>
         <readonly>true</readonly>
         <executable>true</executable>
         <run_address>0x6358</run_address>
         <size>0x3c</size>
         <alignment>0x4</alignment>
         <input_file_ref idref="fl-11c"/>
      </object_component>
      <object_component id="oc-102">
         <name>.text:__TI_auto_init_nobinit_nopinit</name>
         <load_address>0x6394</load_address>
         <readonly>true</readonly>
         <executable>true</executable>
         <run_address>0x6394</run_address>
         <size>0x3c</size>
         <alignment>0x4</alignment>
         <input_file_ref idref="fl-53"/>
      </object_component>
      <object_component id="oc-2a7">
         <name>.text.__eqsf2</name>
         <load_address>0x63d0</load_address>
         <readonly>true</readonly>
         <executable>true</executable>
         <run_address>0x63d0</run_address>
         <size>0x3a</size>
         <alignment>0x4</alignment>
         <input_file_ref idref="fl-11c"/>
      </object_component>
      <object_component id="oc-224">
         <name>.text.__muldsi3</name>
         <load_address>0x640c</load_address>
         <readonly>true</readonly>
         <executable>true</executable>
         <run_address>0x640c</run_address>
         <size>0x3a</size>
         <alignment>0x4</alignment>
         <input_file_ref idref="fl-106"/>
      </object_component>
      <object_component id="oc-1ea">
         <name>.text.I2C_Start</name>
         <load_address>0x6448</load_address>
         <readonly>true</readonly>
         <executable>true</executable>
         <run_address>0x6448</run_address>
         <size>0x38</size>
         <alignment>0x4</alignment>
         <input_file_ref idref="fl-9"/>
      </object_component>
      <object_component id="oc-e4">
         <name>.text.__fixsfsi</name>
         <load_address>0x6480</load_address>
[...]
         <value>0x65c1</value>
         <object_component_ref idref="oc-100"/>
      </symbol>
      <symbol id="sm-491">
         <name>_nop</name>
         <value>0x3d67</value>
         <object_component_ref idref="oc-257"/>
      </symbol>
      <symbol id="sm-492">
         <name>_lock</name>
         <value>0x20200d9c</value>
         <object_component_ref idref="oc-194"/>
      </symbol>
      <symbol id="sm-493">
         <name>_unlock</name>
         <value>0x20200da0</value>
         <object_component_ref idref="oc-197"/>
      </symbol>
      <symbol id="sm-49f">
         <name>atoi</name>
         <value>0x61ad</value>
         <object_component_ref idref="oc-2d9"/>
      </symbol>
      <symbol id="sm-4a4">
         <name>_ftable</name>
         <value>0x20200b68</value>
         <object_component_ref idref="oc-278"/>
      </symbol>
      <symbol id="sm-4a5">
         <name>__TI_ft_end</name>
         <value>0x20200d94</value>
         <object_component_ref idref="oc-37a"/>
      </symbol>
      <symbol id="sm-4a6">
         <name>__TI_tmpnams</name>
         <value>0x20200920</value>
         <object_component_ref idref="oc-3a9"/>
      </symbol>
      <symbol id="sm-4af">
         <name>memccpy</name>
         <value>0x6ab5</value>
         <object_component_ref idref="oc-2d2"/>
      </symbol>
      <symbol id="sm-4b8">
         <name>memcmp</name>
         <value>0x6b19</value>
         <object_component_ref idref="oc-282"/>
      </symbol>
      <symbol id="sm-4db">
         <name>malloc</name>
         <value>0x7225</value>
         <object_component_ref idref="oc-35a"/>
      </symbol>
      <symbol id="sm-4dc">
         <name>aligned_alloc</name>
         <value>0x2d6d</value>
         <object_component_ref idref="oc-373"/>
      </symbol>
      <symbol id="sm-4dd">
         <name>free</name>
         <value>0x3671</value>
         <object_component_ref idref="oc-354"/>
      </symbol>
      <symbol id="sm-4de">
         <name>_sys_memory</name>
         <value>0x20200000</value>
         <object_component_ref idref="oc-370"/>
      </symbol>
      <symbol id="sm-4df">
         <name>memalign</name>
         <value>0x2d6d</value>
         <object_component_ref idref="oc-373"/>
      </symbol>
      <symbol id="sm-4ea">
         <name>_c_int00_noargs</name>
         <value>0x6a21</value>
         <object_component_ref idref="oc-64"/>
      </symbol>
      <symbol id="sm-4eb">
         <name>__stack</name>
         <value>0x20207e00</value>
         <object_component_ref idref="oc-1a"/>
      </symbol>
      <symbol id="sm-4fa">
         <name>__TI_auto_init_nobinit_nopinit</name>
         <value>0x6395</value>
         <object_component_ref idref="oc-102"/>
      </symbol>
      <symbol id="sm-502">
         <name>_system_pre_init</name>
         <value>0x51fd</value>
         <object_component_ref idref="oc-93"/>
      </symbol>
      <symbol id="sm-50d">
         <name>__TI_zero_init_nomemset</name>
         <value>0x702d</value>
         <object_component_ref idref="oc-5b"/>
      </symbol>
      <symbol id="sm-516">
         <name>__TI_decompress_none</name>
         <value>0x712f</value>
         <object_component_ref idref="oc-20"/>
      </symbol>
      <symbol id="sm-521">
         <name>__TI_decompress_lzss</name>
         <value>0x510d</value>
         <object_component_ref idref="oc-1c"/>
      </symbol>
      <symbol id="sm-52b">
         <name>__TI_doflush</name>
         <value>0x5ceb</value>
         <object_component_ref idref="oc-2f8"/>
      </symbol>
      <symbol id="sm-536">
         <name>__TI_cleanup</name>
         <value>0x6525</value>
         <object_component_ref idref="oc-35b"/>
      </symbol>
      <symbol id="sm-543">
         <name>fseek</name>
         <value>0x72ad</value>
         <object_component_ref idref="oc-32d"/>
      </symbol>
      <symbol id="sm-544">
         <name>fseeko</name>
         <value>0x5435</value>
         <object_component_ref idref="oc-351"/>
      </symbol>
      <symbol id="sm-545">
         <name>__aeabi_ctype_table_</name>
         <value>0x7f00</value>
         <object_component_ref idref="oc-305"/>
      </symbol>
      <symbol id="sm-546">
         <name>__aeabi_ctype_table_C</name>
         <value>0x7f00</value>
         <object_component_ref idref="oc-305"/>
      </symbol>
      <symbol id="sm-552">
         <name>__TI_closefile</name>
         <value>0x5091</value>
         <object_component_ref idref="oc-374"/>
      </symbol>
      <symbol id="sm-55c">
         <name>write</name>
         <value>0x69f9</value>
         <object_component_ref idref="oc-2f4"/>
      </symbol>
      <symbol id="sm-561">
         <name>_device</name>
         <value>0x20200c58</value>
         <object_component_ref idref="oc-364"/>
      </symbol>
      <symbol id="sm-562">
         <name>_stream</name>
         <value>0x20200cd0</value>
         <object_component_ref idref="oc-339"/>
      </symbol>
      <symbol id="sm-56b">
         <name>remove</name>
         <value>0x72bd</value>
         <object_component_ref idref="oc-3a5"/>
      </symbol>
      <symbol id="sm-576">
         <name>lseek</name>
         <value>0x69d1</value>
         <object_component_ref idref="oc-369"/>
      </symbol>
      <symbol id="sm-580">
         <name>close</name>
         <value>0x5d3d</value>
         <object_component_ref idref="oc-3a1"/>
      </symbol>
      <symbol id="sm-58a">
         <name>unlink</name>
         <value>0x68dd</value>
         <object_component_ref idref="oc-3cd"/>
      </symbol>
      <symbol id="sm-594">
         <name>HOSTclose</name>
         <value>0x5e71</value>
         <object_component_ref idref="oc-381"/>
      </symbol>
      <symbol id="sm-59e">
         <name>HOSTlseek</name>
         <value>0x535d</value>
         <object_component_ref idref="oc-38d"/>
      </symbol>
      <symbol id="sm-5a8">
         <name>HOSTopen</name>
         <value>0x5841</value>
         <object_component_ref idref="oc-37d"/>
      </symbol>
      <symbol id="sm-5a9">
         <name>parmbuf</name>
         <value>0x20200b00</value>
         <object_component_ref idref="oc-3b3"/>
      </symbol>
      <symbol id="sm-5b3">
         <name>HOSTread</name>
         <value>0x5b8d</value>
         <object_component_ref idref="oc-385"/>
      </symbol>
      <symbol id="sm-5c4">
         <name>HOSTrename</name>
         <value>0x53c9</value>
         <object_component_ref idref="oc-395"/>
      </symbol>
      <symbol id="sm-5ce">
         <name>HOSTunlink</name>
         <value>0x5eb9</value>
         <object_component_ref idref="oc-391"/>
      </symbol>
      <symbol id="sm-5d8">
         <name>HOSTwrite</name>
         <value>0x5be5</value>
         <object_component_ref idref="oc-389"/>
      </symbol>
      <symbol id="sm-5e6">
         <name>C$$IO$$</name>
         <value>0x65b9</value>
         <object_component_ref idref="oc-3ac"/>
      </symbol>
      <symbol id="sm-5e7">
         <name>__TI_writemsg</name>
         <value>0x658d</value>
         <object_component_ref idref="oc-3ac"/>
      </symbol>
      <symbol id="sm-5e8">
         <name>__CIOBUF_</name>
         <value>0x20200800</value>
         <object_component_ref idref="oc-3d4"/>
      </symbol>
      <symbol id="sm-5e9">
         <name>__TI_readmsg</name>
         <value>0x6559</value>
         <object_component_ref idref="oc-3b2"/>
      </symbol>
      <symbol id="sm-5ea">
         <name>_CIOBUF_</name>
         <value>0x20200800</value>
         <object_component_ref idref="oc-3d4"/>
      </symbol>
      <symbol id="sm-5f0">
         <name>__aeabi_fadd</name>
         <value>0x3bc3</value>
         <object_component_ref idref="oc-e0"/>
      </symbol>
      <symbol id="sm-5f1">
         <name>__addsf3</name>
         <value>0x3bc3</value>
         <object_component_ref idref="oc-e0"/>
      </symbol>
      <symbol id="sm-5f2">
         <name>__aeabi_fsub</name>
         <value>0x3bb9</value>
         <object_component_ref idref="oc-e0"/>
      </symbol>
      <symbol id="sm-5f3">
         <name>__subsf3</name>
         <value>0x3bb9</value>
         <object_component_ref idref="oc-e0"/>
      </symbol>
      <symbol id="sm-5f9">
         <name>__aeabi_dadd</name>
         <value>0x2017</value>
         <object_component_ref idref="oc-22f"/>
      </symbol>
      <symbol id="sm-5fa">
         <name>__adddf3</name>
         <value>0x2017</value>
         <object_component_ref idref="oc-22f"/>
      </symbol>
      <symbol id="sm-5fb">
         <name>__aeabi_dsub</name>
         <value>0x200d</value>
         <object_component_ref idref="oc-22f"/>
      </symbol>
      <symbol id="sm-5fc">
         <name>__subdf3</name>
         <value>0x200d</value>
         <object_component_ref idref="oc-22f"/>
      </symbol>
      <symbol id="sm-605">
         <name>__aeabi_dmul</name>
         <value>0x3759</value>
         <object_component_ref idref="oc-16a"/>
      </symbol>
      <symbol id="sm-606">
         <name>__muldf3</name>
         <value>0x3759</value>
         <object_component_ref idref="oc-16a"/>
      </symbol>
      <symbol id="sm-60f">
         <name>__muldsi3</name>
         <value>0x640d</value>
         <object_component_ref idref="oc-224"/>
      </symbol>
      <symbol id="sm-615">
         <name>__aeabi_fmul</name>
         <value>0x4ce5</value>
         <object_component_ref idref="oc-15c"/>
      </symbol>
      <symbol id="sm-616">
         <name>__mulsf3</name>
         <value>0x4ce5</value>
         <object_component_ref idref="oc-15c"/>
      </symbol>
      <symbol id="sm-61c">
         <name>__aeabi_fdiv</name>
         <value>0x4f91</value>
         <object_component_ref idref="oc-158"/>
      </symbol>
      <symbol id="sm-61d">
         <name>__divsf3</name>
         <value>0x4f91</value>
         <object_component_ref idref="oc-158"/>
      </symbol>
      <symbol id="sm-623">
         <name>__aeabi_ddiv</name>
         <value>0x2f91</value>
         <object_component_ref idref="oc-240"/>
      </symbol>
      <symbol id="sm-624">
         <name>__divdf3</name>
         <value>0x2f91</value>
         <object_component_ref idref="oc-240"/>
      </symbol>
      <symbol id="sm-62d">
         <name>__aeabi_f2d</name>
         <value>0x616d</value>
         <object_component_ref idref="oc-160"/>
      </symbol>
      <symbol id="sm-62e">
         <name>__extendsfdf2</name>
         <value>0x616d</value>
         <object_component_ref idref="oc-160"/>
      </symbol>
      <symbol id="sm-634">
         <name>__aeabi_f2iz</name>
         <value>0x6481</value>
         <object_component_ref idref="oc-e4"/>
      </symbol>
      <symbol id="sm-635">
         <name>__fixsfsi</name>
         <value>0x6481</value>
         <object_component_ref idref="oc-e4"/>
      </symbol>
      <symbol id="sm-63b">
         <name>__aeabi_i2f</name>
         <value>0x631d</value>
         <object_component_ref idref="oc-dc"/>
      </symbol>
      <symbol id="sm-63c">
         <name>__floatsisf</name>
         <value>0x631d</value>
         <object_component_ref idref="oc-dc"/>
      </symbol>
      <symbol id="sm-642">
         <name>__aeabi_ui2f</name>
         <value>0x6959</value>
         <object_component_ref idref="oc-286"/>
      </symbol>
      <symbol id="sm-643">
         <name>__floatunsisf</name>
         <value>0x6959</value>
         <object_component_ref idref="oc-286"/>
      </symbol>
      <symbol id="sm-649">
         <name>__aeabi_lmul</name>
         <value>0x6a91</value>
         <object_component_ref idref="oc-2e1"/>
      </symbol>
      <symbol id="sm-64a">
         <name>__muldi3</name>
         <value>0x6a91</value>
         <object_component_ref idref="oc-2e1"/>
      </symbol>
      <symbol id="sm-651">
         <name>__aeabi_d2f</name>
         <value>0x5201</value>
         <object_component_ref idref="oc-16e"/>
      </symbol>
      <symbol id="sm-652">
         <name>__truncdfsf2</name>
         <value>0x5201</value>
         <object_component_ref idref="oc-16e"/>
      </symbol>
      <symbol id="sm-658">
         <name>__aeabi_dcmpeq</name>
         <value>0x5779</value>
         <object_component_ref idref="oc-233"/>
      </symbol>
      <symbol id="sm-659">
         <name>__aeabi_dcmplt</name>
         <value>0x578d</value>
         <object_component_ref idref="oc-233"/>
      </symbol>
      <symbol id="sm-65a">
         <name>__aeabi_dcmple</name>
         <value>0x57a1</value>
         <object_component_ref idref="oc-233"/>
      </symbol>
      <symbol id="sm-65b">
         <name>__aeabi_dcmpge</name>
         <value>0x57b5</value>
         <object_component_ref idref="oc-233"/>
      </symbol>
      <symbol id="sm-65c">
         <name>__aeabi_dcmpgt</name>
         <value>0x57c9</value>
         <object_component_ref idref="oc-233"/>
      </symbol>
      <symbol id="sm-662">
         <name>__aeabi_fcmpeq</name>
         <value>0x57dd</value>
         <object_component_ref idref="oc-251"/>
      </symbol>
      <symbol id="sm-663">
         <name>__aeabi_fcmplt</name>
         <value>0x57f1</value>
         <object_component_ref idref="oc-251"/>
      </symbol>
      <symbol id="sm-664">
         <name>__aeabi_fcmple</name>
         <value>0x5805</value>
         <object_component_ref idref="oc-251"/>
      </symbol>
      <symbol id="sm-665">
         <name>__aeabi_fcmpge</name>
         <value>0x5819</value>
         <object_component_ref idref="oc-251"/>
      </symbol>
      <symbol id="sm-666">
         <name>__aeabi_fcmpgt</name>
         <value>0x582d</value>
         <object_component_ref idref="oc-251"/>
      </symbol>
      <symbol id="sm-66c">
         <name>__aeabi_idiv</name>
         <value>0x5c95</value>
         <object_component_ref idref="oc-28b"/>
      </symbol>
      <symbol id="sm-66d">
         <name>__aeabi_idivmod</name>
         <value>0x5c95</value>
         <object_component_ref idref="oc-28b"/>
      </symbol>
      <symbol id="sm-673">
         <name>__aeabi_memcpy</name>
         <value>0x7295</value>
         <object_component_ref idref="oc-54"/>
      </symbol>
      <symbol id="sm-674">
         <name>__aeabi_memcpy4</name>
         <value>0x7295</value>
         <object_component_ref idref="oc-54"/>
      </symbol>
      <symbol id="sm-675">
         <name>__aeabi_memcpy8</name>
         <value>0x7295</value>
         <object_component_ref idref="oc-54"/>
      </symbol>
      <symbol id="sm-67e">
         <name>__aeabi_memset</name>
         <value>0x71ad</value>
         <object_component_ref idref="oc-2d1"/>
      </symbol>
      <symbol id="sm-67f">
         <name>__aeabi_memset4</name>
         <value>0x71ad</value>
         <object_component_ref idref="oc-2d1"/>
      </symbol>
      <symbol id="sm-680">
         <name>__aeabi_memset8</name>
         <value>0x71ad</value>
         <object_component_ref idref="oc-2d1"/>
      </symbol>
      <symbol id="sm-681">
         <name>__aeabi_memclr</name>
         <value>0x7201</value>
         <object_component_ref idref="oc-8e"/>
      </symbol>
      <symbol id="sm-682">
         <name>__aeabi_memclr4</name>
         <value>0x7201</value>
         <object_component_ref idref="oc-8e"/>
      </symbol>
      <symbol id="sm-683">
         <name>__aeabi_memclr8</name>
         <value>0x7201</value>
         <object_component_ref idref="oc-8e"/>
      </symbol>
      <symbol id="sm-689">
         <name>__aeabi_uidiv</name>
         <value>0x612d</value>
         <object_component_ref idref="oc-1f2"/>
      </symbol>
      <symbol id="sm-68a">
         <name>__aeabi_uidivmod</name>
         <value>0x612d</value>
         <object_component_ref idref="oc-1f2"/>
      </symbol>
      <symbol id="sm-690">
         <name>__aeabi_uldivmod</name>
         <value>0x70e5</value>
         <object_component_ref idref="oc-2e6"/>
      </symbol>
      <symbol id="sm-699">
         <name>__eqsf2</name>
         <value>0x63d1</value>
         <object_component_ref idref="oc-2a7"/>
      </symbol>
      <symbol id="sm-69a">
         <name>__lesf2</name>
         <value>0x63d1</value>
         <object_component_ref idref="oc-2a7"/>
      </symbol>
      <symbol id="sm-69b">
         <name>__ltsf2</name>
         <value>0x63d1</value>
         <object_component_ref idref="oc-2a7"/>
      </symbol>
      <symbol id="sm-69c">
         <name>__nesf2</name>
         <value>0x63d1</value>
         <object_component_ref idref="oc-2a7"/>
      </symbol>
      <symbol id="sm-69d">
         <name>__cmpsf2</name>
         <value>0x63d1</value>
         <object_component_ref idref="oc-2a7"/>
      </symbol>
      <symbol id="sm-69e">
         <name>__gtsf2</name>
         <value>0x6359</value>
         <object_component_ref idref="oc-2ac"/>
      </symbol>
      <symbol id="sm-69f">
         <name>__gesf2</name>
         <value>0x6359</value>
         <object_component_ref idref="oc-2ac"/>
      </symbol>
      <symbol id="sm-6a5">
         <name>__udivmoddi4</name>
         <value>0x4659</value>
         <object_component_ref idref="oc-30d"/>
      </symbol>
      <symbol id="sm-6ab">
         <name>__aeabi_llsl</name>
         <value>0x6b75</value>
         <object_component_ref idref="oc-341"/>
      </symbol>
      <symbol id="sm-6ac">
         <name>__ashldi3</name>
         <value>0x6b75</value>
         <object_component_ref idref="oc-341"/>
      </symbol>
      <symbol id="sm-6ba">
         <name>__ledf2</name>
         <value>0x55e1</value>
         <object_component_ref idref="oc-295"/>
      </symbol>
      <symbol id="sm-6bb">
         <name>__gedf2</name>
         <value>0x5189</value>
         <object_component_ref idref="oc-29b"/>
      </symbol>
      <symbol id="sm-6bc">
         <name>__cmpdf2</name>
         <value>0x55e1</value>
         <object_component_ref idref="oc-295"/>
      </symbol>
      <symbol id="sm-6bd">
         <name>__eqdf2</name>
         <value>0x55e1</value>
         <object_component_ref idref="oc-295"/>
      </symbol>
      <symbol id="sm-6be">
         <name>__ltdf2</name>
         <value>0x55e1</value>
         <object_component_ref idref="oc-295"/>
      </symbol>
      <symbol id="sm-6bf">
         <name>__nedf2</name>
         <value>0x55e1</value>
         <object_component_ref idref="oc-295"/>
      </symbol>
      <symbol id="sm-6c0">
         <name>__gtdf2</name>
         <value>0x5189</value>
         <object_component_ref idref="oc-29b"/>
      </symbol>
      <symbol id="sm-6cd">
         <name>__aeabi_idiv0</name>
         <value>0x219f</value>
         <object_component_ref idref="oc-26f"/>
      </symbol>
      <symbol id="sm-6ce">
         <name>__aeabi_ldiv0</name>
         <value>0x33a3</value>
         <object_component_ref idref="oc-340"/>
      </symbol>
      <symbol id="sm-6dc">
         <name>finddevice</name>
         <value>0x65f5</value>
         <object_component_ref idref="oc-3e0"/>
      </symbol>
      <symbol id="sm-6dd">
         <name>getdevice</name>
         <value>0x54a1</value>
         <object_component_ref idref="oc-3d7"/>
      </symbol>
      <symbol id="sm-6e6">
         <name>TI_memcpy_small</name>
         <value>0x711d</value>
         <object_component_ref idref="oc-aa"/>
      </symbol>
      <symbol id="sm-6ef">
         <name>TI_memset_small</name>
         <value>0x71e5</value>
         <object_component_ref idref="oc-115"/>
      </symbol>
      <symbol id="sm-6f7">
         <name>strcmp</name>
         <value>0x4e01</value>
         <object_component_ref idref="oc-3e3"/>
      </symbol>
      <symbol id="sm-6f8">
         <name>__TI_static_base__</name>
         <value>0x0</value>
      </symbol>
      <symbol id="sm-6fc">
         <name>__mpu_init</name>
         <value>0x0</value>
      </symbol>
      <symbol id="sm-6fd">
         <name>_system_post_cinit</name>
         <value>0x0</value>
      </symbol>
   </symbol_table>
   <title>Link successful</title>
</link_info>
