<?xml version="1.0" encoding="ISO-8859-1" ?>
<link_info>
   <banner>TI ARM Clang Linker PC v4.0.0.LTS</banner>
   <copyright>Copyright (c) 1996-2018 Texas Instruments Incorporated</copyright>
   <command_line>C:\ti\ccstheia151\ccs\tools\compiler\ti-cgt-armllvm_4.0.0.LTS\bin\tiarmlnk -IC:\ti\ccstheia151\ccs\tools\compiler\ti-cgt-armllvm_4.0.0.LTS\lib -o Balance.out -mBalance.map -iC:/ti/mspm0_sdk_2_04_00_06/source -iC:/Users/admin/Desktop/BalanceCar -iC:/Users/admin/Desktop/BalanceCar/Debug/syscfg -iC:/ti/ccstheia151/ccs/tools/compiler/ti-cgt-armllvm_4.0.0.LTS/lib --diag_wrap=off --display_error_number --warn_sections --xml_link_info=Balance_linkInfo.xml --rom_model ./main.o ./ti_msp_dl_config.o ./startup_mspm0g350x_ticlang.o ./Hardware/BUZ/BUZ.o ./Hardware/MOTOR/MOTOR.o ./Hardware/MPU6050/bsp_mpu6050.o ./Hardware/MPU6050/eMPL/inv_mpu.o ./Hardware/MPU6050/eMPL/inv_mpu_dmp_motion_driver.o ./Hardware/OLED/oled.o ./Hardware/OPENMV/OPENMV.o ./Hardware/USOUND/USOUND.o ./User/CONTROL.o ./User/DELAY.o ./User/ENCODER.o ./User/FINDLINE.o ./User/KEY.o ./User/LED.o ./User/SHOW.o -l./device_linker.cmd -ldevice.cmd.genlibs -llibc.a --start-group -llibc++.a -llibc++abi.a -llibc.a -llibsys.a -llibsysbm.a -llibclang_rt.builtins.a -llibclang_rt.profile.a --end-group --cg_opt_level=0</command_line>
   <link_time>0x6824b520</link_time>
   <link_errors>0x0</link_errors>
   <output_file>C:\Users\admin\Desktop\BalanceCar\Debug\Balance.out</output_file>
   <entry_point>
      <name>_c_int00_noargs</name>
      <address>0x76e9</address>
   </entry_point>
   <input_file_list>
      <input_file id="fl-1">
         <path>C:\Users\admin\Desktop\BalanceCar\Debug\.\</path>
         <kind>object</kind>
         <file>main.o</file>
         <name>main.o</name>
      </input_file>
      <input_file id="fl-2">
         <path>C:\Users\admin\Desktop\BalanceCar\Debug\.\</path>
         <kind>object</kind>
         <file>ti_msp_dl_config.o</file>
         <name>ti_msp_dl_config.o</name>
      </input_file>
      <input_file id="fl-3">
         <path>C:\Users\admin\Desktop\BalanceCar\Debug\.\</path>
         <kind>object</kind>
         <file>startup_mspm0g350x_ticlang.o</file>
         <name>startup_mspm0g350x_ticlang.o</name>
      </input_file>
      <input_file id="fl-4">
         <path>C:\Users\admin\Desktop\BalanceCar\Debug\.\Hardware\BUZ\</path>
         <kind>object</kind>
         <file>BUZ.o</file>
         <name>BUZ.o</name>
      </input_file>
      <input_file id="fl-5">
         <path>C:\Users\admin\Desktop\BalanceCar\Debug\.\Hardware\MOTOR\</path>
         <kind>object</kind>
         <file>MOTOR.o</file>
         <name>MOTOR.o</name>
      </input_file>
      <input_file id="fl-6">
         <path>C:\Users\admin\Desktop\BalanceCar\Debug\.\Hardware\MPU6050\</path>
         <kind>object</kind>
         <file>bsp_mpu6050.o</file>
         <name>bsp_mpu6050.o</name>
      </input_file>
      <input_file id="fl-7">
         <path>C:\Users\admin\Desktop\BalanceCar\Debug\.\Hardware\MPU6050\eMPL\</path>
         <kind>object</kind>
         <file>inv_mpu.o</file>
         <name>inv_mpu.o</name>
      </input_file>
      <input_file id="fl-8">
         <path>C:\Users\admin\Desktop\BalanceCar\Debug\.\Hardware\MPU6050\eMPL\</path>
         <kind>object</kind>
         <file>inv_mpu_dmp_motion_driver.o</file>
         <name>inv_mpu_dmp_motion_driver.o</name>
      </input_file>
      <input_file id="fl-9">
         <path>C:\Users\admin\Desktop\BalanceCar\Debug\.\Hardware\OLED\</path>
         <kind>object</kind>
         <file>oled.o</file>
         <name>oled.o</name>
      </input_file>
      <input_file id="fl-a">
         <path>C:\Users\admin\Desktop\BalanceCar\Debug\.\Hardware\OPENMV\</path>
         <kind>object</kind>
         <file>OPENMV.o</file>
         <name>OPENMV.o</name>
      </input_file>
      <input_file id="fl-b">
         <path>C:\Users\admin\Desktop\BalanceCar\Debug\.\Hardware\USOUND\</path>
         <kind>object</kind>
         <file>USOUND.o</file>
         <name>USOUND.o</name>
      </input_file>
      <input_file id="fl-c">
         <path>C:\Users\admin\Desktop\BalanceCar\Debug\.\User\</path>
         <kind>object</kind>
         <file>CONTROL.o</file>
         <name>CONTROL.o</name>
      </input_file>
      <input_file id="fl-d">
         <path>C:\Users\admin\Desktop\BalanceCar\Debug\.\User\</path>
         <kind>object</kind>
         <file>DELAY.o</file>
         <name>DELAY.o</name>
      </input_file>
      <input_file id="fl-e">
         <path>C:\Users\admin\Desktop\BalanceCar\Debug\.\User\</path>
         <kind>object</kind>
         <file>ENCODER.o</file>
         <name>ENCODER.o</name>
      </input_file>
      <input_file id="fl-f">
         <path>C:\Users\admin\Desktop\BalanceCar\Debug\.\User\</path>
         <kind>object</kind>
         <file>FINDLINE.o</file>
         <name>FINDLINE.o</name>
      </input_file>
      <input_file id="fl-10">
         <path>C:\Users\admin\Desktop\BalanceCar\Debug\.\User\</path>
         <kind>object</kind>
         <file>KEY.o</file>
         <name>KEY.o</name>
      </input_file>
      <input_file id="fl-11">
         <path>C:\Users\admin\Desktop\BalanceCar\Debug\.\User\</path>
         <kind>object</kind>
         <file>LED.o</file>
         <name>LED.o</name>
      </input_file>
      <input_file id="fl-12">
         <path>C:\Users\admin\Desktop\BalanceCar\Debug\.\User\</path>
         <kind>object</kind>
         <file>SHOW.o</file>
         <name>SHOW.o</name>
      </input_file>
      <input_file id="fl-20">
         <path>C:\Users\admin\Desktop\BalanceCar\Debug\</path>
         <kind>object</kind>
         <file>&lt;internal&gt;</file>
         <name>&lt;internal&gt;</name>
      </input_file>
      <input_file id="fl-21">
         <path>C:\ti\mspm0_sdk_2_04_00_06\source\ti\driverlib\lib\ticlang\m0p\mspm0g1x0x_g3x0x\</path>
         <kind>archive</kind>
         <file>driverlib.a</file>
         <name>dl_common.o</name>
      </input_file>
      <input_file id="fl-22">
         <path>C:\ti\mspm0_sdk_2_04_00_06\source\ti\driverlib\lib\ticlang\m0p\mspm0g1x0x_g3x0x\</path>
         <kind>archive</kind>
         <file>driverlib.a</file>
         <name>dl_i2c.o</name>
      </input_file>
      <input_file id="fl-23">
         <path>C:\ti\mspm0_sdk_2_04_00_06\source\ti\driverlib\lib\ticlang\m0p\mspm0g1x0x_g3x0x\</path>
         <kind>archive</kind>
         <file>driverlib.a</file>
         <name>dl_timer.o</name>
      </input_file>
      <input_file id="fl-24">
         <path>C:\ti\mspm0_sdk_2_04_00_06\source\ti\driverlib\lib\ticlang\m0p\mspm0g1x0x_g3x0x\</path>
         <kind>archive</kind>
         <file>driverlib.a</file>
         <name>dl_uart.o</name>
      </input_file>
      <input_file id="fl-39">
         <path>C:\ti\ccstheia151\ccs\tools\compiler\ti-cgt-armllvm_4.0.0.LTS\lib\armv6m-ti-none-eabi\c\</path>
         <kind>archive</kind>
         <file>libc.a</file>
         <name>printf.c.obj</name>
      </input_file>
      <input_file id="fl-3a">
         <path>C:\ti\ccstheia151\ccs\tools\compiler\ti-cgt-armllvm_4.0.0.LTS\lib\armv6m-ti-none-eabi\c\</path>
         <kind>archive</kind>
         <file>libc.a</file>
         <name>_printfi.c.obj</name>
      </input_file>
      <input_file id="fl-3b">
         <path>C:\ti\ccstheia151\ccs\tools\compiler\ti-cgt-armllvm_4.0.0.LTS\lib\armv6m-ti-none-eabi\c\</path>
         <kind>archive</kind>
         <file>libc.a</file>
         <name>sprintf.c.obj</name>
      </input_file>
      <input_file id="fl-3c">
         <path>C:\ti\ccstheia151\ccs\tools\compiler\ti-cgt-armllvm_4.0.0.LTS\lib\armv6m-ti-none-eabi\c\</path>
         <kind>archive</kind>
         <file>libc.a</file>
         <name>fputc.c.obj</name>
      </input_file>
      <input_file id="fl-3d">
         <path>C:\ti\ccstheia151\ccs\tools\compiler\ti-cgt-armllvm_4.0.0.LTS\lib\armv6m-ti-none-eabi\c\</path>
         <kind>archive</kind>
         <file>libc.a</file>
         <name>fputs.c.obj</name>
      </input_file>
      <input_file id="fl-3e">
         <path>C:\ti\ccstheia151\ccs\tools\compiler\ti-cgt-armllvm_4.0.0.LTS\lib\armv6m-ti-none-eabi\c\</path>
         <kind>archive</kind>
         <file>libc.a</file>
         <name>_io_perm.c.obj</name>
      </input_file>
      <input_file id="fl-3f">
         <path>C:\ti\ccstheia151\ccs\tools\compiler\ti-cgt-armllvm_4.0.0.LTS\lib\armv6m-ti-none-eabi\c\</path>
         <kind>archive</kind>
         <file>libc.a</file>
         <name>setvbuf.c.obj</name>
      </input_file>
      <input_file id="fl-40">
         <path>C:\ti\ccstheia151\ccs\tools\compiler\ti-cgt-armllvm_4.0.0.LTS\lib\armv6m-ti-none-eabi\c\</path>
         <kind>archive</kind>
         <file>libc.a</file>
         <name>wcslen.c.obj</name>
      </input_file>
      <input_file id="fl-41">
         <path>C:\ti\ccstheia151\ccs\tools\compiler\ti-cgt-armllvm_4.0.0.LTS\lib\armv6m-ti-none-eabi\c\</path>
         <kind>archive</kind>
         <file>libc.a</file>
         <name>e_asin.c.obj</name>
      </input_file>
      <input_file id="fl-42">
         <path>C:\ti\ccstheia151\ccs\tools\compiler\ti-cgt-armllvm_4.0.0.LTS\lib\armv6m-ti-none-eabi\c\</path>
         <kind>archive</kind>
         <file>libc.a</file>
         <name>e_atan2.c.obj</name>
      </input_file>
      <input_file id="fl-43">
         <path>C:\ti\ccstheia151\ccs\tools\compiler\ti-cgt-armllvm_4.0.0.LTS\lib\armv6m-ti-none-eabi\c\</path>
         <kind>archive</kind>
         <file>libc.a</file>
         <name>e_sqrt.c.obj</name>
      </input_file>
      <input_file id="fl-44">
         <path>C:\ti\ccstheia151\ccs\tools\compiler\ti-cgt-armllvm_4.0.0.LTS\lib\armv6m-ti-none-eabi\c\</path>
         <kind>archive</kind>
         <file>libc.a</file>
         <name>s_atan.c.obj</name>
      </input_file>
      <input_file id="fl-45">
         <path>C:\ti\ccstheia151\ccs\tools\compiler\ti-cgt-armllvm_4.0.0.LTS\lib\armv6m-ti-none-eabi\c\</path>
         <kind>archive</kind>
         <file>libc.a</file>
         <name>s_frexp.c.obj</name>
      </input_file>
      <input_file id="fl-46">
         <path>C:\ti\ccstheia151\ccs\tools\compiler\ti-cgt-armllvm_4.0.0.LTS\lib\armv6m-ti-none-eabi\c\</path>
         <kind>archive</kind>
         <file>libc.a</file>
         <name>s_scalbn.c.obj</name>
      </input_file>
      <input_file id="fl-47">
         <path>C:\ti\ccstheia151\ccs\tools\compiler\ti-cgt-armllvm_4.0.0.LTS\lib\armv6m-ti-none-eabi\c\</path>
         <kind>archive</kind>
         <file>libc.a</file>
         <name>aeabi_portable.c.obj</name>
      </input_file>
      <input_file id="fl-48">
         <path>C:\ti\ccstheia151\ccs\tools\compiler\ti-cgt-armllvm_4.0.0.LTS\lib\armv6m-ti-none-eabi\c\</path>
         <kind>archive</kind>
         <file>libc.a</file>
         <name>exit.c.obj</name>
      </input_file>
      <input_file id="fl-49">
         <path>C:\ti\ccstheia151\ccs\tools\compiler\ti-cgt-armllvm_4.0.0.LTS\lib\armv6m-ti-none-eabi\c\</path>
         <kind>archive</kind>
         <file>libc.a</file>
         <name>_lock.c.obj</name>
      </input_file>
      <input_file id="fl-4a">
         <path>C:\ti\ccstheia151\ccs\tools\compiler\ti-cgt-armllvm_4.0.0.LTS\lib\armv6m-ti-none-eabi\c\</path>
         <kind>archive</kind>
         <file>libc.a</file>
         <name>_ltoa.c.obj</name>
      </input_file>
      <input_file id="fl-4b">
         <path>C:\ti\ccstheia151\ccs\tools\compiler\ti-cgt-armllvm_4.0.0.LTS\lib\armv6m-ti-none-eabi\c\</path>
         <kind>archive</kind>
         <file>libc.a</file>
         <name>assert.c.obj</name>
      </input_file>
      <input_file id="fl-4c">
         <path>C:\ti\ccstheia151\ccs\tools\compiler\ti-cgt-armllvm_4.0.0.LTS\lib\armv6m-ti-none-eabi\c\</path>
         <kind>archive</kind>
         <file>libc.a</file>
         <name>atoi.c.obj</name>
      </input_file>
      <input_file id="fl-4d">
         <path>C:\ti\ccstheia151\ccs\tools\compiler\ti-cgt-armllvm_4.0.0.LTS\lib\armv6m-ti-none-eabi\c\</path>
         <kind>archive</kind>
         <file>libc.a</file>
         <name>defs.c.obj</name>
      </input_file>
      <input_file id="fl-4e">
         <path>C:\ti\ccstheia151\ccs\tools\compiler\ti-cgt-armllvm_4.0.0.LTS\lib\armv6m-ti-none-eabi\c\</path>
         <kind>archive</kind>
         <file>libc.a</file>
         <name>memccpy.c.obj</name>
      </input_file>
      <input_file id="fl-4f">
         <path>C:\ti\ccstheia151\ccs\tools\compiler\ti-cgt-armllvm_4.0.0.LTS\lib\armv6m-ti-none-eabi\c\</path>
         <kind>archive</kind>
         <file>libc.a</file>
         <name>memcmp.c.obj</name>
      </input_file>
      <input_file id="fl-50">
         <path>C:\ti\ccstheia151\ccs\tools\compiler\ti-cgt-armllvm_4.0.0.LTS\lib\armv6m-ti-none-eabi\c\</path>
         <kind>archive</kind>
         <file>libc.a</file>
         <name>memory.c.obj</name>
      </input_file>
      <input_file id="fl-51">
         <path>C:\ti\ccstheia151\ccs\tools\compiler\ti-cgt-armllvm_4.0.0.LTS\lib\armv6m-ti-none-eabi\c\</path>
         <kind>archive</kind>
         <file>libc.a</file>
         <name>boot_cortex_m.c.obj</name>
      </input_file>
      <input_file id="fl-52">
         <path>C:\ti\ccstheia151\ccs\tools\compiler\ti-cgt-armllvm_4.0.0.LTS\lib\armv6m-ti-none-eabi\c\</path>
         <kind>archive</kind>
         <file>libc.a</file>
         <name>mathacl_init.c.obj</name>
      </input_file>
      <input_file id="fl-53">
         <path>C:\ti\ccstheia151\ccs\tools\compiler\ti-cgt-armllvm_4.0.0.LTS\lib\armv6m-ti-none-eabi\c\</path>
         <kind>archive</kind>
         <file>libc.a</file>
         <name>autoinit.c.obj</name>
      </input_file>
      <input_file id="fl-54">
         <path>C:\ti\ccstheia151\ccs\tools\compiler\ti-cgt-armllvm_4.0.0.LTS\lib\armv6m-ti-none-eabi\c\</path>
         <kind>archive</kind>
         <file>libc.a</file>
         <name>pre_init.c.obj</name>
      </input_file>
      <input_file id="fl-55">
         <path>C:\ti\ccstheia151\ccs\tools\compiler\ti-cgt-armllvm_4.0.0.LTS\lib\armv6m-ti-none-eabi\c\</path>
         <kind>archive</kind>
         <file>libc.a</file>
         <name>cpy_tbl.c.obj</name>
      </input_file>
      <input_file id="fl-56">
         <path>C:\ti\ccstheia151\ccs\tools\compiler\ti-cgt-armllvm_4.0.0.LTS\lib\armv6m-ti-none-eabi\c\</path>
         <kind>archive</kind>
         <file>libc.a</file>
         <name>copy_zero_init.c.obj</name>
      </input_file>
      <input_file id="fl-57">
         <path>C:\ti\ccstheia151\ccs\tools\compiler\ti-cgt-armllvm_4.0.0.LTS\lib\armv6m-ti-none-eabi\c\</path>
         <kind>archive</kind>
         <file>libc.a</file>
         <name>copy_decompress_none.c.obj</name>
      </input_file>
      <input_file id="fl-58">
         <path>C:\ti\ccstheia151\ccs\tools\compiler\ti-cgt-armllvm_4.0.0.LTS\lib\armv6m-ti-none-eabi\c\</path>
         <kind>archive</kind>
         <file>libc.a</file>
         <name>copy_decompress_lzss.c.obj</name>
      </input_file>
      <input_file id="fl-59">
         <path>C:\ti\ccstheia151\ccs\tools\compiler\ti-cgt-armllvm_4.0.0.LTS\lib\armv6m-ti-none-eabi\c\</path>
         <kind>archive</kind>
         <file>libc.a</file>
         <name>fflush.c.obj</name>
      </input_file>
      <input_file id="fl-5a">
         <path>C:\ti\ccstheia151\ccs\tools\compiler\ti-cgt-armllvm_4.0.0.LTS\lib\armv6m-ti-none-eabi\c\</path>
         <kind>archive</kind>
         <file>libc.a</file>
         <name>fopen.c.obj</name>
      </input_file>
      <input_file id="fl-5b">
         <path>C:\ti\ccstheia151\ccs\tools\compiler\ti-cgt-armllvm_4.0.0.LTS\lib\armv6m-ti-none-eabi\c\</path>
         <kind>archive</kind>
         <file>libc.a</file>
         <name>fseek.c.obj</name>
      </input_file>
      <input_file id="fl-5c">
         <path>C:\ti\ccstheia151\ccs\tools\compiler\ti-cgt-armllvm_4.0.0.LTS\lib\armv6m-ti-none-eabi\c\</path>
         <kind>archive</kind>
         <file>libc.a</file>
         <name>aeabi_ctype.S.obj</name>
      </input_file>
      <input_file id="fl-5d">
         <path>C:\ti\ccstheia151\ccs\tools\compiler\ti-cgt-armllvm_4.0.0.LTS\lib\armv6m-ti-none-eabi\c\</path>
         <kind>archive</kind>
         <file>libc.a</file>
         <name>args_main.c.obj</name>
      </input_file>
      <input_file id="fl-5e">
         <path>C:\ti\ccstheia151\ccs\tools\compiler\ti-cgt-armllvm_4.0.0.LTS\lib\armv6m-ti-none-eabi\c\</path>
         <kind>archive</kind>
         <file>libc.a</file>
         <name>fclose.c.obj</name>
      </input_file>
      <input_file id="fl-f4">
         <path>C:\ti\ccstheia151\ccs\tools\compiler\ti-cgt-armllvm_4.0.0.LTS\lib\armv6m-ti-none-eabi\c\</path>
         <kind>archive</kind>
         <file>libsysbm.a</file>
         <name>write.c.obj</name>
      </input_file>
      <input_file id="fl-f5">
         <path>C:\ti\ccstheia151\ccs\tools\compiler\ti-cgt-armllvm_4.0.0.LTS\lib\armv6m-ti-none-eabi\c\</path>
         <kind>archive</kind>
         <file>libsysbm.a</file>
         <name>host_device.c.obj</name>
      </input_file>
      <input_file id="fl-f6">
         <path>C:\ti\ccstheia151\ccs\tools\compiler\ti-cgt-armllvm_4.0.0.LTS\lib\armv6m-ti-none-eabi\c\</path>
         <kind>archive</kind>
         <file>libsysbm.a</file>
         <name>remove.c.obj</name>
      </input_file>
      <input_file id="fl-f7">
         <path>C:\ti\ccstheia151\ccs\tools\compiler\ti-cgt-armllvm_4.0.0.LTS\lib\armv6m-ti-none-eabi\c\</path>
         <kind>archive</kind>
         <file>libsysbm.a</file>
         <name>open.c.obj</name>
      </input_file>
      <input_file id="fl-f8">
         <path>C:\ti\ccstheia151\ccs\tools\compiler\ti-cgt-armllvm_4.0.0.LTS\lib\armv6m-ti-none-eabi\c\</path>
         <kind>archive</kind>
         <file>libsysbm.a</file>
         <name>lseek.c.obj</name>
      </input_file>
      <input_file id="fl-f9">
         <path>C:\ti\ccstheia151\ccs\tools\compiler\ti-cgt-armllvm_4.0.0.LTS\lib\armv6m-ti-none-eabi\c\</path>
         <kind>archive</kind>
         <file>libsysbm.a</file>
         <name>close.c.obj</name>
      </input_file>
      <input_file id="fl-fa">
         <path>C:\ti\ccstheia151\ccs\tools\compiler\ti-cgt-armllvm_4.0.0.LTS\lib\armv6m-ti-none-eabi\c\</path>
         <kind>archive</kind>
         <file>libsysbm.a</file>
         <name>unlink.c.obj</name>
      </input_file>
      <input_file id="fl-fb">
         <path>C:\ti\ccstheia151\ccs\tools\compiler\ti-cgt-armllvm_4.0.0.LTS\lib\armv6m-ti-none-eabi\c\</path>
         <kind>archive</kind>
         <file>libsysbm.a</file>
         <name>hostclose.c.obj</name>
      </input_file>
      <input_file id="fl-fc">
         <path>C:\ti\ccstheia151\ccs\tools\compiler\ti-cgt-armllvm_4.0.0.LTS\lib\armv6m-ti-none-eabi\c\</path>
         <kind>archive</kind>
         <file>libsysbm.a</file>
         <name>hostlseek.c.obj</name>
      </input_file>
      <input_file id="fl-fd">
         <path>C:\ti\ccstheia151\ccs\tools\compiler\ti-cgt-armllvm_4.0.0.LTS\lib\armv6m-ti-none-eabi\c\</path>
         <kind>archive</kind>
         <file>libsysbm.a</file>
         <name>hostopen.c.obj</name>
      </input_file>
      <input_file id="fl-fe">
         <path>C:\ti\ccstheia151\ccs\tools\compiler\ti-cgt-armllvm_4.0.0.LTS\lib\armv6m-ti-none-eabi\c\</path>
         <kind>archive</kind>
         <file>libsysbm.a</file>
         <name>hostread.c.obj</name>
      </input_file>
      <input_file id="fl-ff">
         <path>C:\ti\ccstheia151\ccs\tools\compiler\ti-cgt-armllvm_4.0.0.LTS\lib\armv6m-ti-none-eabi\c\</path>
         <kind>archive</kind>
         <file>libsysbm.a</file>
         <name>hostrename.c.obj</name>
      </input_file>
      <input_file id="fl-100">
         <path>C:\ti\ccstheia151\ccs\tools\compiler\ti-cgt-armllvm_4.0.0.LTS\lib\armv6m-ti-none-eabi\c\</path>
         <kind>archive</kind>
         <file>libsysbm.a</file>
         <name>hostunlink.c.obj</name>
      </input_file>
      <input_file id="fl-101">
         <path>C:\ti\ccstheia151\ccs\tools\compiler\ti-cgt-armllvm_4.0.0.LTS\lib\armv6m-ti-none-eabi\c\</path>
         <kind>archive</kind>
         <file>libsysbm.a</file>
         <name>hostwrite.c.obj</name>
      </input_file>
      <input_file id="fl-102">
         <path>C:\ti\ccstheia151\ccs\tools\compiler\ti-cgt-armllvm_4.0.0.LTS\lib\armv6m-ti-none-eabi\c\</path>
         <kind>archive</kind>
         <file>libsysbm.a</file>
         <name>trgmsg.c.obj</name>
      </input_file>
      <input_file id="fl-103">
         <path>C:\ti\ccstheia151\ccs\tools\compiler\ti-cgt-armllvm_4.0.0.LTS\lib\armv6m-ti-none-eabi\</path>
         <kind>archive</kind>
         <file>libclang_rt.builtins.a</file>
         <name>addsf3.S.obj</name>
      </input_file>
      <input_file id="fl-104">
         <path>C:\ti\ccstheia151\ccs\tools\compiler\ti-cgt-armllvm_4.0.0.LTS\lib\armv6m-ti-none-eabi\</path>
         <kind>archive</kind>
         <file>libclang_rt.builtins.a</file>
         <name>adddf3.S.obj</name>
      </input_file>
      <input_file id="fl-105">
         <path>C:\ti\ccstheia151\ccs\tools\compiler\ti-cgt-armllvm_4.0.0.LTS\lib\armv6m-ti-none-eabi\</path>
         <kind>archive</kind>
         <file>libclang_rt.builtins.a</file>
         <name>muldf3.S.obj</name>
      </input_file>
      <input_file id="fl-106">
         <path>C:\ti\ccstheia151\ccs\tools\compiler\ti-cgt-armllvm_4.0.0.LTS\lib\armv6m-ti-none-eabi\</path>
         <kind>archive</kind>
         <file>libclang_rt.builtins.a</file>
         <name>muldsi3.S.obj</name>
      </input_file>
      <input_file id="fl-107">
         <path>C:\ti\ccstheia151\ccs\tools\compiler\ti-cgt-armllvm_4.0.0.LTS\lib\armv6m-ti-none-eabi\</path>
         <kind>archive</kind>
         <file>libclang_rt.builtins.a</file>
         <name>mulsf3.S.obj</name>
      </input_file>
      <input_file id="fl-108">
         <path>C:\ti\ccstheia151\ccs\tools\compiler\ti-cgt-armllvm_4.0.0.LTS\lib\armv6m-ti-none-eabi\</path>
         <kind>archive</kind>
         <file>libclang_rt.builtins.a</file>
         <name>divsf3.S.obj</name>
      </input_file>
      <input_file id="fl-109">
         <path>C:\ti\ccstheia151\ccs\tools\compiler\ti-cgt-armllvm_4.0.0.LTS\lib\armv6m-ti-none-eabi\</path>
         <kind>archive</kind>
         <file>libclang_rt.builtins.a</file>
         <name>divdf3.S.obj</name>
      </input_file>
      <input_file id="fl-10a">
         <path>C:\ti\ccstheia151\ccs\tools\compiler\ti-cgt-armllvm_4.0.0.LTS\lib\armv6m-ti-none-eabi\</path>
         <kind>archive</kind>
         <file>libclang_rt.builtins.a</file>
         <name>extendsfdf2.S.obj</name>
      </input_file>
      <input_file id="fl-10b">
         <path>C:\ti\ccstheia151\ccs\tools\compiler\ti-cgt-armllvm_4.0.0.LTS\lib\armv6m-ti-none-eabi\</path>
         <kind>archive</kind>
         <file>libclang_rt.builtins.a</file>
         <name>fixdfsi.S.obj</name>
      </input_file>
      <input_file id="fl-10c">
         <path>C:\ti\ccstheia151\ccs\tools\compiler\ti-cgt-armllvm_4.0.0.LTS\lib\armv6m-ti-none-eabi\</path>
         <kind>archive</kind>
         <file>libclang_rt.builtins.a</file>
         <name>fixsfsi.S.obj</name>
      </input_file>
      <input_file id="fl-10d">
         <path>C:\ti\ccstheia151\ccs\tools\compiler\ti-cgt-armllvm_4.0.0.LTS\lib\armv6m-ti-none-eabi\</path>
         <kind>archive</kind>
         <file>libclang_rt.builtins.a</file>
         <name>fixunsdfsi.S.obj</name>
      </input_file>
      <input_file id="fl-10e">
         <path>C:\ti\ccstheia151\ccs\tools\compiler\ti-cgt-armllvm_4.0.0.LTS\lib\armv6m-ti-none-eabi\</path>
         <kind>archive</kind>
         <file>libclang_rt.builtins.a</file>
         <name>floatsidf.S.obj</name>
      </input_file>
      <input_file id="fl-10f">
         <path>C:\ti\ccstheia151\ccs\tools\compiler\ti-cgt-armllvm_4.0.0.LTS\lib\armv6m-ti-none-eabi\</path>
         <kind>archive</kind>
         <file>libclang_rt.builtins.a</file>
         <name>floatsisf.S.obj</name>
      </input_file>
      <input_file id="fl-110">
         <path>C:\ti\ccstheia151\ccs\tools\compiler\ti-cgt-armllvm_4.0.0.LTS\lib\armv6m-ti-none-eabi\</path>
         <kind>archive</kind>
         <file>libclang_rt.builtins.a</file>
         <name>floatunsidf.S.obj</name>
      </input_file>
      <input_file id="fl-111">
         <path>C:\ti\ccstheia151\ccs\tools\compiler\ti-cgt-armllvm_4.0.0.LTS\lib\armv6m-ti-none-eabi\</path>
         <kind>archive</kind>
         <file>libclang_rt.builtins.a</file>
         <name>floatunsisf.S.obj</name>
      </input_file>
      <input_file id="fl-112">
         <path>C:\ti\ccstheia151\ccs\tools\compiler\ti-cgt-armllvm_4.0.0.LTS\lib\armv6m-ti-none-eabi\</path>
         <kind>archive</kind>
         <file>libclang_rt.builtins.a</file>
         <name>muldi3.S.obj</name>
      </input_file>
      <input_file id="fl-113">
         <path>C:\ti\ccstheia151\ccs\tools\compiler\ti-cgt-armllvm_4.0.0.LTS\lib\armv6m-ti-none-eabi\</path>
         <kind>archive</kind>
         <file>libclang_rt.builtins.a</file>
         <name>truncdfsf2.S.obj</name>
      </input_file>
      <input_file id="fl-114">
         <path>C:\ti\ccstheia151\ccs\tools\compiler\ti-cgt-armllvm_4.0.0.LTS\lib\armv6m-ti-none-eabi\</path>
         <kind>archive</kind>
         <file>libclang_rt.builtins.a</file>
         <name>aeabi_dcmp.S.obj</name>
      </input_file>
      <input_file id="fl-115">
         <path>C:\ti\ccstheia151\ccs\tools\compiler\ti-cgt-armllvm_4.0.0.LTS\lib\armv6m-ti-none-eabi\</path>
         <kind>archive</kind>
         <file>libclang_rt.builtins.a</file>
         <name>aeabi_fcmp.S.obj</name>
      </input_file>
      <input_file id="fl-116">
         <path>C:\ti\ccstheia151\ccs\tools\compiler\ti-cgt-armllvm_4.0.0.LTS\lib\armv6m-ti-none-eabi\</path>
         <kind>archive</kind>
         <file>libclang_rt.builtins.a</file>
         <name>aeabi_idivmod.S.obj</name>
      </input_file>
      <input_file id="fl-117">
         <path>C:\ti\ccstheia151\ccs\tools\compiler\ti-cgt-armllvm_4.0.0.LTS\lib\armv6m-ti-none-eabi\</path>
         <kind>archive</kind>
         <file>libclang_rt.builtins.a</file>
         <name>aeabi_ldivmod.S.obj</name>
      </input_file>
      <input_file id="fl-118">
         <path>C:\ti\ccstheia151\ccs\tools\compiler\ti-cgt-armllvm_4.0.0.LTS\lib\armv6m-ti-none-eabi\</path>
         <kind>archive</kind>
         <file>libclang_rt.builtins.a</file>
         <name>aeabi_memcpy.S.obj</name>
      </input_file>
      <input_file id="fl-119">
         <path>C:\ti\ccstheia151\ccs\tools\compiler\ti-cgt-armllvm_4.0.0.LTS\lib\armv6m-ti-none-eabi\</path>
         <kind>archive</kind>
         <file>libclang_rt.builtins.a</file>
         <name>aeabi_memset.S.obj</name>
      </input_file>
      <input_file id="fl-11a">
         <path>C:\ti\ccstheia151\ccs\tools\compiler\ti-cgt-armllvm_4.0.0.LTS\lib\armv6m-ti-none-eabi\</path>
         <kind>archive</kind>
         <file>libclang_rt.builtins.a</file>
         <name>aeabi_uidivmod.S.obj</name>
      </input_file>
      <input_file id="fl-11b">
         <path>C:\ti\ccstheia151\ccs\tools\compiler\ti-cgt-armllvm_4.0.0.LTS\lib\armv6m-ti-none-eabi\</path>
         <kind>archive</kind>
         <file>libclang_rt.builtins.a</file>
         <name>aeabi_uldivmod.S.obj</name>
      </input_file>
      <input_file id="fl-11c">
         <path>C:\ti\ccstheia151\ccs\tools\compiler\ti-cgt-armllvm_4.0.0.LTS\lib\armv6m-ti-none-eabi\</path>
         <kind>archive</kind>
         <file>libclang_rt.builtins.a</file>
         <name>comparesf2.S.obj</name>
      </input_file>
      <input_file id="fl-11d">
         <path>C:\ti\ccstheia151\ccs\tools\compiler\ti-cgt-armllvm_4.0.0.LTS\lib\armv6m-ti-none-eabi\</path>
         <kind>archive</kind>
         <file>libclang_rt.builtins.a</file>
         <name>udivmoddi4.S.obj</name>
      </input_file>
      <input_file id="fl-11e">
         <path>C:\ti\ccstheia151\ccs\tools\compiler\ti-cgt-armllvm_4.0.0.LTS\lib\armv6m-ti-none-eabi\</path>
         <kind>archive</kind>
         <file>libclang_rt.builtins.a</file>
         <name>ashldi3.S.obj</name>
      </input_file>
      <input_file id="fl-11f">
         <path>C:\ti\ccstheia151\ccs\tools\compiler\ti-cgt-armllvm_4.0.0.LTS\lib\armv6m-ti-none-eabi\</path>
         <kind>archive</kind>
         <file>libclang_rt.builtins.a</file>
         <name>comparedf2.c.obj</name>
      </input_file>
      <input_file id="fl-120">
         <path>C:\ti\ccstheia151\ccs\tools\compiler\ti-cgt-armllvm_4.0.0.LTS\lib\armv6m-ti-none-eabi\</path>
         <kind>archive</kind>
         <file>libclang_rt.builtins.a</file>
         <name>divmoddi4.c.obj</name>
      </input_file>
      <input_file id="fl-121">
         <path>C:\ti\ccstheia151\ccs\tools\compiler\ti-cgt-armllvm_4.0.0.LTS\lib\armv6m-ti-none-eabi\</path>
         <kind>archive</kind>
         <file>libclang_rt.builtins.a</file>
         <name>aeabi_div0.c.obj</name>
      </input_file>
      <input_file id="fl-122">
         <path>C:\ti\ccstheia151\ccs\tools\compiler\ti-cgt-armllvm_4.0.0.LTS\lib\armv6m-ti-none-eabi\c\</path>
         <kind>archive</kind>
         <file>libc.a</file>
         <name>getdevice.c.obj</name>
      </input_file>
      <input_file id="fl-123">
         <path>C:\ti\ccstheia151\ccs\tools\compiler\ti-cgt-armllvm_4.0.0.LTS\lib\armv6m-ti-none-eabi\c\</path>
         <kind>archive</kind>
         <file>libc.a</file>
         <name>memcpy16.S.obj</name>
      </input_file>
      <input_file id="fl-124">
         <path>C:\ti\ccstheia151\ccs\tools\compiler\ti-cgt-armllvm_4.0.0.LTS\lib\armv6m-ti-none-eabi\c\</path>
         <kind>archive</kind>
         <file>libc.a</file>
         <name>memset16.S.obj</name>
      </input_file>
      <input_file id="fl-125">
         <path>C:\ti\ccstheia151\ccs\tools\compiler\ti-cgt-armllvm_4.0.0.LTS\lib\armv6m-ti-none-eabi\c\</path>
         <kind>archive</kind>
         <file>libc.a</file>
         <name>strcmp-armv6m.S.obj</name>
      </input_file>
   </input_file_list>
   <object_component_list>
      <object_component id="oc-18">
         <name>.intvecs</name>
         <load_address>0x0</load_address>
         <readonly>true</readonly>
         <run_address>0x0</run_address>
         <size>0xc0</size>
         <alignment>0x4</alignment>
         <input_file_ref idref="fl-3"/>
      </object_component>
      <object_component id="oc-2cd">
         <name>.text:__TI_printfi</name>
         <load_address>0xc0</load_address>
         <readonly>true</readonly>
         <executable>true</executable>
         <run_address>0xc0</run_address>
         <size>0x9d0</size>
         <alignment>0x4</alignment>
         <input_file_ref idref="fl-3a"/>
      </object_component>
      <object_component id="oc-18b">
         <name>.text.asin</name>
         <load_address>0xa90</load_address>
         <readonly>true</readonly>
         <executable>true</executable>
         <run_address>0xa90</run_address>
         <size>0x364</size>
         <alignment>0x4</alignment>
         <input_file_ref idref="fl-41"/>
      </object_component>
      <object_component id="oc-268">
         <name>.text.atan</name>
         <load_address>0xdf4</load_address>
         <readonly>true</readonly>
         <executable>true</executable>
         <run_address>0xdf4</run_address>
         <size>0x2f8</size>
         <alignment>0x4</alignment>
         <input_file_ref idref="fl-44"/>
      </object_component>
      <object_component id="oc-16e">
         <name>.text.dmp_enable_feature</name>
         <load_address>0x10ec</load_address>
         <readonly>true</readonly>
         <executable>true</executable>
         <run_address>0x10ec</run_address>
         <size>0x278</size>
         <alignment>0x4</alignment>
         <input_file_ref idref="fl-8"/>
      </object_component>
      <object_component id="oc-239">
         <name>.text.dmp_set_tap_thresh</name>
         <load_address>0x1364</load_address>
         <readonly>true</readonly>
         <executable>true</executable>
         <run_address>0x1364</run_address>
         <size>0x238</size>
         <alignment>0x4</alignment>
         <input_file_ref idref="fl-8"/>
      </object_component>
      <object_component id="oc-22f">
         <name>.text.mpu_reset_fifo</name>
         <load_address>0x159c</load_address>
         <readonly>true</readonly>
         <executable>true</executable>
         <run_address>0x159c</run_address>
         <size>0x22c</size>
         <alignment>0x4</alignment>
         <input_file_ref idref="fl-7"/>
      </object_component>
      <object_component id="oc-302">
         <name>.text._pconv_a</name>
         <load_address>0x17c8</load_address>
         <readonly>true</readonly>
         <executable>true</executable>
         <run_address>0x17c8</run_address>
         <size>0x220</size>
         <alignment>0x4</alignment>
         <input_file_ref idref="fl-3a"/>
      </object_component>
      <object_component id="oc-105">
         <name>.text.mpu_dmp_get_data</name>
         <load_address>0x19e8</load_address>
         <readonly>true</readonly>
         <executable>true</executable>
         <run_address>0x19e8</run_address>
         <size>0x214</size>
         <alignment>0x4</alignment>
         <input_file_ref idref="fl-7"/>
      </object_component>
      <object_component id="oc-163">
         <name>.text.mpu_init</name>
         <load_address>0x1bfc</load_address>
         <readonly>true</readonly>
         <executable>true</executable>
         <run_address>0x1bfc</run_address>
         <size>0x214</size>
         <alignment>0x4</alignment>
         <input_file_ref idref="fl-7"/>
      </object_component>
      <object_component id="oc-144">
         <name>.text.SYSCFG_DL_GPIO_init</name>
         <load_address>0x1e10</load_address>
         <readonly>true</readonly>
         <executable>true</executable>
         <run_address>0x1e10</run_address>
         <size>0x1fc</size>
         <alignment>0x4</alignment>
         <input_file_ref idref="fl-2"/>
      </object_component>
      <object_component id="oc-176">
         <name>.text.dmp_read_fifo</name>
         <load_address>0x200c</load_address>
         <readonly>true</readonly>
         <executable>true</executable>
         <run_address>0x200c</run_address>
         <size>0x1f4</size>
         <alignment>0x4</alignment>
         <input_file_ref idref="fl-8"/>
      </object_component>
      <object_component id="oc-303">
         <name>.text._pconv_g</name>
         <load_address>0x2200</load_address>
         <readonly>true</readonly>
         <executable>true</executable>
         <run_address>0x2200</run_address>
         <size>0x1dc</size>
         <alignment>0x4</alignment>
         <input_file_ref idref="fl-3a"/>
      </object_component>
      <object_component id="oc-228">
         <name>.text.mpu_set_bypass</name>
         <load_address>0x23dc</load_address>
         <readonly>true</readonly>
         <executable>true</executable>
         <run_address>0x23dc</run_address>
         <size>0x1a0</size>
         <alignment>0x4</alignment>
         <input_file_ref idref="fl-7"/>
      </object_component>
      <object_component id="oc-250">
         <name>.text.adddf3_subdf3</name>
         <load_address>0x257c</load_address>
         <readonly>true</readonly>
         <executable>true</executable>
         <run_address>0x257c</run_address>
         <size>0x192</size>
         <alignment>0x4</alignment>
         <input_file_ref idref="fl-104"/>
      </object_component>
      <object_component id="oc-28b">
         <name>.text.__aeabi_idiv0</name>
         <load_address>0x270e</load_address>
         <readonly>true</readonly>
         <executable>true</executable>
         <run_address>0x270e</run_address>
         <size>0x2</size>
         <alignment>0x2</alignment>
         <input_file_ref idref="fl-121"/>
      </object_component>
      <object_component id="oc-195">
         <name>.text.atan2</name>
         <load_address>0x2710</load_address>
         <readonly>true</readonly>
         <executable>true</executable>
         <run_address>0x2710</run_address>
         <size>0x188</size>
         <alignment>0x4</alignment>
         <input_file_ref idref="fl-42"/>
      </object_component>
      <object_component id="oc-16d">
         <name>.text.dmp_set_orientation</name>
         <load_address>0x2898</load_address>
         <readonly>true</readonly>
         <executable>true</executable>
         <run_address>0x2898</run_address>
         <size>0x178</size>
         <alignment>0x4</alignment>
         <input_file_ref idref="fl-8"/>
      </object_component>
      <object_component id="oc-25a">
         <name>.text.sqrt</name>
         <load_address>0x2a10</load_address>
         <readonly>true</readonly>
         <executable>true</executable>
         <run_address>0x2a10</run_address>
         <size>0x170</size>
         <alignment>0x4</alignment>
         <input_file_ref idref="fl-43"/>
      </object_component>
      <object_component id="oc-343">
         <name>.text.fcvt</name>
         <load_address>0x2b80</load_address>
         <readonly>true</readonly>
         <executable>true</executable>
         <run_address>0x2b80</run_address>
         <size>0x13c</size>
         <alignment>0x4</alignment>
         <input_file_ref idref="fl-3a"/>
      </object_component>
      <object_component id="oc-34">
         <name>.text.GROUP1_IRQHandler</name>
         <load_address>0x2cbc</load_address>
         <readonly>true</readonly>
         <executable>true</executable>
         <run_address>0x2cbc</run_address>
         <size>0x138</size>
         <alignment>0x4</alignment>
         <input_file_ref idref="fl-e"/>
      </object_component>
      <object_component id="oc-164">
         <name>.text.mpu_set_sensors</name>
         <load_address>0x2df4</load_address>
         <readonly>true</readonly>
         <executable>true</executable>
         <run_address>0x2df4</run_address>
         <size>0x130</size>
         <alignment>0x4</alignment>
         <input_file_ref idref="fl-7"/>
      </object_component>
      <object_component id="oc-49">
         <name>.text.I2C0_IRQHandler</name>
         <load_address>0x2f24</load_address>
         <readonly>true</readonly>
         <executable>true</executable>
         <run_address>0x2f24</run_address>
         <size>0x12c</size>
         <alignment>0x4</alignment>
         <input_file_ref idref="fl-9"/>
      </object_component>
      <object_component id="oc-231">
         <name>.text.mpu_load_firmware</name>
         <load_address>0x3050</load_address>
         <readonly>true</readonly>
         <executable>true</executable>
         <run_address>0x3050</run_address>
         <size>0x124</size>
         <alignment>0x4</alignment>
         <input_file_ref idref="fl-7"/>
      </object_component>
      <object_component id="oc-305">
         <name>.text._pconv_e</name>
         <load_address>0x3174</load_address>
         <readonly>true</readonly>
         <executable>true</executable>
         <run_address>0x3174</run_address>
         <size>0x120</size>
         <alignment>0x4</alignment>
         <input_file_ref idref="fl-3a"/>
      </object_component>
      <object_component id="oc-10e">
         <name>.text.SHOW_Firstpage</name>
         <load_address>0x3294</load_address>
         <readonly>true</readonly>
         <executable>true</executable>
         <run_address>0x3294</run_address>
         <size>0x11c</size>
         <alignment>0x4</alignment>
         <input_file_ref idref="fl-12"/>
      </object_component>
      <object_component id="oc-273">
         <name>.text.OLED_ShowChar</name>
         <load_address>0x33b0</load_address>
         <readonly>true</readonly>
         <executable>true</executable>
         <run_address>0x33b0</run_address>
         <size>0x118</size>
         <alignment>0x4</alignment>
         <input_file_ref idref="fl-9"/>
      </object_component>
      <object_component id="oc-ff">
         <name>.text.mpu_dmp_init</name>
         <load_address>0x34c8</load_address>
         <readonly>true</readonly>
         <executable>true</executable>
         <run_address>0x34c8</run_address>
         <size>0x118</size>
         <alignment>0x4</alignment>
         <input_file_ref idref="fl-7"/>
      </object_component>
      <object_component id="oc-38b">
         <name>.text.aligned_alloc</name>
         <load_address>0x35e0</load_address>
         <readonly>true</readonly>
         <executable>true</executable>
         <run_address>0x35e0</run_address>
         <size>0x114</size>
         <alignment>0x4</alignment>
         <input_file_ref idref="fl-50"/>
      </object_component>
      <object_component id="oc-230">
         <name>.text.mpu_lp_accel_mode</name>
         <load_address>0x36f4</load_address>
         <readonly>true</readonly>
         <executable>true</executable>
         <run_address>0x36f4</run_address>
         <size>0x110</size>
         <alignment>0x4</alignment>
         <input_file_ref idref="fl-7"/>
      </object_component>
      <object_component id="oc-261">
         <name>.text.__divdf3</name>
         <load_address>0x3804</load_address>
         <readonly>true</readonly>
         <executable>true</executable>
         <run_address>0x3804</run_address>
         <size>0x10c</size>
         <alignment>0x4</alignment>
         <input_file_ref idref="fl-109"/>
      </object_component>
      <object_component id="oc-243">
         <name>.text.mpu_read_fifo_stream</name>
         <load_address>0x3910</load_address>
         <readonly>true</readonly>
         <executable>true</executable>
         <run_address>0x3910</run_address>
         <size>0x108</size>
         <alignment>0x4</alignment>
         <input_file_ref idref="fl-7"/>
      </object_component>
      <object_component id="oc-1e6">
         <name>.text.DL_Timer_initFourCCPWMMode</name>
         <load_address>0x3a18</load_address>
         <readonly>true</readonly>
         <executable>true</executable>
         <run_address>0x3a18</run_address>
         <size>0x104</size>
         <alignment>0x4</alignment>
         <input_file_ref idref="fl-23"/>
      </object_component>
      <object_component id="oc-fb">
         <name>.text.OLED_Init</name>
         <load_address>0x3b1c</load_address>
         <readonly>true</readonly>
         <executable>true</executable>
         <run_address>0x3b1c</run_address>
         <size>0x100</size>
         <alignment>0x2</alignment>
         <input_file_ref idref="fl-9"/>
      </object_component>
      <object_component id="oc-2d4">
         <name>.text.fputs</name>
         <load_address>0x3c1c</load_address>
         <readonly>true</readonly>
         <executable>true</executable>
         <run_address>0x3c1c</run_address>
         <size>0xf8</size>
         <alignment>0x4</alignment>
         <input_file_ref idref="fl-3d"/>
      </object_component>
      <object_component id="oc-b9">
         <name>.text.main</name>
         <load_address>0x3d14</load_address>
         <readonly>true</readonly>
         <executable>true</executable>
         <run_address>0x3d14</run_address>
         <size>0xf8</size>
         <alignment>0x4</alignment>
         <input_file_ref idref="fl-1"/>
      </object_component>
      <object_component id="oc-166">
         <name>.text.mpu_set_sample_rate</name>
         <load_address>0x3e0c</load_address>
         <readonly>true</readonly>
         <executable>true</executable>
         <run_address>0x3e0c</run_address>
         <size>0xec</size>
         <alignment>0x4</alignment>
         <input_file_ref idref="fl-7"/>
      </object_component>
      <object_component id="oc-1ef">
         <name>.text.DL_Timer_initTimerMode</name>
         <load_address>0x3ef8</load_address>
         <readonly>true</readonly>
         <executable>true</executable>
         <run_address>0x3ef8</run_address>
         <size>0xe8</size>
         <alignment>0x4</alignment>
         <input_file_ref idref="fl-23"/>
      </object_component>
      <object_component id="oc-36c">
         <name>.text.free</name>
         <load_address>0x3fe0</load_address>
         <readonly>true</readonly>
         <executable>true</executable>
         <run_address>0x3fe0</run_address>
         <size>0xe8</size>
         <alignment>0x4</alignment>
         <input_file_ref idref="fl-50"/>
      </object_component>
      <object_component id="oc-db">
         <name>.text.__muldf3</name>
         <load_address>0x40c8</load_address>
         <readonly>true</readonly>
         <executable>true</executable>
         <run_address>0x40c8</run_address>
         <size>0xe4</size>
         <alignment>0x4</alignment>
         <input_file_ref idref="fl-105"/>
      </object_component>
      <object_component id="oc-226">
         <name>.text.mpu_set_accel_fsr</name>
         <load_address>0x41ac</load_address>
         <readonly>true</readonly>
         <executable>true</executable>
         <run_address>0x41ac</run_address>
         <size>0xe4</size>
         <alignment>0x4</alignment>
         <input_file_ref idref="fl-7"/>
      </object_component>
      <object_component id="oc-34b">
         <name>.text.setvbuf</name>
         <load_address>0x4290</load_address>
         <readonly>true</readonly>
         <executable>true</executable>
         <run_address>0x4290</run_address>
         <size>0xe0</size>
         <alignment>0x4</alignment>
         <input_file_ref idref="fl-3f"/>
      </object_component>
      <object_component id="oc-156">
         <name>.text.OLED_WR_Byte</name>
         <load_address>0x4370</load_address>
         <readonly>true</readonly>
         <executable>true</executable>
         <run_address>0x4370</run_address>
         <size>0xdc</size>
         <alignment>0x4</alignment>
         <input_file_ref idref="fl-9"/>
      </object_component>
      <object_component id="oc-32e">
         <name>.text.scalbn</name>
         <load_address>0x444c</load_address>
         <readonly>true</readonly>
         <executable>true</executable>
         <run_address>0x444c</run_address>
         <size>0xd8</size>
         <alignment>0x4</alignment>
         <input_file_ref idref="fl-46"/>
      </object_component>
      <object_component id="oc-183">
         <name>.text</name>
         <load_address>0x4524</load_address>
         <readonly>true</readonly>
         <executable>true</executable>
         <run_address>0x4524</run_address>
         <size>0xd8</size>
         <alignment>0x4</alignment>
         <input_file_ref idref="fl-103"/>
      </object_component>
      <object_component id="oc-199">
         <name>.text.MPU6050_ReadData</name>
         <load_address>0x45fc</load_address>
         <readonly>true</readonly>
         <executable>true</executable>
         <run_address>0x45fc</run_address>
         <size>0xd6</size>
         <alignment>0x2</alignment>
         <input_file_ref idref="fl-6"/>
      </object_component>
      <object_component id="oc-358">
         <name>.text.__aeabi_ldiv0</name>
         <load_address>0x46d2</load_address>
         <readonly>true</readonly>
         <executable>true</executable>
         <run_address>0x46d2</run_address>
         <size>0x2</size>
         <alignment>0x2</alignment>
         <input_file_ref idref="fl-121"/>
      </object_component>
      <object_component id="oc-fe">
         <name>.text.MPU6050_Init</name>
         <load_address>0x46d4</load_address>
         <readonly>true</readonly>
         <executable>true</executable>
         <run_address>0x46d4</run_address>
         <size>0xd4</size>
         <alignment>0x4</alignment>
         <input_file_ref idref="fl-6"/>
      </object_component>
      <object_component id="oc-22e">
         <name>.text.set_int_enable</name>
         <load_address>0x47a8</load_address>
         <readonly>true</readonly>
         <executable>true</executable>
         <run_address>0x47a8</run_address>
         <size>0xd4</size>
         <alignment>0x4</alignment>
         <input_file_ref idref="fl-7"/>
      </object_component>
      <object_component id="oc-227">
         <name>.text.mpu_set_lpf</name>
         <load_address>0x487c</load_address>
         <readonly>true</readonly>
         <executable>true</executable>
         <run_address>0x487c</run_address>
         <size>0xd0</size>
         <alignment>0x4</alignment>
         <input_file_ref idref="fl-7"/>
      </object_component>
      <object_component id="oc-8b">
         <name>.text.USOUND</name>
         <load_address>0x494c</load_address>
         <readonly>true</readonly>
         <executable>true</executable>
         <run_address>0x494c</run_address>
         <size>0xc8</size>
         <alignment>0x4</alignment>
         <input_file_ref idref="fl-b"/>
      </object_component>
      <object_component id="oc-43">
         <name>.text.TIMG6_IRQHandler</name>
         <load_address>0x4a14</load_address>
         <readonly>true</readonly>
         <executable>true</executable>
         <run_address>0x4a14</run_address>
         <size>0xc4</size>
         <alignment>0x4</alignment>
         <input_file_ref idref="fl-b"/>
      </object_component>
      <object_component id="oc-225">
         <name>.text.mpu_set_gyro_fsr</name>
         <load_address>0x4ad8</load_address>
         <readonly>true</readonly>
         <executable>true</executable>
         <run_address>0x4ad8</run_address>
         <size>0xc4</size>
         <alignment>0x4</alignment>
         <input_file_ref idref="fl-7"/>
      </object_component>
      <object_component id="oc-215">
         <name>.text.I2C_WaitAck</name>
         <load_address>0x4b9c</load_address>
         <readonly>true</readonly>
         <executable>true</executable>
         <run_address>0x4b9c</run_address>
         <size>0xc0</size>
         <alignment>0x4</alignment>
         <input_file_ref idref="fl-6"/>
      </object_component>
      <object_component id="oc-165">
         <name>.text.mpu_configure_fifo</name>
         <load_address>0x4c5c</load_address>
         <readonly>true</readonly>
         <executable>true</executable>
         <run_address>0x4c5c</run_address>
         <size>0xbc</size>
         <alignment>0x4</alignment>
         <input_file_ref idref="fl-7"/>
      </object_component>
      <object_component id="oc-170">
         <name>.text.mpu_set_dmp_state</name>
         <load_address>0x4d18</load_address>
         <readonly>true</readonly>
         <executable>true</executable>
         <run_address>0x4d18</run_address>
         <size>0xb8</size>
         <alignment>0x4</alignment>
         <input_file_ref idref="fl-7"/>
      </object_component>
      <object_component id="oc-15e">
         <name>.text.MPU6050_WriteReg</name>
         <load_address>0x4dd0</load_address>
         <readonly>true</readonly>
         <executable>true</executable>
         <run_address>0x4dd0</run_address>
         <size>0xb4</size>
         <alignment>0x2</alignment>
         <input_file_ref idref="fl-6"/>
      </object_component>
      <object_component id="oc-29a">
         <name>.text.mpu_read_mem</name>
         <load_address>0x4e84</load_address>
         <readonly>true</readonly>
         <executable>true</executable>
         <run_address>0x4e84</run_address>
         <size>0xac</size>
         <alignment>0x4</alignment>
         <input_file_ref idref="fl-7"/>
      </object_component>
      <object_component id="oc-236">
         <name>.text.mpu_write_mem</name>
         <load_address>0x4f30</load_address>
         <readonly>true</readonly>
         <executable>true</executable>
         <run_address>0x4f30</run_address>
         <size>0xac</size>
         <alignment>0x4</alignment>
         <input_file_ref idref="fl-7"/>
      </object_component>
      <object_component id="oc-325">
         <name>.text</name>
         <load_address>0x4fdc</load_address>
         <readonly>true</readonly>
         <executable>true</executable>
         <run_address>0x4fdc</run_address>
         <size>0xa2</size>
         <alignment>0x4</alignment>
         <input_file_ref idref="fl-11d"/>
      </object_component>
      <object_component id="oc-279">
         <name>.text._nop</name>
         <load_address>0x507e</load_address>
         <readonly>true</readonly>
         <executable>true</executable>
         <run_address>0x507e</run_address>
         <size>0x2</size>
         <alignment>0x2</alignment>
         <input_file_ref idref="fl-49"/>
      </object_component>
      <object_component id="oc-271">
         <name>.text.Read_Byte</name>
         <load_address>0x5080</load_address>
         <readonly>true</readonly>
         <executable>true</executable>
         <run_address>0x5080</run_address>
         <size>0xa0</size>
         <alignment>0x4</alignment>
         <input_file_ref idref="fl-6"/>
      </object_component>
      <object_component id="oc-113">
         <name>.text.SHOW_Secondpage</name>
         <load_address>0x5120</load_address>
         <readonly>true</readonly>
         <executable>true</executable>
         <run_address>0x5120</run_address>
         <size>0xa0</size>
         <alignment>0x4</alignment>
         <input_file_ref idref="fl-12"/>
      </object_component>
      <object_component id="oc-143">
         <name>.text.SYSCFG_DL_initPower</name>
         <load_address>0x51c0</load_address>
         <readonly>true</readonly>
         <executable>true</executable>
         <run_address>0x51c0</run_address>
         <size>0xa0</size>
         <alignment>0x4</alignment>
         <input_file_ref idref="fl-2"/>
      </object_component>
      <object_component id="oc-214">
         <name>.text.Send_Byte</name>
         <load_address>0x5260</load_address>
         <readonly>true</readonly>
         <executable>true</executable>
         <run_address>0x5260</run_address>
         <size>0xa0</size>
         <alignment>0x4</alignment>
         <input_file_ref idref="fl-6"/>
      </object_component>
      <object_component id="oc-39">
         <name>.text.UART1_IRQHandler</name>
         <load_address>0x5300</load_address>
         <readonly>true</readonly>
         <executable>true</executable>
         <run_address>0x5300</run_address>
         <size>0x9c</size>
         <alignment>0x4</alignment>
         <input_file_ref idref="fl-a"/>
      </object_component>
      <object_component id="oc-2da">
         <name>.text.fputc</name>
         <load_address>0x539c</load_address>
         <readonly>true</readonly>
         <executable>true</executable>
         <run_address>0x539c</run_address>
         <size>0x9c</size>
         <alignment>0x4</alignment>
         <input_file_ref idref="fl-3c"/>
      </object_component>
      <object_component id="oc-22d">
         <name>.text.mpu_set_int_latched</name>
         <load_address>0x5438</load_address>
         <readonly>true</readonly>
         <executable>true</executable>
         <run_address>0x5438</run_address>
         <size>0x9c</size>
         <alignment>0x4</alignment>
         <input_file_ref idref="fl-7"/>
      </object_component>
      <object_component id="oc-16f">
         <name>.text.dmp_set_fifo_rate</name>
         <load_address>0x54d4</load_address>
         <readonly>true</readonly>
         <executable>true</executable>
         <run_address>0x54d4</run_address>
         <size>0x98</size>
         <alignment>0x4</alignment>
         <input_file_ref idref="fl-8"/>
      </object_component>
      <object_component id="oc-235">
         <name>.text.inv_row_2_scale</name>
         <load_address>0x556c</load_address>
         <readonly>true</readonly>
         <executable>true</executable>
         <run_address>0x556c</run_address>
         <size>0x96</size>
         <alignment>0x2</alignment>
         <input_file_ref idref="fl-7"/>
      </object_component>
      <object_component id="oc-21b">
         <name>.text.MPU_Set_LPF</name>
         <load_address>0x5602</load_address>
         <readonly>true</readonly>
         <executable>true</executable>
         <run_address>0x5602</run_address>
         <size>0x8e</size>
         <alignment>0x2</alignment>
         <input_file_ref idref="fl-6"/>
      </object_component>
      <object_component id="oc-146">
         <name>.text.SYSCFG_DL_PWM_Motor_init</name>
         <load_address>0x5690</load_address>
         <readonly>true</readonly>
         <executable>true</executable>
         <run_address>0x5690</run_address>
         <size>0x8c</size>
         <alignment>0x4</alignment>
         <input_file_ref idref="fl-2"/>
      </object_component>
      <object_component id="oc-17f">
         <name>.text.__mulsf3</name>
         <load_address>0x571c</load_address>
         <readonly>true</readonly>
         <executable>true</executable>
         <run_address>0x571c</run_address>
         <size>0x8c</size>
         <alignment>0x4</alignment>
         <input_file_ref idref="fl-107"/>
      </object_component>
      <object_component id="oc-244">
         <name>.text.decode_gesture</name>
         <load_address>0x57a8</load_address>
         <readonly>true</readonly>
         <executable>true</executable>
         <run_address>0x57a8</run_address>
         <size>0x8c</size>
         <alignment>0x4</alignment>
         <input_file_ref idref="fl-8"/>
      </object_component>
      <object_component id="oc-3e">
         <name>.text.TIMG0_IRQHandler</name>
         <load_address>0x5834</load_address>
         <readonly>true</readonly>
         <executable>true</executable>
         <run_address>0x5834</run_address>
         <size>0xc</size>
         <alignment>0x4</alignment>
         <input_file_ref idref="fl-b"/>
      </object_component>
      <object_component id="oc-3fb">
         <name>.text:strcmp</name>
         <load_address>0x5840</load_address>
         <readonly>true</readonly>
         <executable>true</executable>
         <run_address>0x5840</run_address>
         <size>0x88</size>
         <alignment>0x10</alignment>
         <input_file_ref idref="fl-125"/>
      </object_component>
      <object_component id="oc-272">
         <name>.text.IIC_Send_Ack</name>
         <load_address>0x58c8</load_address>
         <readonly>true</readonly>
         <executable>true</executable>
         <run_address>0x58c8</run_address>
         <size>0x84</size>
         <alignment>0x4</alignment>
         <input_file_ref idref="fl-6"/>
      </object_component>
      <object_component id="oc-1df">
         <name>.text.__NVIC_SetPriority</name>
         <load_address>0x594c</load_address>
         <readonly>true</readonly>
         <executable>true</executable>
         <run_address>0x594c</run_address>
         <size>0x84</size>
         <alignment>0x4</alignment>
         <input_file_ref idref="fl-2"/>
      </object_component>
      <object_component id="oc-17b">
         <name>.text.__divsf3</name>
         <load_address>0x59d0</load_address>
         <readonly>true</readonly>
         <executable>true</executable>
         <run_address>0x59d0</run_address>
         <size>0x82</size>
         <alignment>0x4</alignment>
         <input_file_ref idref="fl-108"/>
      </object_component>
      <object_component id="oc-38c">
         <name>.text.__TI_closefile</name>
         <load_address>0x5a54</load_address>
         <readonly>true</readonly>
         <executable>true</executable>
         <run_address>0x5a54</run_address>
         <size>0x7c</size>
         <alignment>0x4</alignment>
         <input_file_ref idref="fl-5e"/>
      </object_component>
      <object_component id="oc-1c">
         <name>.text:decompress:lzss</name>
         <load_address>0x5ad0</load_address>
         <readonly>true</readonly>
         <executable>true</executable>
         <run_address>0x5ad0</run_address>
         <size>0x7c</size>
         <alignment>0x4</alignment>
         <input_file_ref idref="fl-58"/>
      </object_component>
      <object_component id="oc-2b7">
         <name>.text.__gedf2</name>
         <load_address>0x5b4c</load_address>
         <readonly>true</readonly>
         <executable>true</executable>
         <run_address>0x5b4c</run_address>
         <size>0x74</size>
         <alignment>0x4</alignment>
         <input_file_ref idref="fl-11f"/>
      </object_component>
      <object_component id="oc-191">
         <name>.text.__truncdfsf2</name>
         <load_address>0x5bc0</load_address>
         <readonly>true</readonly>
         <executable>true</executable>
         <run_address>0x5bc0</run_address>
         <size>0x74</size>
         <alignment>0x10</alignment>
         <input_file_ref idref="fl-113"/>
      </object_component>
      <object_component id="oc-151">
         <name>.text.delay_us</name>
         <load_address>0x5c34</load_address>
         <readonly>true</readonly>
         <executable>true</executable>
         <run_address>0x5c34</run_address>
         <size>0x74</size>
         <alignment>0x4</alignment>
         <input_file_ref idref="fl-d"/>
      </object_component>
      <object_component id="oc-2a3">
         <name>.text.mpu_get_accel_fsr</name>
         <load_address>0x5ca8</load_address>
         <readonly>true</readonly>
         <executable>true</executable>
         <run_address>0x5ca8</run_address>
         <size>0x74</size>
         <alignment>0x4</alignment>
         <input_file_ref idref="fl-7"/>
      </object_component>
      <object_component id="oc-19e">
         <name>.text.OLED_ShowString</name>
         <load_address>0x5d1c</load_address>
         <readonly>true</readonly>
         <executable>true</executable>
         <run_address>0x5d1c</run_address>
         <size>0x70</size>
         <alignment>0x2</alignment>
         <input_file_ref idref="fl-9"/>
      </object_component>
      <object_component id="oc-114">
         <name>.text.SHOW_Thirdpage</name>
         <load_address>0x5d8c</load_address>
         <readonly>true</readonly>
         <executable>true</executable>
         <run_address>0x5d8c</run_address>
         <size>0x70</size>
         <alignment>0x4</alignment>
         <input_file_ref idref="fl-12"/>
      </object_component>
      <object_component id="oc-3a5">
         <name>.text.HOSTlseek</name>
         <load_address>0x5dfc</load_address>
         <readonly>true</readonly>
         <executable>true</executable>
         <run_address>0x5dfc</run_address>
         <size>0x6c</size>
         <alignment>0x4</alignment>
         <input_file_ref idref="fl-fc"/>
      </object_component>
      <object_component id="oc-3ad">
         <name>.text.HOSTrename</name>
         <load_address>0x5e68</load_address>
         <readonly>true</readonly>
         <executable>true</executable>
         <run_address>0x5e68</run_address>
         <size>0x6c</size>
         <alignment>0x4</alignment>
         <input_file_ref idref="fl-ff"/>
      </object_component>
      <object_component id="oc-369">
         <name>.text.fseeko</name>
         <load_address>0x5ed4</load_address>
         <readonly>true</readonly>
         <executable>true</executable>
         <run_address>0x5ed4</run_address>
         <size>0x6c</size>
         <alignment>0x4</alignment>
         <input_file_ref idref="fl-5b"/>
      </object_component>
      <object_component id="oc-3ef">
         <name>.text.getdevice</name>
         <load_address>0x5f40</load_address>
         <readonly>true</readonly>
         <executable>true</executable>
         <run_address>0x5f40</run_address>
         <size>0x6c</size>
         <alignment>0x4</alignment>
         <input_file_ref idref="fl-122"/>
      </object_component>
      <object_component id="oc-10d">
         <name>.text.OLED_Clear</name>
         <load_address>0x5fac</load_address>
         <readonly>true</readonly>
         <executable>true</executable>
         <run_address>0x5fac</run_address>
         <size>0x6a</size>
         <alignment>0x2</alignment>
         <input_file_ref idref="fl-9"/>
      </object_component>
      <object_component id="oc-161">
         <name>.text.MPU_Set_Rate</name>
         <load_address>0x6018</load_address>
         <readonly>true</readonly>
         <executable>true</executable>
         <run_address>0x6018</run_address>
         <size>0x68</size>
         <alignment>0x4</alignment>
         <input_file_ref idref="fl-6"/>
      </object_component>
      <object_component id="oc-2b1">
         <name>.text.__ledf2</name>
         <load_address>0x6080</load_address>
         <readonly>true</readonly>
         <executable>true</executable>
         <run_address>0x6080</run_address>
         <size>0x68</size>
         <alignment>0x4</alignment>
         <input_file_ref idref="fl-11f"/>
      </object_component>
      <object_component id="oc-342">
         <name>.text._mcpy</name>
         <load_address>0x60e8</load_address>
         <readonly>true</readonly>
         <executable>true</executable>
         <run_address>0x60e8</run_address>
         <size>0x66</size>
         <alignment>0x2</alignment>
         <input_file_ref idref="fl-3a"/>
      </object_component>
      <object_component id="oc-23a">
         <name>.text.dmp_set_tap_axes</name>
         <load_address>0x614e</load_address>
         <readonly>true</readonly>
         <executable>true</executable>
         <run_address>0x614e</run_address>
         <size>0x66</size>
         <alignment>0x2</alignment>
         <input_file_ref idref="fl-8"/>
      </object_component>
      <object_component id="oc-14a">
         <name>.text.SYSCFG_DL_I2C_OLED_init</name>
         <load_address>0x61b4</load_address>
         <readonly>true</readonly>
         <executable>true</executable>
         <run_address>0x61b4</run_address>
         <size>0x64</size>
         <alignment>0x4</alignment>
         <input_file_ref idref="fl-2"/>
      </object_component>
      <object_component id="oc-306">
         <name>.text.__TI_wrt_ok</name>
         <load_address>0x6218</load_address>
         <readonly>true</readonly>
         <executable>true</executable>
         <run_address>0x6218</run_address>
         <size>0x64</size>
         <alignment>0x2</alignment>
         <input_file_ref idref="fl-3e"/>
      </object_component>
      <object_component id="oc-3b7">
         <name>.text.split</name>
         <load_address>0x627c</load_address>
         <readonly>true</readonly>
         <executable>true</executable>
         <run_address>0x627c</run_address>
         <size>0x64</size>
         <alignment>0x4</alignment>
         <input_file_ref idref="fl-50"/>
      </object_component>
      <object_component id="oc-254">
         <name>.text.__aeabi_dcmp</name>
         <load_address>0x62e0</load_address>
         <readonly>true</readonly>
         <executable>true</executable>
         <run_address>0x62e0</run_address>
         <size>0x62</size>
         <alignment>0x4</alignment>
         <input_file_ref idref="fl-114"/>
      </object_component>
      <object_component id="oc-395">
         <name>.text.HOSTopen</name>
         <load_address>0x6344</load_address>
         <readonly>true</readonly>
         <executable>true</executable>
         <run_address>0x6344</run_address>
         <size>0x60</size>
         <alignment>0x4</alignment>
         <input_file_ref idref="fl-fd"/>
      </object_component>
      <object_component id="oc-213">
         <name>.text.IIC_Start</name>
         <load_address>0x63a4</load_address>
         <readonly>true</readonly>
         <executable>true</executable>
         <run_address>0x63a4</run_address>
         <size>0x60</size>
         <alignment>0x4</alignment>
         <input_file_ref idref="fl-6"/>
      </object_component>
      <object_component id="oc-81">
         <name>.text.KEY_VAL</name>
         <load_address>0x6404</load_address>
         <readonly>true</readonly>
         <executable>true</executable>
         <run_address>0x6404</run_address>
         <size>0x60</size>
         <alignment>0x4</alignment>
         <input_file_ref idref="fl-10"/>
      </object_component>
      <object_component id="oc-238">
         <name>.text.dmp_enable_gyro_cal</name>
         <load_address>0x6464</load_address>
         <readonly>true</readonly>
         <executable>true</executable>
         <run_address>0x6464</run_address>
         <size>0x60</size>
         <alignment>0x4</alignment>
         <input_file_ref idref="fl-8"/>
      </object_component>
      <object_component id="oc-9d">
         <name>.text.DL_I2C_fillControllerTXFIFO</name>
         <load_address>0x64c4</load_address>
         <readonly>true</readonly>
         <executable>true</executable>
         <run_address>0x64c4</run_address>
         <size>0x5e</size>
         <alignment>0x2</alignment>
         <input_file_ref idref="fl-22"/>
      </object_component>
      <object_component id="oc-162">
         <name>.text.MPU6050ReadID</name>
         <load_address>0x6524</load_address>
         <readonly>true</readonly>
         <executable>true</executable>
         <run_address>0x6524</run_address>
         <size>0x5c</size>
         <alignment>0x4</alignment>
         <input_file_ref idref="fl-6"/>
      </object_component>
      <object_component id="oc-32a">
         <name>.text.frexp</name>
         <load_address>0x6580</load_address>
         <readonly>true</readonly>
         <executable>true</executable>
         <run_address>0x6580</run_address>
         <size>0x5c</size>
         <alignment>0x4</alignment>
         <input_file_ref idref="fl-45"/>
      </object_component>
      <object_component id="oc-21c">
         <name>.text.printf</name>
         <load_address>0x65dc</load_address>
         <readonly>true</readonly>
         <executable>true</executable>
         <run_address>0x65dc</run_address>
         <size>0x5c</size>
         <alignment>0x4</alignment>
         <input_file_ref idref="fl-39"/>
      </object_component>
      <object_component id="oc-39d">
         <name>.text.HOSTread</name>
         <load_address>0x6638</load_address>
         <readonly>true</readonly>
         <executable>true</executable>
         <run_address>0x6638</run_address>
         <size>0x58</size>
         <alignment>0x4</alignment>
         <input_file_ref idref="fl-fe"/>
      </object_component>
      <object_component id="oc-3a1">
         <name>.text.HOSTwrite</name>
         <load_address>0x6690</load_address>
         <readonly>true</readonly>
         <executable>true</executable>
         <run_address>0x6690</run_address>
         <size>0x58</size>
         <alignment>0x4</alignment>
         <input_file_ref idref="fl-101"/>
      </object_component>
      <object_component id="oc-216">
         <name>.text.IIC_Stop</name>
         <load_address>0x66e8</load_address>
         <readonly>true</readonly>
         <executable>true</executable>
         <run_address>0x66e8</run_address>
         <size>0x58</size>
         <alignment>0x4</alignment>
         <input_file_ref idref="fl-6"/>
      </object_component>
      <object_component id="oc-336">
         <name>.text.__TI_ltoa</name>
         <load_address>0x6740</load_address>
         <readonly>true</readonly>
         <executable>true</executable>
         <run_address>0x6740</run_address>
         <size>0x58</size>
         <alignment>0x2</alignment>
         <input_file_ref idref="fl-4a"/>
      </object_component>
      <object_component id="oc-304">
         <name>.text._pconv_f</name>
         <load_address>0x6798</load_address>
         <readonly>true</readonly>
         <executable>true</executable>
         <run_address>0x6798</run_address>
         <size>0x58</size>
         <alignment>0x2</alignment>
         <input_file_ref idref="fl-3a"/>
      </object_component>
      <object_component id="oc-2a8">
         <name>.text.__aeabi_idivmod</name>
         <load_address>0x67f0</load_address>
         <readonly>true</readonly>
         <executable>true</executable>
         <run_address>0x67f0</run_address>
         <size>0x56</size>
         <alignment>0x4</alignment>
         <input_file_ref idref="fl-116"/>
      </object_component>
      <object_component id="oc-10c">
         <name>.text.LED_OFF</name>
         <load_address>0x6848</load_address>
         <readonly>true</readonly>
         <executable>true</executable>
         <run_address>0x6848</run_address>
         <size>0x54</size>
         <alignment>0x4</alignment>
         <input_file_ref idref="fl-11"/>
      </object_component>
      <object_component id="oc-107">
         <name>.text.LED_ON</name>
         <load_address>0x689c</load_address>
         <readonly>true</readonly>
         <executable>true</executable>
         <run_address>0x689c</run_address>
         <size>0x54</size>
         <alignment>0x4</alignment>
         <input_file_ref idref="fl-11"/>
      </object_component>
      <object_component id="oc-106">
         <name>.text.MPU6050ReadAcc</name>
         <load_address>0x68f0</load_address>
         <readonly>true</readonly>
         <executable>true</executable>
         <run_address>0x68f0</run_address>
         <size>0x54</size>
         <alignment>0x2</alignment>
         <input_file_ref idref="fl-6"/>
      </object_component>
      <object_component id="oc-310">
         <name>.text.__TI_doflush</name>
         <load_address>0x6944</load_address>
         <readonly>true</readonly>
         <executable>true</executable>
         <run_address>0x6944</run_address>
         <size>0x52</size>
         <alignment>0x2</alignment>
         <input_file_ref idref="fl-59"/>
      </object_component>
      <object_component id="oc-340">
         <name>.text._ecpy</name>
         <load_address>0x6996</load_address>
         <readonly>true</readonly>
         <executable>true</executable>
         <run_address>0x6996</run_address>
         <size>0x52</size>
         <alignment>0x2</alignment>
         <input_file_ref idref="fl-3a"/>
      </object_component>
      <object_component id="oc-212">
         <name>.text.DL_I2C_startControllerTransfer</name>
         <load_address>0x69e8</load_address>
         <readonly>true</readonly>
         <executable>true</executable>
         <run_address>0x69e8</run_address>
         <size>0x50</size>
         <alignment>0x4</alignment>
         <input_file_ref idref="fl-9"/>
      </object_component>
      <object_component id="oc-3b9">
         <name>.text.close</name>
         <load_address>0x6a38</load_address>
         <readonly>true</readonly>
         <executable>true</executable>
         <run_address>0x6a38</run_address>
         <size>0x50</size>
         <alignment>0x4</alignment>
         <input_file_ref idref="fl-f9"/>
      </object_component>
      <object_component id="oc-20a">
         <name>.text.DL_UART_setBaudRateDivisor</name>
         <load_address>0x6a88</load_address>
         <readonly>true</readonly>
         <executable>true</executable>
         <run_address>0x6a88</run_address>
         <size>0x4c</size>
         <alignment>0x4</alignment>
         <input_file_ref idref="fl-2"/>
      </object_component>
      <object_component id="oc-332">
         <name>.text.__fixdfsi</name>
         <load_address>0x6ad4</load_address>
         <readonly>true</readonly>
         <executable>true</executable>
         <run_address>0x6ad4</run_address>
         <size>0x4a</size>
         <alignment>0x4</alignment>
         <input_file_ref idref="fl-10b"/>
      </object_component>
      <object_component id="oc-208">
         <name>.text.DL_UART_init</name>
         <load_address>0x6b20</load_address>
         <readonly>true</readonly>
         <executable>true</executable>
         <run_address>0x6b20</run_address>
         <size>0x48</size>
         <alignment>0x4</alignment>
         <input_file_ref idref="fl-24"/>
      </object_component>
      <object_component id="oc-399">
         <name>.text.HOSTclose</name>
         <load_address>0x6b68</load_address>
         <readonly>true</readonly>
         <executable>true</executable>
         <run_address>0x6b68</run_address>
         <size>0x48</size>
         <alignment>0x4</alignment>
         <input_file_ref idref="fl-fb"/>
      </object_component>
      <object_component id="oc-3a9">
         <name>.text.HOSTunlink</name>
         <load_address>0x6bb0</load_address>
         <readonly>true</readonly>
         <executable>true</executable>
         <run_address>0x6bb0</run_address>
         <size>0x48</size>
         <alignment>0x4</alignment>
         <input_file_ref idref="fl-100"/>
      </object_component>
      <object_component id="oc-14b">
         <name>.text.SYSCFG_DL_UART_1_init</name>
         <load_address>0x6bf8</load_address>
         <readonly>true</readonly>
         <executable>true</executable>
         <run_address>0x6bf8</run_address>
         <size>0x48</size>
         <alignment>0x4</alignment>
         <input_file_ref idref="fl-2"/>
      </object_component>
      <object_component id="oc-242">
         <name>.text.dmp_enable_6x_lp_quat</name>
         <load_address>0x6c40</load_address>
         <readonly>true</readonly>
         <executable>true</executable>
         <run_address>0x6c40</run_address>
         <size>0x48</size>
         <alignment>0x4</alignment>
         <input_file_ref idref="fl-8"/>
      </object_component>
      <object_component id="oc-241">
         <name>.text.dmp_enable_lp_quat</name>
         <load_address>0x6c88</load_address>
         <readonly>true</readonly>
         <executable>true</executable>
         <run_address>0x6c88</run_address>
         <size>0x48</size>
         <alignment>0x4</alignment>
         <input_file_ref idref="fl-8"/>
      </object_component>
      <object_component id="oc-23e">
         <name>.text.dmp_set_shake_reject_thresh</name>
         <load_address>0x6cd0</load_address>
         <readonly>true</readonly>
         <executable>true</executable>
         <run_address>0x6cd0</run_address>
         <size>0x44</size>
         <alignment>0x2</alignment>
         <input_file_ref idref="fl-8"/>
      </object_component>
      <object_component id="oc-23b">
         <name>.text.dmp_set_tap_count</name>
         <load_address>0x6d14</load_address>
         <readonly>true</readonly>
         <executable>true</executable>
         <run_address>0x6d14</run_address>
         <size>0x44</size>
         <alignment>0x2</alignment>
         <input_file_ref idref="fl-8"/>
      </object_component>
      <object_component id="oc-df">
         <name>.text.__fixunsdfsi</name>
         <load_address>0x6d58</load_address>
         <readonly>true</readonly>
         <executable>true</executable>
         <run_address>0x6d58</run_address>
         <size>0x42</size>
         <alignment>0x4</alignment>
         <input_file_ref idref="fl-10d"/>
      </object_component>
      <object_component id="oc-148">
         <name>.text.SYSCFG_DL_TIMER_0_init</name>
         <load_address>0x6d9c</load_address>
         <readonly>true</readonly>
         <executable>true</executable>
         <run_address>0x6d9c</run_address>
         <size>0x40</size>
         <alignment>0x4</alignment>
         <input_file_ref idref="fl-2"/>
      </object_component>
      <object_component id="oc-147">
         <name>.text.SYSCFG_DL_TIMER_USOUND_init</name>
         <load_address>0x6ddc</load_address>
         <readonly>true</readonly>
         <executable>true</executable>
         <run_address>0x6ddc</run_address>
         <size>0x40</size>
         <alignment>0x4</alignment>
         <input_file_ref idref="fl-2"/>
      </object_component>
      <object_component id="oc-f1">
         <name>.text.SYSCFG_DL_init</name>
         <load_address>0x6e1c</load_address>
         <readonly>true</readonly>
         <executable>true</executable>
         <run_address>0x6e1c</run_address>
         <size>0x40</size>
         <alignment>0x4</alignment>
         <input_file_ref idref="fl-2"/>
      </object_component>
      <object_component id="oc-217">
         <name>.text.__aeabi_uidivmod</name>
[...]
         <object_component_ref idref="oc-119"/>
      </symbol>
      <symbol id="sm-513">
         <name>__TI_cleanup_ptr</name>
         <value>0x20200d90</value>
         <object_component_ref idref="oc-1bb"/>
      </symbol>
      <symbol id="sm-514">
         <name>__TI_dtors_ptr</name>
         <value>0x20200d94</value>
         <object_component_ref idref="oc-1bb"/>
      </symbol>
      <symbol id="sm-515">
         <name>exit</name>
         <value>0x7241</value>
         <object_component_ref idref="oc-11e"/>
      </symbol>
      <symbol id="sm-51e">
         <name>_nop</name>
         <value>0x507f</value>
         <object_component_ref idref="oc-279"/>
      </symbol>
      <symbol id="sm-51f">
         <name>_lock</name>
         <value>0x20200db0</value>
         <object_component_ref idref="oc-1b9"/>
      </symbol>
      <symbol id="sm-520">
         <name>_unlock</name>
         <value>0x20200db4</value>
         <object_component_ref idref="oc-1bc"/>
      </symbol>
      <symbol id="sm-529">
         <name>__TI_ltoa</name>
         <value>0x6741</value>
         <object_component_ref idref="oc-336"/>
      </symbol>
      <symbol id="sm-534">
         <name>atoi</name>
         <value>0x6edd</value>
         <object_component_ref idref="oc-2f1"/>
      </symbol>
      <symbol id="sm-539">
         <name>_ftable</name>
         <value>0x20200b90</value>
         <object_component_ref idref="oc-291"/>
      </symbol>
      <symbol id="sm-53a">
         <name>__TI_ft_end</name>
         <value>0x20200da8</value>
         <object_component_ref idref="oc-392"/>
      </symbol>
      <symbol id="sm-53b">
         <name>__TI_tmpnams</name>
         <value>0x20200920</value>
         <object_component_ref idref="oc-3c1"/>
      </symbol>
      <symbol id="sm-544">
         <name>memccpy</name>
         <value>0x7813</value>
         <object_component_ref idref="oc-2ea"/>
      </symbol>
      <symbol id="sm-54d">
         <name>memcmp</name>
         <value>0x7855</value>
         <object_component_ref idref="oc-29b"/>
      </symbol>
      <symbol id="sm-570">
         <name>malloc</name>
         <value>0x809d</value>
         <object_component_ref idref="oc-372"/>
      </symbol>
      <symbol id="sm-571">
         <name>aligned_alloc</name>
         <value>0x35e1</value>
         <object_component_ref idref="oc-38b"/>
      </symbol>
      <symbol id="sm-572">
         <name>free</name>
         <value>0x3fe1</value>
         <object_component_ref idref="oc-36c"/>
      </symbol>
      <symbol id="sm-573">
         <name>_sys_memory</name>
         <value>0x20200000</value>
         <object_component_ref idref="oc-388"/>
      </symbol>
      <symbol id="sm-574">
         <name>memalign</name>
         <value>0x35e1</value>
         <object_component_ref idref="oc-38b"/>
      </symbol>
      <symbol id="sm-57f">
         <name>_c_int00_noargs</name>
         <value>0x76e9</value>
         <object_component_ref idref="oc-69"/>
      </symbol>
      <symbol id="sm-580">
         <name>__stack</name>
         <value>0x20207e00</value>
         <object_component_ref idref="oc-1a"/>
      </symbol>
      <symbol id="sm-58f">
         <name>__TI_auto_init_nobinit_nopinit</name>
         <value>0x7089</value>
         <object_component_ref idref="oc-120"/>
      </symbol>
      <symbol id="sm-597">
         <name>_system_pre_init</name>
         <value>0x81a9</value>
         <object_component_ref idref="oc-b5"/>
      </symbol>
      <symbol id="sm-5a2">
         <name>__TI_zero_init_nomemset</name>
         <value>0x7e19</value>
         <object_component_ref idref="oc-60"/>
      </symbol>
      <symbol id="sm-5ab">
         <name>__TI_decompress_none</name>
         <value>0x7fa3</value>
         <object_component_ref idref="oc-20"/>
      </symbol>
      <symbol id="sm-5b6">
         <name>__TI_decompress_lzss</name>
         <value>0x5ad1</value>
         <object_component_ref idref="oc-1c"/>
      </symbol>
      <symbol id="sm-5c0">
         <name>__TI_doflush</name>
         <value>0x6945</value>
         <object_component_ref idref="oc-310"/>
      </symbol>
      <symbol id="sm-5cb">
         <name>__TI_cleanup</name>
         <value>0x71a5</value>
         <object_component_ref idref="oc-373"/>
      </symbol>
      <symbol id="sm-5d8">
         <name>fseek</name>
         <value>0x8155</value>
         <object_component_ref idref="oc-345"/>
      </symbol>
      <symbol id="sm-5d9">
         <name>fseeko</name>
         <value>0x5ed5</value>
         <object_component_ref idref="oc-369"/>
      </symbol>
      <symbol id="sm-5da">
         <name>__aeabi_ctype_table_</name>
         <value>0x95c0</value>
         <object_component_ref idref="oc-31d"/>
      </symbol>
      <symbol id="sm-5db">
         <name>__aeabi_ctype_table_C</name>
         <value>0x95c0</value>
         <object_component_ref idref="oc-31d"/>
      </symbol>
      <symbol id="sm-5e7">
         <name>__TI_closefile</name>
         <value>0x5a55</value>
         <object_component_ref idref="oc-38c"/>
      </symbol>
      <symbol id="sm-5f1">
         <name>write</name>
         <value>0x76c1</value>
         <object_component_ref idref="oc-30c"/>
      </symbol>
      <symbol id="sm-5f6">
         <name>_device</name>
         <value>0x20200c80</value>
         <object_component_ref idref="oc-37c"/>
      </symbol>
      <symbol id="sm-5f7">
         <name>_stream</name>
         <value>0x20200cf8</value>
         <object_component_ref idref="oc-351"/>
      </symbol>
      <symbol id="sm-600">
         <name>remove</name>
         <value>0x8165</value>
         <object_component_ref idref="oc-3bd"/>
      </symbol>
      <symbol id="sm-60b">
         <name>lseek</name>
         <value>0x7699</value>
         <object_component_ref idref="oc-381"/>
      </symbol>
      <symbol id="sm-615">
         <name>close</name>
         <value>0x6a39</value>
         <object_component_ref idref="oc-3b9"/>
      </symbol>
      <symbol id="sm-61f">
         <name>unlink</name>
         <value>0x752d</value>
         <object_component_ref idref="oc-3e5"/>
      </symbol>
      <symbol id="sm-629">
         <name>HOSTclose</name>
         <value>0x6b69</value>
         <object_component_ref idref="oc-399"/>
      </symbol>
      <symbol id="sm-633">
         <name>HOSTlseek</name>
         <value>0x5dfd</value>
         <object_component_ref idref="oc-3a5"/>
      </symbol>
      <symbol id="sm-63d">
         <name>HOSTopen</name>
         <value>0x6345</value>
         <object_component_ref idref="oc-395"/>
      </symbol>
      <symbol id="sm-63e">
         <name>parmbuf</name>
         <value>0x20200b40</value>
         <object_component_ref idref="oc-3cb"/>
      </symbol>
      <symbol id="sm-648">
         <name>HOSTread</name>
         <value>0x6639</value>
         <object_component_ref idref="oc-39d"/>
      </symbol>
      <symbol id="sm-659">
         <name>HOSTrename</name>
         <value>0x5e69</value>
         <object_component_ref idref="oc-3ad"/>
      </symbol>
      <symbol id="sm-663">
         <name>HOSTunlink</name>
         <value>0x6bb1</value>
         <object_component_ref idref="oc-3a9"/>
      </symbol>
      <symbol id="sm-66d">
         <name>HOSTwrite</name>
         <value>0x6691</value>
         <object_component_ref idref="oc-3a1"/>
      </symbol>
      <symbol id="sm-67b">
         <name>C$$IO$$</name>
         <value>0x7239</value>
         <object_component_ref idref="oc-3c4"/>
      </symbol>
      <symbol id="sm-67c">
         <name>__TI_writemsg</name>
         <value>0x720d</value>
         <object_component_ref idref="oc-3c4"/>
      </symbol>
      <symbol id="sm-67d">
         <name>__CIOBUF_</name>
         <value>0x20200800</value>
         <object_component_ref idref="oc-3ec"/>
      </symbol>
      <symbol id="sm-67e">
         <name>__TI_readmsg</name>
         <value>0x71d9</value>
         <object_component_ref idref="oc-3ca"/>
      </symbol>
      <symbol id="sm-67f">
         <name>_CIOBUF_</name>
         <value>0x20200800</value>
         <object_component_ref idref="oc-3ec"/>
      </symbol>
      <symbol id="sm-685">
         <name>__aeabi_fadd</name>
         <value>0x452f</value>
         <object_component_ref idref="oc-183"/>
      </symbol>
      <symbol id="sm-686">
         <name>__addsf3</name>
         <value>0x452f</value>
         <object_component_ref idref="oc-183"/>
      </symbol>
      <symbol id="sm-687">
         <name>__aeabi_fsub</name>
         <value>0x4525</value>
         <object_component_ref idref="oc-183"/>
      </symbol>
      <symbol id="sm-688">
         <name>__subsf3</name>
         <value>0x4525</value>
         <object_component_ref idref="oc-183"/>
      </symbol>
      <symbol id="sm-68e">
         <name>__aeabi_dadd</name>
         <value>0x2587</value>
         <object_component_ref idref="oc-250"/>
      </symbol>
      <symbol id="sm-68f">
         <name>__adddf3</name>
         <value>0x2587</value>
         <object_component_ref idref="oc-250"/>
      </symbol>
      <symbol id="sm-690">
         <name>__aeabi_dsub</name>
         <value>0x257d</value>
         <object_component_ref idref="oc-250"/>
      </symbol>
      <symbol id="sm-691">
         <name>__subdf3</name>
         <value>0x257d</value>
         <object_component_ref idref="oc-250"/>
      </symbol>
      <symbol id="sm-69d">
         <name>__aeabi_dmul</name>
         <value>0x40c9</value>
         <object_component_ref idref="oc-db"/>
      </symbol>
      <symbol id="sm-69e">
         <name>__muldf3</name>
         <value>0x40c9</value>
         <object_component_ref idref="oc-db"/>
      </symbol>
      <symbol id="sm-6a7">
         <name>__muldsi3</name>
         <value>0x70c5</value>
         <object_component_ref idref="oc-136"/>
      </symbol>
      <symbol id="sm-6ad">
         <name>__aeabi_fmul</name>
         <value>0x571d</value>
         <object_component_ref idref="oc-17f"/>
      </symbol>
      <symbol id="sm-6ae">
         <name>__mulsf3</name>
         <value>0x571d</value>
         <object_component_ref idref="oc-17f"/>
      </symbol>
      <symbol id="sm-6b4">
         <name>__aeabi_fdiv</name>
         <value>0x59d1</value>
         <object_component_ref idref="oc-17b"/>
      </symbol>
      <symbol id="sm-6b5">
         <name>__divsf3</name>
         <value>0x59d1</value>
         <object_component_ref idref="oc-17b"/>
      </symbol>
      <symbol id="sm-6bb">
         <name>__aeabi_ddiv</name>
         <value>0x3805</value>
         <object_component_ref idref="oc-261"/>
      </symbol>
      <symbol id="sm-6bc">
         <name>__divdf3</name>
         <value>0x3805</value>
         <object_component_ref idref="oc-261"/>
      </symbol>
      <symbol id="sm-6c5">
         <name>__aeabi_f2d</name>
         <value>0x6e9d</value>
         <object_component_ref idref="oc-187"/>
      </symbol>
      <symbol id="sm-6c6">
         <name>__extendsfdf2</name>
         <value>0x6e9d</value>
         <object_component_ref idref="oc-187"/>
      </symbol>
      <symbol id="sm-6cc">
         <name>__aeabi_d2iz</name>
         <value>0x6ad5</value>
         <object_component_ref idref="oc-332"/>
      </symbol>
      <symbol id="sm-6cd">
         <name>__fixdfsi</name>
         <value>0x6ad5</value>
         <object_component_ref idref="oc-332"/>
      </symbol>
      <symbol id="sm-6d3">
         <name>__aeabi_f2iz</name>
         <value>0x7101</value>
         <object_component_ref idref="oc-2a4"/>
      </symbol>
      <symbol id="sm-6d4">
         <name>__fixsfsi</name>
         <value>0x7101</value>
         <object_component_ref idref="oc-2a4"/>
      </symbol>
      <symbol id="sm-6da">
         <name>__aeabi_d2uiz</name>
         <value>0x6d59</value>
         <object_component_ref idref="oc-df"/>
      </symbol>
      <symbol id="sm-6db">
         <name>__fixunsdfsi</name>
         <value>0x6d59</value>
         <object_component_ref idref="oc-df"/>
      </symbol>
      <symbol id="sm-6e1">
         <name>__aeabi_i2d</name>
         <value>0x7501</value>
         <object_component_ref idref="oc-33a"/>
      </symbol>
      <symbol id="sm-6e2">
         <name>__floatsidf</name>
         <value>0x7501</value>
         <object_component_ref idref="oc-33a"/>
      </symbol>
      <symbol id="sm-6e8">
         <name>__aeabi_i2f</name>
         <value>0x704d</value>
         <object_component_ref idref="oc-177"/>
      </symbol>
      <symbol id="sm-6e9">
         <name>__floatsisf</name>
         <value>0x704d</value>
         <object_component_ref idref="oc-177"/>
      </symbol>
      <symbol id="sm-6ef">
         <name>__aeabi_ui2d</name>
         <value>0x77a9</value>
         <object_component_ref idref="oc-d7"/>
      </symbol>
      <symbol id="sm-6f0">
         <name>__floatunsidf</name>
         <value>0x77a9</value>
         <object_component_ref idref="oc-d7"/>
      </symbol>
      <symbol id="sm-6f6">
         <name>__aeabi_ui2f</name>
         <value>0x7621</value>
         <object_component_ref idref="oc-29f"/>
      </symbol>
      <symbol id="sm-6f7">
         <name>__floatunsisf</name>
         <value>0x7621</value>
         <object_component_ref idref="oc-29f"/>
      </symbol>
      <symbol id="sm-6fd">
         <name>__aeabi_lmul</name>
         <value>0x77cd</value>
         <object_component_ref idref="oc-2f9"/>
      </symbol>
      <symbol id="sm-6fe">
         <name>__muldi3</name>
         <value>0x77cd</value>
         <object_component_ref idref="oc-2f9"/>
      </symbol>
      <symbol id="sm-705">
         <name>__aeabi_d2f</name>
         <value>0x5bc1</value>
         <object_component_ref idref="oc-191"/>
      </symbol>
      <symbol id="sm-706">
         <name>__truncdfsf2</name>
         <value>0x5bc1</value>
         <object_component_ref idref="oc-191"/>
      </symbol>
      <symbol id="sm-70c">
         <name>__aeabi_dcmpeq</name>
         <value>0x62e1</value>
         <object_component_ref idref="oc-254"/>
      </symbol>
      <symbol id="sm-70d">
         <name>__aeabi_dcmplt</name>
         <value>0x62f5</value>
         <object_component_ref idref="oc-254"/>
      </symbol>
      <symbol id="sm-70e">
         <name>__aeabi_dcmple</name>
         <value>0x6309</value>
         <object_component_ref idref="oc-254"/>
      </symbol>
      <symbol id="sm-70f">
         <name>__aeabi_dcmpge</name>
         <value>0x631d</value>
         <object_component_ref idref="oc-254"/>
      </symbol>
      <symbol id="sm-710">
         <name>__aeabi_dcmpgt</name>
         <value>0x6331</value>
         <object_component_ref idref="oc-254"/>
      </symbol>
      <symbol id="sm-716">
         <name>__aeabi_idiv</name>
         <value>0x67f1</value>
         <object_component_ref idref="oc-2a8"/>
      </symbol>
      <symbol id="sm-717">
         <name>__aeabi_idivmod</name>
         <value>0x67f1</value>
         <object_component_ref idref="oc-2a8"/>
      </symbol>
      <symbol id="sm-71d">
         <name>__aeabi_memcpy</name>
         <value>0x813d</value>
         <object_component_ref idref="oc-59"/>
      </symbol>
      <symbol id="sm-71e">
         <name>__aeabi_memcpy4</name>
         <value>0x813d</value>
         <object_component_ref idref="oc-59"/>
      </symbol>
      <symbol id="sm-71f">
         <name>__aeabi_memcpy8</name>
         <value>0x813d</value>
         <object_component_ref idref="oc-59"/>
      </symbol>
      <symbol id="sm-728">
         <name>__aeabi_memset</name>
         <value>0x8031</value>
         <object_component_ref idref="oc-2e9"/>
      </symbol>
      <symbol id="sm-729">
         <name>__aeabi_memset4</name>
         <value>0x8031</value>
         <object_component_ref idref="oc-2e9"/>
      </symbol>
      <symbol id="sm-72a">
         <name>__aeabi_memset8</name>
         <value>0x8031</value>
         <object_component_ref idref="oc-2e9"/>
      </symbol>
      <symbol id="sm-72b">
         <name>__aeabi_memclr</name>
         <value>0x8079</value>
         <object_component_ref idref="oc-b0"/>
      </symbol>
      <symbol id="sm-72c">
         <name>__aeabi_memclr4</name>
         <value>0x8079</value>
         <object_component_ref idref="oc-b0"/>
      </symbol>
      <symbol id="sm-72d">
         <name>__aeabi_memclr8</name>
         <value>0x8079</value>
         <object_component_ref idref="oc-b0"/>
      </symbol>
      <symbol id="sm-733">
         <name>__aeabi_uidiv</name>
         <value>0x6e5d</value>
         <object_component_ref idref="oc-217"/>
      </symbol>
      <symbol id="sm-734">
         <name>__aeabi_uidivmod</name>
         <value>0x6e5d</value>
         <object_component_ref idref="oc-217"/>
      </symbol>
      <symbol id="sm-73a">
         <name>__aeabi_uldivmod</name>
         <value>0x7f21</value>
         <object_component_ref idref="oc-2fe"/>
      </symbol>
      <symbol id="sm-740">
         <name>__udivmoddi4</name>
         <value>0x4fdd</value>
         <object_component_ref idref="oc-325"/>
      </symbol>
      <symbol id="sm-746">
         <name>__aeabi_llsl</name>
         <value>0x7895</value>
         <object_component_ref idref="oc-359"/>
      </symbol>
      <symbol id="sm-747">
         <name>__ashldi3</name>
         <value>0x7895</value>
         <object_component_ref idref="oc-359"/>
      </symbol>
      <symbol id="sm-755">
         <name>__ledf2</name>
         <value>0x6081</value>
         <object_component_ref idref="oc-2b1"/>
      </symbol>
      <symbol id="sm-756">
         <name>__gedf2</name>
         <value>0x5b4d</value>
         <object_component_ref idref="oc-2b7"/>
      </symbol>
      <symbol id="sm-757">
         <name>__cmpdf2</name>
         <value>0x6081</value>
         <object_component_ref idref="oc-2b1"/>
      </symbol>
      <symbol id="sm-758">
         <name>__eqdf2</name>
         <value>0x6081</value>
         <object_component_ref idref="oc-2b1"/>
      </symbol>
      <symbol id="sm-759">
         <name>__ltdf2</name>
         <value>0x6081</value>
         <object_component_ref idref="oc-2b1"/>
      </symbol>
      <symbol id="sm-75a">
         <name>__nedf2</name>
         <value>0x6081</value>
         <object_component_ref idref="oc-2b1"/>
      </symbol>
      <symbol id="sm-75b">
         <name>__gtdf2</name>
         <value>0x5b4d</value>
         <object_component_ref idref="oc-2b7"/>
      </symbol>
      <symbol id="sm-768">
         <name>__aeabi_idiv0</name>
         <value>0x270f</value>
         <object_component_ref idref="oc-28b"/>
      </symbol>
      <symbol id="sm-769">
         <name>__aeabi_ldiv0</name>
         <value>0x46d3</value>
         <object_component_ref idref="oc-358"/>
      </symbol>
      <symbol id="sm-777">
         <name>finddevice</name>
         <value>0x7275</value>
         <object_component_ref idref="oc-3f8"/>
      </symbol>
      <symbol id="sm-778">
         <name>getdevice</name>
         <value>0x5f41</value>
         <object_component_ref idref="oc-3ef"/>
      </symbol>
      <symbol id="sm-781">
         <name>TI_memcpy_small</name>
         <value>0x7f91</value>
         <object_component_ref idref="oc-e7"/>
      </symbol>
      <symbol id="sm-78a">
         <name>TI_memset_small</name>
         <value>0x8069</value>
         <object_component_ref idref="oc-13d"/>
      </symbol>
      <symbol id="sm-792">
         <name>strcmp</name>
         <value>0x5841</value>
         <object_component_ref idref="oc-3fb"/>
      </symbol>
      <symbol id="sm-793">
         <name>__TI_static_base__</name>
         <value>0x0</value>
      </symbol>
      <symbol id="sm-797">
         <name>__mpu_init</name>
         <value>0x0</value>
      </symbol>
      <symbol id="sm-798">
         <name>_system_post_cinit</name>
         <value>0x0</value>
      </symbol>
   </symbol_table>
   <title>Link successful</title>
</link_info>
