******************************************************************************
            TI ARM Clang Linker PC v4.0.0                      
******************************************************************************
>> Linked Thu May  8 20:55:52 2025

OUTPUT FILE NAME:   <Balance.out>
ENTRY POINT SYMBOL: "_c_int00_noargs"  address: 00006e81


MEMORY CONFIGURATION

         name            origin    length      used     unused   attr    fill
----------------------  --------  ---------  --------  --------  ----  --------
  FLASH                 00000000   00020000  00008ed0  00017130  R  X
  SRAM                  20200000   00008000  00000f73  0000708d  RW X
  BCR_CONFIG            41c00000   000000ff  00000000  000000ff  R   
  BSL_CONFIG            41c00100   00000080  00000000  00000080  R   


SEGMENT ALLOCATION MAP

run origin  load origin   length   init length attrs members
----------  ----------- ---------- ----------- ----- -------
00000000    00000000    00008ed0   00008ed0    r-x
  00000000    00000000    000000c0   000000c0    r-- .intvecs
  000000c0    000000c0    00007670   00007670    r-x .text
  00007730    00007730    00001700   00001700    r-- .rodata
  00008e30    00008e30    000000a0   000000a0    r-- .cinit
20200000    20200000    00000d75   00000000    rw-
  20200000    20200000    00000800   00000000    rw- .sysmem
  20200800    20200800    0000034e   00000000    rw- .bss
  20200b50    20200b50    00000225   00000000    rw- .data
20207e00    20207e00    00000200   00000000    rw-
  20207e00    20207e00    00000200   00000000    rw- .stack


SECTION ALLOCATION MAP

 output                                  attributes/
section   page    origin      length       input sections
--------  ----  ----------  ----------   ----------------
.intvecs   0    00000000    000000c0     
                  00000000    000000c0     startup_mspm0g350x_ticlang.o (.intvecs)

.text      0    000000c0    00007670     
                  000000c0    000009d0     libc.a : _printfi.c.obj (.text:__TI_printfi)
                  00000a90    00000364            : e_asin.c.obj (.text.asin)
                  00000df4    000002f8            : s_atan.c.obj (.text.atan)
                  000010ec    00000278     inv_mpu_dmp_motion_driver.o (.text.dmp_enable_feature)
                  00001364    00000238     inv_mpu_dmp_motion_driver.o (.text.dmp_set_tap_thresh)
                  0000159c    0000022c     inv_mpu.o (.text.mpu_reset_fifo)
                  000017c8    00000220     libc.a : _printfi.c.obj (.text._pconv_a)
                  000019e8    00000214     inv_mpu.o (.text.mpu_dmp_get_data)
                  00001bfc    00000214     inv_mpu.o (.text.mpu_init)
                  00001e10    000001f4     inv_mpu_dmp_motion_driver.o (.text.dmp_read_fifo)
                  00002004    000001dc     libc.a : _printfi.c.obj (.text._pconv_g)
                  000021e0    000001a0     inv_mpu.o (.text.mpu_set_bypass)
                  00002380    00000192     libclang_rt.builtins.a : adddf3.S.obj (.text.adddf3_subdf3)
                  00002512    00000002                            : aeabi_div0.c.obj (.text.__aeabi_idiv0)
                  00002514    00000188     libc.a : e_atan2.c.obj (.text.atan2)
                  0000269c    00000178     inv_mpu_dmp_motion_driver.o (.text.dmp_set_orientation)
                  00002814    00000170     libc.a : e_sqrt.c.obj (.text.sqrt)
                  00002984    0000013c            : _printfi.c.obj (.text.fcvt)
                  00002ac0    00000138     ti_msp_dl_config.o (.text.SYSCFG_DL_GPIO_init)
                  00002bf8    00000130     inv_mpu.o (.text.mpu_set_sensors)
                  00002d28    0000012c     oled.o (.text.I2C0_IRQHandler)
                  00002e54    00000124     inv_mpu.o (.text.mpu_load_firmware)
                  00002f78    00000120     libc.a : _printfi.c.obj (.text._pconv_e)
                  00003098    00000118     oled.o (.text.OLED_ShowChar)
                  000031b0    00000118     inv_mpu.o (.text.mpu_dmp_init)
                  000032c8    00000114     libc.a : memory.c.obj (.text.aligned_alloc)
                  000033dc    00000110     inv_mpu.o (.text.mpu_lp_accel_mode)
                  000034ec    0000010c     libclang_rt.builtins.a : divdf3.S.obj (.text.__divdf3)
                  000035f8    00000108     inv_mpu.o (.text.mpu_read_fifo_stream)
                  00003700    00000104     driverlib.a : dl_timer.o (.text.DL_Timer_initFourCCPWMMode)
                  00003804    00000100     oled.o (.text.OLED_Init)
                  00003904    000000f8     libc.a : fputs.c.obj (.text.fputs)
                  000039fc    000000ec     inv_mpu.o (.text.mpu_set_sample_rate)
                  00003ae8    000000e8     driverlib.a : dl_timer.o (.text.DL_Timer_initTimerMode)
                  00003bd0    000000e8     libc.a : memory.c.obj (.text.free)
                  00003cb8    000000e4     SHOW.o (.text.SHOW)
                  00003d9c    000000e4     libclang_rt.builtins.a : muldf3.S.obj (.text.__muldf3)
                  00003e80    000000e4     inv_mpu.o (.text.mpu_set_accel_fsr)
                  00003f64    000000e0     libc.a : setvbuf.c.obj (.text.setvbuf)
                  00004044    000000dc     oled.o (.text.OLED_WR_Byte)
                  00004120    000000d8     libc.a : s_scalbn.c.obj (.text.scalbn)
                  000041f8    000000d8     libclang_rt.builtins.a : addsf3.S.obj (.text)
                  000042d0    000000d6     bsp_mpu6050.o (.text.MPU6050_ReadData)
                  000043a6    00000002     libclang_rt.builtins.a : aeabi_div0.c.obj (.text.__aeabi_ldiv0)
                  000043a8    000000d4     bsp_mpu6050.o (.text.MPU6050_Init)
                  0000447c    000000d4     inv_mpu.o (.text.set_int_enable)
                  00004550    000000d0     inv_mpu.o (.text.mpu_set_lpf)
                  00004620    000000c8     USOUND.o (.text.USOUND)
                  000046e8    000000c4     inv_mpu.o (.text.mpu_set_gyro_fsr)
                  000047ac    000000c0     bsp_mpu6050.o (.text.I2C_WaitAck)
                  0000486c    000000bc     main.o (.text.main)
                  00004928    000000bc     inv_mpu.o (.text.mpu_configure_fifo)
                  000049e4    000000b8     inv_mpu.o (.text.mpu_set_dmp_state)
                  00004a9c    000000b4     bsp_mpu6050.o (.text.MPU6050_WriteReg)
                  00004b50    000000ac     inv_mpu.o (.text.mpu_read_mem)
                  00004bfc    000000ac     inv_mpu.o (.text.mpu_write_mem)
                  00004ca8    000000a2     libclang_rt.builtins.a : udivmoddi4.S.obj (.text)
                  00004d4a    00000002     libc.a : _lock.c.obj (.text._nop)
                  00004d4c    000000a0     bsp_mpu6050.o (.text.Read_Byte)
                  00004dec    000000a0     bsp_mpu6050.o (.text.Send_Byte)
                  00004e8c    0000009c     libc.a : fputc.c.obj (.text.fputc)
                  00004f28    0000009c     inv_mpu.o (.text.mpu_set_int_latched)
                  00004fc4    00000098     inv_mpu_dmp_motion_driver.o (.text.dmp_set_fifo_rate)
                  0000505c    00000096     inv_mpu.o (.text.inv_row_2_scale)
                  000050f2    00000002     --HOLE-- [fill = 0]
                  000050f4    00000090     ti_msp_dl_config.o (.text.SYSCFG_DL_PWM_Motor_init)
                  00005184    0000008e     bsp_mpu6050.o (.text.MPU_Set_LPF)
                  00005212    00000002     --HOLE-- [fill = 0]
                  00005214    0000008c     ti_msp_dl_config.o (.text.SYSCFG_DL_initPower)
                  000052a0    0000008c     libclang_rt.builtins.a : mulsf3.S.obj (.text.__mulsf3)
                  0000532c    0000008c     inv_mpu_dmp_motion_driver.o (.text.decode_gesture)
                  000053b8    00000008     libc.a : aeabi_portable.c.obj (.text.__aeabi_errno_addr)
                  000053c0    00000088            : strcmp-armv6m.S.obj (.text:strcmp)
                  00005448    00000084     bsp_mpu6050.o (.text.IIC_Send_Ack)
                  000054cc    00000082     libclang_rt.builtins.a : divsf3.S.obj (.text.__divsf3)
                  0000554e    00000002     --HOLE-- [fill = 0]
                  00005550    0000007c     libc.a : fclose.c.obj (.text.__TI_closefile)
                  000055cc    0000007c            : copy_decompress_lzss.c.obj (.text:decompress:lzss)
                  00005648    00000074     libclang_rt.builtins.a : comparedf2.c.obj (.text.__gedf2)
                  000056bc    00000004     startup_mspm0g350x_ticlang.o (.text.Default_Handler)
                  000056c0    00000074     libclang_rt.builtins.a : truncdfsf2.S.obj (.text.__truncdfsf2)
                  00005734    00000074     DELAY.o (.text.delay_us)
                  000057a8    00000074     inv_mpu.o (.text.mpu_get_accel_fsr)
                  0000581c    00000070     oled.o (.text.OLED_ShowString)
                  0000588c    0000006c     libsysbm.a : hostlseek.c.obj (.text.HOSTlseek)
                  000058f8    0000006c                : hostrename.c.obj (.text.HOSTrename)
                  00005964    0000006c     libc.a : fseek.c.obj (.text.fseeko)
                  000059d0    0000006c            : getdevice.c.obj (.text.getdevice)
                  00005a3c    0000006a     oled.o (.text.OLED_Clear)
                  00005aa6    00000002     --HOLE-- [fill = 0]
                  00005aa8    00000068     bsp_mpu6050.o (.text.MPU_Set_Rate)
                  00005b10    00000068     libclang_rt.builtins.a : comparedf2.c.obj (.text.__ledf2)
                  00005b78    00000066     libc.a : _printfi.c.obj (.text._mcpy)
                  00005bde    00000066     inv_mpu_dmp_motion_driver.o (.text.dmp_set_tap_axes)
                  00005c44    00000064     ti_msp_dl_config.o (.text.SYSCFG_DL_I2C_OLED_init)
                  00005ca8    00000064     libc.a : _io_perm.c.obj (.text.__TI_wrt_ok)
                  00005d0c    00000064            : memory.c.obj (.text.split)
                  00005d70    00000062     libclang_rt.builtins.a : aeabi_dcmp.S.obj (.text.__aeabi_dcmp)
                  00005dd2    00000002     --HOLE-- [fill = 0]
                  00005dd4    00000060     libsysbm.a : hostopen.c.obj (.text.HOSTopen)
                  00005e34    00000060     bsp_mpu6050.o (.text.IIC_Start)
                  00005e94    00000060     inv_mpu_dmp_motion_driver.o (.text.dmp_enable_gyro_cal)
                  00005ef4    0000005e     driverlib.a : dl_i2c.o (.text.DL_I2C_fillControllerTXFIFO)
                  00005f52    00000002     --HOLE-- [fill = 0]
                  00005f54    0000005c     bsp_mpu6050.o (.text.MPU6050ReadID)
                  00005fb0    0000005c     libc.a : s_frexp.c.obj (.text.frexp)
                  0000600c    0000005c            : printf.c.obj (.text.printf)
                  00006068    00000058     libsysbm.a : hostread.c.obj (.text.HOSTread)
                  000060c0    00000058                : hostwrite.c.obj (.text.HOSTwrite)
                  00006118    00000058     bsp_mpu6050.o (.text.IIC_Stop)
                  00006170    00000058     libc.a : _ltoa.c.obj (.text.__TI_ltoa)
                  000061c8    00000058            : _printfi.c.obj (.text._pconv_f)
                  00006220    00000056     libclang_rt.builtins.a : aeabi_idivmod.S.obj (.text.__aeabi_idivmod)
                  00006276    00000052     libc.a : fflush.c.obj (.text.__TI_doflush)
                  000062c8    00000052            : _printfi.c.obj (.text._ecpy)
                  0000631a    00000002     --HOLE-- [fill = 0]
                  0000631c    00000050     oled.o (.text.DL_I2C_startControllerTransfer)
                  0000636c    00000050     libsysbm.a : close.c.obj (.text.close)
                  000063bc    0000004a     libclang_rt.builtins.a : fixdfsi.S.obj (.text.__fixdfsi)
                  00006406    00000002     --HOLE-- [fill = 0]
                  00006408    00000048     libsysbm.a : hostclose.c.obj (.text.HOSTclose)
                  00006450    00000048                : hostunlink.c.obj (.text.HOSTunlink)
                  00006498    00000048     inv_mpu_dmp_motion_driver.o (.text.dmp_enable_6x_lp_quat)
                  000064e0    00000048     inv_mpu_dmp_motion_driver.o (.text.dmp_enable_lp_quat)
                  00006528    00000044     inv_mpu_dmp_motion_driver.o (.text.dmp_set_shake_reject_thresh)
                  0000656c    00000044     inv_mpu_dmp_motion_driver.o (.text.dmp_set_tap_count)
                  000065b0    00000042     libclang_rt.builtins.a : fixunsdfsi.S.obj (.text.__fixunsdfsi)
                  000065f2    00000002     --HOLE-- [fill = 0]
                  000065f4    00000040                            : aeabi_uidivmod.S.obj (.text.__aeabi_uidivmod)
                  00006634    00000040                            : extendsfdf2.S.obj (.text.__extendsfdf2)
                  00006674    00000040     libc.a : atoi.c.obj (.text.atoi)
                  000066b4    0000003e     inv_mpu.o (.text.inv_orientation_matrix_to_scalar)
                  000066f2    00000002     --HOLE-- [fill = 0]
                  000066f4    0000003c     ti_msp_dl_config.o (.text.DL_GPIO_initPeripheralInputFunctionFeatures)
                  00006730    0000003c     ti_msp_dl_config.o (.text.DL_Timer_setCounterControl)
                  0000676c    0000003c     oled.o (.text.OLED_Set_Pos)
                  000067a8    0000003c     ti_msp_dl_config.o (.text.SYSCFG_DL_init)
                  000067e4    0000003c     main.o (.text.TIMG6_IRQHandler)
                  00006820    0000003c     libclang_rt.builtins.a : floatsisf.S.obj (.text.__floatsisf)
                  0000685c    0000003c     libc.a : autoinit.c.obj (.text:__TI_auto_init_nobinit_nopinit)
                  00006898    0000003a     libclang_rt.builtins.a : muldsi3.S.obj (.text.__muldsi3)
                  000068d2    00000002     --HOLE-- [fill = 0]
                  000068d4    00000038                            : fixsfsi.S.obj (.text.__fixsfsi)
                  0000690c    00000038     libc.a : sprintf.c.obj (.text.sprintf)
                  00006944    00000034     ti_msp_dl_config.o (.text.DL_GPIO_initDigitalInputFeatures)
                  00006978    00000034     ti_msp_dl_config.o (.text.SYSCFG_DL_TIMER_0_init)
                  000069ac    00000034     ti_msp_dl_config.o (.text.SYSCFG_DL_TIMER_1_init)
                  000069e0    00000034     ti_msp_dl_config.o (.text.SYSCFG_DL_TIMER_USOUND_init)
                  00006a14    00000034     libc.a : fopen.c.obj (.text.__TI_cleanup)
                  00006a48    00000034     libsysbm.a : trgmsg.c.obj (.text.__TI_readmsg)
                  00006a7c    00000034                : trgmsg.c.obj (.text.__TI_writemsg)
                  00006ab0    00000034     libc.a : exit.c.obj (.text.exit)
                  00006ae4    00000034            : getdevice.c.obj (.text.finddevice)
                  00006b18    00000032     inv_mpu_dmp_motion_driver.o (.text.dmp_set_shake_reject_time)
                  00006b4a    00000032     inv_mpu_dmp_motion_driver.o (.text.dmp_set_shake_reject_timeout)
                  00006b7c    00000030     ti_msp_dl_config.o (.text.DL_GPIO_initDigitalOutputFeatures)
                  00006bac    00000030     libc.a : _printfi.c.obj (.text._fcpy)
                  00006bdc    00000030     inv_mpu_dmp_motion_driver.o (.text.dmp_set_tap_time)
                  00006c0c    00000030     inv_mpu_dmp_motion_driver.o (.text.dmp_set_tap_time_multi)
                  00006c3c    0000002c     main.o (.text.__NVIC_ClearPendingIRQ)
                  00006c68    0000002c     main.o (.text.__NVIC_EnableIRQ)
                  00006c94    0000002c     oled.o (.text.__NVIC_EnableIRQ)
                  00006cc0    0000002c     libclang_rt.builtins.a : floatsidf.S.obj (.text.__floatsidf)
                  00006cec    0000002c     libsysbm.a : unlink.c.obj (.text.unlink)
                  00006d18    00000028     oled.o (.text.DL_Common_updateReg)
                  00006d40    00000028     ti_msp_dl_config.o (.text.DL_Common_updateReg)
                  00006d68    00000028     ti_msp_dl_config.o (.text.DL_I2C_setControllerRXFIFOThreshold)
                  00006d90    00000028     ti_msp_dl_config.o (.text.DL_I2C_setControllerTXFIFOThreshold)
                  00006db8    00000028     ti_msp_dl_config.o (.text.DL_SYSTICK_init)
                  00006de0    00000028     libclang_rt.builtins.a : floatunsisf.S.obj (.text.__floatunsisf)
                  00006e08    00000028     libc.a : memory.c.obj (.text.free_list_insert)
                  00006e30    00000028     libsysbm.a : lseek.c.obj (.text.lseek)
                  00006e58    00000028                : write.c.obj (.text.write)
                  00006e80    00000028     libc.a : boot_cortex_m.c.obj (.text:_c_int00_noargs)
                  00006ea8    00000026     ti_msp_dl_config.o (.text.DL_I2C_setAnalogGlitchFilterPulseWidth)
                  00006ece    00000026     driverlib.a : dl_i2c.o (.text.DL_I2C_setClockConfig)
                  00006ef4    00000024     libclang_rt.builtins.a : floatunsidf.S.obj (.text.__floatunsidf)
                  00006f18    00000024                            : muldi3.S.obj (.text.__muldi3)
                  00006f3c    00000022     oled.o (.text.Delay_ms)
                  00006f5e    00000022     libc.a : memccpy.c.obj (.text.memccpy)
                  00006f80    00000020            : memcmp.c.obj (.text.memcmp)
                  00006fa0    0000001e     ti_msp_dl_config.o (.text.SYSCFG_DL_SYSCTL_init)
                  00006fbe    00000002     --HOLE-- [fill = 0]
                  00006fc0    0000001e     libclang_rt.builtins.a : ashldi3.S.obj (.text.__ashldi3)
                  00006fde    00000002     --HOLE-- [fill = 0]
                  00006fe0    0000001c     ti_msp_dl_config.o (.text.DL_GPIO_enableHiZ)
                  00006ffc    0000001c     bsp_mpu6050.o (.text.DL_GPIO_initDigitalInput)
                  00007018    0000001c     ti_msp_dl_config.o (.text.DL_GPIO_initPeripheralOutputFunction)
                  00007034    0000001c     oled.o (.text.DL_I2C_disableInterrupt)
                  00007050    0000001c     ti_msp_dl_config.o (.text.DL_I2C_enableInterrupt)
                  0000706c    0000001c     oled.o (.text.DL_I2C_isControllerRXFIFOEmpty)
                  00007088    0000001c     ti_msp_dl_config.o (.text.DL_SYSCTL_setSYSOSCFreq)
                  000070a4    0000001c     ti_msp_dl_config.o (.text.DL_Timer_enableInterrupt)
                  000070c0    0000001c     driverlib.a : dl_timer.o (.text.DL_Timer_setCaptCompUpdateMethod)
                  000070dc    0000001c                 : dl_timer.o (.text.DL_Timer_setClockConfig)
                  000070f8    0000001c     bsp_mpu6050.o (.text.MPU_Set_Accel_Fsr)
                  00007114    0000001c     bsp_mpu6050.o (.text.MPU_Set_Gyro_Fsr)
                  00007130    0000001c     main.o (.text.TIMG7_IRQHandler)
                  0000714c    0000001c     inv_mpu_dmp_motion_driver.o (.text.dmp_load_motion_driver_firmware)
                  00007168    0000001c     libc.a : memory.c.obj (.text.free_list_remove)
                  00007184    00000018     bsp_mpu6050.o (.text.DL_GPIO_enableOutput)
                  0000719c    00000018     ti_msp_dl_config.o (.text.DL_GPIO_enableOutput)
                  000071b4    00000018     ti_msp_dl_config.o (.text.DL_GPIO_enablePower)
                  000071cc    00000018     bsp_mpu6050.o (.text.DL_GPIO_initDigitalOutput)
                  000071e4    00000018     ti_msp_dl_config.o (.text.DL_GPIO_initDigitalOutput)
                  000071fc    00000018     ti_msp_dl_config.o (.text.DL_GPIO_reset)
                  00007214    00000018     USOUND.o (.text.DL_GPIO_setPins)
                  0000722c    00000018     bsp_mpu6050.o (.text.DL_GPIO_setPins)
                  00007244    00000018     main.o (.text.DL_GPIO_setPins)
                  0000725c    00000018     main.o (.text.DL_GPIO_togglePins)
                  00007274    00000018     ti_msp_dl_config.o (.text.DL_I2C_enableAnalogGlitchFilter)
                  0000728c    00000018     ti_msp_dl_config.o (.text.DL_I2C_enableController)
                  000072a4    00000018     ti_msp_dl_config.o (.text.DL_I2C_enableControllerClockStretching)
                  000072bc    00000018     ti_msp_dl_config.o (.text.DL_I2C_enablePower)
                  000072d4    00000018     ti_msp_dl_config.o (.text.DL_I2C_reset)
                  000072ec    00000018     ti_msp_dl_config.o (.text.DL_I2C_setTimerPeriod)
                  00007304    00000018     ti_msp_dl_config.o (.text.DL_SYSCTL_setBORThreshold)
                  0000731c    00000018     ti_msp_dl_config.o (.text.DL_Timer_enablePower)
                  00007334    00000018     ti_msp_dl_config.o (.text.DL_Timer_reset)
                  0000734c    00000018     driverlib.a : dl_timer.o (.text.DL_Timer_setCaptureCompareOutCtl)
                  00007364    00000018     USOUND.o (.text.DL_Timer_startCounter)
                  0000737c    00000018     USOUND.o (.text.DL_Timer_stopCounter)
                  00007394    00000018     libc.a : sprintf.c.obj (.text._outs)
                  000073ac    00000016     USOUND.o (.text.DL_GPIO_readPins)
                  000073c2    00000016     bsp_mpu6050.o (.text.DL_GPIO_readPins)
                  000073d8    00000016     main.o (.text.DL_GPIO_readPins)
                  000073ee    00000016     DELAY.o (.text.delay_ms)
                  00007404    00000016     libc.a : copy_zero_init.c.obj (.text:decompress:ZI:__TI_zero_init_nomemset)
                  0000741a    00000014     USOUND.o (.text.DL_GPIO_clearPins)
                  0000742e    00000014     bsp_mpu6050.o (.text.DL_GPIO_clearPins)
                  00007442    00000014     main.o (.text.DL_GPIO_clearPins)
                  00007456    00000014     ti_msp_dl_config.o (.text.DL_GPIO_clearPins)
                  0000746a    00000002     --HOLE-- [fill = 0]
                  0000746c    00000014     oled.o (.text.DL_I2C_getControllerStatus)
                  00007480    00000014     oled.o (.text.DL_I2C_receiveControllerData)
                  00007494    00000014     ti_msp_dl_config.o (.text.DL_I2C_resetControllerTransfer)
                  000074a8    00000014     ti_msp_dl_config.o (.text.DL_SYSCTL_disableSYSPLL)
                  000074bc    00000014     ti_msp_dl_config.o (.text.DL_Timer_enableClock)
                  000074d0    00000014     ti_msp_dl_config.o (.text.DL_Timer_setCCPDirection)
                  000074e4    00000014     USOUND.o (.text.DL_Timer_setTimerCount)
                  000074f8    00000014     libclang_rt.builtins.a : aeabi_uldivmod.S.obj (.text.__aeabi_uldivmod)
                  0000750c    00000014     libc.a : _printfi.c.obj (.text.strchr)
                  00007520    00000012     oled.o (.text.DL_I2C_getPendingInterrupt)
                  00007532    00000012     libc.a : memcpy16.S.obj (.text:TI_memcpy_small)
                  00007544    00000012            : copy_decompress_none.c.obj (.text:decompress:none)
                  00007556    00000002     --HOLE-- [fill = 0]
                  00007558    00000010     ti_msp_dl_config.o (.text.DL_SYSCTL_disableHFXT)
                  00007568    00000010     ti_msp_dl_config.o (.text.DL_SYSTICK_enable)
                  00007578    00000010     USOUND.o (.text.DL_Timer_getTimerCount)
                  00007588    00000010     driverlib.a : dl_timer.o (.text.DL_Timer_setCaptureCompareValue)
                  00007598    00000010     ti_msp_dl_config.o (.text.SYSCFG_DL_SYSTICK_init)
                  000075a8    00000010     libc.a : wcslen.c.obj (.text.wcslen)
                  000075b8    0000000e            : memory.c.obj (.text.OUTLINED_FUNCTION_0)
                  000075c6    00000002     --HOLE-- [fill = 0]
                  000075c8    0000000e     libclang_rt.builtins.a : aeabi_memset.S.obj (.text.__aeabi_memset)
                  000075d6    0000000e     libsysbm.a : hostrename.c.obj (.text.strcpy)
                  000075e4    0000000e     libc.a : _printfi.c.obj (.text.strlen)
                  000075f2    0000000e     libsysbm.a : hostrename.c.obj (.text.strlen)
                  00007600    0000000e     libc.a : memset16.S.obj (.text:TI_memset_small)
                  0000760e    00000002     --HOLE-- [fill = 0]
                  00007610    0000000c     libclang_rt.builtins.a : aeabi_memset.S.obj (.text.__aeabi_memclr)
                  0000761c    0000000c     libc.a : memory.c.obj (.text.malloc)
                  00007628    0000000a     driverlib.a : dl_common.o (.text.DL_Common_delayCycles)
                  00007632    0000000a     libc.a : _printfi.c.obj (.text.OUTLINED_FUNCTION_0)
                  0000763c    00000010     libclang_rt.builtins.a : adddf3.S.obj (.tramp.__aeabi_dsub.1)
                  0000764c    0000000a     libc.a : e_asin.c.obj (.text.OUTLINED_FUNCTION_0)
                  00007656    00000002     --HOLE-- [fill = 0]
                  00007658    00000010     libclang_rt.builtins.a : muldf3.S.obj (.tramp.__aeabi_dmul.1)
                  00007668    0000000a     libc.a : s_atan.c.obj (.text.OUTLINED_FUNCTION_0)
                  00007672    0000000a            : _printfi.c.obj (.text.OUTLINED_FUNCTION_1)
                  0000767c    0000000a            : e_asin.c.obj (.text.OUTLINED_FUNCTION_1)
                  00007686    0000000a            : e_asin.c.obj (.text.OUTLINED_FUNCTION_3)
                  00007690    00000010     libclang_rt.builtins.a : divdf3.S.obj (.tramp.__aeabi_ddiv.1)
                  000076a0    0000000a     libc.a : sprintf.c.obj (.text._outc)
                  000076aa    00000008            : s_atan.c.obj (.text.OUTLINED_FUNCTION_2)
                  000076b2    00000002     --HOLE-- [fill = 0]
                  000076b4    00000008     libclang_rt.builtins.a : aeabi_memcpy.S.obj (.text.__aeabi_memcpy)
                  000076bc    00000008     libc.a : printf.c.obj (.text._outc)
                  000076c4    00000008            : printf.c.obj (.text._outs)
                  000076cc    00000008            : fseek.c.obj (.text.fseek)
                  000076d4    00000008     inv_mpu.o (.text.mget_ms)
                  000076dc    00000008     libsysbm.a : remove.c.obj (.text.remove)
                  000076e4    00000006     libc.a : s_atan.c.obj (.text.OUTLINED_FUNCTION_1)
                  000076ea    00000002     --HOLE-- [fill = 0]
                  000076ec    00000010     libclang_rt.builtins.a : adddf3.S.obj (.tramp.__aeabi_dadd.1)
                  000076fc    00000006     libc.a : e_asin.c.obj (.text.OUTLINED_FUNCTION_2)
                  00007702    00000004            : e_asin.c.obj (.text.OUTLINED_FUNCTION_4)
                  00007706    00000004     startup_mspm0g350x_ticlang.o (.text.Reset_Handler)
                  0000770a    00000002     --HOLE-- [fill = 0]
                  0000770c    00000010     libc.a : boot_cortex_m.c.obj (.tramp._c_int00_noargs.1)
                  0000771c    00000004            : pre_init.c.obj (.text._system_pre_init)
                  00007720    00000004            : exit.c.obj (.text:abort)
                  00007724    0000000c     --HOLE-- [fill = 0]

.cinit     0    00008e30    000000a0     
                  00008e30    00000079     (.cinit..data.load) [load image, compression = lzss]
                  00008ea9    00000003     --HOLE-- [fill = 0]
                  00008eac    0000000c     (__TI_handler_table)
                  00008eb8    00000008     (.cinit..bss.load) [load image, compression = zero_init]
                  00008ec0    00000010     (__TI_cinit_table)

.rodata    0    00007730    00001700     
                  00007730    00000bf6     inv_mpu_dmp_motion_driver.o (.rodata.dmp_memory)
                  00008326    000005f0     oled.o (.rodata.asc2_1608)
                  00008916    00000228     oled.o (.rodata.asc2_0806)
                  00008b3e    00000002     ti_msp_dl_config.o (.rodata.gI2C_OLEDClockConfig)
                  00008b40    00000101     libc.a : aeabi_ctype.S.obj (.rodata:__aeabi_ctype_table_)
                  00008c41    0000004d     inv_mpu.o (.rodata.str1.160283505510757216751)
                  00008c8e    00000002     --HOLE-- [fill = 0]
                  00008c90    00000040     libc.a : s_atan.c.obj (.rodata.cst32)
                  00008cd0    00000028     inv_mpu.o (.rodata.test)
                  00008cf8    00000026     inv_mpu.o (.rodata.str1.30660213265100532911)
                  00008d1e    0000001e     inv_mpu.o (.rodata.str1.65607303993038708971)
                  00008d3c    0000001b     inv_mpu.o (.rodata.reg)
                  00008d57    00000018     bsp_mpu6050.o (.rodata.str1.47131709717075209341)
                  00008d6f    00000001     --HOLE-- [fill = 0]
                  00008d70    00000014     ti_msp_dl_config.o (.rodata.gTIMER_0TimerConfig)
                  00008d84    00000014     ti_msp_dl_config.o (.rodata.gTIMER_1TimerConfig)
                  00008d98    00000014     ti_msp_dl_config.o (.rodata.gTIMER_USOUNDTimerConfig)
                  00008dac    00000012     bsp_mpu6050.o (.rodata.str1.121524806415416391)
                  00008dbe    00000011     libc.a : _printfi.c.obj (.rodata.str1.103488685894817597201)
                  00008dcf    00000011            : _printfi.c.obj (.rodata.str1.153638888446227384661)
                  00008de0    0000000c     inv_mpu.o (.rodata.hw)
                  00008dec    00000009     bsp_mpu6050.o (.rodata.str1.31194399489305687111)
                  00008df5    00000003     ti_msp_dl_config.o (.rodata.gPWM_MotorClockConfig)
                  00008df8    00000008     ti_msp_dl_config.o (.rodata.gPWM_MotorConfig)
                  00008e00    00000007     SHOW.o (.rodata.str1.106330169944177295591)
                  00008e07    00000007     SHOW.o (.rodata.str1.144500307617469853061)
                  00008e0e    00000007     SHOW.o (.rodata.str1.56801082815158867401)
                  00008e15    00000007     SHOW.o (.rodata.str1.70721812543400728491)
                  00008e1c    00000006     SHOW.o (.rodata.str1.180801328768490683741)
                  00008e22    00000004     SHOW.o (.rodata.str1.61326361905894939741)
                  00008e26    00000003     ti_msp_dl_config.o (.rodata.gTIMER_0ClockConfig)
                  00008e29    00000003     ti_msp_dl_config.o (.rodata.gTIMER_1ClockConfig)
                  00008e2c    00000003     ti_msp_dl_config.o (.rodata.gTIMER_USOUNDClockConfig)
                  00008e2f    00000001     --HOLE-- [fill = 0]

.init_array 
*          0    00000000    00000000     UNINITIALIZED

.binit     0    00000000    00000000     

.sysmem    0    20200000    00000800     UNINITIALIZED
                  20200000    00000010     libc.a : memory.c.obj (.sysmem)
                  20200010    000007f0     --HOLE--

.bss       0    20200800    0000034e     UNINITIALIZED
                  20200800    00000120     libsysbm.a : trgmsg.c.obj (.bss:_CIOBUF_)
                  20200920    000000a0     libc.a : defs.c.obj (.bss.__TI_tmpnams)
                  202009c0    000000a0     (.common:gTIMER_0Backup)
                  20200a60    000000a0     (.common:gTIMER_1Backup)
                  20200b00    00000010     (.common:gRxPacket)
                  20200b10    00000010     (.common:gTxPacket)
                  20200b20    00000010     (.common:oled_buffer)
                  20200b30    00000008     libsysbm.a : hostopen.c.obj (.bss.parmbuf)
                  20200b38    00000004     libc.a : memory.c.obj (.bss.sys_free)
                  20200b3c    00000004     (.common:gRxCount)
                  20200b40    00000004     (.common:gRxLen)
                  20200b44    00000004     (.common:gTxCount)
                  20200b48    00000004     (.common:gTxLen)
                  20200b4c    00000001     (.common:gI2cControllerStatus)
                  20200b4d    00000001     (.common:overflowFlag)

.data      0    20200b50    00000225     UNINITIALIZED
                  20200b50    000000f0     libc.a : defs.c.obj (.data._ftable)
                  20200c40    00000078     libsysbm.a : host_device.c.obj (.data._device)
                  20200cb8    00000050                : host_device.c.obj (.data._stream)
                  20200d08    0000002c     inv_mpu.o (.data.st)
                  20200d34    00000010     inv_mpu_dmp_motion_driver.o (.data.dmp)
                  20200d44    00000009     inv_mpu.o (.data.gyro_orientation)
                  20200d4d    00000001     main.o (.data.Range)
                  20200d4e    00000002     --HOLE--
                  20200d50    00000008     libc.a : exit.c.obj (.data..L_MergedGlobals)
                  20200d58    00000004            : defs.c.obj (.data.__TI_ft_end)
                  20200d5c    00000004            : aeabi_portable.c.obj (.data.__aeabi_errno)
                  20200d60    00000004            : _lock.c.obj (.data._lock)
                  20200d64    00000004            : _lock.c.obj (.data._unlock)
                  20200d68    00000004     main.o (.data.pitch)
                  20200d6c    00000004     main.o (.data.roll)
                  20200d70    00000004     main.o (.data.yaw)
                  20200d74    00000001     libc.a : memory.c.obj (.data.memory_is_initialized)

.stack     0    20207e00    00000200     UNINITIALIZED
                  20207e00    00000004     libc.a : boot_cortex_m.c.obj (.stack)
                  20207e04    000001fc     --HOLE--

__llvm_prf_cnts 
*          0    20200000    00000000     UNINITIALIZED

__llvm_prf_bits 
*          0    20200000    00000000     UNINITIALIZED

MODULE SUMMARY

       Module                         code    ro data   rw data
       ------                         ----    -------   -------
    .\
       ti_msp_dl_config.o             1960    82        320    
       main.o                         454     0         13     
       startup_mspm0g350x_ticlang.o   8       192       0      
    +--+------------------------------+-------+---------+---------+
       Total:                         2422    274       333    
                                                               
    .\Hardware\MPU6050\
       bsp_mpu6050.o                  1970    51        0      
    +--+------------------------------+-------+---------+---------+
       Total:                         1970    51        0      
                                                               
    .\Hardware\MPU6050\eMPL\
       inv_mpu_dmp_motion_driver.o    3070    3062      16     
       inv_mpu.o                      5736    224       53     
    +--+------------------------------+-------+---------+---------+
       Total:                         8806    3286      69     
                                                               
    .\Hardware\OLED\
       oled.o                         1646    2072      49     
    +--+------------------------------+-------+---------+---------+
       Total:                         1646    2072      49     
                                                               
    .\Hardware\USOUND\
       USOUND.o                       350     0         1      
    +--+------------------------------+-------+---------+---------+
       Total:                         350     0         1      
                                                               
    .\User\
       SHOW.o                         228     38        16     
       DELAY.o                        138     0         0      
    +--+------------------------------+-------+---------+---------+
       Total:                         366     38        16     
                                                               
    C:/ti/mspm0_sdk_2_04_00_06/source/ti/driverlib/lib/ticlang/m0p/mspm0g1x0x_g3x0x/driverlib.a
       dl_timer.o                     588     0         0      
       dl_i2c.o                       132     0         0      
       dl_common.o                    10      0         0      
    +--+------------------------------+-------+---------+---------+
       Total:                         730     0         0      
                                                               
    C:\ti\ccstheia151\ccs\tools\compiler\ti-cgt-armllvm_4.0.0.LTS\lib\armv6m-ti-none-eabi/c/libc.a
       _printfi.c.obj                 4510    34        0      
       e_asin.c.obj                   908     0         0      
       s_atan.c.obj                   784     64        0      
       memory.c.obj                   702     0         5      
       defs.c.obj                     0       0         404    
       e_atan2.c.obj                  392     0         0      
       e_sqrt.c.obj                   368     0         0      
       aeabi_ctype.S.obj              0       257       0      
       fputs.c.obj                    248     0         0      
       setvbuf.c.obj                  224     0         0      
       s_scalbn.c.obj                 216     0         0      
       getdevice.c.obj                160     0         0      
       fputc.c.obj                    156     0         0      
       strcmp-armv6m.S.obj            136     0         0      
       copy_decompress_lzss.c.obj     124     0         0      
       fclose.c.obj                   124     0         0      
       fseek.c.obj                    116     0         0      
       printf.c.obj                   108     0         0      
       _io_perm.c.obj                 100     0         0      
       s_frexp.c.obj                  92      0         0      
       sprintf.c.obj                  90      0         0      
       _ltoa.c.obj                    88      0         0      
       fflush.c.obj                   82      0         0      
       atoi.c.obj                     64      0         0      
       exit.c.obj                     56      0         8      
       autoinit.c.obj                 60      0         0      
       boot_cortex_m.c.obj            56      0         0      
       fopen.c.obj                    52      0         0      
       memccpy.c.obj                  34      0         0      
       memcmp.c.obj                   32      0         0      
       copy_zero_init.c.obj           22      0         0      
       copy_decompress_none.c.obj     18      0         0      
       memcpy16.S.obj                 18      0         0      
       wcslen.c.obj                   16      0         0      
       memset16.S.obj                 14      0         0      
       aeabi_portable.c.obj           8       0         4      
       _lock.c.obj                    2       0         8      
       pre_init.c.obj                 4       0         0      
    +--+------------------------------+-------+---------+---------+
       Total:                         10184   355       429    
                                                               
    C:\ti\ccstheia151\ccs\tools\compiler\ti-cgt-armllvm_4.0.0.LTS\lib\armv6m-ti-none-eabi/c/libsysbm.a
       trgmsg.c.obj                   104     0         288    
       host_device.c.obj              0       0         200    
       hostrename.c.obj               136     0         0      
       hostlseek.c.obj                108     0         0      
       hostopen.c.obj                 96      0         8      
       hostread.c.obj                 88      0         0      
       hostwrite.c.obj                88      0         0      
       close.c.obj                    80      0         0      
       hostclose.c.obj                72      0         0      
       hostunlink.c.obj               72      0         0      
       unlink.c.obj                   44      0         0      
       lseek.c.obj                    40      0         0      
       write.c.obj                    40      0         0      
       remove.c.obj                   8       0         0      
    +--+------------------------------+-------+---------+---------+
       Total:                         976     0         496    
                                                               
    C:\ti\ccstheia151\ccs\tools\compiler\ti-cgt-armllvm_4.0.0.LTS\lib\armv6m-ti-none-eabi/libclang_rt.builtins.a
       adddf3.S.obj                   434     0         0      
       divdf3.S.obj                   284     0         0      
       muldf3.S.obj                   244     0         0      
       comparedf2.c.obj               220     0         0      
       addsf3.S.obj                   216     0         0      
       udivmoddi4.S.obj               162     0         0      
       mulsf3.S.obj                   140     0         0      
       divsf3.S.obj                   130     0         0      
       truncdfsf2.S.obj               116     0         0      
       aeabi_dcmp.S.obj               98      0         0      
       aeabi_idivmod.S.obj            86      0         0      
       fixdfsi.S.obj                  74      0         0      
       fixunsdfsi.S.obj               66      0         0      
       aeabi_uidivmod.S.obj           64      0         0      
       extendsfdf2.S.obj              64      0         0      
       floatsisf.S.obj                60      0         0      
       muldsi3.S.obj                  58      0         0      
       fixsfsi.S.obj                  56      0         0      
       floatsidf.S.obj                44      0         0      
       floatunsisf.S.obj              40      0         0      
       floatunsidf.S.obj              36      0         0      
       muldi3.S.obj                   36      0         0      
       ashldi3.S.obj                  30      0         0      
       aeabi_memset.S.obj             26      0         0      
       aeabi_uldivmod.S.obj           20      0         0      
       aeabi_memcpy.S.obj             8       0         0      
       aeabi_div0.c.obj               4       0         0      
    +--+------------------------------+-------+---------+---------+
       Total:                         2816    0         0      
                                                               
       Heap:                          0       0         2048   
       Stack:                         0       0         512    
       Linker Generated:              0       157       0      
    +--+------------------------------+-------+---------+---------+
       Grand Total:                   30266   6233      3953   


LINKER GENERATED COPY TABLES

__TI_cinit_table @ 00008ec0 records: 2, size/record: 8, table size: 16
	.data: load addr=00008e30, load size=00000079 bytes, run addr=20200b50, run size=00000225 bytes, compression=lzss
	.bss: load addr=00008eb8, load size=00000008 bytes, run addr=20200800, run size=0000034e bytes, compression=zero_init


LINKER GENERATED HANDLER TABLE

__TI_handler_table @ 00008eac records: 3, size/record: 4, table size: 12
	index: 0, handler: __TI_decompress_lzss
	index: 1, handler: __TI_decompress_none
	index: 2, handler: __TI_zero_init


FAR CALL TRAMPOLINES

callee name               trampoline name
   callee addr  tramp addr   call addr  call info
--------------  -----------  ---------  ----------------
__aeabi_dsub              $Tramp$TT$L$PI$$__aeabi_dsub
   00002381     0000763c     0000763a   libc.a : _printfi.c.obj (.text.OUTLINED_FUNCTION_0)
__aeabi_dmul              $Tramp$TT$L$PI$$__aeabi_dmul
   00003d9d     00007658     00007654   libc.a : e_asin.c.obj (.text.OUTLINED_FUNCTION_0)
                             00007670          : s_atan.c.obj (.text.OUTLINED_FUNCTION_0)
                             00007684          : e_asin.c.obj (.text.OUTLINED_FUNCTION_1)
                             000076b0          : s_atan.c.obj (.text.OUTLINED_FUNCTION_2)
                             00007700          : e_asin.c.obj (.text.OUTLINED_FUNCTION_2)
__aeabi_ddiv              $Tramp$TT$L$PI$$__aeabi_ddiv
   000034ed     00007690     0000768e   libc.a : e_asin.c.obj (.text.OUTLINED_FUNCTION_3)
__aeabi_dadd              $Tramp$TT$L$PI$$__aeabi_dadd
   0000238b     000076ec     000076e8   libc.a : s_atan.c.obj (.text.OUTLINED_FUNCTION_1)
                             00007704          : e_asin.c.obj (.text.OUTLINED_FUNCTION_4)
_c_int00_noargs           $Tramp$TT$L$PI$$_c_int00_noargs
   00006e81     0000770c     00007706   startup_mspm0g350x_ticlang.o (.text.Reset_Handler)

[5 trampolines]
[10 trampoline calls]


GLOBAL SYMBOLS: SORTED ALPHABETICALLY BY Name 

address   name                            
-------   ----                            
000056bd  ADC0_IRQHandler                 
000056bd  ADC1_IRQHandler                 
000056bd  AES_IRQHandler                  
00007720  C$$EXIT                         
00006aa9  C$$IO$$                         
000056bd  CANFD0_IRQHandler               
000056bd  DAC0_IRQHandler                 
00007629  DL_Common_delayCycles           
00005ef5  DL_I2C_fillControllerTXFIFO     
00006ecf  DL_I2C_setClockConfig           
00003701  DL_Timer_initFourCCPWMMode      
00003ae9  DL_Timer_initTimerMode          
000070c1  DL_Timer_setCaptCompUpdateMethod
0000734d  DL_Timer_setCaptureCompareOutCtl
00007589  DL_Timer_setCaptureCompareValue 
000070dd  DL_Timer_setClockConfig         
000056bd  DMA_IRQHandler                  
000056bd  Default_Handler                 
00006f3d  Delay_ms                        
000056bd  GROUP0_IRQHandler               
000056bd  GROUP1_IRQHandler               
00006409  HOSTclose                       
0000588d  HOSTlseek                       
00005dd5  HOSTopen                        
00006069  HOSTread                        
000058f9  HOSTrename                      
00006451  HOSTunlink                      
000060c1  HOSTwrite                       
000056bd  HardFault_Handler               
00002d29  I2C0_IRQHandler                 
000056bd  I2C1_IRQHandler                 
000047ad  I2C_WaitAck                     
00005449  IIC_Send_Ack                    
00005e35  IIC_Start                       
00006119  IIC_Stop                        
00005f55  MPU6050ReadID                   
000043a9  MPU6050_Init                    
000042d1  MPU6050_ReadData                
00004a9d  MPU6050_WriteReg                
000070f9  MPU_Set_Accel_Fsr               
00007115  MPU_Set_Gyro_Fsr                
00005185  MPU_Set_LPF                     
00005aa9  MPU_Set_Rate                    
000056bd  NMI_Handler                     
00005a3d  OLED_Clear                      
00003805  OLED_Init                       
0000676d  OLED_Set_Pos                    
00003099  OLED_ShowChar                   
0000581d  OLED_ShowString                 
00004045  OLED_WR_Byte                    
000056bd  PendSV_Handler                  
000056bd  RTC_IRQHandler                  
20200d4d  Range                           
00004d4d  Read_Byte                       
00007707  Reset_Handler                   
00003cb9  SHOW                            
000056bd  SPI0_IRQHandler                 
000056bd  SPI1_IRQHandler                 
000056bd  SVC_Handler                     
00002ac1  SYSCFG_DL_GPIO_init             
00005c45  SYSCFG_DL_I2C_OLED_init         
000050f5  SYSCFG_DL_PWM_Motor_init        
00006fa1  SYSCFG_DL_SYSCTL_init           
00007599  SYSCFG_DL_SYSTICK_init          
00006979  SYSCFG_DL_TIMER_0_init          
000069ad  SYSCFG_DL_TIMER_1_init          
000069e1  SYSCFG_DL_TIMER_USOUND_init     
000067a9  SYSCFG_DL_init                  
00005215  SYSCFG_DL_initPower             
00004ded  Send_Byte                       
000056bd  SysTick_Handler                 
000056bd  TIMA0_IRQHandler                
000056bd  TIMA1_IRQHandler                
000056bd  TIMG0_IRQHandler                
000056bd  TIMG12_IRQHandler               
000067e5  TIMG6_IRQHandler                
00007131  TIMG7_IRQHandler                
000056bd  TIMG8_IRQHandler                
00007533  TI_memcpy_small                 
00007601  TI_memset_small                 
000056bd  UART0_IRQHandler                
000056bd  UART1_IRQHandler                
000056bd  UART2_IRQHandler                
000056bd  UART3_IRQHandler                
00004621  USOUND                          
20200800  _CIOBUF_                        
20200800  __CIOBUF_                       
20208000  __STACK_END                     
00000200  __STACK_SIZE                    
00000800  __SYSMEM_SIZE                   
00000000  __TI_ATRegion0_region_sz        
00000000  __TI_ATRegion0_src_addr         
00000000  __TI_ATRegion0_trg_addr         
00000000  __TI_ATRegion1_region_sz        
00000000  __TI_ATRegion1_src_addr         
00000000  __TI_ATRegion1_trg_addr         
00000000  __TI_ATRegion2_region_sz        
00000000  __TI_ATRegion2_src_addr         
00000000  __TI_ATRegion2_trg_addr         
00008ec0  __TI_CINIT_Base                 
00008ed0  __TI_CINIT_Limit                
00008ed0  __TI_CINIT_Warm                 
00008eac  __TI_Handler_Table_Base         
00008eb8  __TI_Handler_Table_Limit        
0000685d  __TI_auto_init_nobinit_nopinit  
00006a15  __TI_cleanup                    
20200d50  __TI_cleanup_ptr                
00005551  __TI_closefile                  
000055cd  __TI_decompress_lzss            
00007545  __TI_decompress_none            
00006277  __TI_doflush                    
20200d54  __TI_dtors_ptr                  
20200d58  __TI_ft_end                     
00006171  __TI_ltoa                       
ffffffff  __TI_pprof_out_hndl             
000000c1  __TI_printfi                    
ffffffff  __TI_prof_data_size             
ffffffff  __TI_prof_data_start            
00006a49  __TI_readmsg                    
00000000  __TI_static_base__              
20200920  __TI_tmpnams                    
00006a7d  __TI_writemsg                   
00005ca9  __TI_wrt_ok                     
00007405  __TI_zero_init_nomemset         
0000238b  __adddf3                        
00004203  __addsf3                        
00008b40  __aeabi_ctype_table_            
00008b40  __aeabi_ctype_table_C           
000056c1  __aeabi_d2f                     
000063bd  __aeabi_d2iz                    
000065b1  __aeabi_d2uiz                   
0000238b  __aeabi_dadd                    
00005d71  __aeabi_dcmpeq                  
00005dad  __aeabi_dcmpge                  
00005dc1  __aeabi_dcmpgt                  
00005d99  __aeabi_dcmple                  
00005d85  __aeabi_dcmplt                  
000034ed  __aeabi_ddiv                    
00003d9d  __aeabi_dmul                    
00002381  __aeabi_dsub                    
20200d5c  __aeabi_errno                   
000053b9  __aeabi_errno_addr              
00006635  __aeabi_f2d                     
000068d5  __aeabi_f2iz                    
00004203  __aeabi_fadd                    
000054cd  __aeabi_fdiv                    
000052a1  __aeabi_fmul                    
000041f9  __aeabi_fsub                    
00006cc1  __aeabi_i2d                     
00006821  __aeabi_i2f                     
00006221  __aeabi_idiv                    
00002513  __aeabi_idiv0                   
00006221  __aeabi_idivmod                 
000043a7  __aeabi_ldiv0                   
00006fc1  __aeabi_llsl                    
00006f19  __aeabi_lmul                    
00007611  __aeabi_memclr                  
00007611  __aeabi_memclr4                 
00007611  __aeabi_memclr8                 
000076b5  __aeabi_memcpy                  
000076b5  __aeabi_memcpy4                 
000076b5  __aeabi_memcpy8                 
000075c9  __aeabi_memset                  
000075c9  __aeabi_memset4                 
000075c9  __aeabi_memset8                 
00006ef5  __aeabi_ui2d                    
00006de1  __aeabi_ui2f                    
000065f5  __aeabi_uidiv                   
000065f5  __aeabi_uidivmod                
000074f9  __aeabi_uldivmod                
00006fc1  __ashldi3                       
ffffffff  __binit__                       
00005b11  __cmpdf2                        
000034ed  __divdf3                        
000054cd  __divsf3                        
00005b11  __eqdf2                         
00006635  __extendsfdf2                   
000063bd  __fixdfsi                       
000068d5  __fixsfsi                       
000065b1  __fixunsdfsi                    
00006cc1  __floatsidf                     
00006821  __floatsisf                     
00006ef5  __floatunsidf                   
00006de1  __floatunsisf                   
00005649  __gedf2                         
00005649  __gtdf2                         
00005b11  __ledf2                         
00005b11  __ltdf2                         
UNDEFED   __mpu_init                      
00003d9d  __muldf3                        
00006f19  __muldi3                        
00006899  __muldsi3                       
000052a1  __mulsf3                        
00005b11  __nedf2                         
20207e00  __stack                         
20200000  __start___llvm_prf_bits         
20200000  __start___llvm_prf_cnts         
20200000  __stop___llvm_prf_bits          
20200000  __stop___llvm_prf_cnts          
00002381  __subdf3                        
000041f9  __subsf3                        
000056c1  __truncdfsf2                    
00004ca9  __udivmoddi4                    
00006e81  _c_int00_noargs                 
20200c40  _device                         
20200b50  _ftable                         
20200d60  _lock                           
00004d4b  _nop                            
20200cb8  _stream                         
20200000  _sys_memory                     
UNDEFED   _system_post_cinit              
0000771d  _system_pre_init                
20200d64  _unlock                         
00007721  abort                           
000032c9  aligned_alloc                   
00008916  asc2_0806                       
00008326  asc2_1608                       
00000a91  asin                            
00000a91  asinl                           
00000df5  atan                            
00002515  atan2                           
00002515  atan2l                          
00000df5  atanl                           
00006675  atoi                            
ffffffff  binit                           
0000636d  close                           
000073ef  delay_ms                        
00005735  delay_us                        
00006499  dmp_enable_6x_lp_quat           
000010ed  dmp_enable_feature              
00005e95  dmp_enable_gyro_cal             
000064e1  dmp_enable_lp_quat              
0000714d  dmp_load_motion_driver_firmware 
00001e11  dmp_read_fifo                   
00004fc5  dmp_set_fifo_rate               
0000269d  dmp_set_orientation             
00006529  dmp_set_shake_reject_thresh     
00006b19  dmp_set_shake_reject_time       
00006b4b  dmp_set_shake_reject_timeout    
00005bdf  dmp_set_tap_axes                
0000656d  dmp_set_tap_count               
00001365  dmp_set_tap_thresh              
00006bdd  dmp_set_tap_time                
00006c0d  dmp_set_tap_time_multi          
00006ab1  exit                            
00006ae5  finddevice                      
00004e8d  fputc                           
00003905  fputs                           
00003bd1  free                            
00005fb1  frexp                           
00005fb1  frexpl                          
000076cd  fseek                           
00005965  fseeko                          
20200b4c  gI2cControllerStatus            
20200b3c  gRxCount                        
20200b40  gRxLen                          
20200b00  gRxPacket                       
202009c0  gTIMER_0Backup                  
20200a60  gTIMER_1Backup                  
20200b44  gTxCount                        
20200b48  gTxLen                          
20200b10  gTxPacket                       
000059d1  getdevice                       
00008de0  hw                              
00000000  interruptVectors                
000066b5  inv_orientation_matrix_to_scalar
0000505d  inv_row_2_scale                 
00004121  ldexp                           
00004121  ldexpl                          
00006e31  lseek                           
0000486d  main                            
0000761d  malloc                          
000032c9  memalign                        
00006f5f  memccpy                         
00006f81  memcmp                          
000076d5  mget_ms                         
00004929  mpu_configure_fifo              
000019e9  mpu_dmp_get_data                
000031b1  mpu_dmp_init                    
000057a9  mpu_get_accel_fsr               
00001bfd  mpu_init                        
00002e55  mpu_load_firmware               
000033dd  mpu_lp_accel_mode               
000035f9  mpu_read_fifo_stream            
00004b51  mpu_read_mem                    
0000159d  mpu_reset_fifo                  
00003e81  mpu_set_accel_fsr               
000021e1  mpu_set_bypass                  
000049e5  mpu_set_dmp_state               
000046e9  mpu_set_gyro_fsr                
00004f29  mpu_set_int_latched             
00004551  mpu_set_lpf                     
000039fd  mpu_set_sample_rate             
00002bf9  mpu_set_sensors                 
00004bfd  mpu_write_mem                   
20200b20  oled_buffer                     
20200b4d  overflowFlag                    
20200b30  parmbuf                         
20200d68  pitch                           
0000600d  printf                          
00008d3c  reg                             
000076dd  remove                          
20200d6c  roll                            
00004121  scalbn                          
00004121  scalbnl                         
00003f65  setvbuf                         
0000690d  sprintf                         
00002815  sqrt                            
00002815  sqrtl                           
000053c1  strcmp                          
00008cd0  test                            
00006ced  unlink                          
000075a9  wcslen                          
00006e59  write                           
20200d70  yaw                             


GLOBAL SYMBOLS: SORTED BY Symbol Address 

address   name                            
-------   ----                            
00000000  __TI_ATRegion0_region_sz        
00000000  __TI_ATRegion0_src_addr         
00000000  __TI_ATRegion0_trg_addr         
00000000  __TI_ATRegion1_region_sz        
00000000  __TI_ATRegion1_src_addr         
00000000  __TI_ATRegion1_trg_addr         
00000000  __TI_ATRegion2_region_sz        
00000000  __TI_ATRegion2_src_addr         
00000000  __TI_ATRegion2_trg_addr         
00000000  __TI_static_base__              
00000000  interruptVectors                
000000c1  __TI_printfi                    
00000200  __STACK_SIZE                    
00000800  __SYSMEM_SIZE                   
00000a91  asin                            
00000a91  asinl                           
00000df5  atan                            
00000df5  atanl                           
000010ed  dmp_enable_feature              
00001365  dmp_set_tap_thresh              
0000159d  mpu_reset_fifo                  
000019e9  mpu_dmp_get_data                
00001bfd  mpu_init                        
00001e11  dmp_read_fifo                   
000021e1  mpu_set_bypass                  
00002381  __aeabi_dsub                    
00002381  __subdf3                        
0000238b  __adddf3                        
0000238b  __aeabi_dadd                    
00002513  __aeabi_idiv0                   
00002515  atan2                           
00002515  atan2l                          
0000269d  dmp_set_orientation             
00002815  sqrt                            
00002815  sqrtl                           
00002ac1  SYSCFG_DL_GPIO_init             
00002bf9  mpu_set_sensors                 
00002d29  I2C0_IRQHandler                 
00002e55  mpu_load_firmware               
00003099  OLED_ShowChar                   
000031b1  mpu_dmp_init                    
000032c9  aligned_alloc                   
000032c9  memalign                        
000033dd  mpu_lp_accel_mode               
000034ed  __aeabi_ddiv                    
000034ed  __divdf3                        
000035f9  mpu_read_fifo_stream            
00003701  DL_Timer_initFourCCPWMMode      
00003805  OLED_Init                       
00003905  fputs                           
000039fd  mpu_set_sample_rate             
00003ae9  DL_Timer_initTimerMode          
00003bd1  free                            
00003cb9  SHOW                            
00003d9d  __aeabi_dmul                    
00003d9d  __muldf3                        
00003e81  mpu_set_accel_fsr               
00003f65  setvbuf                         
00004045  OLED_WR_Byte                    
00004121  ldexp                           
00004121  ldexpl                          
00004121  scalbn                          
00004121  scalbnl                         
000041f9  __aeabi_fsub                    
000041f9  __subsf3                        
00004203  __addsf3                        
00004203  __aeabi_fadd                    
000042d1  MPU6050_ReadData                
000043a7  __aeabi_ldiv0                   
000043a9  MPU6050_Init                    
00004551  mpu_set_lpf                     
00004621  USOUND                          
000046e9  mpu_set_gyro_fsr                
000047ad  I2C_WaitAck                     
0000486d  main                            
00004929  mpu_configure_fifo              
000049e5  mpu_set_dmp_state               
00004a9d  MPU6050_WriteReg                
00004b51  mpu_read_mem                    
00004bfd  mpu_write_mem                   
00004ca9  __udivmoddi4                    
00004d4b  _nop                            
00004d4d  Read_Byte                       
00004ded  Send_Byte                       
00004e8d  fputc                           
00004f29  mpu_set_int_latched             
00004fc5  dmp_set_fifo_rate               
0000505d  inv_row_2_scale                 
000050f5  SYSCFG_DL_PWM_Motor_init        
00005185  MPU_Set_LPF                     
00005215  SYSCFG_DL_initPower             
000052a1  __aeabi_fmul                    
000052a1  __mulsf3                        
000053b9  __aeabi_errno_addr              
000053c1  strcmp                          
00005449  IIC_Send_Ack                    
000054cd  __aeabi_fdiv                    
000054cd  __divsf3                        
00005551  __TI_closefile                  
000055cd  __TI_decompress_lzss            
00005649  __gedf2                         
00005649  __gtdf2                         
000056bd  ADC0_IRQHandler                 
000056bd  ADC1_IRQHandler                 
000056bd  AES_IRQHandler                  
000056bd  CANFD0_IRQHandler               
000056bd  DAC0_IRQHandler                 
000056bd  DMA_IRQHandler                  
000056bd  Default_Handler                 
000056bd  GROUP0_IRQHandler               
000056bd  GROUP1_IRQHandler               
000056bd  HardFault_Handler               
000056bd  I2C1_IRQHandler                 
000056bd  NMI_Handler                     
000056bd  PendSV_Handler                  
000056bd  RTC_IRQHandler                  
000056bd  SPI0_IRQHandler                 
000056bd  SPI1_IRQHandler                 
000056bd  SVC_Handler                     
000056bd  SysTick_Handler                 
000056bd  TIMA0_IRQHandler                
000056bd  TIMA1_IRQHandler                
000056bd  TIMG0_IRQHandler                
000056bd  TIMG12_IRQHandler               
000056bd  TIMG8_IRQHandler                
000056bd  UART0_IRQHandler                
000056bd  UART1_IRQHandler                
000056bd  UART2_IRQHandler                
000056bd  UART3_IRQHandler                
000056c1  __aeabi_d2f                     
000056c1  __truncdfsf2                    
00005735  delay_us                        
000057a9  mpu_get_accel_fsr               
0000581d  OLED_ShowString                 
0000588d  HOSTlseek                       
000058f9  HOSTrename                      
00005965  fseeko                          
000059d1  getdevice                       
00005a3d  OLED_Clear                      
00005aa9  MPU_Set_Rate                    
00005b11  __cmpdf2                        
00005b11  __eqdf2                         
00005b11  __ledf2                         
00005b11  __ltdf2                         
00005b11  __nedf2                         
00005bdf  dmp_set_tap_axes                
00005c45  SYSCFG_DL_I2C_OLED_init         
00005ca9  __TI_wrt_ok                     
00005d71  __aeabi_dcmpeq                  
00005d85  __aeabi_dcmplt                  
00005d99  __aeabi_dcmple                  
00005dad  __aeabi_dcmpge                  
00005dc1  __aeabi_dcmpgt                  
00005dd5  HOSTopen                        
00005e35  IIC_Start                       
00005e95  dmp_enable_gyro_cal             
00005ef5  DL_I2C_fillControllerTXFIFO     
00005f55  MPU6050ReadID                   
00005fb1  frexp                           
00005fb1  frexpl                          
0000600d  printf                          
00006069  HOSTread                        
000060c1  HOSTwrite                       
00006119  IIC_Stop                        
00006171  __TI_ltoa                       
00006221  __aeabi_idiv                    
00006221  __aeabi_idivmod                 
00006277  __TI_doflush                    
0000636d  close                           
000063bd  __aeabi_d2iz                    
000063bd  __fixdfsi                       
00006409  HOSTclose                       
00006451  HOSTunlink                      
00006499  dmp_enable_6x_lp_quat           
000064e1  dmp_enable_lp_quat              
00006529  dmp_set_shake_reject_thresh     
0000656d  dmp_set_tap_count               
000065b1  __aeabi_d2uiz                   
000065b1  __fixunsdfsi                    
000065f5  __aeabi_uidiv                   
000065f5  __aeabi_uidivmod                
00006635  __aeabi_f2d                     
00006635  __extendsfdf2                   
00006675  atoi                            
000066b5  inv_orientation_matrix_to_scalar
0000676d  OLED_Set_Pos                    
000067a9  SYSCFG_DL_init                  
000067e5  TIMG6_IRQHandler                
00006821  __aeabi_i2f                     
00006821  __floatsisf                     
0000685d  __TI_auto_init_nobinit_nopinit  
00006899  __muldsi3                       
000068d5  __aeabi_f2iz                    
000068d5  __fixsfsi                       
0000690d  sprintf                         
00006979  SYSCFG_DL_TIMER_0_init          
000069ad  SYSCFG_DL_TIMER_1_init          
000069e1  SYSCFG_DL_TIMER_USOUND_init     
00006a15  __TI_cleanup                    
00006a49  __TI_readmsg                    
00006a7d  __TI_writemsg                   
00006aa9  C$$IO$$                         
00006ab1  exit                            
00006ae5  finddevice                      
00006b19  dmp_set_shake_reject_time       
00006b4b  dmp_set_shake_reject_timeout    
00006bdd  dmp_set_tap_time                
00006c0d  dmp_set_tap_time_multi          
00006cc1  __aeabi_i2d                     
00006cc1  __floatsidf                     
00006ced  unlink                          
00006de1  __aeabi_ui2f                    
00006de1  __floatunsisf                   
00006e31  lseek                           
00006e59  write                           
00006e81  _c_int00_noargs                 
00006ecf  DL_I2C_setClockConfig           
00006ef5  __aeabi_ui2d                    
00006ef5  __floatunsidf                   
00006f19  __aeabi_lmul                    
00006f19  __muldi3                        
00006f3d  Delay_ms                        
00006f5f  memccpy                         
00006f81  memcmp                          
00006fa1  SYSCFG_DL_SYSCTL_init           
00006fc1  __aeabi_llsl                    
00006fc1  __ashldi3                       
000070c1  DL_Timer_setCaptCompUpdateMethod
000070dd  DL_Timer_setClockConfig         
000070f9  MPU_Set_Accel_Fsr               
00007115  MPU_Set_Gyro_Fsr                
00007131  TIMG7_IRQHandler                
0000714d  dmp_load_motion_driver_firmware 
0000734d  DL_Timer_setCaptureCompareOutCtl
000073ef  delay_ms                        
00007405  __TI_zero_init_nomemset         
000074f9  __aeabi_uldivmod                
00007533  TI_memcpy_small                 
00007545  __TI_decompress_none            
00007589  DL_Timer_setCaptureCompareValue 
00007599  SYSCFG_DL_SYSTICK_init          
000075a9  wcslen                          
000075c9  __aeabi_memset                  
000075c9  __aeabi_memset4                 
000075c9  __aeabi_memset8                 
00007601  TI_memset_small                 
00007611  __aeabi_memclr                  
00007611  __aeabi_memclr4                 
00007611  __aeabi_memclr8                 
0000761d  malloc                          
00007629  DL_Common_delayCycles           
000076b5  __aeabi_memcpy                  
000076b5  __aeabi_memcpy4                 
000076b5  __aeabi_memcpy8                 
000076cd  fseek                           
000076d5  mget_ms                         
000076dd  remove                          
00007707  Reset_Handler                   
0000771d  _system_pre_init                
00007720  C$$EXIT                         
00007721  abort                           
00008326  asc2_1608                       
00008916  asc2_0806                       
00008b40  __aeabi_ctype_table_            
00008b40  __aeabi_ctype_table_C           
00008cd0  test                            
00008d3c  reg                             
00008de0  hw                              
00008eac  __TI_Handler_Table_Base         
00008eb8  __TI_Handler_Table_Limit        
00008ec0  __TI_CINIT_Base                 
00008ed0  __TI_CINIT_Limit                
00008ed0  __TI_CINIT_Warm                 
20200000  __start___llvm_prf_bits         
20200000  __start___llvm_prf_cnts         
20200000  __stop___llvm_prf_bits          
20200000  __stop___llvm_prf_cnts          
20200000  _sys_memory                     
20200800  _CIOBUF_                        
20200800  __CIOBUF_                       
20200920  __TI_tmpnams                    
202009c0  gTIMER_0Backup                  
20200a60  gTIMER_1Backup                  
20200b00  gRxPacket                       
20200b10  gTxPacket                       
20200b20  oled_buffer                     
20200b30  parmbuf                         
20200b3c  gRxCount                        
20200b40  gRxLen                          
20200b44  gTxCount                        
20200b48  gTxLen                          
20200b4c  gI2cControllerStatus            
20200b4d  overflowFlag                    
20200b50  _ftable                         
20200c40  _device                         
20200cb8  _stream                         
20200d4d  Range                           
20200d50  __TI_cleanup_ptr                
20200d54  __TI_dtors_ptr                  
20200d58  __TI_ft_end                     
20200d5c  __aeabi_errno                   
20200d60  _lock                           
20200d64  _unlock                         
20200d68  pitch                           
20200d6c  roll                            
20200d70  yaw                             
20207e00  __stack                         
20208000  __STACK_END                     
ffffffff  __TI_pprof_out_hndl             
ffffffff  __TI_prof_data_size             
ffffffff  __TI_prof_data_start            
ffffffff  __binit__                       
ffffffff  binit                           
UNDEFED   __mpu_init                      
UNDEFED   _system_post_cinit              

[315 symbols]
