******************************************************************************
            TI ARM Clang Linker PC v4.0.0                      
******************************************************************************
>> Linked Sun May 11 18:03:58 2025

OUTPUT FILE NAME:   <Balance.out>
ENTRY POINT SYMBOL: "_c_int00_noargs"  address: 00007355


MEMORY CONFIGURATION

         name            origin    length      used     unused   attr    fill
----------------------  --------  ---------  --------  --------  ----  --------
  FLASH                 00000000   00020000  000094b0  00016b50  R  X
  SRAM                  20200000   00008000  00000f92  0000706e  RW X
  BCR_CONFIG            41c00000   000000ff  00000000  000000ff  R   
  BSL_CONFIG            41c00100   00000080  00000000  00000080  R   


SEGMENT ALLOCATION MAP

run origin  load origin   length   init length attrs members
----------  ----------- ---------- ----------- ----- -------
00000000    00000000    000094b0   000094b0    r-x
  00000000    00000000    000000c0   000000c0    r-- .intvecs
  000000c0    000000c0    00007c30   00007c30    r-x .text
  00007cf0    00007cf0    00001720   00001720    r-- .rodata
  00009410    00009410    000000a0   000000a0    r-- .cinit
20200000    20200000    00000d95   00000000    rw-
  20200000    20200000    00000800   00000000    rw- .sysmem
  20200800    20200800    00000365   00000000    rw- .bss
  20200b68    20200b68    0000022d   00000000    rw- .data
20207e00    20207e00    00000200   00000000    rw-
  20207e00    20207e00    00000200   00000000    rw- .stack


SECTION ALLOCATION MAP

 output                                  attributes/
section   page    origin      length       input sections
--------  ----  ----------  ----------   ----------------
.intvecs   0    00000000    000000c0     
                  00000000    000000c0     startup_mspm0g350x_ticlang.o (.intvecs)

.text      0    000000c0    00007c30     
                  000000c0    000009d0     libc.a : _printfi.c.obj (.text:__TI_printfi)
                  00000a90    00000364            : e_asin.c.obj (.text.asin)
                  00000df4    000002f8            : s_atan.c.obj (.text.atan)
                  000010ec    00000278     inv_mpu_dmp_motion_driver.o (.text.dmp_enable_feature)
                  00001364    00000238     inv_mpu_dmp_motion_driver.o (.text.dmp_set_tap_thresh)
                  0000159c    0000022c     inv_mpu.o (.text.mpu_reset_fifo)
                  000017c8    00000220     libc.a : _printfi.c.obj (.text._pconv_a)
                  000019e8    00000214     inv_mpu.o (.text.mpu_dmp_get_data)
                  00001bfc    00000214     inv_mpu.o (.text.mpu_init)
                  00001e10    000001fc     ti_msp_dl_config.o (.text.SYSCFG_DL_GPIO_init)
                  0000200c    000001f4     inv_mpu_dmp_motion_driver.o (.text.dmp_read_fifo)
                  00002200    000001dc     libc.a : _printfi.c.obj (.text._pconv_g)
                  000023dc    000001a0     inv_mpu.o (.text.mpu_set_bypass)
                  0000257c    00000192     libclang_rt.builtins.a : adddf3.S.obj (.text.adddf3_subdf3)
                  0000270e    00000002                            : aeabi_div0.c.obj (.text.__aeabi_idiv0)
                  00002710    00000188     libc.a : e_atan2.c.obj (.text.atan2)
                  00002898    00000178     inv_mpu_dmp_motion_driver.o (.text.dmp_set_orientation)
                  00002a10    00000170     libc.a : e_sqrt.c.obj (.text.sqrt)
                  00002b80    0000013c            : _printfi.c.obj (.text.fcvt)
                  00002cbc    00000138     ENCODER.o (.text.GROUP1_IRQHandler)
                  00002df4    00000130     inv_mpu.o (.text.mpu_set_sensors)
                  00002f24    0000012c     oled.o (.text.I2C0_IRQHandler)
                  00003050    00000124     inv_mpu.o (.text.mpu_load_firmware)
                  00003174    00000120     libc.a : _printfi.c.obj (.text._pconv_e)
                  00003294    0000011c     SHOW.o (.text.SHOW_Firstpage)
                  000033b0    00000118     oled.o (.text.OLED_ShowChar)
                  000034c8    00000118     inv_mpu.o (.text.mpu_dmp_init)
                  000035e0    00000114     libc.a : memory.c.obj (.text.aligned_alloc)
                  000036f4    00000110     inv_mpu.o (.text.mpu_lp_accel_mode)
                  00003804    0000010c     libclang_rt.builtins.a : divdf3.S.obj (.text.__divdf3)
                  00003910    00000108     inv_mpu.o (.text.mpu_read_fifo_stream)
                  00003a18    00000104     driverlib.a : dl_timer.o (.text.DL_Timer_initFourCCPWMMode)
                  00003b1c    00000100     oled.o (.text.OLED_Init)
                  00003c1c    000000f8     libc.a : fputs.c.obj (.text.fputs)
                  00003d14    000000ec     inv_mpu.o (.text.mpu_set_sample_rate)
                  00003e00    000000e8     driverlib.a : dl_timer.o (.text.DL_Timer_initTimerMode)
                  00003ee8    000000e8     libc.a : memory.c.obj (.text.free)
                  00003fd0    000000e4     libclang_rt.builtins.a : muldf3.S.obj (.text.__muldf3)
                  000040b4    000000e4     inv_mpu.o (.text.mpu_set_accel_fsr)
                  00004198    000000e0     libc.a : setvbuf.c.obj (.text.setvbuf)
                  00004278    000000dc     oled.o (.text.OLED_WR_Byte)
                  00004354    000000d8     libc.a : s_scalbn.c.obj (.text.scalbn)
                  0000442c    000000d8     libclang_rt.builtins.a : addsf3.S.obj (.text)
                  00004504    000000d6     bsp_mpu6050.o (.text.MPU6050_ReadData)
                  000045da    00000002     libclang_rt.builtins.a : aeabi_div0.c.obj (.text.__aeabi_ldiv0)
                  000045dc    000000d4     bsp_mpu6050.o (.text.MPU6050_Init)
                  000046b0    000000d4     inv_mpu.o (.text.set_int_enable)
                  00004784    000000d0     inv_mpu.o (.text.mpu_set_lpf)
                  00004854    000000c4     inv_mpu.o (.text.mpu_set_gyro_fsr)
                  00004918    000000c0     bsp_mpu6050.o (.text.I2C_WaitAck)
                  000049d8    000000bc     inv_mpu.o (.text.mpu_configure_fifo)
                  00004a94    000000b8     inv_mpu.o (.text.mpu_set_dmp_state)
                  00004b4c    000000b4     bsp_mpu6050.o (.text.MPU6050_WriteReg)
                  00004c00    000000ac     inv_mpu.o (.text.mpu_read_mem)
                  00004cac    000000ac     inv_mpu.o (.text.mpu_write_mem)
                  00004d58    000000a2     libclang_rt.builtins.a : udivmoddi4.S.obj (.text)
                  00004dfa    00000002     libc.a : _lock.c.obj (.text._nop)
                  00004dfc    000000a0     bsp_mpu6050.o (.text.Read_Byte)
                  00004e9c    000000a0     SHOW.o (.text.SHOW_Secondpage)
                  00004f3c    000000a0     ti_msp_dl_config.o (.text.SYSCFG_DL_initPower)
                  00004fdc    000000a0     bsp_mpu6050.o (.text.Send_Byte)
                  0000507c    000000a0     main.o (.text.main)
                  0000511c    0000009c     OPENMV.o (.text.UART1_IRQHandler)
                  000051b8    0000009c     libc.a : fputc.c.obj (.text.fputc)
                  00005254    0000009c     inv_mpu.o (.text.mpu_set_int_latched)
                  000052f0    00000098     inv_mpu_dmp_motion_driver.o (.text.dmp_set_fifo_rate)
                  00005388    00000096     inv_mpu.o (.text.inv_row_2_scale)
                  0000541e    0000008e     bsp_mpu6050.o (.text.MPU_Set_LPF)
                  000054ac    0000008c     ti_msp_dl_config.o (.text.SYSCFG_DL_PWM_Motor_init)
                  00005538    0000008c     libclang_rt.builtins.a : mulsf3.S.obj (.text.__mulsf3)
                  000055c4    0000008c     inv_mpu_dmp_motion_driver.o (.text.decode_gesture)
                  00005650    00000088     libc.a : strcmp-armv6m.S.obj (.text:strcmp)
                  000056d8    00000084     bsp_mpu6050.o (.text.IIC_Send_Ack)
                  0000575c    00000084     ti_msp_dl_config.o (.text.__NVIC_SetPriority)
                  000057e0    00000082     libclang_rt.builtins.a : divsf3.S.obj (.text.__divsf3)
                  00005862    00000002     --HOLE-- [fill = 0]
                  00005864    0000007c     libc.a : fclose.c.obj (.text.__TI_closefile)
                  000058e0    0000007c            : copy_decompress_lzss.c.obj (.text:decompress:lzss)
                  0000595c    00000074     libclang_rt.builtins.a : comparedf2.c.obj (.text.__gedf2)
                  000059d0    00000074                            : truncdfsf2.S.obj (.text.__truncdfsf2)
                  00005a44    00000074     DELAY.o (.text.delay_us)
                  00005ab8    00000074     inv_mpu.o (.text.mpu_get_accel_fsr)
                  00005b2c    00000070     oled.o (.text.OLED_ShowString)
                  00005b9c    0000006c     libsysbm.a : hostlseek.c.obj (.text.HOSTlseek)
                  00005c08    0000006c                : hostrename.c.obj (.text.HOSTrename)
                  00005c74    0000006c     libc.a : fseek.c.obj (.text.fseeko)
                  00005ce0    0000006c            : getdevice.c.obj (.text.getdevice)
                  00005d4c    0000006a     oled.o (.text.OLED_Clear)
                  00005db6    00000002     --HOLE-- [fill = 0]
                  00005db8    00000068     bsp_mpu6050.o (.text.MPU_Set_Rate)
                  00005e20    00000068     libclang_rt.builtins.a : comparedf2.c.obj (.text.__ledf2)
                  00005e88    00000066     libc.a : _printfi.c.obj (.text._mcpy)
                  00005eee    00000066     inv_mpu_dmp_motion_driver.o (.text.dmp_set_tap_axes)
                  00005f54    00000064     ti_msp_dl_config.o (.text.SYSCFG_DL_I2C_OLED_init)
                  00005fb8    00000064     libc.a : _io_perm.c.obj (.text.__TI_wrt_ok)
                  0000601c    00000064            : memory.c.obj (.text.split)
                  00006080    00000062     libclang_rt.builtins.a : aeabi_dcmp.S.obj (.text.__aeabi_dcmp)
                  000060e2    00000002     --HOLE-- [fill = 0]
                  000060e4    00000060     libsysbm.a : hostopen.c.obj (.text.HOSTopen)
                  00006144    00000060     bsp_mpu6050.o (.text.IIC_Start)
                  000061a4    00000060     KEY.o (.text.KEY_VAL)
                  00006204    00000060     inv_mpu_dmp_motion_driver.o (.text.dmp_enable_gyro_cal)
                  00006264    0000005e     driverlib.a : dl_i2c.o (.text.DL_I2C_fillControllerTXFIFO)
                  000062c2    00000002     --HOLE-- [fill = 0]
                  000062c4    0000005c     bsp_mpu6050.o (.text.MPU6050ReadID)
                  00006320    0000005c     libc.a : s_frexp.c.obj (.text.frexp)
                  0000637c    0000005c            : printf.c.obj (.text.printf)
                  000063d8    00000058     libsysbm.a : hostread.c.obj (.text.HOSTread)
                  00006430    00000058                : hostwrite.c.obj (.text.HOSTwrite)
                  00006488    00000058     bsp_mpu6050.o (.text.IIC_Stop)
                  000064e0    00000058     libc.a : _ltoa.c.obj (.text.__TI_ltoa)
                  00006538    00000058            : _printfi.c.obj (.text._pconv_f)
                  00006590    00000056     libclang_rt.builtins.a : aeabi_idivmod.S.obj (.text.__aeabi_idivmod)
                  000065e6    00000054     bsp_mpu6050.o (.text.MPU6050ReadAcc)
                  0000663a    00000052     libc.a : fflush.c.obj (.text.__TI_doflush)
                  0000668c    00000052            : _printfi.c.obj (.text._ecpy)
                  000066de    00000002     --HOLE-- [fill = 0]
                  000066e0    00000050     oled.o (.text.DL_I2C_startControllerTransfer)
                  00006730    00000050     libsysbm.a : close.c.obj (.text.close)
                  00006780    0000004c     ti_msp_dl_config.o (.text.DL_UART_setBaudRateDivisor)
                  000067cc    0000004a     libclang_rt.builtins.a : fixdfsi.S.obj (.text.__fixdfsi)
                  00006816    00000002     --HOLE-- [fill = 0]
                  00006818    00000048     driverlib.a : dl_uart.o (.text.DL_UART_init)
                  00006860    00000048     libsysbm.a : hostclose.c.obj (.text.HOSTclose)
                  000068a8    00000048                : hostunlink.c.obj (.text.HOSTunlink)
                  000068f0    00000048     ti_msp_dl_config.o (.text.SYSCFG_DL_UART_1_init)
                  00006938    00000048     inv_mpu_dmp_motion_driver.o (.text.dmp_enable_6x_lp_quat)
                  00006980    00000048     inv_mpu_dmp_motion_driver.o (.text.dmp_enable_lp_quat)
                  000069c8    00000044     USOUND.o (.text.TIMG6_IRQHandler)
                  00006a0c    00000044     inv_mpu_dmp_motion_driver.o (.text.dmp_set_shake_reject_thresh)
                  00006a50    00000044     inv_mpu_dmp_motion_driver.o (.text.dmp_set_tap_count)
                  00006a94    00000040     ti_msp_dl_config.o (.text.SYSCFG_DL_TIMER_0_init)
                  00006ad4    00000040     ti_msp_dl_config.o (.text.SYSCFG_DL_init)
                  00006b14    00000040     libclang_rt.builtins.a : aeabi_uidivmod.S.obj (.text.__aeabi_uidivmod)
                  00006b54    00000040                            : extendsfdf2.S.obj (.text.__extendsfdf2)
                  00006b94    00000040     libc.a : atoi.c.obj (.text.atoi)
                  00006bd4    0000003e     inv_mpu.o (.text.inv_orientation_matrix_to_scalar)
                  00006c12    00000002     --HOLE-- [fill = 0]
                  00006c14    0000003c     ti_msp_dl_config.o (.text.DL_GPIO_initPeripheralInputFunctionFeatures)
                  00006c50    0000003c     ti_msp_dl_config.o (.text.DL_Timer_setCounterControl)
                  00006c8c    0000003c     oled.o (.text.OLED_Set_Pos)
                  00006cc8    0000003c     ti_msp_dl_config.o (.text.SYSCFG_DL_TIMER_USOUND_init)
                  00006d04    0000003c     libclang_rt.builtins.a : floatsisf.S.obj (.text.__floatsisf)
                  00006d40    0000003c     libc.a : autoinit.c.obj (.text:__TI_auto_init_nobinit_nopinit)
                  00006d7c    0000003a     libclang_rt.builtins.a : muldsi3.S.obj (.text.__muldsi3)
                  00006db6    00000002     --HOLE-- [fill = 0]
                  00006db8    00000038                            : fixsfsi.S.obj (.text.__fixsfsi)
                  00006df0    00000038     libc.a : sprintf.c.obj (.text.sprintf)
                  00006e28    00000034     ti_msp_dl_config.o (.text.DL_GPIO_initDigitalInputFeatures)
                  00006e5c    00000034     ti_msp_dl_config.o (.text.SYSCFG_DL_TIMER_1_init)
                  00006e90    00000034     libc.a : fopen.c.obj (.text.__TI_cleanup)
                  00006ec4    00000034     libsysbm.a : trgmsg.c.obj (.text.__TI_readmsg)
                  00006ef8    00000034                : trgmsg.c.obj (.text.__TI_writemsg)
                  00006f2c    00000034     libc.a : exit.c.obj (.text.exit)
                  00006f60    00000034            : getdevice.c.obj (.text.finddevice)
                  00006f94    00000032     inv_mpu_dmp_motion_driver.o (.text.dmp_set_shake_reject_time)
                  00006fc6    00000032     inv_mpu_dmp_motion_driver.o (.text.dmp_set_shake_reject_timeout)
                  00006ff8    00000030     ti_msp_dl_config.o (.text.DL_GPIO_initDigitalOutputFeatures)
                  00007028    00000030     libc.a : _printfi.c.obj (.text._fcpy)
                  00007058    00000030     inv_mpu_dmp_motion_driver.o (.text.dmp_set_tap_time)
                  00007088    00000030     inv_mpu_dmp_motion_driver.o (.text.dmp_set_tap_time_multi)
                  000070b8    0000002c     USOUND.o (.text.__NVIC_ClearPendingIRQ)
                  000070e4    0000002c     bsp_mpu6050.o (.text.__NVIC_ClearPendingIRQ)
                  00007110    0000002c     USOUND.o (.text.__NVIC_EnableIRQ)
                  0000713c    0000002c     bsp_mpu6050.o (.text.__NVIC_EnableIRQ)
                  00007168    0000002c     oled.o (.text.__NVIC_EnableIRQ)
                  00007194    0000002c     libclang_rt.builtins.a : floatsidf.S.obj (.text.__floatsidf)
                  000071c0    0000002c     libsysbm.a : unlink.c.obj (.text.unlink)
                  000071ec    00000028     oled.o (.text.DL_Common_updateReg)
                  00007214    00000028     ti_msp_dl_config.o (.text.DL_Common_updateReg)
                  0000723c    00000028     ti_msp_dl_config.o (.text.DL_I2C_setControllerRXFIFOThreshold)
                  00007264    00000028     ti_msp_dl_config.o (.text.DL_I2C_setControllerTXFIFOThreshold)
                  0000728c    00000028     ti_msp_dl_config.o (.text.DL_SYSTICK_init)
                  000072b4    00000028     libclang_rt.builtins.a : floatunsisf.S.obj (.text.__floatunsisf)
                  000072dc    00000028     libc.a : memory.c.obj (.text.free_list_insert)
                  00007304    00000028     libsysbm.a : lseek.c.obj (.text.lseek)
                  0000732c    00000028                : write.c.obj (.text.write)
                  00007354    00000028     libc.a : boot_cortex_m.c.obj (.text:_c_int00_noargs)
                  0000737c    00000026     ti_msp_dl_config.o (.text.DL_I2C_setAnalogGlitchFilterPulseWidth)
                  000073a2    00000026     driverlib.a : dl_i2c.o (.text.DL_I2C_setClockConfig)
                  000073c8    00000024     bsp_mpu6050.o (.text.TIMG7_IRQHandler)
                  000073ec    00000024     USOUND.o (.text.USOUND_Init)
                  00007410    00000024     libclang_rt.builtins.a : muldi3.S.obj (.text.__muldi3)
                  00007434    00000022     oled.o (.text.Delay_ms)
                  00007456    00000022     libc.a : memccpy.c.obj (.text.memccpy)
                  00007478    00000020     ti_msp_dl_config.o (.text.DL_GPIO_initPeripheralInputFunction)
                  00007498    00000020     libc.a : memcmp.c.obj (.text.memcmp)
                  000074b8    0000001e     ti_msp_dl_config.o (.text.DL_UART_setOversampling)
                  000074d6    0000001e     ti_msp_dl_config.o (.text.SYSCFG_DL_SYSCTL_init)
                  000074f4    0000001e     libclang_rt.builtins.a : ashldi3.S.obj (.text.__ashldi3)
                  00007512    00000002     --HOLE-- [fill = 0]
                  00007514    0000001c     ENCODER.o (.text.DL_GPIO_clearInterruptStatus)
                  00007530    0000001c     ti_msp_dl_config.o (.text.DL_GPIO_clearInterruptStatus)
                  0000754c    0000001c     ti_msp_dl_config.o (.text.DL_GPIO_enableHiZ)
                  00007568    0000001c     ti_msp_dl_config.o (.text.DL_GPIO_enableInterrupt)
                  00007584    0000001c     bsp_mpu6050.o (.text.DL_GPIO_initDigitalInput)
                  000075a0    0000001c     ti_msp_dl_config.o (.text.DL_GPIO_initPeripheralOutputFunction)
                  000075bc    0000001c     ti_msp_dl_config.o (.text.DL_GPIO_setLowerPinsPolarity)
                  000075d8    0000001c     oled.o (.text.DL_I2C_disableInterrupt)
                  000075f4    0000001c     ti_msp_dl_config.o (.text.DL_I2C_enableInterrupt)
                  00007610    0000001c     oled.o (.text.DL_I2C_isControllerRXFIFOEmpty)
                  0000762c    0000001c     ti_msp_dl_config.o (.text.DL_SYSCTL_setSYSOSCFreq)
                  00007648    0000001c     ti_msp_dl_config.o (.text.DL_Timer_enableInterrupt)
                  00007664    0000001c     driverlib.a : dl_timer.o (.text.DL_Timer_setCaptCompUpdateMethod)
                  00007680    0000001c                 : dl_timer.o (.text.DL_Timer_setClockConfig)
                  0000769c    0000001c     ti_msp_dl_config.o (.text.DL_UART_enableInterrupt)
                  000076b8    0000001c     bsp_mpu6050.o (.text.MPU_Set_Accel_Fsr)
                  000076d4    0000001c     bsp_mpu6050.o (.text.MPU_Set_Gyro_Fsr)
                  000076f0    0000001c     inv_mpu_dmp_motion_driver.o (.text.dmp_load_motion_driver_firmware)
                  0000770c    0000001c     libc.a : memory.c.obj (.text.free_list_remove)
                  00007728    00000018     bsp_mpu6050.o (.text.DL_GPIO_enableOutput)
                  00007740    00000018     ti_msp_dl_config.o (.text.DL_GPIO_enableOutput)
                  00007758    00000018     ti_msp_dl_config.o (.text.DL_GPIO_enablePower)
                  00007770    00000018     ENCODER.o (.text.DL_GPIO_getEnabledInterruptStatus)
                  00007788    00000018     bsp_mpu6050.o (.text.DL_GPIO_initDigitalOutput)
                  000077a0    00000018     ti_msp_dl_config.o (.text.DL_GPIO_initDigitalOutput)
                  000077b8    00000018     ti_msp_dl_config.o (.text.DL_GPIO_reset)
                  000077d0    00000018     bsp_mpu6050.o (.text.DL_GPIO_setPins)
                  000077e8    00000018     ti_msp_dl_config.o (.text.DL_GPIO_setPins)
                  00007800    00000018     ti_msp_dl_config.o (.text.DL_GPIO_setUpperPinsPolarity)
                  00007818    00000018     ti_msp_dl_config.o (.text.DL_I2C_enableAnalogGlitchFilter)
                  00007830    00000018     ti_msp_dl_config.o (.text.DL_I2C_enableController)
                  00007848    00000018     ti_msp_dl_config.o (.text.DL_I2C_enableControllerClockStretching)
                  00007860    00000018     ti_msp_dl_config.o (.text.DL_I2C_enablePower)
                  00007878    00000018     ti_msp_dl_config.o (.text.DL_I2C_reset)
                  00007890    00000018     ti_msp_dl_config.o (.text.DL_I2C_setTimerPeriod)
                  000078a8    00000018     ti_msp_dl_config.o (.text.DL_SYSCTL_setBORThreshold)
                  000078c0    00000018     ti_msp_dl_config.o (.text.DL_Timer_enablePower)
                  000078d8    00000018     ti_msp_dl_config.o (.text.DL_Timer_reset)
                  000078f0    00000018     driverlib.a : dl_timer.o (.text.DL_Timer_setCaptureCompareOutCtl)
                  00007908    00000018     ti_msp_dl_config.o (.text.DL_UART_enablePower)
                  00007920    00000018     ti_msp_dl_config.o (.text.DL_UART_reset)
                  00007938    00000018     libc.a : sprintf.c.obj (.text._outs)
                  00007950    00000016     ENCODER.o (.text.DL_GPIO_readPins)
                  00007966    00000016     KEY.o (.text.DL_GPIO_readPins)
                  0000797c    00000016     bsp_mpu6050.o (.text.DL_GPIO_readPins)
                  00007992    00000016     ti_msp_dl_config.o (.text.DL_UART_enable)
                  000079a8    00000016     bsp_mpu6050.o (.text.MPU6050_IRQINIT)
                  000079be    00000016     DELAY.o (.text.delay_ms)
                  000079d4    00000016     libc.a : copy_zero_init.c.obj (.text:decompress:ZI:__TI_zero_init_nomemset)
                  000079ea    00000014     bsp_mpu6050.o (.text.DL_GPIO_clearPins)
                  000079fe    00000014     ti_msp_dl_config.o (.text.DL_GPIO_clearPins)
                  00007a12    00000002     --HOLE-- [fill = 0]
                  00007a14    00000014     oled.o (.text.DL_I2C_getControllerStatus)
                  00007a28    00000014     oled.o (.text.DL_I2C_receiveControllerData)
                  00007a3c    00000014     ti_msp_dl_config.o (.text.DL_I2C_resetControllerTransfer)
                  00007a50    00000014     ti_msp_dl_config.o (.text.DL_SYSCTL_disableSYSPLL)
                  00007a64    00000014     ti_msp_dl_config.o (.text.DL_Timer_enableClock)
                  00007a78    00000014     ti_msp_dl_config.o (.text.DL_Timer_setCCPDirection)
                  00007a8c    00000014     OPENMV.o (.text.DL_UART_receiveData)
                  00007aa0    00000014     libclang_rt.builtins.a : aeabi_uldivmod.S.obj (.text.__aeabi_uldivmod)
                  00007ab4    00000014     libc.a : _printfi.c.obj (.text.strchr)
                  00007ac8    00000012     oled.o (.text.DL_I2C_getPendingInterrupt)
                  00007ada    00000012     OPENMV.o (.text.DL_UART_getPendingInterrupt)
                  00007aec    00000012     driverlib.a : dl_uart.o (.text.DL_UART_setClockConfig)
                  00007afe    00000012     libc.a : memcpy16.S.obj (.text:TI_memcpy_small)
                  00007b10    00000012            : copy_decompress_none.c.obj (.text:decompress:none)
                  00007b22    00000002     --HOLE-- [fill = 0]
                  00007b24    00000010     ti_msp_dl_config.o (.text.DL_SYSCTL_disableHFXT)
                  00007b34    00000010     ti_msp_dl_config.o (.text.DL_SYSTICK_enable)
                  00007b44    00000010     driverlib.a : dl_timer.o (.text.DL_Timer_setCaptureCompareValue)
                  00007b54    00000010     libc.a : wcslen.c.obj (.text.wcslen)
                  00007b64    0000000e            : memory.c.obj (.text.OUTLINED_FUNCTION_0)
                  00007b72    0000000e     ti_msp_dl_config.o (.text.SYSCFG_DL_SYSTICK_init)
                  00007b80    0000000e     libclang_rt.builtins.a : aeabi_memset.S.obj (.text.__aeabi_memset)
                  00007b8e    0000000e     libsysbm.a : hostrename.c.obj (.text.strcpy)
                  00007b9c    0000000e     libc.a : _printfi.c.obj (.text.strlen)
                  00007baa    0000000e     libsysbm.a : hostrename.c.obj (.text.strlen)
                  00007bb8    0000000e     libc.a : memset16.S.obj (.text:TI_memset_small)
                  00007bc6    00000002     --HOLE-- [fill = 0]
                  00007bc8    0000000c     libclang_rt.builtins.a : aeabi_memset.S.obj (.text.__aeabi_memclr)
                  00007bd4    0000000c     libc.a : memory.c.obj (.text.malloc)
                  00007be0    0000000a     driverlib.a : dl_common.o (.text.DL_Common_delayCycles)
                  00007bea    0000000a     libc.a : _printfi.c.obj (.text.OUTLINED_FUNCTION_0)
                  00007bf4    00000010     libclang_rt.builtins.a : adddf3.S.obj (.tramp.__aeabi_dsub.1)
                  00007c04    0000000a     libc.a : e_asin.c.obj (.text.OUTLINED_FUNCTION_0)
                  00007c0e    00000002     --HOLE-- [fill = 0]
                  00007c10    00000010     libclang_rt.builtins.a : muldf3.S.obj (.tramp.__aeabi_dmul.1)
                  00007c20    0000000a     libc.a : s_atan.c.obj (.text.OUTLINED_FUNCTION_0)
                  00007c2a    0000000a            : _printfi.c.obj (.text.OUTLINED_FUNCTION_1)
                  00007c34    0000000a            : e_asin.c.obj (.text.OUTLINED_FUNCTION_1)
                  00007c3e    0000000a            : e_asin.c.obj (.text.OUTLINED_FUNCTION_3)
                  00007c48    00000010     libclang_rt.builtins.a : divdf3.S.obj (.tramp.__aeabi_ddiv.1)
                  00007c58    0000000a     libc.a : sprintf.c.obj (.text._outc)
                  00007c62    00000008            : s_atan.c.obj (.text.OUTLINED_FUNCTION_2)
                  00007c6a    00000002     --HOLE-- [fill = 0]
                  00007c6c    00000008            : aeabi_portable.c.obj (.text.__aeabi_errno_addr)
                  00007c74    00000008     libclang_rt.builtins.a : aeabi_memcpy.S.obj (.text.__aeabi_memcpy)
                  00007c7c    00000008     libc.a : printf.c.obj (.text._outc)
                  00007c84    00000008            : printf.c.obj (.text._outs)
                  00007c8c    00000008            : fseek.c.obj (.text.fseek)
                  00007c94    00000008     inv_mpu.o (.text.mget_ms)
                  00007c9c    00000008     libsysbm.a : remove.c.obj (.text.remove)
                  00007ca4    00000006     libc.a : s_atan.c.obj (.text.OUTLINED_FUNCTION_1)
                  00007caa    00000002     --HOLE-- [fill = 0]
                  00007cac    00000010     libclang_rt.builtins.a : adddf3.S.obj (.tramp.__aeabi_dadd.1)
                  00007cbc    00000006     libc.a : e_asin.c.obj (.text.OUTLINED_FUNCTION_2)
                  00007cc2    00000004     startup_mspm0g350x_ticlang.o (.text.Default_Handler)
                  00007cc6    00000004     libc.a : e_asin.c.obj (.text.OUTLINED_FUNCTION_4)
                  00007cca    00000004     startup_mspm0g350x_ticlang.o (.text.Reset_Handler)
                  00007cce    00000002     --HOLE-- [fill = 0]
                  00007cd0    00000010     libc.a : boot_cortex_m.c.obj (.tramp._c_int00_noargs.1)
                  00007ce0    00000004            : pre_init.c.obj (.text._system_pre_init)
                  00007ce4    00000004            : exit.c.obj (.text:abort)
                  00007ce8    00000008     --HOLE-- [fill = 0]

.cinit     0    00009410    000000a0     
                  00009410    0000007c     (.cinit..data.load) [load image, compression = lzss]
                  0000948c    0000000c     (__TI_handler_table)
                  00009498    00000008     (.cinit..bss.load) [load image, compression = zero_init]
                  000094a0    00000010     (__TI_cinit_table)

.rodata    0    00007cf0    00001720     
                  00007cf0    00000bf6     inv_mpu_dmp_motion_driver.o (.rodata.dmp_memory)
                  000088e6    000005f0     oled.o (.rodata.asc2_1608)
                  00008ed6    00000228     oled.o (.rodata.asc2_0806)
                  000090fe    00000002     ti_msp_dl_config.o (.rodata.gI2C_OLEDClockConfig)
                  00009100    00000101     libc.a : aeabi_ctype.S.obj (.rodata:__aeabi_ctype_table_)
                  00009201    0000004d     inv_mpu.o (.rodata.str1.160283505510757216751)
                  0000924e    00000002     ti_msp_dl_config.o (.rodata.gUART_1ClockConfig)
                  00009250    00000040     libc.a : s_atan.c.obj (.rodata.cst32)
                  00009290    00000028     inv_mpu.o (.rodata.test)
                  000092b8    00000026     inv_mpu.o (.rodata.str1.30660213265100532911)
                  000092de    0000001e     inv_mpu.o (.rodata.str1.65607303993038708971)
                  000092fc    0000001b     inv_mpu.o (.rodata.reg)
                  00009317    00000018     bsp_mpu6050.o (.rodata.str1.47131709717075209341)
                  0000932f    00000001     --HOLE-- [fill = 0]
                  00009330    00000014     ti_msp_dl_config.o (.rodata.gTIMER_0TimerConfig)
                  00009344    00000014     ti_msp_dl_config.o (.rodata.gTIMER_1TimerConfig)
                  00009358    00000014     ti_msp_dl_config.o (.rodata.gTIMER_USOUNDTimerConfig)
                  0000936c    00000012     bsp_mpu6050.o (.rodata.str1.121524806415416391)
                  0000937e    00000011     libc.a : _printfi.c.obj (.rodata.str1.103488685894817597201)
                  0000938f    00000011            : _printfi.c.obj (.rodata.str1.153638888446227384661)
                  000093a0    0000000c     inv_mpu.o (.rodata.hw)
                  000093ac    0000000a     ti_msp_dl_config.o (.rodata.gUART_1Config)
                  000093b6    00000009     bsp_mpu6050.o (.rodata.str1.31194399489305687111)
                  000093bf    00000001     --HOLE-- [fill = 0]
                  000093c0    00000008     ti_msp_dl_config.o (.rodata.gPWM_MotorConfig)
                  000093c8    00000007     SHOW.o (.rodata.str1.106330169944177295591)
                  000093cf    00000007     SHOW.o (.rodata.str1.144500307617469853061)
                  000093d6    00000007     SHOW.o (.rodata.str1.56801082815158867401)
                  000093dd    00000007     SHOW.o (.rodata.str1.70721812543400728491)
                  000093e4    00000006     SHOW.o (.rodata.str1.180801328768490683741)
                  000093ea    00000006     SHOW.o (.rodata.str1.3547001709832932861)
                  000093f0    00000004     SHOW.o (.rodata.str1.61326361905894939741)
                  000093f4    00000003     ti_msp_dl_config.o (.rodata.gPWM_MotorClockConfig)
                  000093f7    00000003     ti_msp_dl_config.o (.rodata.gTIMER_0ClockConfig)
                  000093fa    00000003     ti_msp_dl_config.o (.rodata.gTIMER_1ClockConfig)
                  000093fd    00000003     ti_msp_dl_config.o (.rodata.gTIMER_USOUNDClockConfig)
                  00009400    00000003     SHOW.o (.rodata.str1.149926459864842581121)
                  00009403    00000003     SHOW.o (.rodata.str1.68679556611218776481)
                  00009406    00000003     SHOW.o (.rodata.str1.88699194037167540101)
                  00009409    00000002     SHOW.o (.rodata.str1.147159469407671331831)
                  0000940b    00000002     SHOW.o (.rodata.str1.18070343115268895851)
                  0000940d    00000003     --HOLE-- [fill = 0]

.init_array 
*          0    00000000    00000000     UNINITIALIZED

.binit     0    00000000    00000000     

.sysmem    0    20200000    00000800     UNINITIALIZED
                  20200000    00000010     libc.a : memory.c.obj (.sysmem)
                  20200010    000007f0     --HOLE--

.bss       0    20200800    00000365     UNINITIALIZED
                  20200800    00000120     libsysbm.a : trgmsg.c.obj (.bss:_CIOBUF_)
                  20200920    000000a0     libc.a : defs.c.obj (.bss.__TI_tmpnams)
                  202009c0    000000a0     (.common:gTIMER_0Backup)
                  20200a60    000000a0     (.common:gTIMER_1Backup)
                  20200b00    00000010     (.common:gRxPacket)
                  20200b10    00000010     (.common:gTxPacket)
                  20200b20    00000010     (.common:oled_buffer)
                  20200b30    00000008     libsysbm.a : hostopen.c.obj (.bss.parmbuf)
                  20200b38    00000006     (.common:acc)
                  20200b3e    00000005     (.common:rx_buff)
                  20200b43    00000001     (.common:gI2cControllerStatus)
                  20200b44    00000004     libc.a : memory.c.obj (.bss.sys_free)
                  20200b48    00000004     (.common:gRxCount)
                  20200b4c    00000004     (.common:gRxLen)
                  20200b50    00000004     (.common:gTxCount)
                  20200b54    00000004     (.common:gTxLen)
                  20200b58    00000004     (.common:pitch)
                  20200b5c    00000004     (.common:roll)
                  20200b60    00000004     (.common:yaw)
                  20200b64    00000001     (.common:temp)

.data      0    20200b68    0000022d     UNINITIALIZED
                  20200b68    000000f0     libc.a : defs.c.obj (.data._ftable)
                  20200c58    00000078     libsysbm.a : host_device.c.obj (.data._device)
                  20200cd0    00000050                : host_device.c.obj (.data._stream)
                  20200d20    0000002c     inv_mpu.o (.data.st)
                  20200d4c    00000010     inv_mpu_dmp_motion_driver.o (.data.dmp)
                  20200d5c    00000009     inv_mpu.o (.data.gyro_orientation)
                  20200d65    00000001     USOUND.o (.data.Page)
                  20200d66    00000002     USOUND.o (.data.Range)
                  20200d68    00000008     libc.a : exit.c.obj (.data..L_MergedGlobals)
                  20200d70    00000008     ENCODER.o (.data.pre_encoder_cnt1)
                  20200d78    00000008     ENCODER.o (.data.pre_encoder_cnt2)
                  20200d80    00000004     libc.a : defs.c.obj (.data.__TI_ft_end)
                  20200d84    00000004            : aeabi_portable.c.obj (.data.__aeabi_errno)
                  20200d88    00000004            : _lock.c.obj (.data._lock)
                  20200d8c    00000004            : _lock.c.obj (.data._unlock)
                  20200d90    00000001            : memory.c.obj (.data.memory_is_initialized)
                  20200d91    00000001     USOUND.o (.data.need_clear_display)
                  20200d92    00000001     OPENMV.o (.data.packet_ready)
                  20200d93    00000001     OPENMV.o (.data.rx_index)
                  20200d94    00000001     USOUND.o (.data.sys_state)

.stack     0    20207e00    00000200     UNINITIALIZED
                  20207e00    00000004     libc.a : boot_cortex_m.c.obj (.stack)
                  20207e04    000001fc     --HOLE--

__llvm_prf_cnts 
*          0    20200000    00000000     UNINITIALIZED

__llvm_prf_bits 
*          0    20200000    00000000     UNINITIALIZED

MODULE SUMMARY

       Module                         code    ro data   rw data
       ------                         ----    -------   -------
    .\
       ti_msp_dl_config.o             2766    94        320    
       startup_mspm0g350x_ticlang.o   8       192       0      
       main.o                         160     0         16     
    +--+------------------------------+-------+---------+---------+
       Total:                         2934    286       336    
                                                               
    .\Hardware\MPU6050\
       bsp_mpu6050.o                  2200    51        18     
    +--+------------------------------+-------+---------+---------+
       Total:                         2200    51        18     
                                                               
    .\Hardware\MPU6050\eMPL\
       inv_mpu_dmp_motion_driver.o    3070    3062      16     
       inv_mpu.o                      5736    224       53     
    +--+------------------------------+-------+---------+---------+
       Total:                         8806    3286      69     
                                                               
    .\Hardware\OLED\
       oled.o                         1646    2072      49     
    +--+------------------------------+-------+---------+---------+
       Total:                         1646    2072      49     
                                                               
    .\Hardware\OPENMV\
       OPENMV.o                       194     0         7      
    +--+------------------------------+-------+---------+---------+
       Total:                         194     0         7      
                                                               
    .\Hardware\USOUND\
       USOUND.o                       192     0         5      
    +--+------------------------------+-------+---------+---------+
       Total:                         192     0         5      
                                                               
    .\User\
       SHOW.o                         444     57        0      
       ENCODER.o                      386     0         16     
       DELAY.o                        138     0         0      
       KEY.o                          118     0         1      
    +--+------------------------------+-------+---------+---------+
       Total:                         1086    57        17     
                                                               
    C:/ti/mspm0_sdk_2_04_00_06/source/ti/driverlib/lib/ticlang/m0p/mspm0g1x0x_g3x0x/driverlib.a
       dl_timer.o                     588     0         0      
       dl_i2c.o                       132     0         0      
       dl_uart.o                      90      0         0      
       dl_common.o                    10      0         0      
    +--+------------------------------+-------+---------+---------+
       Total:                         820     0         0      
                                                               
    C:\ti\ccstheia151\ccs\tools\compiler\ti-cgt-armllvm_4.0.0.LTS\lib\armv6m-ti-none-eabi/c/libc.a
       _printfi.c.obj                 4510    34        0      
       e_asin.c.obj                   908     0         0      
       s_atan.c.obj                   784     64        0      
       memory.c.obj                   702     0         5      
       defs.c.obj                     0       0         404    
       e_atan2.c.obj                  392     0         0      
       e_sqrt.c.obj                   368     0         0      
       aeabi_ctype.S.obj              0       257       0      
       fputs.c.obj                    248     0         0      
       setvbuf.c.obj                  224     0         0      
       s_scalbn.c.obj                 216     0         0      
       getdevice.c.obj                160     0         0      
       fputc.c.obj                    156     0         0      
       strcmp-armv6m.S.obj            136     0         0      
       copy_decompress_lzss.c.obj     124     0         0      
       fclose.c.obj                   124     0         0      
       fseek.c.obj                    116     0         0      
       printf.c.obj                   108     0         0      
       _io_perm.c.obj                 100     0         0      
       s_frexp.c.obj                  92      0         0      
       sprintf.c.obj                  90      0         0      
       _ltoa.c.obj                    88      0         0      
       fflush.c.obj                   82      0         0      
       atoi.c.obj                     64      0         0      
       exit.c.obj                     56      0         8      
       autoinit.c.obj                 60      0         0      
       boot_cortex_m.c.obj            56      0         0      
       fopen.c.obj                    52      0         0      
       memccpy.c.obj                  34      0         0      
       memcmp.c.obj                   32      0         0      
       copy_zero_init.c.obj           22      0         0      
       copy_decompress_none.c.obj     18      0         0      
       memcpy16.S.obj                 18      0         0      
       wcslen.c.obj                   16      0         0      
       memset16.S.obj                 14      0         0      
       aeabi_portable.c.obj           8       0         4      
       _lock.c.obj                    2       0         8      
       pre_init.c.obj                 4       0         0      
    +--+------------------------------+-------+---------+---------+
       Total:                         10184   355       429    
                                                               
    C:\ti\ccstheia151\ccs\tools\compiler\ti-cgt-armllvm_4.0.0.LTS\lib\armv6m-ti-none-eabi/c/libsysbm.a
       trgmsg.c.obj                   104     0         288    
       host_device.c.obj              0       0         200    
       hostrename.c.obj               136     0         0      
       hostlseek.c.obj                108     0         0      
       hostopen.c.obj                 96      0         8      
       hostread.c.obj                 88      0         0      
       hostwrite.c.obj                88      0         0      
       close.c.obj                    80      0         0      
       hostclose.c.obj                72      0         0      
       hostunlink.c.obj               72      0         0      
       unlink.c.obj                   44      0         0      
       lseek.c.obj                    40      0         0      
       write.c.obj                    40      0         0      
       remove.c.obj                   8       0         0      
    +--+------------------------------+-------+---------+---------+
       Total:                         976     0         496    
                                                               
    C:\ti\ccstheia151\ccs\tools\compiler\ti-cgt-armllvm_4.0.0.LTS\lib\armv6m-ti-none-eabi/libclang_rt.builtins.a
       adddf3.S.obj                   434     0         0      
       divdf3.S.obj                   284     0         0      
       muldf3.S.obj                   244     0         0      
       comparedf2.c.obj               220     0         0      
       addsf3.S.obj                   216     0         0      
       udivmoddi4.S.obj               162     0         0      
       mulsf3.S.obj                   140     0         0      
       divsf3.S.obj                   130     0         0      
       truncdfsf2.S.obj               116     0         0      
       aeabi_dcmp.S.obj               98      0         0      
       aeabi_idivmod.S.obj            86      0         0      
       fixdfsi.S.obj                  74      0         0      
       aeabi_uidivmod.S.obj           64      0         0      
       extendsfdf2.S.obj              64      0         0      
       floatsisf.S.obj                60      0         0      
       muldsi3.S.obj                  58      0         0      
       fixsfsi.S.obj                  56      0         0      
       floatsidf.S.obj                44      0         0      
       floatunsisf.S.obj              40      0         0      
       muldi3.S.obj                   36      0         0      
       ashldi3.S.obj                  30      0         0      
       aeabi_memset.S.obj             26      0         0      
       aeabi_uldivmod.S.obj           20      0         0      
       aeabi_memcpy.S.obj             8       0         0      
       aeabi_div0.c.obj               4       0         0      
    +--+------------------------------+-------+---------+---------+
       Total:                         2714    0         0      
                                                               
       Heap:                          0       0         2048   
       Stack:                         0       0         512    
       Linker Generated:              0       160       0      
    +--+------------------------------+-------+---------+---------+
       Grand Total:                   31752   6267      3986   


LINKER GENERATED COPY TABLES

__TI_cinit_table @ 000094a0 records: 2, size/record: 8, table size: 16
	.data: load addr=00009410, load size=0000007c bytes, run addr=20200b68, run size=0000022d bytes, compression=lzss
	.bss: load addr=00009498, load size=00000008 bytes, run addr=20200800, run size=00000365 bytes, compression=zero_init


LINKER GENERATED HANDLER TABLE

__TI_handler_table @ 0000948c records: 3, size/record: 4, table size: 12
	index: 0, handler: __TI_decompress_lzss
	index: 1, handler: __TI_decompress_none
	index: 2, handler: __TI_zero_init


FAR CALL TRAMPOLINES

callee name               trampoline name
   callee addr  tramp addr   call addr  call info
--------------  -----------  ---------  ----------------
__aeabi_dsub              $Tramp$TT$L$PI$$__aeabi_dsub
   0000257d     00007bf4     00007bf2   libc.a : _printfi.c.obj (.text.OUTLINED_FUNCTION_0)
__aeabi_dmul              $Tramp$TT$L$PI$$__aeabi_dmul
   00003fd1     00007c10     00007c0c   libc.a : e_asin.c.obj (.text.OUTLINED_FUNCTION_0)
                             00007c28          : s_atan.c.obj (.text.OUTLINED_FUNCTION_0)
                             00007c3c          : e_asin.c.obj (.text.OUTLINED_FUNCTION_1)
                             00007c68          : s_atan.c.obj (.text.OUTLINED_FUNCTION_2)
                             00007cc0          : e_asin.c.obj (.text.OUTLINED_FUNCTION_2)
__aeabi_ddiv              $Tramp$TT$L$PI$$__aeabi_ddiv
   00003805     00007c48     00007c46   libc.a : e_asin.c.obj (.text.OUTLINED_FUNCTION_3)
__aeabi_dadd              $Tramp$TT$L$PI$$__aeabi_dadd
   00002587     00007cac     00007ca8   libc.a : s_atan.c.obj (.text.OUTLINED_FUNCTION_1)
                             00007cc8          : e_asin.c.obj (.text.OUTLINED_FUNCTION_4)
_c_int00_noargs           $Tramp$TT$L$PI$$_c_int00_noargs
   00007355     00007cd0     00007cca   startup_mspm0g350x_ticlang.o (.text.Reset_Handler)

[5 trampolines]
[10 trampoline calls]


GLOBAL SYMBOLS: SORTED ALPHABETICALLY BY Name 

address   name                            
-------   ----                            
00007cc3  ADC0_IRQHandler                 
00007cc3  ADC1_IRQHandler                 
00007cc3  AES_IRQHandler                  
00007ce4  C$$EXIT                         
00006f25  C$$IO$$                         
00007cc3  CANFD0_IRQHandler               
00007cc3  DAC0_IRQHandler                 
00007be1  DL_Common_delayCycles           
00006265  DL_I2C_fillControllerTXFIFO     
000073a3  DL_I2C_setClockConfig           
00003a19  DL_Timer_initFourCCPWMMode      
00003e01  DL_Timer_initTimerMode          
00007665  DL_Timer_setCaptCompUpdateMethod
000078f1  DL_Timer_setCaptureCompareOutCtl
00007b45  DL_Timer_setCaptureCompareValue 
00007681  DL_Timer_setClockConfig         
00006819  DL_UART_init                    
00007aed  DL_UART_setClockConfig          
00007cc3  DMA_IRQHandler                  
00007cc3  Default_Handler                 
00007435  Delay_ms                        
00007cc3  GROUP0_IRQHandler               
00002cbd  GROUP1_IRQHandler               
00006861  HOSTclose                       
00005b9d  HOSTlseek                       
000060e5  HOSTopen                        
000063d9  HOSTread                        
00005c09  HOSTrename                      
000068a9  HOSTunlink                      
00006431  HOSTwrite                       
00007cc3  HardFault_Handler               
00002f25  I2C0_IRQHandler                 
00007cc3  I2C1_IRQHandler                 
00004919  I2C_WaitAck                     
000056d9  IIC_Send_Ack                    
00006145  IIC_Start                       
00006489  IIC_Stop                        
000061a5  KEY_VAL                         
000065e7  MPU6050ReadAcc                  
000062c5  MPU6050ReadID                   
000079a9  MPU6050_IRQINIT                 
000045dd  MPU6050_Init                    
00004505  MPU6050_ReadData                
00004b4d  MPU6050_WriteReg                
000076b9  MPU_Set_Accel_Fsr               
000076d5  MPU_Set_Gyro_Fsr                
0000541f  MPU_Set_LPF                     
00005db9  MPU_Set_Rate                    
00007cc3  NMI_Handler                     
00005d4d  OLED_Clear                      
00003b1d  OLED_Init                       
00006c8d  OLED_Set_Pos                    
000033b1  OLED_ShowChar                   
00005b2d  OLED_ShowString                 
00004279  OLED_WR_Byte                    
20200d65  Page                            
00007cc3  PendSV_Handler                  
00007cc3  RTC_IRQHandler                  
20200d66  Range                           
00004dfd  Read_Byte                       
00007ccb  Reset_Handler                   
00003295  SHOW_Firstpage                  
00004e9d  SHOW_Secondpage                 
00007cc3  SPI0_IRQHandler                 
00007cc3  SPI1_IRQHandler                 
00007cc3  SVC_Handler                     
00001e11  SYSCFG_DL_GPIO_init             
00005f55  SYSCFG_DL_I2C_OLED_init         
000054ad  SYSCFG_DL_PWM_Motor_init        
000074d7  SYSCFG_DL_SYSCTL_init           
00007b73  SYSCFG_DL_SYSTICK_init          
00006a95  SYSCFG_DL_TIMER_0_init          
00006e5d  SYSCFG_DL_TIMER_1_init          
00006cc9  SYSCFG_DL_TIMER_USOUND_init     
000068f1  SYSCFG_DL_UART_1_init           
00006ad5  SYSCFG_DL_init                  
00004f3d  SYSCFG_DL_initPower             
00004fdd  Send_Byte                       
00007cc3  SysTick_Handler                 
00007cc3  TIMA0_IRQHandler                
00007cc3  TIMA1_IRQHandler                
00007cc3  TIMG0_IRQHandler                
00007cc3  TIMG12_IRQHandler               
000069c9  TIMG6_IRQHandler                
000073c9  TIMG7_IRQHandler                
00007cc3  TIMG8_IRQHandler                
00007aff  TI_memcpy_small                 
00007bb9  TI_memset_small                 
00007cc3  UART0_IRQHandler                
0000511d  UART1_IRQHandler                
00007cc3  UART2_IRQHandler                
00007cc3  UART3_IRQHandler                
000073ed  USOUND_Init                     
20200800  _CIOBUF_                        
20200800  __CIOBUF_                       
20208000  __STACK_END                     
00000200  __STACK_SIZE                    
00000800  __SYSMEM_SIZE                   
00000000  __TI_ATRegion0_region_sz        
00000000  __TI_ATRegion0_src_addr         
00000000  __TI_ATRegion0_trg_addr         
00000000  __TI_ATRegion1_region_sz        
00000000  __TI_ATRegion1_src_addr         
00000000  __TI_ATRegion1_trg_addr         
00000000  __TI_ATRegion2_region_sz        
00000000  __TI_ATRegion2_src_addr         
00000000  __TI_ATRegion2_trg_addr         
000094a0  __TI_CINIT_Base                 
000094b0  __TI_CINIT_Limit                
000094b0  __TI_CINIT_Warm                 
0000948c  __TI_Handler_Table_Base         
00009498  __TI_Handler_Table_Limit        
00006d41  __TI_auto_init_nobinit_nopinit  
00006e91  __TI_cleanup                    
20200d68  __TI_cleanup_ptr                
00005865  __TI_closefile                  
000058e1  __TI_decompress_lzss            
00007b11  __TI_decompress_none            
0000663b  __TI_doflush                    
20200d6c  __TI_dtors_ptr                  
20200d80  __TI_ft_end                     
000064e1  __TI_ltoa                       
ffffffff  __TI_pprof_out_hndl             
000000c1  __TI_printfi                    
ffffffff  __TI_prof_data_size             
ffffffff  __TI_prof_data_start            
00006ec5  __TI_readmsg                    
00000000  __TI_static_base__              
20200920  __TI_tmpnams                    
00006ef9  __TI_writemsg                   
00005fb9  __TI_wrt_ok                     
000079d5  __TI_zero_init_nomemset         
00002587  __adddf3                        
00004437  __addsf3                        
00009100  __aeabi_ctype_table_            
00009100  __aeabi_ctype_table_C           
000059d1  __aeabi_d2f                     
000067cd  __aeabi_d2iz                    
00002587  __aeabi_dadd                    
00006081  __aeabi_dcmpeq                  
000060bd  __aeabi_dcmpge                  
000060d1  __aeabi_dcmpgt                  
000060a9  __aeabi_dcmple                  
00006095  __aeabi_dcmplt                  
00003805  __aeabi_ddiv                    
00003fd1  __aeabi_dmul                    
0000257d  __aeabi_dsub                    
20200d84  __aeabi_errno                   
00007c6d  __aeabi_errno_addr              
00006b55  __aeabi_f2d                     
00006db9  __aeabi_f2iz                    
00004437  __aeabi_fadd                    
000057e1  __aeabi_fdiv                    
00005539  __aeabi_fmul                    
0000442d  __aeabi_fsub                    
00007195  __aeabi_i2d                     
00006d05  __aeabi_i2f                     
00006591  __aeabi_idiv                    
0000270f  __aeabi_idiv0                   
00006591  __aeabi_idivmod                 
000045db  __aeabi_ldiv0                   
000074f5  __aeabi_llsl                    
00007411  __aeabi_lmul                    
00007bc9  __aeabi_memclr                  
00007bc9  __aeabi_memclr4                 
00007bc9  __aeabi_memclr8                 
00007c75  __aeabi_memcpy                  
00007c75  __aeabi_memcpy4                 
00007c75  __aeabi_memcpy8                 
00007b81  __aeabi_memset                  
00007b81  __aeabi_memset4                 
00007b81  __aeabi_memset8                 
000072b5  __aeabi_ui2f                    
00006b15  __aeabi_uidiv                   
00006b15  __aeabi_uidivmod                
00007aa1  __aeabi_uldivmod                
000074f5  __ashldi3                       
ffffffff  __binit__                       
00005e21  __cmpdf2                        
00003805  __divdf3                        
000057e1  __divsf3                        
00005e21  __eqdf2                         
00006b55  __extendsfdf2                   
000067cd  __fixdfsi                       
00006db9  __fixsfsi                       
00007195  __floatsidf                     
00006d05  __floatsisf                     
000072b5  __floatunsisf                   
0000595d  __gedf2                         
0000595d  __gtdf2                         
00005e21  __ledf2                         
00005e21  __ltdf2                         
UNDEFED   __mpu_init                      
00003fd1  __muldf3                        
00007411  __muldi3                        
00006d7d  __muldsi3                       
00005539  __mulsf3                        
00005e21  __nedf2                         
20207e00  __stack                         
20200000  __start___llvm_prf_bits         
20200000  __start___llvm_prf_cnts         
20200000  __stop___llvm_prf_bits          
20200000  __stop___llvm_prf_cnts          
0000257d  __subdf3                        
0000442d  __subsf3                        
000059d1  __truncdfsf2                    
00004d59  __udivmoddi4                    
00007355  _c_int00_noargs                 
20200c58  _device                         
20200b68  _ftable                         
20200d88  _lock                           
00004dfb  _nop                            
20200cd0  _stream                         
20200000  _sys_memory                     
UNDEFED   _system_post_cinit              
00007ce1  _system_pre_init                
20200d8c  _unlock                         
00007ce5  abort                           
20200b38  acc                             
000035e1  aligned_alloc                   
00008ed6  asc2_0806                       
000088e6  asc2_1608                       
00000a91  asin                            
00000a91  asinl                           
00000df5  atan                            
00002711  atan2                           
00002711  atan2l                          
00000df5  atanl                           
00006b95  atoi                            
ffffffff  binit                           
00006731  close                           
000079bf  delay_ms                        
00005a45  delay_us                        
00006939  dmp_enable_6x_lp_quat           
000010ed  dmp_enable_feature              
00006205  dmp_enable_gyro_cal             
00006981  dmp_enable_lp_quat              
000076f1  dmp_load_motion_driver_firmware 
0000200d  dmp_read_fifo                   
000052f1  dmp_set_fifo_rate               
00002899  dmp_set_orientation             
00006a0d  dmp_set_shake_reject_thresh     
00006f95  dmp_set_shake_reject_time       
00006fc7  dmp_set_shake_reject_timeout    
00005eef  dmp_set_tap_axes                
00006a51  dmp_set_tap_count               
00001365  dmp_set_tap_thresh              
00007059  dmp_set_tap_time                
00007089  dmp_set_tap_time_multi          
00006f2d  exit                            
00006f61  finddevice                      
000051b9  fputc                           
00003c1d  fputs                           
00003ee9  free                            
00006321  frexp                           
00006321  frexpl                          
00007c8d  fseek                           
00005c75  fseeko                          
20200b43  gI2cControllerStatus            
20200b48  gRxCount                        
20200b4c  gRxLen                          
20200b00  gRxPacket                       
202009c0  gTIMER_0Backup                  
20200a60  gTIMER_1Backup                  
20200b50  gTxCount                        
20200b54  gTxLen                          
20200b10  gTxPacket                       
00005ce1  getdevice                       
000093a0  hw                              
00000000  interruptVectors                
00006bd5  inv_orientation_matrix_to_scalar
00005389  inv_row_2_scale                 
00004355  ldexp                           
00004355  ldexpl                          
00007305  lseek                           
0000507d  main                            
00007bd5  malloc                          
000035e1  memalign                        
00007457  memccpy                         
00007499  memcmp                          
00007c95  mget_ms                         
000049d9  mpu_configure_fifo              
000019e9  mpu_dmp_get_data                
000034c9  mpu_dmp_init                    
00005ab9  mpu_get_accel_fsr               
00001bfd  mpu_init                        
00003051  mpu_load_firmware               
000036f5  mpu_lp_accel_mode               
00003911  mpu_read_fifo_stream            
00004c01  mpu_read_mem                    
0000159d  mpu_reset_fifo                  
000040b5  mpu_set_accel_fsr               
000023dd  mpu_set_bypass                  
00004a95  mpu_set_dmp_state               
00004855  mpu_set_gyro_fsr                
00005255  mpu_set_int_latched             
00004785  mpu_set_lpf                     
00003d15  mpu_set_sample_rate             
00002df5  mpu_set_sensors                 
00004cad  mpu_write_mem                   
20200d91  need_clear_display              
20200b20  oled_buffer                     
20200d92  packet_ready                    
20200b30  parmbuf                         
20200b58  pitch                           
20200d70  pre_encoder_cnt1                
20200d78  pre_encoder_cnt2                
0000637d  printf                          
000092fc  reg                             
00007c9d  remove                          
20200b5c  roll                            
20200b3e  rx_buff                         
20200d93  rx_index                        
00004355  scalbn                          
00004355  scalbnl                         
00004199  setvbuf                         
00006df1  sprintf                         
00002a11  sqrt                            
00002a11  sqrtl                           
00005651  strcmp                          
20200d94  sys_state                       
20200b64  temp                            
00009290  test                            
000071c1  unlink                          
00007b55  wcslen                          
0000732d  write                           
20200b60  yaw                             


GLOBAL SYMBOLS: SORTED BY Symbol Address 

address   name                            
-------   ----                            
00000000  __TI_ATRegion0_region_sz        
00000000  __TI_ATRegion0_src_addr         
00000000  __TI_ATRegion0_trg_addr         
00000000  __TI_ATRegion1_region_sz        
00000000  __TI_ATRegion1_src_addr         
00000000  __TI_ATRegion1_trg_addr         
00000000  __TI_ATRegion2_region_sz        
00000000  __TI_ATRegion2_src_addr         
00000000  __TI_ATRegion2_trg_addr         
00000000  __TI_static_base__              
00000000  interruptVectors                
000000c1  __TI_printfi                    
00000200  __STACK_SIZE                    
00000800  __SYSMEM_SIZE                   
00000a91  asin                            
00000a91  asinl                           
00000df5  atan                            
00000df5  atanl                           
000010ed  dmp_enable_feature              
00001365  dmp_set_tap_thresh              
0000159d  mpu_reset_fifo                  
000019e9  mpu_dmp_get_data                
00001bfd  mpu_init                        
00001e11  SYSCFG_DL_GPIO_init             
0000200d  dmp_read_fifo                   
000023dd  mpu_set_bypass                  
0000257d  __aeabi_dsub                    
0000257d  __subdf3                        
00002587  __adddf3                        
00002587  __aeabi_dadd                    
0000270f  __aeabi_idiv0                   
00002711  atan2                           
00002711  atan2l                          
00002899  dmp_set_orientation             
00002a11  sqrt                            
00002a11  sqrtl                           
00002cbd  GROUP1_IRQHandler               
00002df5  mpu_set_sensors                 
00002f25  I2C0_IRQHandler                 
00003051  mpu_load_firmware               
00003295  SHOW_Firstpage                  
000033b1  OLED_ShowChar                   
000034c9  mpu_dmp_init                    
000035e1  aligned_alloc                   
000035e1  memalign                        
000036f5  mpu_lp_accel_mode               
00003805  __aeabi_ddiv                    
00003805  __divdf3                        
00003911  mpu_read_fifo_stream            
00003a19  DL_Timer_initFourCCPWMMode      
00003b1d  OLED_Init                       
00003c1d  fputs                           
00003d15  mpu_set_sample_rate             
00003e01  DL_Timer_initTimerMode          
00003ee9  free                            
00003fd1  __aeabi_dmul                    
00003fd1  __muldf3                        
000040b5  mpu_set_accel_fsr               
00004199  setvbuf                         
00004279  OLED_WR_Byte                    
00004355  ldexp                           
00004355  ldexpl                          
00004355  scalbn                          
00004355  scalbnl                         
0000442d  __aeabi_fsub                    
0000442d  __subsf3                        
00004437  __addsf3                        
00004437  __aeabi_fadd                    
00004505  MPU6050_ReadData                
000045db  __aeabi_ldiv0                   
000045dd  MPU6050_Init                    
00004785  mpu_set_lpf                     
00004855  mpu_set_gyro_fsr                
00004919  I2C_WaitAck                     
000049d9  mpu_configure_fifo              
00004a95  mpu_set_dmp_state               
00004b4d  MPU6050_WriteReg                
00004c01  mpu_read_mem                    
00004cad  mpu_write_mem                   
00004d59  __udivmoddi4                    
00004dfb  _nop                            
00004dfd  Read_Byte                       
00004e9d  SHOW_Secondpage                 
00004f3d  SYSCFG_DL_initPower             
00004fdd  Send_Byte                       
0000507d  main                            
0000511d  UART1_IRQHandler                
000051b9  fputc                           
00005255  mpu_set_int_latched             
000052f1  dmp_set_fifo_rate               
00005389  inv_row_2_scale                 
0000541f  MPU_Set_LPF                     
000054ad  SYSCFG_DL_PWM_Motor_init        
00005539  __aeabi_fmul                    
00005539  __mulsf3                        
00005651  strcmp                          
000056d9  IIC_Send_Ack                    
000057e1  __aeabi_fdiv                    
000057e1  __divsf3                        
00005865  __TI_closefile                  
000058e1  __TI_decompress_lzss            
0000595d  __gedf2                         
0000595d  __gtdf2                         
000059d1  __aeabi_d2f                     
000059d1  __truncdfsf2                    
00005a45  delay_us                        
00005ab9  mpu_get_accel_fsr               
00005b2d  OLED_ShowString                 
00005b9d  HOSTlseek                       
00005c09  HOSTrename                      
00005c75  fseeko                          
00005ce1  getdevice                       
00005d4d  OLED_Clear                      
00005db9  MPU_Set_Rate                    
00005e21  __cmpdf2                        
00005e21  __eqdf2                         
00005e21  __ledf2                         
00005e21  __ltdf2                         
00005e21  __nedf2                         
00005eef  dmp_set_tap_axes                
00005f55  SYSCFG_DL_I2C_OLED_init         
00005fb9  __TI_wrt_ok                     
00006081  __aeabi_dcmpeq                  
00006095  __aeabi_dcmplt                  
000060a9  __aeabi_dcmple                  
000060bd  __aeabi_dcmpge                  
000060d1  __aeabi_dcmpgt                  
000060e5  HOSTopen                        
00006145  IIC_Start                       
000061a5  KEY_VAL                         
00006205  dmp_enable_gyro_cal             
00006265  DL_I2C_fillControllerTXFIFO     
000062c5  MPU6050ReadID                   
00006321  frexp                           
00006321  frexpl                          
0000637d  printf                          
000063d9  HOSTread                        
00006431  HOSTwrite                       
00006489  IIC_Stop                        
000064e1  __TI_ltoa                       
00006591  __aeabi_idiv                    
00006591  __aeabi_idivmod                 
000065e7  MPU6050ReadAcc                  
0000663b  __TI_doflush                    
00006731  close                           
000067cd  __aeabi_d2iz                    
000067cd  __fixdfsi                       
00006819  DL_UART_init                    
00006861  HOSTclose                       
000068a9  HOSTunlink                      
000068f1  SYSCFG_DL_UART_1_init           
00006939  dmp_enable_6x_lp_quat           
00006981  dmp_enable_lp_quat              
000069c9  TIMG6_IRQHandler                
00006a0d  dmp_set_shake_reject_thresh     
00006a51  dmp_set_tap_count               
00006a95  SYSCFG_DL_TIMER_0_init          
00006ad5  SYSCFG_DL_init                  
00006b15  __aeabi_uidiv                   
00006b15  __aeabi_uidivmod                
00006b55  __aeabi_f2d                     
00006b55  __extendsfdf2                   
00006b95  atoi                            
00006bd5  inv_orientation_matrix_to_scalar
00006c8d  OLED_Set_Pos                    
00006cc9  SYSCFG_DL_TIMER_USOUND_init     
00006d05  __aeabi_i2f                     
00006d05  __floatsisf                     
00006d41  __TI_auto_init_nobinit_nopinit  
00006d7d  __muldsi3                       
00006db9  __aeabi_f2iz                    
00006db9  __fixsfsi                       
00006df1  sprintf                         
00006e5d  SYSCFG_DL_TIMER_1_init          
00006e91  __TI_cleanup                    
00006ec5  __TI_readmsg                    
00006ef9  __TI_writemsg                   
00006f25  C$$IO$$                         
00006f2d  exit                            
00006f61  finddevice                      
00006f95  dmp_set_shake_reject_time       
00006fc7  dmp_set_shake_reject_timeout    
00007059  dmp_set_tap_time                
00007089  dmp_set_tap_time_multi          
00007195  __aeabi_i2d                     
00007195  __floatsidf                     
000071c1  unlink                          
000072b5  __aeabi_ui2f                    
000072b5  __floatunsisf                   
00007305  lseek                           
0000732d  write                           
00007355  _c_int00_noargs                 
000073a3  DL_I2C_setClockConfig           
000073c9  TIMG7_IRQHandler                
000073ed  USOUND_Init                     
00007411  __aeabi_lmul                    
00007411  __muldi3                        
00007435  Delay_ms                        
00007457  memccpy                         
00007499  memcmp                          
000074d7  SYSCFG_DL_SYSCTL_init           
000074f5  __aeabi_llsl                    
000074f5  __ashldi3                       
00007665  DL_Timer_setCaptCompUpdateMethod
00007681  DL_Timer_setClockConfig         
000076b9  MPU_Set_Accel_Fsr               
000076d5  MPU_Set_Gyro_Fsr                
000076f1  dmp_load_motion_driver_firmware 
000078f1  DL_Timer_setCaptureCompareOutCtl
000079a9  MPU6050_IRQINIT                 
000079bf  delay_ms                        
000079d5  __TI_zero_init_nomemset         
00007aa1  __aeabi_uldivmod                
00007aed  DL_UART_setClockConfig          
00007aff  TI_memcpy_small                 
00007b11  __TI_decompress_none            
00007b45  DL_Timer_setCaptureCompareValue 
00007b55  wcslen                          
00007b73  SYSCFG_DL_SYSTICK_init          
00007b81  __aeabi_memset                  
00007b81  __aeabi_memset4                 
00007b81  __aeabi_memset8                 
00007bb9  TI_memset_small                 
00007bc9  __aeabi_memclr                  
00007bc9  __aeabi_memclr4                 
00007bc9  __aeabi_memclr8                 
00007bd5  malloc                          
00007be1  DL_Common_delayCycles           
00007c6d  __aeabi_errno_addr              
00007c75  __aeabi_memcpy                  
00007c75  __aeabi_memcpy4                 
00007c75  __aeabi_memcpy8                 
00007c8d  fseek                           
00007c95  mget_ms                         
00007c9d  remove                          
00007cc3  ADC0_IRQHandler                 
00007cc3  ADC1_IRQHandler                 
00007cc3  AES_IRQHandler                  
00007cc3  CANFD0_IRQHandler               
00007cc3  DAC0_IRQHandler                 
00007cc3  DMA_IRQHandler                  
00007cc3  Default_Handler                 
00007cc3  GROUP0_IRQHandler               
00007cc3  HardFault_Handler               
00007cc3  I2C1_IRQHandler                 
00007cc3  NMI_Handler                     
00007cc3  PendSV_Handler                  
00007cc3  RTC_IRQHandler                  
00007cc3  SPI0_IRQHandler                 
00007cc3  SPI1_IRQHandler                 
00007cc3  SVC_Handler                     
00007cc3  SysTick_Handler                 
00007cc3  TIMA0_IRQHandler                
00007cc3  TIMA1_IRQHandler                
00007cc3  TIMG0_IRQHandler                
00007cc3  TIMG12_IRQHandler               
00007cc3  TIMG8_IRQHandler                
00007cc3  UART0_IRQHandler                
00007cc3  UART2_IRQHandler                
00007cc3  UART3_IRQHandler                
00007ccb  Reset_Handler                   
00007ce1  _system_pre_init                
00007ce4  C$$EXIT                         
00007ce5  abort                           
000088e6  asc2_1608                       
00008ed6  asc2_0806                       
00009100  __aeabi_ctype_table_            
00009100  __aeabi_ctype_table_C           
00009290  test                            
000092fc  reg                             
000093a0  hw                              
0000948c  __TI_Handler_Table_Base         
00009498  __TI_Handler_Table_Limit        
000094a0  __TI_CINIT_Base                 
000094b0  __TI_CINIT_Limit                
000094b0  __TI_CINIT_Warm                 
20200000  __start___llvm_prf_bits         
20200000  __start___llvm_prf_cnts         
20200000  __stop___llvm_prf_bits          
20200000  __stop___llvm_prf_cnts          
20200000  _sys_memory                     
20200800  _CIOBUF_                        
20200800  __CIOBUF_                       
20200920  __TI_tmpnams                    
202009c0  gTIMER_0Backup                  
20200a60  gTIMER_1Backup                  
20200b00  gRxPacket                       
20200b10  gTxPacket                       
20200b20  oled_buffer                     
20200b30  parmbuf                         
20200b38  acc                             
20200b3e  rx_buff                         
20200b43  gI2cControllerStatus            
20200b48  gRxCount                        
20200b4c  gRxLen                          
20200b50  gTxCount                        
20200b54  gTxLen                          
20200b58  pitch                           
20200b5c  roll                            
20200b60  yaw                             
20200b64  temp                            
20200b68  _ftable                         
20200c58  _device                         
20200cd0  _stream                         
20200d65  Page                            
20200d66  Range                           
20200d68  __TI_cleanup_ptr                
20200d6c  __TI_dtors_ptr                  
20200d70  pre_encoder_cnt1                
20200d78  pre_encoder_cnt2                
20200d80  __TI_ft_end                     
20200d84  __aeabi_errno                   
20200d88  _lock                           
20200d8c  _unlock                         
20200d91  need_clear_display              
20200d92  packet_ready                    
20200d93  rx_index                        
20200d94  sys_state                       
20207e00  __stack                         
20208000  __STACK_END                     
ffffffff  __TI_pprof_out_hndl             
ffffffff  __TI_prof_data_size             
ffffffff  __TI_prof_data_start            
ffffffff  __binit__                       
ffffffff  binit                           
UNDEFED   __mpu_init                      
UNDEFED   _system_post_cinit              

[327 symbols]
