******************************************************************************
            TI ARM Clang Linker PC v4.0.0                      
******************************************************************************
>> Linked Mon May 19 18:05:42 2025

OUTPUT FILE NAME:   <Balance.out>
ENTRY POINT SYMBOL: "_c_int00_noargs"  address: 00006da1


MEMORY CONFIGURATION

         name            origin    length      used     unused   attr    fill
----------------------  --------  ---------  --------  --------  ----  --------
  FLASH                 00000000   00020000  000086d8  00017928  R  X
  SRAM                  20200000   00008000  000010a2  00006f5e  RW X
  BCR_CONFIG            41c00000   000000ff  00000000  000000ff  R   
  BSL_CONFIG            41c00100   00000080  00000000  00000080  R   


SEGMENT ALLOCATION MAP

run origin  load origin   length   init length attrs members
----------  ----------- ---------- ----------- ----- -------
00000000    00000000    000086d8   000086d8    r-x
  00000000    00000000    000000c0   000000c0    r-- .intvecs
  000000c0    000000c0    00007650   00007650    r-x .text
  00007710    00007710    00000f10   00000f10    r-- .rodata
  00008620    00008620    000000b8   000000b8    r-- .cinit
20200000    20200000    00000ea8   00000000    rw-
  20200000    20200000    00000800   00000000    rw- .sysmem
  20200800    20200800    00000432   00000000    rw- .bss
  20200c38    20200c38    00000270   00000000    rw- .data
20207e00    20207e00    00000200   00000000    rw-
  20207e00    20207e00    00000200   00000000    rw- .stack


SECTION ALLOCATION MAP

 output                                  attributes/
section   page    origin      length       input sections
--------  ----  ----------  ----------   ----------------
.intvecs   0    00000000    000000c0     
                  00000000    000000c0     startup_mspm0g350x_ticlang.o (.intvecs)

.text      0    000000c0    00007650     
                  000000c0    00000868     libc.a : _printfi.c.obj (.text:__TI_printfi_nofloat)
                  00000928    00000364            : e_asin.c.obj (.text.asin)
                  00000c8c    000002f8            : s_atan.c.obj (.text.atan)
                  00000f84    00000278     inv_mpu_dmp_motion_driver.o (.text.dmp_enable_feature)
                  000011fc    0000023c     FINDLINE.o (.text.Line_Following)
                  00001438    00000238     inv_mpu_dmp_motion_driver.o (.text.dmp_set_tap_thresh)
                  00001670    0000022c     inv_mpu.o (.text.mpu_reset_fifo)
                  0000189c    00000228     inv_mpu.o (.text.mpu_dmp_get_data)
                  00001ac4    00000214     inv_mpu.o (.text.mpu_init)
                  00001cd8    000001f4     inv_mpu_dmp_motion_driver.o (.text.dmp_read_fifo)
                  00001ecc    000001f0     ti_msp_dl_config.o (.text.SYSCFG_DL_GPIO_init)
                  000020bc    000001a0     inv_mpu.o (.text.mpu_set_bypass)
                  0000225c    00000192     libclang_rt.builtins.a : adddf3.S.obj (.text.adddf3_subdf3)
                  000023ee    00000002                            : aeabi_div0.c.obj (.text.__aeabi_idiv0)
                  000023f0    00000188     libc.a : e_atan2.c.obj (.text.atan2)
                  00002578    00000178     inv_mpu_dmp_motion_driver.o (.text.dmp_set_orientation)
                  000026f0    00000170     libc.a : e_sqrt.c.obj (.text.sqrt)
                  00002860    00000130     ENCODER.o (.text.GROUP1_IRQHandler)
                  00002990    00000130     inv_mpu.o (.text.mpu_set_sensors)
                  00002ac0    00000124     inv_mpu.o (.text.mpu_load_firmware)
                  00002be4    00000120     main.o (.text.pid_pro)
                  00002d04    00000118     inv_mpu.o (.text.mpu_dmp_init)
                  00002e1c    00000114     libc.a : memory.c.obj (.text.aligned_alloc)
                  00002f30    00000110     inv_mpu.o (.text.mpu_lp_accel_mode)
                  00003040    0000010c     libclang_rt.builtins.a : divdf3.S.obj (.text.__divdf3)
                  0000314c    00000108     inv_mpu.o (.text.mpu_read_fifo_stream)
                  00003254    00000104     driverlib.a : dl_timer.o (.text.DL_Timer_initFourCCPWMMode)
                  00003358    000000fa     oled.o (.text.OLED_Init)
                  00003452    00000002     libclang_rt.builtins.a : aeabi_div0.c.obj (.text.__aeabi_ldiv0)
                  00003454    000000f8     libc.a : fputs.c.obj (.text.fputs)
                  0000354c    000000ec     inv_mpu.o (.text.mpu_set_sample_rate)
                  00003638    000000e8     driverlib.a : dl_timer.o (.text.DL_Timer_initTimerMode)
                  00003720    000000e8     libc.a : memory.c.obj (.text.free)
                  00003808    000000e4     libclang_rt.builtins.a : muldf3.S.obj (.text.__muldf3)
                  000038ec    000000e4     inv_mpu.o (.text.mpu_set_accel_fsr)
                  000039d0    000000e0     libc.a : setvbuf.c.obj (.text.setvbuf)
                  00003ab0    000000dc     driverlib.a : dl_sysctl_mspm0g1x0x_g3x0x.o (.text.DL_SYSCTL_configSYSPLL)
                  00003b8c    000000dc     MOTOR.o (.text.set_motor_pwm)
                  00003c68    000000d8     USOUND.o (.text.TIMG6_IRQHandler)
                  00003d40    000000d8     libclang_rt.builtins.a : addsf3.S.obj (.text)
                  00003e18    000000d6     bsp_mpu6050.o (.text.MPU6050_ReadData)
                  00003eee    00000002     libc.a : _lock.c.obj (.text._nop)
                  00003ef0    000000d4     bsp_mpu6050.o (.text.MPU6050_Init)
                  00003fc4    000000d4     inv_mpu.o (.text.set_int_enable)
                  00004098    000000d0     inv_mpu.o (.text.mpu_set_lpf)
                  00004168    000000c4     inv_mpu.o (.text.mpu_set_gyro_fsr)
                  0000422c    000000c4     CONTROL.o (.text.velocity_PID_value)
                  000042f0    000000c0     bsp_mpu6050.o (.text.I2C_WaitAck)
                  000043b0    000000bc     inv_mpu.o (.text.mpu_configure_fifo)
                  0000446c    000000b8     inv_mpu.o (.text.mpu_set_dmp_state)
                  00004524    000000b4     bsp_mpu6050.o (.text.MPU6050_WriteReg)
                  000045d8    000000b0     CONTROL.o (.text.vertical_PID_value)
                  00004688    000000ac     inv_mpu.o (.text.mpu_read_mem)
                  00004734    000000ac     inv_mpu.o (.text.mpu_write_mem)
                  000047e0    000000a2     libclang_rt.builtins.a : udivmoddi4.S.obj (.text)
                  00004882    00000002     --HOLE-- [fill = 0]
                  00004884    000000a0     bsp_mpu6050.o (.text.Read_Byte)
                  00004924    000000a0     ti_msp_dl_config.o (.text.SYSCFG_DL_initPower)
                  000049c4    000000a0     bsp_mpu6050.o (.text.Send_Byte)
                  00004a64    0000009c     OPENMV.o (.text.UART1_IRQHandler)
                  00004b00    0000009c     libc.a : fputc.c.obj (.text.fputc)
                  00004b9c    0000009c     inv_mpu.o (.text.mpu_set_int_latched)
                  00004c38    00000098     inv_mpu_dmp_motion_driver.o (.text.dmp_set_fifo_rate)
                  00004cd0    00000098     main.o (.text.main)
                  00004d68    00000096     inv_mpu.o (.text.inv_row_2_scale)
                  00004dfe    0000008e     bsp_mpu6050.o (.text.MPU_Set_LPF)
                  00004e8c    0000008c     ti_msp_dl_config.o (.text.SYSCFG_DL_PWM_Motor_init)
                  00004f18    0000008c     libclang_rt.builtins.a : mulsf3.S.obj (.text.__mulsf3)
                  00004fa4    0000008c     inv_mpu_dmp_motion_driver.o (.text.decode_gesture)
                  00005030    00000088     libc.a : strcmp-armv6m.S.obj (.text:strcmp)
                  000050b8    00000084     bsp_mpu6050.o (.text.IIC_Send_Ack)
                  0000513c    00000084     ti_msp_dl_config.o (.text.__NVIC_SetPriority)
                  000051c0    00000082     libclang_rt.builtins.a : divsf3.S.obj (.text.__divsf3)
                  00005242    00000002     --HOLE-- [fill = 0]
                  00005244    0000007c     oled.o (.text.SEND_Byte)
                  000052c0    0000007c     libc.a : fclose.c.obj (.text.__TI_closefile)
                  0000533c    0000007c            : copy_decompress_lzss.c.obj (.text:decompress:lzss)
                  000053b8    00000074     libclang_rt.builtins.a : comparedf2.c.obj (.text.__gedf2)
                  0000542c    00000004     startup_mspm0g350x_ticlang.o (.text.Default_Handler)
                  00005430    00000074     libclang_rt.builtins.a : truncdfsf2.S.obj (.text.__truncdfsf2)
                  000054a4    00000074     DELAY.o (.text.delay_us)
                  00005518    00000074     inv_mpu.o (.text.mpu_get_accel_fsr)
                  0000558c    0000006c     libsysbm.a : hostlseek.c.obj (.text.HOSTlseek)
                  000055f8    0000006c                : hostrename.c.obj (.text.HOSTrename)
                  00005664    0000006c     libc.a : fseek.c.obj (.text.fseeko)
                  000056d0    0000006c            : getdevice.c.obj (.text.getdevice)
                  0000573c    0000006a     oled.o (.text.OLED_Clear)
                  000057a6    00000002     --HOLE-- [fill = 0]
                  000057a8    00000068     bsp_mpu6050.o (.text.MPU_Set_Rate)
                  00005810    00000068     libclang_rt.builtins.a : comparedf2.c.obj (.text.__ledf2)
                  00005878    00000066     inv_mpu_dmp_motion_driver.o (.text.dmp_set_tap_axes)
                  000058de    00000064     libc.a : _io_perm.c.obj (.text.__TI_wrt_ok)
                  00005942    00000002     --HOLE-- [fill = 0]
                  00005944    00000064            : memory.c.obj (.text.split)
                  000059a8    00000062     libclang_rt.builtins.a : aeabi_dcmp.S.obj (.text.__aeabi_dcmp)
                  00005a0a    00000002     --HOLE-- [fill = 0]
                  00005a0c    00000062                            : aeabi_fcmp.S.obj (.text.__aeabi_fcmp)
                  00005a6e    00000002     --HOLE-- [fill = 0]
                  00005a70    00000060     libsysbm.a : hostopen.c.obj (.text.HOSTopen)
                  00005ad0    00000060     bsp_mpu6050.o (.text.IIC_Start)
                  00005b30    00000060     KEY.o (.text.KEY_VAL)
                  00005b90    00000060     inv_mpu_dmp_motion_driver.o (.text.dmp_enable_gyro_cal)
                  00005bf0    0000005c     CONTROL.o (.text.I_jiaoxianfu)
                  00005c4c    0000005c     CONTROL.o (.text.I_xianfu)
                  00005ca8    0000005c     bsp_mpu6050.o (.text.MPU6050ReadID)
                  00005d04    0000005c     libc.a : printf.c.obj (.text.printf)
                  00005d60    00000058     libsysbm.a : hostread.c.obj (.text.HOSTread)
                  00005db8    00000058                : hostwrite.c.obj (.text.HOSTwrite)
                  00005e10    00000058     bsp_mpu6050.o (.text.IIC_Stop)
                  00005e68    00000058     CONTROL.o (.text.Turn)
                  00005ec0    00000056     libclang_rt.builtins.a : aeabi_idivmod.S.obj (.text.__aeabi_idivmod)
                  00005f16    00000002     --HOLE-- [fill = 0]
                  00005f18    00000054     LED.o (.text.LED_ON)
                  00005f6c    00000054     main.o (.text.TIMA0_IRQHandler)
                  00005fc0    00000052     libc.a : fflush.c.obj (.text.__TI_doflush)
                  00006012    00000002     --HOLE-- [fill = 0]
                  00006014    00000050     libsysbm.a : close.c.obj (.text.close)
                  00006064    0000004e     oled.o (.text.OLED_WR_Byte)
                  000060b2    00000002     --HOLE-- [fill = 0]
                  000060b4    0000004c     ti_msp_dl_config.o (.text.DL_UART_setBaudRateDivisor)
                  00006100    0000004c     ti_msp_dl_config.o (.text.SYSCFG_DL_init)
                  0000614c    00000048     driverlib.a : dl_uart.o (.text.DL_UART_init)
                  00006194    00000048     libsysbm.a : hostclose.c.obj (.text.HOSTclose)
                  000061dc    00000048                : hostunlink.c.obj (.text.HOSTunlink)
                  00006224    00000048     ti_msp_dl_config.o (.text.SYSCFG_DL_SYSCTL_init)
                  0000626c    00000048     ti_msp_dl_config.o (.text.SYSCFG_DL_UART_1_init)
                  000062b4    00000048     inv_mpu_dmp_motion_driver.o (.text.dmp_enable_6x_lp_quat)
                  000062fc    00000048     inv_mpu_dmp_motion_driver.o (.text.dmp_enable_lp_quat)
                  00006344    00000044     driverlib.a : dl_sysctl_mspm0g1x0x_g3x0x.o (.text.DL_SYSCTL_switchMCLKfromSYSOSCtoHSCLK)
                  00006388    00000044     inv_mpu_dmp_motion_driver.o (.text.dmp_set_shake_reject_thresh)
                  000063cc    00000044     inv_mpu_dmp_motion_driver.o (.text.dmp_set_tap_count)
                  00006410    00000040     ti_msp_dl_config.o (.text.SYSCFG_DL_TIMER_0_init)
                  00006450    00000040     ti_msp_dl_config.o (.text.SYSCFG_DL_TIMER_USOUND_init)
                  00006490    00000040     libclang_rt.builtins.a : aeabi_uidivmod.S.obj (.text.__aeabi_uidivmod)
                  000064d0    00000040                            : extendsfdf2.S.obj (.text.__extendsfdf2)
                  00006510    00000040     libc.a : atoi.c.obj (.text.atoi)
                  00006550    0000003e     inv_mpu.o (.text.inv_orientation_matrix_to_scalar)
                  0000658e    00000002     --HOLE-- [fill = 0]
                  00006590    0000003c     ti_msp_dl_config.o (.text.DL_Timer_setCounterControl)
                  000065cc    0000003c     ti_msp_dl_config.o (.text.SYSCFG_DL_TIMER_1_init)
                  00006608    0000003c     ti_msp_dl_config.o (.text.SYSCFG_DL_TIMER_2_init)
                  00006644    0000003c     libclang_rt.builtins.a : floatsisf.S.obj (.text.__floatsisf)
                  00006680    0000003c                            : comparesf2.S.obj (.text.__gtsf2)
                  000066bc    0000003c     libc.a : autoinit.c.obj (.text:__TI_auto_init_nobinit_nopinit)
                  000066f8    0000003a     libclang_rt.builtins.a : comparesf2.S.obj (.text.__eqsf2)
                  00006732    00000002     --HOLE-- [fill = 0]
                  00006734    0000003a                            : muldsi3.S.obj (.text.__muldsi3)
                  0000676e    00000002     --HOLE-- [fill = 0]
                  00006770    00000038     oled.o (.text.I2C_Start)
                  000067a8    00000038     libclang_rt.builtins.a : fixsfsi.S.obj (.text.__fixsfsi)
                  000067e0    00000036     MOTOR.o (.text.pwm_limit)
                  00006816    00000002     --HOLE-- [fill = 0]
                  00006818    00000034     ti_msp_dl_config.o (.text.DL_GPIO_initDigitalInputFeatures)
                  0000684c    00000034     libc.a : fopen.c.obj (.text.__TI_cleanup)
                  00006880    00000034     libsysbm.a : trgmsg.c.obj (.text.__TI_readmsg)
                  000068b4    00000034                : trgmsg.c.obj (.text.__TI_writemsg)
                  000068e8    00000034     libc.a : exit.c.obj (.text.exit)
                  0000691c    00000034            : getdevice.c.obj (.text.finddevice)
                  00006950    00000032     inv_mpu_dmp_motion_driver.o (.text.dmp_set_shake_reject_time)
                  00006982    00000032     inv_mpu_dmp_motion_driver.o (.text.dmp_set_shake_reject_timeout)
                  000069b4    00000030     ti_msp_dl_config.o (.text.DL_GPIO_initDigitalOutputFeatures)
                  000069e4    00000030     oled.o (.text.I2C_Stop)
                  00006a14    00000030     oled.o (.text.I2C_WAITAck)
                  00006a44    00000030     inv_mpu_dmp_motion_driver.o (.text.dmp_set_tap_time)
                  00006a74    00000030     inv_mpu_dmp_motion_driver.o (.text.dmp_set_tap_time_multi)
                  00006aa4    0000002c     CONTROL.o (.text.__NVIC_ClearPendingIRQ)
                  00006ad0    0000002c     ENCODER.o (.text.__NVIC_ClearPendingIRQ)
                  00006afc    0000002c     USOUND.o (.text.__NVIC_ClearPendingIRQ)
                  00006b28    0000002c     bsp_mpu6050.o (.text.__NVIC_ClearPendingIRQ)
                  00006b54    0000002c     CONTROL.o (.text.__NVIC_EnableIRQ)
                  00006b80    0000002c     ENCODER.o (.text.__NVIC_EnableIRQ)
                  00006bac    0000002c     USOUND.o (.text.__NVIC_EnableIRQ)
                  00006bd8    0000002c     bsp_mpu6050.o (.text.__NVIC_EnableIRQ)
                  00006c04    0000002c     MOTOR.o (.text.set_motor1_pwm)
                  00006c30    0000002c     MOTOR.o (.text.set_motor2_pwm)
                  00006c5c    0000002c     libsysbm.a : unlink.c.obj (.text.unlink)
                  00006c88    00000028     ti_msp_dl_config.o (.text.DL_Common_updateReg)
                  00006cb0    00000028     ti_msp_dl_config.o (.text.DL_SYSTICK_init)
                  00006cd8    00000028     libclang_rt.builtins.a : floatunsisf.S.obj (.text.__floatunsisf)
                  00006d00    00000028     ENCODER.o (.text.encoder_update)
                  00006d28    00000028     libc.a : memory.c.obj (.text.free_list_insert)
                  00006d50    00000028     libsysbm.a : lseek.c.obj (.text.lseek)
                  00006d78    00000028                : write.c.obj (.text.write)
                  00006da0    00000028     libc.a : boot_cortex_m.c.obj (.text:_c_int00_noargs)
                  00006dc8    00000024     oled.o (.text.Delay_ms)
                  00006dec    00000024     USOUND.o (.text.USOUND_Init)
                  00006e10    00000024     libclang_rt.builtins.a : muldi3.S.obj (.text.__muldi3)
                  00006e34    00000022     libc.a : memccpy.c.obj (.text.memccpy)
                  00006e56    00000002     --HOLE-- [fill = 0]
                  00006e58    00000020     ti_msp_dl_config.o (.text.DL_GPIO_initPeripheralInputFunction)
                  00006e78    00000020     ti_msp_dl_config.o (.text.DL_SYSCTL_setFlashWaitState)
                  00006e98    00000020     libc.a : memcmp.c.obj (.text.memcmp)
                  00006eb8    0000001e     MOTOR.o (.text.ABS_pwm)
                  00006ed6    0000001e     ti_msp_dl_config.o (.text.DL_UART_setOversampling)
                  00006ef4    0000001e     libclang_rt.builtins.a : ashldi3.S.obj (.text.__ashldi3)
                  00006f12    00000002     --HOLE-- [fill = 0]
                  00006f14    0000001c     ENCODER.o (.text.DL_GPIO_clearInterruptStatus)
                  00006f30    0000001c     ti_msp_dl_config.o (.text.DL_GPIO_clearInterruptStatus)
                  00006f4c    0000001c     ti_msp_dl_config.o (.text.DL_GPIO_enableInterrupt)
                  00006f68    0000001c     bsp_mpu6050.o (.text.DL_GPIO_initDigitalInput)
                  00006f84    0000001c     ti_msp_dl_config.o (.text.DL_GPIO_initPeripheralOutputFunction)
                  00006fa0    0000001c     ti_msp_dl_config.o (.text.DL_GPIO_setLowerPinsPolarity)
                  00006fbc    0000001c     ti_msp_dl_config.o (.text.DL_SYSCTL_setSYSOSCFreq)
                  00006fd8    0000001c     ti_msp_dl_config.o (.text.DL_SYSCTL_setULPCLKDivider)
                  00006ff4    0000001c     ti_msp_dl_config.o (.text.DL_Timer_enableInterrupt)
                  00007010    0000001c     driverlib.a : dl_timer.o (.text.DL_Timer_setCaptCompUpdateMethod)
                  0000702c    0000001c                 : dl_timer.o (.text.DL_Timer_setClockConfig)
                  00007048    0000001c     ti_msp_dl_config.o (.text.DL_UART_enableInterrupt)
                  00007064    0000001c     bsp_mpu6050.o (.text.MPU_Set_Accel_Fsr)
                  00007080    0000001c     bsp_mpu6050.o (.text.MPU_Set_Gyro_Fsr)
                  0000709c    0000001c     inv_mpu_dmp_motion_driver.o (.text.dmp_load_motion_driver_firmware)
                  000070b8    0000001c     libc.a : memory.c.obj (.text.free_list_remove)
                  000070d4    00000018     bsp_mpu6050.o (.text.DL_GPIO_enableOutput)
                  000070ec    00000018     ti_msp_dl_config.o (.text.DL_GPIO_enableOutput)
                  00007104    00000018     ti_msp_dl_config.o (.text.DL_GPIO_enablePower)
                  0000711c    00000018     ENCODER.o (.text.DL_GPIO_getEnabledInterruptStatus)
                  00007134    00000018     bsp_mpu6050.o (.text.DL_GPIO_initDigitalOutput)
                  0000714c    00000018     ti_msp_dl_config.o (.text.DL_GPIO_initDigitalOutput)
                  00007164    00000018     ti_msp_dl_config.o (.text.DL_GPIO_reset)
                  0000717c    00000018     BUZ.o (.text.DL_GPIO_setPins)
                  00007194    00000018     MOTOR.o (.text.DL_GPIO_setPins)
                  000071ac    00000018     bsp_mpu6050.o (.text.DL_GPIO_setPins)
                  000071c4    00000018     oled.o (.text.DL_GPIO_setPins)
                  000071dc    00000018     ti_msp_dl_config.o (.text.DL_GPIO_setPins)
                  000071f4    00000018     ti_msp_dl_config.o (.text.DL_GPIO_setUpperPinsPolarity)
                  0000720c    00000018     ti_msp_dl_config.o (.text.DL_SYSCTL_setBORThreshold)
                  00007224    00000018     ti_msp_dl_config.o (.text.DL_Timer_enablePower)
                  0000723c    00000018     ti_msp_dl_config.o (.text.DL_Timer_reset)
                  00007254    00000018     driverlib.a : dl_timer.o (.text.DL_Timer_setCaptureCompareOutCtl)
                  0000726c    00000018     ti_msp_dl_config.o (.text.DL_UART_enablePower)
                  00007284    00000018     ti_msp_dl_config.o (.text.DL_UART_reset)
                  0000729c    00000018     ENCODER.o (.text.encoder_Rst)
                  000072b4    00000018     FINDLINE.o (.text.get_left_status)
                  000072cc    00000018     FINDLINE.o (.text.get_middle1_status)
                  000072e4    00000018     FINDLINE.o (.text.get_middle2_status)
                  000072fc    00000018     FINDLINE.o (.text.get_right_status)
                  00007314    00000016     ENCODER.o (.text.DL_GPIO_readPins)
                  0000732a    00000016     FINDLINE.o (.text.DL_GPIO_readPins)
                  00007340    00000016     KEY.o (.text.DL_GPIO_readPins)
                  00007356    00000016     bsp_mpu6050.o (.text.DL_GPIO_readPins)
                  0000736c    00000016     ti_msp_dl_config.o (.text.DL_UART_enable)
                  00007382    00000016     bsp_mpu6050.o (.text.MPU6050_IRQINIT)
                  00007398    00000016     CONTROL.o (.text.control_init)
                  000073ae    00000016     DELAY.o (.text.delay_ms)
                  000073c4    00000016     ENCODER.o (.text.encoder_init)
                  000073da    00000002     --HOLE-- [fill = 0]
                  000073dc    00000014     BUZ.o (.text.BUZ_OFF)
                  000073f0    00000014     BUZ.o (.text.BUZ_ON)
                  00007404    00000014     BUZ.o (.text.DL_GPIO_clearPins)
                  00007418    00000014     LED.o (.text.DL_GPIO_clearPins)
                  0000742c    00000014     MOTOR.o (.text.DL_GPIO_clearPins)
                  00007440    00000014     bsp_mpu6050.o (.text.DL_GPIO_clearPins)
                  00007454    00000014     oled.o (.text.DL_GPIO_clearPins)
                  00007468    00000014     ti_msp_dl_config.o (.text.DL_GPIO_clearPins)
                  0000747c    00000014     ti_msp_dl_config.o (.text.DL_SYSCTL_disableSYSPLL)
                  00007490    00000014     ti_msp_dl_config.o (.text.DL_Timer_enableClock)
                  000074a4    00000014     ti_msp_dl_config.o (.text.DL_Timer_setCCPDirection)
                  000074b8    00000014     OPENMV.o (.text.DL_UART_receiveData)
                  000074cc    00000014     libclang_rt.builtins.a : aeabi_uldivmod.S.obj (.text.__aeabi_uldivmod)
                  000074e0    00000012     main.o (.text.DL_Timer_getPendingInterrupt)
                  000074f2    00000012     OPENMV.o (.text.DL_UART_getPendingInterrupt)
                  00007504    00000012     driverlib.a : dl_uart.o (.text.DL_UART_setClockConfig)
                  00007516    00000012     libc.a : memcpy16.S.obj (.text:TI_memcpy_small)
                  00007528    00000012            : copy_decompress_none.c.obj (.text:decompress:none)
                  0000753a    00000002     --HOLE-- [fill = 0]
                  0000753c    00000010     ti_msp_dl_config.o (.text.DL_SYSCTL_disableHFXT)
                  0000754c    00000010     ti_msp_dl_config.o (.text.DL_SYSTICK_enable)
                  0000755c    00000010     driverlib.a : dl_timer.o (.text.DL_Timer_setCaptureCompareValue)
                  0000756c    00000010     bsp_mpu6050.o (.text.TIMG7_IRQHandler)
                  0000757c    00000010     libc.a : wcslen.c.obj (.text.wcslen)
                  0000758c    00000010            : copy_zero_init.c.obj (.text:decompress:ZI)
                  0000759c    0000000e            : memory.c.obj (.text.OUTLINED_FUNCTION_0)
                  000075aa    0000000e     ti_msp_dl_config.o (.text.SYSCFG_DL_SYSTICK_init)
                  000075b8    0000000e     libclang_rt.builtins.a : aeabi_memset.S.obj (.text.__aeabi_memset)
                  000075c6    0000000e     libsysbm.a : hostrename.c.obj (.text.strcpy)
                  000075d4    0000000e     libc.a : _printfi.c.obj (.text.strlen)
                  000075e2    0000000e     libsysbm.a : hostrename.c.obj (.text.strlen)
                  000075f0    0000000e     libc.a : memset16.S.obj (.text:TI_memset_small)
                  000075fe    00000002     --HOLE-- [fill = 0]
                  00007600    0000000c     USOUND.o (.text.TIMG0_IRQHandler)
                  0000760c    0000000c     libclang_rt.builtins.a : aeabi_memset.S.obj (.text.__aeabi_memclr)
                  00007618    0000000c     ENCODER.o (.text.get_encoder_cnt1)
                  00007624    0000000c     ENCODER.o (.text.get_encoder_cnt2)
                  00007630    0000000c     libc.a : memory.c.obj (.text.malloc)
                  0000763c    0000000a     driverlib.a : dl_common.o (.text.DL_Common_delayCycles)
                  00007646    0000000a     libc.a : e_asin.c.obj (.text.OUTLINED_FUNCTION_0)
                  00007650    00000010     libclang_rt.builtins.a : muldf3.S.obj (.tramp.__aeabi_dmul.1)
                  00007660    0000000a     libc.a : s_atan.c.obj (.text.OUTLINED_FUNCTION_0)
                  0000766a    0000000a            : e_asin.c.obj (.text.OUTLINED_FUNCTION_1)
                  00007674    0000000a            : e_asin.c.obj (.text.OUTLINED_FUNCTION_3)
                  0000767e    00000002     --HOLE-- [fill = 0]
                  00007680    00000010     libclang_rt.builtins.a : divdf3.S.obj (.tramp.__aeabi_ddiv.1)
                  00007690    00000008     libc.a : s_atan.c.obj (.text.OUTLINED_FUNCTION_2)
                  00007698    00000008            : aeabi_portable.c.obj (.text.__aeabi_errno_addr)
                  000076a0    00000008     libclang_rt.builtins.a : aeabi_memcpy.S.obj (.text.__aeabi_memcpy)
                  000076a8    00000008     libc.a : printf.c.obj (.text._outc)
                  000076b0    00000008            : printf.c.obj (.text._outs)
                  000076b8    00000008            : fseek.c.obj (.text.fseek)
                  000076c0    00000008     inv_mpu.o (.text.mget_ms)
                  000076c8    00000008     libsysbm.a : remove.c.obj (.text.remove)
                  000076d0    00000006     libc.a : s_atan.c.obj (.text.OUTLINED_FUNCTION_1)
                  000076d6    00000002     --HOLE-- [fill = 0]
                  000076d8    00000010     libclang_rt.builtins.a : adddf3.S.obj (.tramp.__aeabi_dadd.1)
                  000076e8    00000006     libc.a : e_asin.c.obj (.text.OUTLINED_FUNCTION_2)
                  000076ee    00000004            : e_asin.c.obj (.text.OUTLINED_FUNCTION_4)
                  000076f2    00000004     startup_mspm0g350x_ticlang.o (.text.Reset_Handler)
                  000076f6    00000002     --HOLE-- [fill = 0]
                  000076f8    00000010     libc.a : boot_cortex_m.c.obj (.tramp._c_int00_noargs.1)
                  00007708    00000004            : pre_init.c.obj (.text._system_pre_init)
                  0000770c    00000004            : exit.c.obj (.text:abort)

.cinit     0    00008620    000000b8     
                  00008620    0000008e     (.cinit..data.load) [load image, compression = lzss]
                  000086ae    00000002     --HOLE-- [fill = 0]
                  000086b0    0000000c     (__TI_handler_table)
                  000086bc    00000008     (.cinit..bss.load) [load image, compression = zero_init]
                  000086c4    00000010     (__TI_cinit_table)
                  000086d4    00000004     --HOLE-- [fill = 0]

.rodata    0    00007710    00000f10     
                  00007710    00000bf6     inv_mpu_dmp_motion_driver.o (.rodata.dmp_memory)
                  00008306    0000000a     ti_msp_dl_config.o (.rodata.gUART_1Config)
                  00008310    00000101     libc.a : aeabi_ctype.S.obj (.rodata:__aeabi_ctype_table_)
                  00008411    0000004d     inv_mpu.o (.rodata.str1.160283505510757216751)
                  0000845e    00000002     ti_msp_dl_config.o (.rodata.gUART_1ClockConfig)
                  00008460    00000040     libc.a : s_atan.c.obj (.rodata.cst32)
                  000084a0    00000028     ti_msp_dl_config.o (.rodata.gSYSPLLConfig)
                  000084c8    00000028     inv_mpu.o (.rodata.test)
                  000084f0    00000026     inv_mpu.o (.rodata.str1.30660213265100532911)
                  00008516    0000001e     inv_mpu.o (.rodata.str1.65607303993038708971)
                  00008534    0000001b     inv_mpu.o (.rodata.reg)
                  0000854f    00000018     bsp_mpu6050.o (.rodata.str1.47131709717075209341)
                  00008567    00000001     --HOLE-- [fill = 0]
                  00008568    00000014     ti_msp_dl_config.o (.rodata.gTIMER_0TimerConfig)
                  0000857c    00000014     ti_msp_dl_config.o (.rodata.gTIMER_1TimerConfig)
                  00008590    00000014     ti_msp_dl_config.o (.rodata.gTIMER_2TimerConfig)
                  000085a4    00000014     ti_msp_dl_config.o (.rodata.gTIMER_USOUNDTimerConfig)
                  000085b8    00000012     bsp_mpu6050.o (.rodata.str1.121524806415416391)
                  000085ca    00000011     libc.a : _printfi.c.obj (.rodata.str1.103488685894817597201)
                  000085db    00000011            : _printfi.c.obj (.rodata.str1.153638888446227384661)
                  000085ec    0000000c     inv_mpu.o (.rodata.hw)
                  000085f8    00000009     bsp_mpu6050.o (.rodata.str1.31194399489305687111)
                  00008601    00000003     ti_msp_dl_config.o (.rodata.gPWM_MotorClockConfig)
                  00008604    00000008     ti_msp_dl_config.o (.rodata.gPWM_MotorConfig)
                  0000860c    00000003     ti_msp_dl_config.o (.rodata.gTIMER_0ClockConfig)
                  0000860f    00000003     ti_msp_dl_config.o (.rodata.gTIMER_1ClockConfig)
                  00008612    00000003     ti_msp_dl_config.o (.rodata.gTIMER_2ClockConfig)
                  00008615    00000003     ti_msp_dl_config.o (.rodata.gTIMER_USOUNDClockConfig)
                  00008618    00000008     --HOLE-- [fill = 0]

.init_array 
*          0    00000000    00000000     UNINITIALIZED

.binit     0    00000000    00000000     

.sysmem    0    20200000    00000800     UNINITIALIZED
                  20200000    00000010     libc.a : memory.c.obj (.sysmem)
                  20200010    000007f0     --HOLE--

.bss       0    20200800    00000432     UNINITIALIZED
                  20200800    00000120     libsysbm.a : trgmsg.c.obj (.bss:_CIOBUF_)
                  20200920    000000bc     (.common:gTIMER_2Backup)
                  202009dc    000000a0     libc.a : defs.c.obj (.bss.__TI_tmpnams)
                  20200a7c    000000a0     (.common:gTIMER_0Backup)
                  20200b1c    000000a0     (.common:gTIMER_1Backup)
                  20200bbc    00000008     libsysbm.a : hostopen.c.obj (.bss.parmbuf)
                  20200bc4    00000006     (.common:acc)
                  20200bca    00000005     (.common:rx_buff)
                  20200bcf    00000001     (.common:need_clear_display)
                  20200bd0    00000004     libc.a : memory.c.obj (.bss.sys_free)
                  20200bd4    00000004     (.common:Key_Down)
                  20200bd8    00000004     (.common:Key_Old)
                  20200bdc    00000004     (.common:Key_Val)
                  20200be0    00000004     (.common:PWM)
                  20200be4    00000004     (.common:PWM_left)
                  20200be8    00000004     (.common:PWM_right)
                  20200bec    00000004     (.common:Turn_out)
                  20200bf0    00000004     (.common:angle_calcu)
                  20200bf4    00000004     (.common:cnt_l)
                  20200bf8    00000004     (.common:cnt_r)
                  20200bfc    00000004     (.common:err)
                  20200c00    00000004     (.common:err0)
                  20200c04    00000004     (.common:err_difference)
                  20200c08    00000004     (.common:error)
                  20200c0c    00000004     (.common:filt_velocity)
                  20200c10    00000004     (.common:last_err)
                  20200c14    00000004     (.common:last_filt_velocity)
                  20200c18    00000004     (.common:line_flag)
                  20200c1c    00000004     (.common:pitch)
                  20200c20    00000004     (.common:roll)
                  20200c24    00000004     (.common:state)
                  20200c28    00000004     (.common:velocity_err)
                  20200c2c    00000004     (.common:yaw)
                  20200c30    00000001     (.common:overflowFlag)
                  20200c31    00000001     (.common:temp)

.data      0    20200c38    00000270     UNINITIALIZED
                  20200c38    000000f0     libc.a : defs.c.obj (.data._ftable)
                  20200d28    00000078     libsysbm.a : host_device.c.obj (.data._device)
                  20200da0    00000050                : host_device.c.obj (.data._stream)
                  20200df0    0000002c     inv_mpu.o (.data.st)
                  20200e1c    00000010     inv_mpu_dmp_motion_driver.o (.data.dmp)
                  20200e2c    00000009     inv_mpu.o (.data.gyro_orientation)
                  20200e35    00000001     USOUND.o (.data.Page)
                  20200e36    00000001     bsp_mpu6050.o (.data.caiji_flag)
                  20200e37    00000001     OPENMV.o (.data.packet_ready)
                  20200e38    00000008     libc.a : exit.c.obj (.data..L_MergedGlobals)
                  20200e40    00000008     ENCODER.o (.data.pre_encoder_cnt1)
                  20200e48    00000008     ENCODER.o (.data.pre_encoder_cnt2)
                  20200e50    00000004     main.o (.data.Kd)
                  20200e54    00000004     main.o (.data.Ki)
                  20200e58    00000004     main.o (.data.Kp)
                  20200e5c    00000004     main.o (.data.TIMA0_IRQHandler.count)
                  20200e60    00000004     main.o (.data.TKd)
                  20200e64    00000004     main.o (.data.TKp)
                  20200e68    00000004     main.o (.data.VKi)
                  20200e6c    00000004     main.o (.data.VKp)
                  20200e70    00000004     libc.a : defs.c.obj (.data.__TI_ft_end)
                  20200e74    00000004            : aeabi_portable.c.obj (.data.__aeabi_errno)
                  20200e78    00000004            : _lock.c.obj (.data._lock)
                  20200e7c    00000004            : _lock.c.obj (.data._unlock)
                  20200e80    00000004     FINDLINE.o (.data.buz_flag)
                  20200e84    00000004     ENCODER.o (.data.encoder_cnt1)
                  20200e88    00000004     ENCODER.o (.data.encoder_cnt2)
                  20200e8c    00000004     CONTROL.o (.data.err_sum)
                  20200e90    00000004     main.o (.data.measure)
                  20200e94    00000004     USOUND.o (.data.velocity_calcu)
                  20200e98    00000004     CONTROL.o (.data.velocity_err_sum)
                  20200e9c    00000004     main.o (.data.velocity_measure)
                  20200ea0    00000004     main.o (.data.zhongzhi)
                  20200ea4    00000001     libc.a : memory.c.obj (.data.memory_is_initialized)
                  20200ea5    00000001     FINDLINE.o (.data.quan_flag)
                  20200ea6    00000001     OPENMV.o (.data.rx_index)
                  20200ea7    00000001     FINDLINE.o (.data.turn_flag)

.stack     0    20207e00    00000200     UNINITIALIZED
                  20207e00    00000004     libc.a : boot_cortex_m.c.obj (.stack)
                  20207e04    000001fc     --HOLE--

__llvm_prf_cnts 
*          0    20200000    00000000     UNINITIALIZED

__llvm_prf_bits 
*          0    20200000    00000000     UNINITIALIZED

MODULE SUMMARY

       Module                         code    ro data   rw data
       ------                         ----    -------   -------
    .\
       ti_msp_dl_config.o             2442    155       508    
       main.o                         542     0         95     
       startup_mspm0g350x_ticlang.o   8       192       0      
    +--+------------------------------+-------+---------+---------+
       Total:                         2992    347       603    
                                                               
    .\Hardware\BUZ\
       BUZ.o                          84      0         0      
    +--+------------------------------+-------+---------+---------+
       Total:                         84      0         0      
                                                               
    .\Hardware\MOTOR\
       MOTOR.o                        436     0         0      
    +--+------------------------------+-------+---------+---------+
       Total:                         436     0         0      
                                                               
    .\Hardware\MPU6050\
       bsp_mpu6050.o                  2096    51        1      
    +--+------------------------------+-------+---------+---------+
       Total:                         2096    51        1      
                                                               
    .\Hardware\MPU6050\eMPL\
       inv_mpu_dmp_motion_driver.o    3070    3062      16     
       inv_mpu.o                      5756    224       53     
    +--+------------------------------+-------+---------+---------+
       Total:                         8826    3286      69     
                                                               
    .\Hardware\OLED\
       oled.o                         790     0         0      
    +--+------------------------------+-------+---------+---------+
       Total:                         790     0         0      
                                                               
    .\Hardware\OPENMV\
       OPENMV.o                       194     0         7      
    +--+------------------------------+-------+---------+---------+
       Total:                         194     0         7      
                                                               
    .\Hardware\USOUND\
       USOUND.o                       352     0         22     
    +--+------------------------------+-------+---------+---------+
       Total:                         352     0         22     
                                                               
    .\User\
       CONTROL.o                      754     0         32     
       FINDLINE.o                     690     0         14     
       ENCODER.o                      576     0         24     
       DELAY.o                        138     0         0      
       KEY.o                          118     0         1      
       LED.o                          104     0         0      
    +--+------------------------------+-------+---------+---------+
       Total:                         2380    0         71     
                                                               
    C:/ti/mspm0_sdk_2_04_00_06/source/ti/driverlib/lib/ticlang/m0p/mspm0g1x0x_g3x0x/driverlib.a
       dl_timer.o                     588     0         0      
       dl_sysctl_mspm0g1x0x_g3x0x.o   288     0         0      
       dl_uart.o                      90      0         0      
       dl_common.o                    10      0         0      
    +--+------------------------------+-------+---------+---------+
       Total:                         976     0         0      
                                                               
    C:\ti\ccstheia151\ccs\tools\compiler\ti-cgt-armllvm_4.0.0.LTS\lib\armv6m-ti-none-eabi/c/libc.a
       _printfi.c.obj                 2166    34        0      
       e_asin.c.obj                   908     0         0      
       s_atan.c.obj                   784     64        0      
       memory.c.obj                   702     0         5      
       defs.c.obj                     0       0         404    
       e_atan2.c.obj                  392     0         0      
       e_sqrt.c.obj                   368     0         0      
       aeabi_ctype.S.obj              0       257       0      
       fputs.c.obj                    248     0         0      
       setvbuf.c.obj                  224     0         0      
       getdevice.c.obj                160     0         0      
       fputc.c.obj                    156     0         0      
       strcmp-armv6m.S.obj            136     0         0      
       copy_decompress_lzss.c.obj     124     0         0      
       fclose.c.obj                   124     0         0      
       fseek.c.obj                    116     0         0      
       printf.c.obj                   108     0         0      
       _io_perm.c.obj                 100     0         0      
       fflush.c.obj                   82      0         0      
       atoi.c.obj                     64      0         0      
       exit.c.obj                     56      0         8      
       autoinit.c.obj                 60      0         0      
       boot_cortex_m.c.obj            56      0         0      
       fopen.c.obj                    52      0         0      
       memccpy.c.obj                  34      0         0      
       memcmp.c.obj                   32      0         0      
       copy_decompress_none.c.obj     18      0         0      
       memcpy16.S.obj                 18      0         0      
       copy_zero_init.c.obj           16      0         0      
       wcslen.c.obj                   16      0         0      
       memset16.S.obj                 14      0         0      
       aeabi_portable.c.obj           8       0         4      
       _lock.c.obj                    2       0         8      
       pre_init.c.obj                 4       0         0      
    +--+------------------------------+-------+---------+---------+
       Total:                         7348    355       429    
                                                               
    C:\ti\ccstheia151\ccs\tools\compiler\ti-cgt-armllvm_4.0.0.LTS\lib\armv6m-ti-none-eabi/c/libsysbm.a
       trgmsg.c.obj                   104     0         288    
       host_device.c.obj              0       0         200    
       hostrename.c.obj               136     0         0      
       hostlseek.c.obj                108     0         0      
       hostopen.c.obj                 96      0         8      
       hostread.c.obj                 88      0         0      
       hostwrite.c.obj                88      0         0      
       close.c.obj                    80      0         0      
       hostclose.c.obj                72      0         0      
       hostunlink.c.obj               72      0         0      
       unlink.c.obj                   44      0         0      
       lseek.c.obj                    40      0         0      
       write.c.obj                    40      0         0      
       remove.c.obj                   8       0         0      
    +--+------------------------------+-------+---------+---------+
       Total:                         976     0         496    
                                                               
    C:\ti\ccstheia151\ccs\tools\compiler\ti-cgt-armllvm_4.0.0.LTS\lib\armv6m-ti-none-eabi/libclang_rt.builtins.a
       adddf3.S.obj                   418     0         0      
       divdf3.S.obj                   284     0         0      
       muldf3.S.obj                   244     0         0      
       comparedf2.c.obj               220     0         0      
       addsf3.S.obj                   216     0         0      
       udivmoddi4.S.obj               162     0         0      
       mulsf3.S.obj                   140     0         0      
       divsf3.S.obj                   130     0         0      
       comparesf2.S.obj               118     0         0      
       truncdfsf2.S.obj               116     0         0      
       aeabi_dcmp.S.obj               98      0         0      
       aeabi_fcmp.S.obj               98      0         0      
       aeabi_idivmod.S.obj            86      0         0      
       aeabi_uidivmod.S.obj           64      0         0      
       extendsfdf2.S.obj              64      0         0      
       floatsisf.S.obj                60      0         0      
       muldsi3.S.obj                  58      0         0      
       fixsfsi.S.obj                  56      0         0      
       floatunsisf.S.obj              40      0         0      
       muldi3.S.obj                   36      0         0      
       ashldi3.S.obj                  30      0         0      
       aeabi_memset.S.obj             26      0         0      
       aeabi_uldivmod.S.obj           20      0         0      
       aeabi_memcpy.S.obj             8       0         0      
       aeabi_div0.c.obj               4       0         0      
    +--+------------------------------+-------+---------+---------+
       Total:                         2796    0         0      
                                                               
       Heap:                          0       0         2048   
       Stack:                         0       0         512    
       Linker Generated:              0       178       0      
    +--+------------------------------+-------+---------+---------+
       Grand Total:                   30246   4217      4258   


LINKER GENERATED COPY TABLES

__TI_cinit_table @ 000086c4 records: 2, size/record: 8, table size: 16
	.data: load addr=00008620, load size=0000008e bytes, run addr=20200c38, run size=00000270 bytes, compression=lzss
	.bss: load addr=000086bc, load size=00000008 bytes, run addr=20200800, run size=00000432 bytes, compression=zero_init


LINKER GENERATED HANDLER TABLE

__TI_handler_table @ 000086b0 records: 3, size/record: 4, table size: 12
	index: 0, handler: __TI_decompress_lzss
	index: 1, handler: __TI_decompress_none
	index: 2, handler: __TI_zero_init


FAR CALL TRAMPOLINES

callee name               trampoline name
   callee addr  tramp addr   call addr  call info
--------------  -----------  ---------  ----------------
__aeabi_dmul              $Tramp$TT$L$PI$$__aeabi_dmul
   00003809     00007650     0000764e   libc.a : e_asin.c.obj (.text.OUTLINED_FUNCTION_0)
                             00007668          : s_atan.c.obj (.text.OUTLINED_FUNCTION_0)
                             00007672          : e_asin.c.obj (.text.OUTLINED_FUNCTION_1)
                             00007696          : s_atan.c.obj (.text.OUTLINED_FUNCTION_2)
                             000076ec          : e_asin.c.obj (.text.OUTLINED_FUNCTION_2)
__aeabi_ddiv              $Tramp$TT$L$PI$$__aeabi_ddiv
   00003041     00007680     0000767c   libc.a : e_asin.c.obj (.text.OUTLINED_FUNCTION_3)
__aeabi_dadd              $Tramp$TT$L$PI$$__aeabi_dadd
   00002267     000076d8     000076d4   libc.a : s_atan.c.obj (.text.OUTLINED_FUNCTION_1)
                             000076f0          : e_asin.c.obj (.text.OUTLINED_FUNCTION_4)
_c_int00_noargs           $Tramp$TT$L$PI$$_c_int00_noargs
   00006da1     000076f8     000076f2   startup_mspm0g350x_ticlang.o (.text.Reset_Handler)

[4 trampolines]
[9 trampoline calls]


GLOBAL SYMBOLS: SORTED ALPHABETICALLY BY Name 

address   name                                 
-------   ----                                 
00006eb9  ABS_pwm                              
0000542d  ADC0_IRQHandler                      
0000542d  ADC1_IRQHandler                      
0000542d  AES_IRQHandler                       
000073dd  BUZ_OFF                              
000073f1  BUZ_ON                               
0000770c  C$$EXIT                              
000068e1  C$$IO$$                              
0000542d  CANFD0_IRQHandler                    
0000542d  DAC0_IRQHandler                      
0000763d  DL_Common_delayCycles                
00003ab1  DL_SYSCTL_configSYSPLL               
00006345  DL_SYSCTL_switchMCLKfromSYSOSCtoHSCLK
00003255  DL_Timer_initFourCCPWMMode           
00003639  DL_Timer_initTimerMode               
00007011  DL_Timer_setCaptCompUpdateMethod     
00007255  DL_Timer_setCaptureCompareOutCtl     
0000755d  DL_Timer_setCaptureCompareValue      
0000702d  DL_Timer_setClockConfig              
0000614d  DL_UART_init                         
00007505  DL_UART_setClockConfig               
0000542d  DMA_IRQHandler                       
0000542d  Default_Handler                      
00006dc9  Delay_ms                             
0000542d  GROUP0_IRQHandler                    
00002861  GROUP1_IRQHandler                    
00006195  HOSTclose                            
0000558d  HOSTlseek                            
00005a71  HOSTopen                             
00005d61  HOSTread                             
000055f9  HOSTrename                           
000061dd  HOSTunlink                           
00005db9  HOSTwrite                            
0000542d  HardFault_Handler                    
0000542d  I2C0_IRQHandler                      
0000542d  I2C1_IRQHandler                      
00006771  I2C_Start                            
000069e5  I2C_Stop                             
00006a15  I2C_WAITAck                          
000042f1  I2C_WaitAck                          
000050b9  IIC_Send_Ack                         
00005ad1  IIC_Start                            
00005e11  IIC_Stop                             
00005bf1  I_jiaoxianfu                         
00005c4d  I_xianfu                             
00005b31  KEY_VAL                              
20200e50  Kd                                   
20200bd4  Key_Down                             
20200bd8  Key_Old                              
20200bdc  Key_Val                              
20200e54  Ki                                   
20200e58  Kp                                   
00005f19  LED_ON                               
000011fd  Line_Following                       
00005ca9  MPU6050ReadID                        
00007383  MPU6050_IRQINIT                      
00003ef1  MPU6050_Init                         
00003e19  MPU6050_ReadData                     
00004525  MPU6050_WriteReg                     
00007065  MPU_Set_Accel_Fsr                    
00007081  MPU_Set_Gyro_Fsr                     
00004dff  MPU_Set_LPF                          
000057a9  MPU_Set_Rate                         
0000542d  NMI_Handler                          
0000573d  OLED_Clear                           
00003359  OLED_Init                            
00006065  OLED_WR_Byte                         
20200be0  PWM                                  
20200be4  PWM_left                             
20200be8  PWM_right                            
20200e35  Page                                 
0000542d  PendSV_Handler                       
0000542d  RTC_IRQHandler                       
00004885  Read_Byte                            
000076f3  Reset_Handler                        
00005245  SEND_Byte                            
0000542d  SPI0_IRQHandler                      
0000542d  SPI1_IRQHandler                      
0000542d  SVC_Handler                          
00001ecd  SYSCFG_DL_GPIO_init                  
00004e8d  SYSCFG_DL_PWM_Motor_init             
00006225  SYSCFG_DL_SYSCTL_init                
000075ab  SYSCFG_DL_SYSTICK_init               
00006411  SYSCFG_DL_TIMER_0_init               
000065cd  SYSCFG_DL_TIMER_1_init               
00006609  SYSCFG_DL_TIMER_2_init               
00006451  SYSCFG_DL_TIMER_USOUND_init          
0000626d  SYSCFG_DL_UART_1_init                
00006101  SYSCFG_DL_init                       
00004925  SYSCFG_DL_initPower                  
000049c5  Send_Byte                            
0000542d  SysTick_Handler                      
00005f6d  TIMA0_IRQHandler                     
0000542d  TIMA1_IRQHandler                     
00007601  TIMG0_IRQHandler                     
0000542d  TIMG12_IRQHandler                    
00003c69  TIMG6_IRQHandler                     
0000756d  TIMG7_IRQHandler                     
0000542d  TIMG8_IRQHandler                     
00007517  TI_memcpy_small                      
000075f1  TI_memset_small                      
20200e60  TKd                                  
20200e64  TKp                                  
00005e69  Turn                                 
20200bec  Turn_out                             
0000542d  UART0_IRQHandler                     
00004a65  UART1_IRQHandler                     
0000542d  UART2_IRQHandler                     
0000542d  UART3_IRQHandler                     
00006ded  USOUND_Init                          
20200e68  VKi                                  
20200e6c  VKp                                  
20200800  _CIOBUF_                             
20200800  __CIOBUF_                            
20208000  __STACK_END                          
00000200  __STACK_SIZE                         
00000800  __SYSMEM_SIZE                        
00000000  __TI_ATRegion0_region_sz             
00000000  __TI_ATRegion0_src_addr              
00000000  __TI_ATRegion0_trg_addr              
00000000  __TI_ATRegion1_region_sz             
00000000  __TI_ATRegion1_src_addr              
00000000  __TI_ATRegion1_trg_addr              
00000000  __TI_ATRegion2_region_sz             
00000000  __TI_ATRegion2_src_addr              
00000000  __TI_ATRegion2_trg_addr              
000086c4  __TI_CINIT_Base                      
000086d4  __TI_CINIT_Limit                     
000086d4  __TI_CINIT_Warm                      
000086b0  __TI_Handler_Table_Base              
000086bc  __TI_Handler_Table_Limit             
000066bd  __TI_auto_init_nobinit_nopinit       
0000684d  __TI_cleanup                         
20200e38  __TI_cleanup_ptr                     
000052c1  __TI_closefile                       
0000533d  __TI_decompress_lzss                 
00007529  __TI_decompress_none                 
00005fc1  __TI_doflush                         
20200e3c  __TI_dtors_ptr                       
20200e70  __TI_ft_end                          
ffffffff  __TI_pprof_out_hndl                  
000000c1  __TI_printfi_nofloat                 
ffffffff  __TI_prof_data_size                  
ffffffff  __TI_prof_data_start                 
00006881  __TI_readmsg                         
00000000  __TI_static_base__                   
202009dc  __TI_tmpnams                         
000068b5  __TI_writemsg                        
000058df  __TI_wrt_ok                          
0000758d  __TI_zero_init                       
00002267  __adddf3                             
00003d4b  __addsf3                             
00008310  __aeabi_ctype_table_                 
00008310  __aeabi_ctype_table_C                
00005431  __aeabi_d2f                          
00002267  __aeabi_dadd                         
000059a9  __aeabi_dcmpeq                       
000059e5  __aeabi_dcmpge                       
000059f9  __aeabi_dcmpgt                       
000059d1  __aeabi_dcmple                       
000059bd  __aeabi_dcmplt                       
00003041  __aeabi_ddiv                         
00003809  __aeabi_dmul                         
0000225d  __aeabi_dsub                         
20200e74  __aeabi_errno                        
00007699  __aeabi_errno_addr                   
000064d1  __aeabi_f2d                          
000067a9  __aeabi_f2iz                         
00003d4b  __aeabi_fadd                         
00005a0d  __aeabi_fcmpeq                       
00005a49  __aeabi_fcmpge                       
00005a5d  __aeabi_fcmpgt                       
00005a35  __aeabi_fcmple                       
00005a21  __aeabi_fcmplt                       
000051c1  __aeabi_fdiv                         
00004f19  __aeabi_fmul                         
00003d41  __aeabi_fsub                         
00006645  __aeabi_i2f                          
00005ec1  __aeabi_idiv                         
000023ef  __aeabi_idiv0                        
00005ec1  __aeabi_idivmod                      
00003453  __aeabi_ldiv0                        
00006ef5  __aeabi_llsl                         
00006e11  __aeabi_lmul                         
0000760d  __aeabi_memclr                       
0000760d  __aeabi_memclr4                      
0000760d  __aeabi_memclr8                      
000076a1  __aeabi_memcpy                       
000076a1  __aeabi_memcpy4                      
000076a1  __aeabi_memcpy8                      
000075b9  __aeabi_memset                       
000075b9  __aeabi_memset4                      
000075b9  __aeabi_memset8                      
00006cd9  __aeabi_ui2f                         
00006491  __aeabi_uidiv                        
00006491  __aeabi_uidivmod                     
000074cd  __aeabi_uldivmod                     
00006ef5  __ashldi3                            
ffffffff  __binit__                            
00005811  __cmpdf2                             
000066f9  __cmpsf2                             
00003041  __divdf3                             
000051c1  __divsf3                             
00005811  __eqdf2                              
000066f9  __eqsf2                              
000064d1  __extendsfdf2                        
000067a9  __fixsfsi                            
00006645  __floatsisf                          
00006cd9  __floatunsisf                        
000053b9  __gedf2                              
00006681  __gesf2                              
000053b9  __gtdf2                              
00006681  __gtsf2                              
00005811  __ledf2                              
000066f9  __lesf2                              
00005811  __ltdf2                              
000066f9  __ltsf2                              
UNDEFED   __mpu_init                           
00003809  __muldf3                             
00006e11  __muldi3                             
00006735  __muldsi3                            
00004f19  __mulsf3                             
00005811  __nedf2                              
000066f9  __nesf2                              
20207e00  __stack                              
20200000  __start___llvm_prf_bits              
20200000  __start___llvm_prf_cnts              
20200000  __stop___llvm_prf_bits               
20200000  __stop___llvm_prf_cnts               
0000225d  __subdf3                             
00003d41  __subsf3                             
00005431  __truncdfsf2                         
000047e1  __udivmoddi4                         
00006da1  _c_int00_noargs                      
20200d28  _device                              
20200c38  _ftable                              
20200e78  _lock                                
00003eef  _nop                                 
20200da0  _stream                              
20200000  _sys_memory                          
UNDEFED   _system_post_cinit                   
00007709  _system_pre_init                     
20200e7c  _unlock                              
0000770d  abort                                
20200bc4  acc                                  
00002e1d  aligned_alloc                        
20200bf0  angle_calcu                          
00000929  asin                                 
00000929  asinl                                
00000c8d  atan                                 
000023f1  atan2                                
000023f1  atan2l                               
00000c8d  atanl                                
00006511  atoi                                 
ffffffff  binit                                
20200e80  buz_flag                             
20200e36  caiji_flag                           
00006015  close                                
20200bf4  cnt_l                                
20200bf8  cnt_r                                
00007399  control_init                         
000073af  delay_ms                             
000054a5  delay_us                             
000062b5  dmp_enable_6x_lp_quat                
00000f85  dmp_enable_feature                   
00005b91  dmp_enable_gyro_cal                  
000062fd  dmp_enable_lp_quat                   
0000709d  dmp_load_motion_driver_firmware      
00001cd9  dmp_read_fifo                        
00004c39  dmp_set_fifo_rate                    
00002579  dmp_set_orientation                  
00006389  dmp_set_shake_reject_thresh          
00006951  dmp_set_shake_reject_time            
00006983  dmp_set_shake_reject_timeout         
00005879  dmp_set_tap_axes                     
000063cd  dmp_set_tap_count                    
00001439  dmp_set_tap_thresh                   
00006a45  dmp_set_tap_time                     
00006a75  dmp_set_tap_time_multi               
0000729d  encoder_Rst                          
20200e84  encoder_cnt1                         
20200e88  encoder_cnt2                         
000073c5  encoder_init                         
00006d01  encoder_update                       
20200bfc  err                                  
20200c00  err0                                 
20200c04  err_difference                       
20200e8c  err_sum                              
20200c08  error                                
000068e9  exit                                 
20200c0c  filt_velocity                        
0000691d  finddevice                           
00004b01  fputc                                
00003455  fputs                                
00003721  free                                 
000076b9  fseek                                
00005665  fseeko                               
20200a7c  gTIMER_0Backup                       
20200b1c  gTIMER_1Backup                       
20200920  gTIMER_2Backup                       
00007619  get_encoder_cnt1                     
00007625  get_encoder_cnt2                     
000072b5  get_left_status                      
000072cd  get_middle1_status                   
000072e5  get_middle2_status                   
000072fd  get_right_status                     
000056d1  getdevice                            
000085ec  hw                                   
00000000  interruptVectors                     
00006551  inv_orientation_matrix_to_scalar     
00004d69  inv_row_2_scale                      
20200c10  last_err                             
20200c14  last_filt_velocity                   
20200c18  line_flag                            
00006d51  lseek                                
00004cd1  main                                 
00007631  malloc                               
20200e90  measure                              
00002e1d  memalign                             
00006e35  memccpy                              
00006e99  memcmp                               
000076c1  mget_ms                              
000043b1  mpu_configure_fifo                   
0000189d  mpu_dmp_get_data                     
00002d05  mpu_dmp_init                         
00005519  mpu_get_accel_fsr                    
00001ac5  mpu_init                             
00002ac1  mpu_load_firmware                    
00002f31  mpu_lp_accel_mode                    
0000314d  mpu_read_fifo_stream                 
00004689  mpu_read_mem                         
00001671  mpu_reset_fifo                       
000038ed  mpu_set_accel_fsr                    
000020bd  mpu_set_bypass                       
0000446d  mpu_set_dmp_state                    
00004169  mpu_set_gyro_fsr                     
00004b9d  mpu_set_int_latched                  
00004099  mpu_set_lpf                          
0000354d  mpu_set_sample_rate                  
00002991  mpu_set_sensors                      
00004735  mpu_write_mem                        
20200bcf  need_clear_display                   
20200c30  overflowFlag                         
20200e37  packet_ready                         
20200bbc  parmbuf                              
00002be5  pid_pro                              
20200c1c  pitch                                
20200e40  pre_encoder_cnt1                     
20200e48  pre_encoder_cnt2                     
00005d05  printf                               
000067e1  pwm_limit                            
20200ea5  quan_flag                            
00008534  reg                                  
000076c9  remove                               
20200c20  roll                                 
20200bca  rx_buff                              
20200ea6  rx_index                             
00006c05  set_motor1_pwm                       
00006c31  set_motor2_pwm                       
00003b8d  set_motor_pwm                        
000039d1  setvbuf                              
000026f1  sqrt                                 
000026f1  sqrtl                                
20200c24  state                                
00005031  strcmp                               
20200c31  temp                                 
000084c8  test                                 
20200ea7  turn_flag                            
00006c5d  unlink                               
0000422d  velocity_PID_value                   
20200e94  velocity_calcu                       
20200c28  velocity_err                         
20200e98  velocity_err_sum                     
20200e9c  velocity_measure                     
000045d9  vertical_PID_value                   
0000757d  wcslen                               
00006d79  write                                
20200c2c  yaw                                  
20200ea0  zhongzhi                             


GLOBAL SYMBOLS: SORTED BY Symbol Address 

address   name                                 
-------   ----                                 
00000000  __TI_ATRegion0_region_sz             
00000000  __TI_ATRegion0_src_addr              
00000000  __TI_ATRegion0_trg_addr              
00000000  __TI_ATRegion1_region_sz             
00000000  __TI_ATRegion1_src_addr              
00000000  __TI_ATRegion1_trg_addr              
00000000  __TI_ATRegion2_region_sz             
00000000  __TI_ATRegion2_src_addr              
00000000  __TI_ATRegion2_trg_addr              
00000000  __TI_static_base__                   
00000000  interruptVectors                     
000000c1  __TI_printfi_nofloat                 
00000200  __STACK_SIZE                         
00000800  __SYSMEM_SIZE                        
00000929  asin                                 
00000929  asinl                                
00000c8d  atan                                 
00000c8d  atanl                                
00000f85  dmp_enable_feature                   
000011fd  Line_Following                       
00001439  dmp_set_tap_thresh                   
00001671  mpu_reset_fifo                       
0000189d  mpu_dmp_get_data                     
00001ac5  mpu_init                             
00001cd9  dmp_read_fifo                        
00001ecd  SYSCFG_DL_GPIO_init                  
000020bd  mpu_set_bypass                       
0000225d  __aeabi_dsub                         
0000225d  __subdf3                             
00002267  __adddf3                             
00002267  __aeabi_dadd                         
000023ef  __aeabi_idiv0                        
000023f1  atan2                                
000023f1  atan2l                               
00002579  dmp_set_orientation                  
000026f1  sqrt                                 
000026f1  sqrtl                                
00002861  GROUP1_IRQHandler                    
00002991  mpu_set_sensors                      
00002ac1  mpu_load_firmware                    
00002be5  pid_pro                              
00002d05  mpu_dmp_init                         
00002e1d  aligned_alloc                        
00002e1d  memalign                             
00002f31  mpu_lp_accel_mode                    
00003041  __aeabi_ddiv                         
00003041  __divdf3                             
0000314d  mpu_read_fifo_stream                 
00003255  DL_Timer_initFourCCPWMMode           
00003359  OLED_Init                            
00003453  __aeabi_ldiv0                        
00003455  fputs                                
0000354d  mpu_set_sample_rate                  
00003639  DL_Timer_initTimerMode               
00003721  free                                 
00003809  __aeabi_dmul                         
00003809  __muldf3                             
000038ed  mpu_set_accel_fsr                    
000039d1  setvbuf                              
00003ab1  DL_SYSCTL_configSYSPLL               
00003b8d  set_motor_pwm                        
00003c69  TIMG6_IRQHandler                     
00003d41  __aeabi_fsub                         
00003d41  __subsf3                             
00003d4b  __addsf3                             
00003d4b  __aeabi_fadd                         
00003e19  MPU6050_ReadData                     
00003eef  _nop                                 
00003ef1  MPU6050_Init                         
00004099  mpu_set_lpf                          
00004169  mpu_set_gyro_fsr                     
0000422d  velocity_PID_value                   
000042f1  I2C_WaitAck                          
000043b1  mpu_configure_fifo                   
0000446d  mpu_set_dmp_state                    
00004525  MPU6050_WriteReg                     
000045d9  vertical_PID_value                   
00004689  mpu_read_mem                         
00004735  mpu_write_mem                        
000047e1  __udivmoddi4                         
00004885  Read_Byte                            
00004925  SYSCFG_DL_initPower                  
000049c5  Send_Byte                            
00004a65  UART1_IRQHandler                     
00004b01  fputc                                
00004b9d  mpu_set_int_latched                  
00004c39  dmp_set_fifo_rate                    
00004cd1  main                                 
00004d69  inv_row_2_scale                      
00004dff  MPU_Set_LPF                          
00004e8d  SYSCFG_DL_PWM_Motor_init             
00004f19  __aeabi_fmul                         
00004f19  __mulsf3                             
00005031  strcmp                               
000050b9  IIC_Send_Ack                         
000051c1  __aeabi_fdiv                         
000051c1  __divsf3                             
00005245  SEND_Byte                            
000052c1  __TI_closefile                       
0000533d  __TI_decompress_lzss                 
000053b9  __gedf2                              
000053b9  __gtdf2                              
0000542d  ADC0_IRQHandler                      
0000542d  ADC1_IRQHandler                      
0000542d  AES_IRQHandler                       
0000542d  CANFD0_IRQHandler                    
0000542d  DAC0_IRQHandler                      
0000542d  DMA_IRQHandler                       
0000542d  Default_Handler                      
0000542d  GROUP0_IRQHandler                    
0000542d  HardFault_Handler                    
0000542d  I2C0_IRQHandler                      
0000542d  I2C1_IRQHandler                      
0000542d  NMI_Handler                          
0000542d  PendSV_Handler                       
0000542d  RTC_IRQHandler                       
0000542d  SPI0_IRQHandler                      
0000542d  SPI1_IRQHandler                      
0000542d  SVC_Handler                          
0000542d  SysTick_Handler                      
0000542d  TIMA1_IRQHandler                     
0000542d  TIMG12_IRQHandler                    
0000542d  TIMG8_IRQHandler                     
0000542d  UART0_IRQHandler                     
0000542d  UART2_IRQHandler                     
0000542d  UART3_IRQHandler                     
00005431  __aeabi_d2f                          
00005431  __truncdfsf2                         
000054a5  delay_us                             
00005519  mpu_get_accel_fsr                    
0000558d  HOSTlseek                            
000055f9  HOSTrename                           
00005665  fseeko                               
000056d1  getdevice                            
0000573d  OLED_Clear                           
000057a9  MPU_Set_Rate                         
00005811  __cmpdf2                             
00005811  __eqdf2                              
00005811  __ledf2                              
00005811  __ltdf2                              
00005811  __nedf2                              
00005879  dmp_set_tap_axes                     
000058df  __TI_wrt_ok                          
000059a9  __aeabi_dcmpeq                       
000059bd  __aeabi_dcmplt                       
000059d1  __aeabi_dcmple                       
000059e5  __aeabi_dcmpge                       
000059f9  __aeabi_dcmpgt                       
00005a0d  __aeabi_fcmpeq                       
00005a21  __aeabi_fcmplt                       
00005a35  __aeabi_fcmple                       
00005a49  __aeabi_fcmpge                       
00005a5d  __aeabi_fcmpgt                       
00005a71  HOSTopen                             
00005ad1  IIC_Start                            
00005b31  KEY_VAL                              
00005b91  dmp_enable_gyro_cal                  
00005bf1  I_jiaoxianfu                         
00005c4d  I_xianfu                             
00005ca9  MPU6050ReadID                        
00005d05  printf                               
00005d61  HOSTread                             
00005db9  HOSTwrite                            
00005e11  IIC_Stop                             
00005e69  Turn                                 
00005ec1  __aeabi_idiv                         
00005ec1  __aeabi_idivmod                      
00005f19  LED_ON                               
00005f6d  TIMA0_IRQHandler                     
00005fc1  __TI_doflush                         
00006015  close                                
00006065  OLED_WR_Byte                         
00006101  SYSCFG_DL_init                       
0000614d  DL_UART_init                         
00006195  HOSTclose                            
000061dd  HOSTunlink                           
00006225  SYSCFG_DL_SYSCTL_init                
0000626d  SYSCFG_DL_UART_1_init                
000062b5  dmp_enable_6x_lp_quat                
000062fd  dmp_enable_lp_quat                   
00006345  DL_SYSCTL_switchMCLKfromSYSOSCtoHSCLK
00006389  dmp_set_shake_reject_thresh          
000063cd  dmp_set_tap_count                    
00006411  SYSCFG_DL_TIMER_0_init               
00006451  SYSCFG_DL_TIMER_USOUND_init          
00006491  __aeabi_uidiv                        
00006491  __aeabi_uidivmod                     
000064d1  __aeabi_f2d                          
000064d1  __extendsfdf2                        
00006511  atoi                                 
00006551  inv_orientation_matrix_to_scalar     
000065cd  SYSCFG_DL_TIMER_1_init               
00006609  SYSCFG_DL_TIMER_2_init               
00006645  __aeabi_i2f                          
00006645  __floatsisf                          
00006681  __gesf2                              
00006681  __gtsf2                              
000066bd  __TI_auto_init_nobinit_nopinit       
000066f9  __cmpsf2                             
000066f9  __eqsf2                              
000066f9  __lesf2                              
000066f9  __ltsf2                              
000066f9  __nesf2                              
00006735  __muldsi3                            
00006771  I2C_Start                            
000067a9  __aeabi_f2iz                         
000067a9  __fixsfsi                            
000067e1  pwm_limit                            
0000684d  __TI_cleanup                         
00006881  __TI_readmsg                         
000068b5  __TI_writemsg                        
000068e1  C$$IO$$                              
000068e9  exit                                 
0000691d  finddevice                           
00006951  dmp_set_shake_reject_time            
00006983  dmp_set_shake_reject_timeout         
000069e5  I2C_Stop                             
00006a15  I2C_WAITAck                          
00006a45  dmp_set_tap_time                     
00006a75  dmp_set_tap_time_multi               
00006c05  set_motor1_pwm                       
00006c31  set_motor2_pwm                       
00006c5d  unlink                               
00006cd9  __aeabi_ui2f                         
00006cd9  __floatunsisf                        
00006d01  encoder_update                       
00006d51  lseek                                
00006d79  write                                
00006da1  _c_int00_noargs                      
00006dc9  Delay_ms                             
00006ded  USOUND_Init                          
00006e11  __aeabi_lmul                         
00006e11  __muldi3                             
00006e35  memccpy                              
00006e99  memcmp                               
00006eb9  ABS_pwm                              
00006ef5  __aeabi_llsl                         
00006ef5  __ashldi3                            
00007011  DL_Timer_setCaptCompUpdateMethod     
0000702d  DL_Timer_setClockConfig              
00007065  MPU_Set_Accel_Fsr                    
00007081  MPU_Set_Gyro_Fsr                     
0000709d  dmp_load_motion_driver_firmware      
00007255  DL_Timer_setCaptureCompareOutCtl     
0000729d  encoder_Rst                          
000072b5  get_left_status                      
000072cd  get_middle1_status                   
000072e5  get_middle2_status                   
000072fd  get_right_status                     
00007383  MPU6050_IRQINIT                      
00007399  control_init                         
000073af  delay_ms                             
000073c5  encoder_init                         
000073dd  BUZ_OFF                              
000073f1  BUZ_ON                               
000074cd  __aeabi_uldivmod                     
00007505  DL_UART_setClockConfig               
00007517  TI_memcpy_small                      
00007529  __TI_decompress_none                 
0000755d  DL_Timer_setCaptureCompareValue      
0000756d  TIMG7_IRQHandler                     
0000757d  wcslen                               
0000758d  __TI_zero_init                       
000075ab  SYSCFG_DL_SYSTICK_init               
000075b9  __aeabi_memset                       
000075b9  __aeabi_memset4                      
000075b9  __aeabi_memset8                      
000075f1  TI_memset_small                      
00007601  TIMG0_IRQHandler                     
0000760d  __aeabi_memclr                       
0000760d  __aeabi_memclr4                      
0000760d  __aeabi_memclr8                      
00007619  get_encoder_cnt1                     
00007625  get_encoder_cnt2                     
00007631  malloc                               
0000763d  DL_Common_delayCycles                
00007699  __aeabi_errno_addr                   
000076a1  __aeabi_memcpy                       
000076a1  __aeabi_memcpy4                      
000076a1  __aeabi_memcpy8                      
000076b9  fseek                                
000076c1  mget_ms                              
000076c9  remove                               
000076f3  Reset_Handler                        
00007709  _system_pre_init                     
0000770c  C$$EXIT                              
0000770d  abort                                
00008310  __aeabi_ctype_table_                 
00008310  __aeabi_ctype_table_C                
000084c8  test                                 
00008534  reg                                  
000085ec  hw                                   
000086b0  __TI_Handler_Table_Base              
000086bc  __TI_Handler_Table_Limit             
000086c4  __TI_CINIT_Base                      
000086d4  __TI_CINIT_Limit                     
000086d4  __TI_CINIT_Warm                      
20200000  __start___llvm_prf_bits              
20200000  __start___llvm_prf_cnts              
20200000  __stop___llvm_prf_bits               
20200000  __stop___llvm_prf_cnts               
20200000  _sys_memory                          
20200800  _CIOBUF_                             
20200800  __CIOBUF_                            
20200920  gTIMER_2Backup                       
202009dc  __TI_tmpnams                         
20200a7c  gTIMER_0Backup                       
20200b1c  gTIMER_1Backup                       
20200bbc  parmbuf                              
20200bc4  acc                                  
20200bca  rx_buff                              
20200bcf  need_clear_display                   
20200bd4  Key_Down                             
20200bd8  Key_Old                              
20200bdc  Key_Val                              
20200be0  PWM                                  
20200be4  PWM_left                             
20200be8  PWM_right                            
20200bec  Turn_out                             
20200bf0  angle_calcu                          
20200bf4  cnt_l                                
20200bf8  cnt_r                                
20200bfc  err                                  
20200c00  err0                                 
20200c04  err_difference                       
20200c08  error                                
20200c0c  filt_velocity                        
20200c10  last_err                             
20200c14  last_filt_velocity                   
20200c18  line_flag                            
20200c1c  pitch                                
20200c20  roll                                 
20200c24  state                                
20200c28  velocity_err                         
20200c2c  yaw                                  
20200c30  overflowFlag                         
20200c31  temp                                 
20200c38  _ftable                              
20200d28  _device                              
20200da0  _stream                              
20200e35  Page                                 
20200e36  caiji_flag                           
20200e37  packet_ready                         
20200e38  __TI_cleanup_ptr                     
20200e3c  __TI_dtors_ptr                       
20200e40  pre_encoder_cnt1                     
20200e48  pre_encoder_cnt2                     
20200e50  Kd                                   
20200e54  Ki                                   
20200e58  Kp                                   
20200e60  TKd                                  
20200e64  TKp                                  
20200e68  VKi                                  
20200e6c  VKp                                  
20200e70  __TI_ft_end                          
20200e74  __aeabi_errno                        
20200e78  _lock                                
20200e7c  _unlock                              
20200e80  buz_flag                             
20200e84  encoder_cnt1                         
20200e88  encoder_cnt2                         
20200e8c  err_sum                              
20200e90  measure                              
20200e94  velocity_calcu                       
20200e98  velocity_err_sum                     
20200e9c  velocity_measure                     
20200ea0  zhongzhi                             
20200ea5  quan_flag                            
20200ea6  rx_index                             
20200ea7  turn_flag                            
20207e00  __stack                              
20208000  __STACK_END                          
ffffffff  __TI_pprof_out_hndl                  
ffffffff  __TI_prof_data_size                  
ffffffff  __TI_prof_data_start                 
ffffffff  __binit__                            
ffffffff  binit                                
UNDEFED   __mpu_init                           
UNDEFED   _system_post_cinit                   

[379 symbols]
