******************************************************************************
            TI ARM Clang Linker PC v4.0.0                      
******************************************************************************
>> Linked Mon May 19 15:38:36 2025

OUTPUT FILE NAME:   <Balance.out>
ENTRY POINT SYMBOL: "_c_int00_noargs"  address: 00006c81


MEMORY CONFIGURATION

         name            origin    length      used     unused   attr    fill
----------------------  --------  ---------  --------  --------  ----  --------
  FLASH                 00000000   00020000  000085b8  00017a48  R  X
  SRAM                  20200000   00008000  000010a0  00006f60  RW X
  BCR_CONFIG            41c00000   000000ff  00000000  000000ff  R   
  BSL_CONFIG            41c00100   00000080  00000000  00000080  R   


SEGMENT ALLOCATION MAP

run origin  load origin   length   init length attrs members
----------  ----------- ---------- ----------- ----- -------
00000000    00000000    000085b8   000085b8    r-x
  00000000    00000000    000000c0   000000c0    r-- .intvecs
  000000c0    000000c0    00007530   00007530    r-x .text
  000075f0    000075f0    00000f10   00000f10    r-- .rodata
  00008500    00008500    000000b8   000000b8    r-- .cinit
20200000    20200000    00000ea6   00000000    rw-
  20200000    20200000    00000800   00000000    rw- .sysmem
  20200800    20200800    00000432   00000000    rw- .bss
  20200c38    20200c38    0000026e   00000000    rw- .data
20207e00    20207e00    00000200   00000000    rw-
  20207e00    20207e00    00000200   00000000    rw- .stack


SECTION ALLOCATION MAP

 output                                  attributes/
section   page    origin      length       input sections
--------  ----  ----------  ----------   ----------------
.intvecs   0    00000000    000000c0     
                  00000000    000000c0     startup_mspm0g350x_ticlang.o (.intvecs)

.text      0    000000c0    00007530     
                  000000c0    00000868     libc.a : _printfi.c.obj (.text:__TI_printfi_nofloat)
                  00000928    00000364            : e_asin.c.obj (.text.asin)
                  00000c8c    000002f8            : s_atan.c.obj (.text.atan)
                  00000f84    00000278     inv_mpu_dmp_motion_driver.o (.text.dmp_enable_feature)
                  000011fc    00000238     inv_mpu_dmp_motion_driver.o (.text.dmp_set_tap_thresh)
                  00001434    0000022c     inv_mpu.o (.text.mpu_reset_fifo)
                  00001660    00000228     inv_mpu.o (.text.mpu_dmp_get_data)
                  00001888    00000214     inv_mpu.o (.text.mpu_init)
                  00001a9c    000001f4     inv_mpu_dmp_motion_driver.o (.text.dmp_read_fifo)
                  00001c90    000001f0     ti_msp_dl_config.o (.text.SYSCFG_DL_GPIO_init)
                  00001e80    000001a0     inv_mpu.o (.text.mpu_set_bypass)
                  00002020    00000192     libclang_rt.builtins.a : adddf3.S.obj (.text.adddf3_subdf3)
                  000021b2    00000002                            : aeabi_div0.c.obj (.text.__aeabi_idiv0)
                  000021b4    00000188     libc.a : e_atan2.c.obj (.text.atan2)
                  0000233c    00000178     inv_mpu_dmp_motion_driver.o (.text.dmp_set_orientation)
                  000024b4    00000170     libc.a : e_sqrt.c.obj (.text.sqrt)
                  00002624    0000015c     FINDLINE.o (.text.Line_Following)
                  00002780    00000130     ENCODER.o (.text.GROUP1_IRQHandler)
                  000028b0    00000130     inv_mpu.o (.text.mpu_set_sensors)
                  000029e0    00000124     inv_mpu.o (.text.mpu_load_firmware)
                  00002b04    00000120     main.o (.text.pid_pro)
                  00002c24    00000118     inv_mpu.o (.text.mpu_dmp_init)
                  00002d3c    00000114     libc.a : memory.c.obj (.text.aligned_alloc)
                  00002e50    00000110     inv_mpu.o (.text.mpu_lp_accel_mode)
                  00002f60    0000010c     libclang_rt.builtins.a : divdf3.S.obj (.text.__divdf3)
                  0000306c    00000108     inv_mpu.o (.text.mpu_read_fifo_stream)
                  00003174    00000104     driverlib.a : dl_timer.o (.text.DL_Timer_initFourCCPWMMode)
                  00003278    000000fa     oled.o (.text.OLED_Init)
                  00003372    00000002     libclang_rt.builtins.a : aeabi_div0.c.obj (.text.__aeabi_ldiv0)
                  00003374    000000f8     libc.a : fputs.c.obj (.text.fputs)
                  0000346c    000000ec     inv_mpu.o (.text.mpu_set_sample_rate)
                  00003558    000000e8     driverlib.a : dl_timer.o (.text.DL_Timer_initTimerMode)
                  00003640    000000e8     libc.a : memory.c.obj (.text.free)
                  00003728    000000e4     libclang_rt.builtins.a : muldf3.S.obj (.text.__muldf3)
                  0000380c    000000e4     inv_mpu.o (.text.mpu_set_accel_fsr)
                  000038f0    000000e0     libc.a : setvbuf.c.obj (.text.setvbuf)
                  000039d0    000000dc     driverlib.a : dl_sysctl_mspm0g1x0x_g3x0x.o (.text.DL_SYSCTL_configSYSPLL)
                  00003aac    000000dc     MOTOR.o (.text.set_motor_pwm)
                  00003b88    000000d8     libclang_rt.builtins.a : addsf3.S.obj (.text)
                  00003c60    000000d6     bsp_mpu6050.o (.text.MPU6050_ReadData)
                  00003d36    00000002     libc.a : _lock.c.obj (.text._nop)
                  00003d38    000000d4     bsp_mpu6050.o (.text.MPU6050_Init)
                  00003e0c    000000d4     inv_mpu.o (.text.set_int_enable)
                  00003ee0    000000d0     inv_mpu.o (.text.mpu_set_lpf)
                  00003fb0    000000c4     inv_mpu.o (.text.mpu_set_gyro_fsr)
                  00004074    000000c4     CONTROL.o (.text.velocity_PID_value)
                  00004138    000000c0     bsp_mpu6050.o (.text.I2C_WaitAck)
                  000041f8    000000bc     inv_mpu.o (.text.mpu_configure_fifo)
                  000042b4    000000b8     inv_mpu.o (.text.mpu_set_dmp_state)
                  0000436c    000000b4     bsp_mpu6050.o (.text.MPU6050_WriteReg)
                  00004420    000000b0     CONTROL.o (.text.vertical_PID_value)
                  000044d0    000000ac     inv_mpu.o (.text.mpu_read_mem)
                  0000457c    000000ac     inv_mpu.o (.text.mpu_write_mem)
                  00004628    000000a2     libclang_rt.builtins.a : udivmoddi4.S.obj (.text)
                  000046ca    00000002     --HOLE-- [fill = 0]
                  000046cc    000000a0     bsp_mpu6050.o (.text.Read_Byte)
                  0000476c    000000a0     ti_msp_dl_config.o (.text.SYSCFG_DL_initPower)
                  0000480c    000000a0     bsp_mpu6050.o (.text.Send_Byte)
                  000048ac    0000009c     OPENMV.o (.text.UART1_IRQHandler)
                  00004948    0000009c     libc.a : fputc.c.obj (.text.fputc)
                  000049e4    0000009c     inv_mpu.o (.text.mpu_set_int_latched)
                  00004a80    00000098     inv_mpu_dmp_motion_driver.o (.text.dmp_set_fifo_rate)
                  00004b18    00000098     main.o (.text.main)
                  00004bb0    00000096     inv_mpu.o (.text.inv_row_2_scale)
                  00004c46    00000002     --HOLE-- [fill = 0]
                  00004c48    00000094     USOUND.o (.text.TIMG6_IRQHandler)
                  00004cdc    0000008e     bsp_mpu6050.o (.text.MPU_Set_LPF)
                  00004d6a    00000002     --HOLE-- [fill = 0]
                  00004d6c    0000008c     ti_msp_dl_config.o (.text.SYSCFG_DL_PWM_Motor_init)
                  00004df8    0000008c     libclang_rt.builtins.a : mulsf3.S.obj (.text.__mulsf3)
                  00004e84    0000008c     inv_mpu_dmp_motion_driver.o (.text.decode_gesture)
                  00004f10    00000088     libc.a : strcmp-armv6m.S.obj (.text:strcmp)
                  00004f98    00000084     bsp_mpu6050.o (.text.IIC_Send_Ack)
                  0000501c    00000084     ti_msp_dl_config.o (.text.__NVIC_SetPriority)
                  000050a0    00000082     libclang_rt.builtins.a : divsf3.S.obj (.text.__divsf3)
                  00005122    00000002     --HOLE-- [fill = 0]
                  00005124    0000007c     oled.o (.text.SEND_Byte)
                  000051a0    0000007c     libc.a : fclose.c.obj (.text.__TI_closefile)
                  0000521c    0000007c            : copy_decompress_lzss.c.obj (.text:decompress:lzss)
                  00005298    00000074     libclang_rt.builtins.a : comparedf2.c.obj (.text.__gedf2)
                  0000530c    00000004     startup_mspm0g350x_ticlang.o (.text.Default_Handler)
                  00005310    00000074     libclang_rt.builtins.a : truncdfsf2.S.obj (.text.__truncdfsf2)
                  00005384    00000074     DELAY.o (.text.delay_us)
                  000053f8    00000074     inv_mpu.o (.text.mpu_get_accel_fsr)
                  0000546c    0000006c     libsysbm.a : hostlseek.c.obj (.text.HOSTlseek)
                  000054d8    0000006c                : hostrename.c.obj (.text.HOSTrename)
                  00005544    0000006c     libc.a : fseek.c.obj (.text.fseeko)
                  000055b0    0000006c            : getdevice.c.obj (.text.getdevice)
                  0000561c    0000006a     oled.o (.text.OLED_Clear)
                  00005686    00000002     --HOLE-- [fill = 0]
                  00005688    00000068     bsp_mpu6050.o (.text.MPU_Set_Rate)
                  000056f0    00000068     libclang_rt.builtins.a : comparedf2.c.obj (.text.__ledf2)
                  00005758    00000066     inv_mpu_dmp_motion_driver.o (.text.dmp_set_tap_axes)
                  000057be    00000064     libc.a : _io_perm.c.obj (.text.__TI_wrt_ok)
                  00005822    00000002     --HOLE-- [fill = 0]
                  00005824    00000064            : memory.c.obj (.text.split)
                  00005888    00000062     libclang_rt.builtins.a : aeabi_dcmp.S.obj (.text.__aeabi_dcmp)
                  000058ea    00000002     --HOLE-- [fill = 0]
                  000058ec    00000062                            : aeabi_fcmp.S.obj (.text.__aeabi_fcmp)
                  0000594e    00000002     --HOLE-- [fill = 0]
                  00005950    00000060     libsysbm.a : hostopen.c.obj (.text.HOSTopen)
                  000059b0    00000060     bsp_mpu6050.o (.text.IIC_Start)
                  00005a10    00000060     KEY.o (.text.KEY_VAL)
                  00005a70    00000060     inv_mpu_dmp_motion_driver.o (.text.dmp_enable_gyro_cal)
                  00005ad0    0000005c     CONTROL.o (.text.I_jiaoxianfu)
                  00005b2c    0000005c     CONTROL.o (.text.I_xianfu)
                  00005b88    0000005c     bsp_mpu6050.o (.text.MPU6050ReadID)
                  00005be4    0000005c     libc.a : printf.c.obj (.text.printf)
                  00005c40    00000058     libsysbm.a : hostread.c.obj (.text.HOSTread)
                  00005c98    00000058                : hostwrite.c.obj (.text.HOSTwrite)
                  00005cf0    00000058     bsp_mpu6050.o (.text.IIC_Stop)
                  00005d48    00000058     CONTROL.o (.text.Turn)
                  00005da0    00000056     libclang_rt.builtins.a : aeabi_idivmod.S.obj (.text.__aeabi_idivmod)
                  00005df6    00000002     --HOLE-- [fill = 0]
                  00005df8    00000054     LED.o (.text.LED_ON)
                  00005e4c    00000054     main.o (.text.TIMA0_IRQHandler)
                  00005ea0    00000052     libc.a : fflush.c.obj (.text.__TI_doflush)
                  00005ef2    00000002     --HOLE-- [fill = 0]
                  00005ef4    00000050     libsysbm.a : close.c.obj (.text.close)
                  00005f44    0000004e     oled.o (.text.OLED_WR_Byte)
                  00005f92    00000002     --HOLE-- [fill = 0]
                  00005f94    0000004c     ti_msp_dl_config.o (.text.DL_UART_setBaudRateDivisor)
                  00005fe0    0000004c     ti_msp_dl_config.o (.text.SYSCFG_DL_init)
                  0000602c    00000048     driverlib.a : dl_uart.o (.text.DL_UART_init)
                  00006074    00000048     libsysbm.a : hostclose.c.obj (.text.HOSTclose)
                  000060bc    00000048                : hostunlink.c.obj (.text.HOSTunlink)
                  00006104    00000048     ti_msp_dl_config.o (.text.SYSCFG_DL_SYSCTL_init)
                  0000614c    00000048     ti_msp_dl_config.o (.text.SYSCFG_DL_UART_1_init)
                  00006194    00000048     inv_mpu_dmp_motion_driver.o (.text.dmp_enable_6x_lp_quat)
                  000061dc    00000048     inv_mpu_dmp_motion_driver.o (.text.dmp_enable_lp_quat)
                  00006224    00000044     driverlib.a : dl_sysctl_mspm0g1x0x_g3x0x.o (.text.DL_SYSCTL_switchMCLKfromSYSOSCtoHSCLK)
                  00006268    00000044     inv_mpu_dmp_motion_driver.o (.text.dmp_set_shake_reject_thresh)
                  000062ac    00000044     inv_mpu_dmp_motion_driver.o (.text.dmp_set_tap_count)
                  000062f0    00000040     ti_msp_dl_config.o (.text.SYSCFG_DL_TIMER_0_init)
                  00006330    00000040     ti_msp_dl_config.o (.text.SYSCFG_DL_TIMER_USOUND_init)
                  00006370    00000040     libclang_rt.builtins.a : aeabi_uidivmod.S.obj (.text.__aeabi_uidivmod)
                  000063b0    00000040                            : extendsfdf2.S.obj (.text.__extendsfdf2)
                  000063f0    00000040     libc.a : atoi.c.obj (.text.atoi)
                  00006430    0000003e     inv_mpu.o (.text.inv_orientation_matrix_to_scalar)
                  0000646e    00000002     --HOLE-- [fill = 0]
                  00006470    0000003c     ti_msp_dl_config.o (.text.DL_Timer_setCounterControl)
                  000064ac    0000003c     ti_msp_dl_config.o (.text.SYSCFG_DL_TIMER_1_init)
                  000064e8    0000003c     ti_msp_dl_config.o (.text.SYSCFG_DL_TIMER_2_init)
                  00006524    0000003c     libclang_rt.builtins.a : floatsisf.S.obj (.text.__floatsisf)
                  00006560    0000003c                            : comparesf2.S.obj (.text.__gtsf2)
                  0000659c    0000003c     libc.a : autoinit.c.obj (.text:__TI_auto_init_nobinit_nopinit)
                  000065d8    0000003a     libclang_rt.builtins.a : comparesf2.S.obj (.text.__eqsf2)
                  00006612    00000002     --HOLE-- [fill = 0]
                  00006614    0000003a                            : muldsi3.S.obj (.text.__muldsi3)
                  0000664e    00000002     --HOLE-- [fill = 0]
                  00006650    00000038     oled.o (.text.I2C_Start)
                  00006688    00000038     libclang_rt.builtins.a : fixsfsi.S.obj (.text.__fixsfsi)
                  000066c0    00000036     MOTOR.o (.text.pwm_limit)
                  000066f6    00000002     --HOLE-- [fill = 0]
                  000066f8    00000034     ti_msp_dl_config.o (.text.DL_GPIO_initDigitalInputFeatures)
                  0000672c    00000034     libc.a : fopen.c.obj (.text.__TI_cleanup)
                  00006760    00000034     libsysbm.a : trgmsg.c.obj (.text.__TI_readmsg)
                  00006794    00000034                : trgmsg.c.obj (.text.__TI_writemsg)
                  000067c8    00000034     libc.a : exit.c.obj (.text.exit)
                  000067fc    00000034            : getdevice.c.obj (.text.finddevice)
                  00006830    00000032     inv_mpu_dmp_motion_driver.o (.text.dmp_set_shake_reject_time)
                  00006862    00000032     inv_mpu_dmp_motion_driver.o (.text.dmp_set_shake_reject_timeout)
                  00006894    00000030     ti_msp_dl_config.o (.text.DL_GPIO_initDigitalOutputFeatures)
                  000068c4    00000030     oled.o (.text.I2C_Stop)
                  000068f4    00000030     oled.o (.text.I2C_WAITAck)
                  00006924    00000030     inv_mpu_dmp_motion_driver.o (.text.dmp_set_tap_time)
                  00006954    00000030     inv_mpu_dmp_motion_driver.o (.text.dmp_set_tap_time_multi)
                  00006984    0000002c     CONTROL.o (.text.__NVIC_ClearPendingIRQ)
                  000069b0    0000002c     ENCODER.o (.text.__NVIC_ClearPendingIRQ)
                  000069dc    0000002c     USOUND.o (.text.__NVIC_ClearPendingIRQ)
                  00006a08    0000002c     bsp_mpu6050.o (.text.__NVIC_ClearPendingIRQ)
                  00006a34    0000002c     CONTROL.o (.text.__NVIC_EnableIRQ)
                  00006a60    0000002c     ENCODER.o (.text.__NVIC_EnableIRQ)
                  00006a8c    0000002c     USOUND.o (.text.__NVIC_EnableIRQ)
                  00006ab8    0000002c     bsp_mpu6050.o (.text.__NVIC_EnableIRQ)
                  00006ae4    0000002c     MOTOR.o (.text.set_motor1_pwm)
                  00006b10    0000002c     MOTOR.o (.text.set_motor2_pwm)
                  00006b3c    0000002c     libsysbm.a : unlink.c.obj (.text.unlink)
                  00006b68    00000028     ti_msp_dl_config.o (.text.DL_Common_updateReg)
                  00006b90    00000028     ti_msp_dl_config.o (.text.DL_SYSTICK_init)
                  00006bb8    00000028     libclang_rt.builtins.a : floatunsisf.S.obj (.text.__floatunsisf)
                  00006be0    00000028     ENCODER.o (.text.encoder_update)
                  00006c08    00000028     libc.a : memory.c.obj (.text.free_list_insert)
                  00006c30    00000028     libsysbm.a : lseek.c.obj (.text.lseek)
                  00006c58    00000028                : write.c.obj (.text.write)
                  00006c80    00000028     libc.a : boot_cortex_m.c.obj (.text:_c_int00_noargs)
                  00006ca8    00000024     oled.o (.text.Delay_ms)
                  00006ccc    00000024     USOUND.o (.text.USOUND_Init)
                  00006cf0    00000024     libclang_rt.builtins.a : muldi3.S.obj (.text.__muldi3)
                  00006d14    00000022     libc.a : memccpy.c.obj (.text.memccpy)
                  00006d36    00000002     --HOLE-- [fill = 0]
                  00006d38    00000020     ti_msp_dl_config.o (.text.DL_GPIO_initPeripheralInputFunction)
                  00006d58    00000020     ti_msp_dl_config.o (.text.DL_SYSCTL_setFlashWaitState)
                  00006d78    00000020     libc.a : memcmp.c.obj (.text.memcmp)
                  00006d98    0000001e     MOTOR.o (.text.ABS_pwm)
                  00006db6    0000001e     ti_msp_dl_config.o (.text.DL_UART_setOversampling)
                  00006dd4    0000001e     libclang_rt.builtins.a : ashldi3.S.obj (.text.__ashldi3)
                  00006df2    00000002     --HOLE-- [fill = 0]
                  00006df4    0000001c     ENCODER.o (.text.DL_GPIO_clearInterruptStatus)
                  00006e10    0000001c     ti_msp_dl_config.o (.text.DL_GPIO_clearInterruptStatus)
                  00006e2c    0000001c     ti_msp_dl_config.o (.text.DL_GPIO_enableInterrupt)
                  00006e48    0000001c     bsp_mpu6050.o (.text.DL_GPIO_initDigitalInput)
                  00006e64    0000001c     ti_msp_dl_config.o (.text.DL_GPIO_initPeripheralOutputFunction)
                  00006e80    0000001c     ti_msp_dl_config.o (.text.DL_GPIO_setLowerPinsPolarity)
                  00006e9c    0000001c     ti_msp_dl_config.o (.text.DL_SYSCTL_setSYSOSCFreq)
                  00006eb8    0000001c     ti_msp_dl_config.o (.text.DL_SYSCTL_setULPCLKDivider)
                  00006ed4    0000001c     ti_msp_dl_config.o (.text.DL_Timer_enableInterrupt)
                  00006ef0    0000001c     driverlib.a : dl_timer.o (.text.DL_Timer_setCaptCompUpdateMethod)
                  00006f0c    0000001c                 : dl_timer.o (.text.DL_Timer_setClockConfig)
                  00006f28    0000001c     ti_msp_dl_config.o (.text.DL_UART_enableInterrupt)
                  00006f44    0000001c     bsp_mpu6050.o (.text.MPU_Set_Accel_Fsr)
                  00006f60    0000001c     bsp_mpu6050.o (.text.MPU_Set_Gyro_Fsr)
                  00006f7c    0000001c     inv_mpu_dmp_motion_driver.o (.text.dmp_load_motion_driver_firmware)
                  00006f98    0000001c     libc.a : memory.c.obj (.text.free_list_remove)
                  00006fb4    00000018     bsp_mpu6050.o (.text.DL_GPIO_enableOutput)
                  00006fcc    00000018     ti_msp_dl_config.o (.text.DL_GPIO_enableOutput)
                  00006fe4    00000018     ti_msp_dl_config.o (.text.DL_GPIO_enablePower)
                  00006ffc    00000018     ENCODER.o (.text.DL_GPIO_getEnabledInterruptStatus)
                  00007014    00000018     bsp_mpu6050.o (.text.DL_GPIO_initDigitalOutput)
                  0000702c    00000018     ti_msp_dl_config.o (.text.DL_GPIO_initDigitalOutput)
                  00007044    00000018     ti_msp_dl_config.o (.text.DL_GPIO_reset)
                  0000705c    00000018     BUZ.o (.text.DL_GPIO_setPins)
                  00007074    00000018     MOTOR.o (.text.DL_GPIO_setPins)
                  0000708c    00000018     bsp_mpu6050.o (.text.DL_GPIO_setPins)
                  000070a4    00000018     oled.o (.text.DL_GPIO_setPins)
                  000070bc    00000018     ti_msp_dl_config.o (.text.DL_GPIO_setPins)
                  000070d4    00000018     ti_msp_dl_config.o (.text.DL_GPIO_setUpperPinsPolarity)
                  000070ec    00000018     ti_msp_dl_config.o (.text.DL_SYSCTL_setBORThreshold)
                  00007104    00000018     ti_msp_dl_config.o (.text.DL_Timer_enablePower)
                  0000711c    00000018     ti_msp_dl_config.o (.text.DL_Timer_reset)
                  00007134    00000018     driverlib.a : dl_timer.o (.text.DL_Timer_setCaptureCompareOutCtl)
                  0000714c    00000018     ti_msp_dl_config.o (.text.DL_UART_enablePower)
                  00007164    00000018     ti_msp_dl_config.o (.text.DL_UART_reset)
                  0000717c    00000018     ENCODER.o (.text.encoder_Rst)
                  00007194    00000018     FINDLINE.o (.text.get_left_status)
                  000071ac    00000018     FINDLINE.o (.text.get_middle1_status)
                  000071c4    00000018     FINDLINE.o (.text.get_middle2_status)
                  000071dc    00000018     FINDLINE.o (.text.get_right_status)
                  000071f4    00000016     ENCODER.o (.text.DL_GPIO_readPins)
                  0000720a    00000016     FINDLINE.o (.text.DL_GPIO_readPins)
                  00007220    00000016     KEY.o (.text.DL_GPIO_readPins)
                  00007236    00000016     bsp_mpu6050.o (.text.DL_GPIO_readPins)
                  0000724c    00000016     ti_msp_dl_config.o (.text.DL_UART_enable)
                  00007262    00000016     bsp_mpu6050.o (.text.MPU6050_IRQINIT)
                  00007278    00000016     CONTROL.o (.text.control_init)
                  0000728e    00000016     DELAY.o (.text.delay_ms)
                  000072a4    00000016     ENCODER.o (.text.encoder_init)
                  000072ba    00000002     --HOLE-- [fill = 0]
                  000072bc    00000014     BUZ.o (.text.BUZ_OFF)
                  000072d0    00000014     BUZ.o (.text.BUZ_ON)
                  000072e4    00000014     BUZ.o (.text.DL_GPIO_clearPins)
                  000072f8    00000014     LED.o (.text.DL_GPIO_clearPins)
                  0000730c    00000014     MOTOR.o (.text.DL_GPIO_clearPins)
                  00007320    00000014     bsp_mpu6050.o (.text.DL_GPIO_clearPins)
                  00007334    00000014     oled.o (.text.DL_GPIO_clearPins)
                  00007348    00000014     ti_msp_dl_config.o (.text.DL_GPIO_clearPins)
                  0000735c    00000014     ti_msp_dl_config.o (.text.DL_SYSCTL_disableSYSPLL)
                  00007370    00000014     ti_msp_dl_config.o (.text.DL_Timer_enableClock)
                  00007384    00000014     ti_msp_dl_config.o (.text.DL_Timer_setCCPDirection)
                  00007398    00000014     OPENMV.o (.text.DL_UART_receiveData)
                  000073ac    00000014     libclang_rt.builtins.a : aeabi_uldivmod.S.obj (.text.__aeabi_uldivmod)
                  000073c0    00000012     main.o (.text.DL_Timer_getPendingInterrupt)
                  000073d2    00000012     OPENMV.o (.text.DL_UART_getPendingInterrupt)
                  000073e4    00000012     driverlib.a : dl_uart.o (.text.DL_UART_setClockConfig)
                  000073f6    00000012     libc.a : memcpy16.S.obj (.text:TI_memcpy_small)
                  00007408    00000012            : copy_decompress_none.c.obj (.text:decompress:none)
                  0000741a    00000002     --HOLE-- [fill = 0]
                  0000741c    00000010     ti_msp_dl_config.o (.text.DL_SYSCTL_disableHFXT)
                  0000742c    00000010     ti_msp_dl_config.o (.text.DL_SYSTICK_enable)
                  0000743c    00000010     driverlib.a : dl_timer.o (.text.DL_Timer_setCaptureCompareValue)
                  0000744c    00000010     bsp_mpu6050.o (.text.TIMG7_IRQHandler)
                  0000745c    00000010     libc.a : wcslen.c.obj (.text.wcslen)
                  0000746c    00000010            : copy_zero_init.c.obj (.text:decompress:ZI)
                  0000747c    0000000e            : memory.c.obj (.text.OUTLINED_FUNCTION_0)
                  0000748a    0000000e     ti_msp_dl_config.o (.text.SYSCFG_DL_SYSTICK_init)
                  00007498    0000000e     libclang_rt.builtins.a : aeabi_memset.S.obj (.text.__aeabi_memset)
                  000074a6    0000000e     libsysbm.a : hostrename.c.obj (.text.strcpy)
                  000074b4    0000000e     libc.a : _printfi.c.obj (.text.strlen)
                  000074c2    0000000e     libsysbm.a : hostrename.c.obj (.text.strlen)
                  000074d0    0000000e     libc.a : memset16.S.obj (.text:TI_memset_small)
                  000074de    00000002     --HOLE-- [fill = 0]
                  000074e0    0000000c     USOUND.o (.text.TIMG0_IRQHandler)
                  000074ec    0000000c     libclang_rt.builtins.a : aeabi_memset.S.obj (.text.__aeabi_memclr)
                  000074f8    0000000c     ENCODER.o (.text.get_encoder_cnt1)
                  00007504    0000000c     ENCODER.o (.text.get_encoder_cnt2)
                  00007510    0000000c     libc.a : memory.c.obj (.text.malloc)
                  0000751c    0000000a     driverlib.a : dl_common.o (.text.DL_Common_delayCycles)
                  00007526    0000000a     libc.a : e_asin.c.obj (.text.OUTLINED_FUNCTION_0)
                  00007530    00000010     libclang_rt.builtins.a : muldf3.S.obj (.tramp.__aeabi_dmul.1)
                  00007540    0000000a     libc.a : s_atan.c.obj (.text.OUTLINED_FUNCTION_0)
                  0000754a    0000000a            : e_asin.c.obj (.text.OUTLINED_FUNCTION_1)
                  00007554    0000000a            : e_asin.c.obj (.text.OUTLINED_FUNCTION_3)
                  0000755e    00000002     --HOLE-- [fill = 0]
                  00007560    00000010     libclang_rt.builtins.a : divdf3.S.obj (.tramp.__aeabi_ddiv.1)
                  00007570    00000008     libc.a : s_atan.c.obj (.text.OUTLINED_FUNCTION_2)
                  00007578    00000008            : aeabi_portable.c.obj (.text.__aeabi_errno_addr)
                  00007580    00000008     libclang_rt.builtins.a : aeabi_memcpy.S.obj (.text.__aeabi_memcpy)
                  00007588    00000008     libc.a : printf.c.obj (.text._outc)
                  00007590    00000008            : printf.c.obj (.text._outs)
                  00007598    00000008            : fseek.c.obj (.text.fseek)
                  000075a0    00000008     inv_mpu.o (.text.mget_ms)
                  000075a8    00000008     libsysbm.a : remove.c.obj (.text.remove)
                  000075b0    00000006     libc.a : s_atan.c.obj (.text.OUTLINED_FUNCTION_1)
                  000075b6    00000002     --HOLE-- [fill = 0]
                  000075b8    00000010     libclang_rt.builtins.a : adddf3.S.obj (.tramp.__aeabi_dadd.1)
                  000075c8    00000006     libc.a : e_asin.c.obj (.text.OUTLINED_FUNCTION_2)
                  000075ce    00000004            : e_asin.c.obj (.text.OUTLINED_FUNCTION_4)
                  000075d2    00000004     startup_mspm0g350x_ticlang.o (.text.Reset_Handler)
                  000075d6    00000002     --HOLE-- [fill = 0]
                  000075d8    00000010     libc.a : boot_cortex_m.c.obj (.tramp._c_int00_noargs.1)
                  000075e8    00000004            : pre_init.c.obj (.text._system_pre_init)
                  000075ec    00000004            : exit.c.obj (.text:abort)

.cinit     0    00008500    000000b8     
                  00008500    0000008e     (.cinit..data.load) [load image, compression = lzss]
                  0000858e    00000002     --HOLE-- [fill = 0]
                  00008590    0000000c     (__TI_handler_table)
                  0000859c    00000008     (.cinit..bss.load) [load image, compression = zero_init]
                  000085a4    00000010     (__TI_cinit_table)
                  000085b4    00000004     --HOLE-- [fill = 0]

.rodata    0    000075f0    00000f10     
                  000075f0    00000bf6     inv_mpu_dmp_motion_driver.o (.rodata.dmp_memory)
                  000081e6    0000000a     ti_msp_dl_config.o (.rodata.gUART_1Config)
                  000081f0    00000101     libc.a : aeabi_ctype.S.obj (.rodata:__aeabi_ctype_table_)
                  000082f1    0000004d     inv_mpu.o (.rodata.str1.160283505510757216751)
                  0000833e    00000002     ti_msp_dl_config.o (.rodata.gUART_1ClockConfig)
                  00008340    00000040     libc.a : s_atan.c.obj (.rodata.cst32)
                  00008380    00000028     ti_msp_dl_config.o (.rodata.gSYSPLLConfig)
                  000083a8    00000028     inv_mpu.o (.rodata.test)
                  000083d0    00000026     inv_mpu.o (.rodata.str1.30660213265100532911)
                  000083f6    0000001e     inv_mpu.o (.rodata.str1.65607303993038708971)
                  00008414    0000001b     inv_mpu.o (.rodata.reg)
                  0000842f    00000018     bsp_mpu6050.o (.rodata.str1.47131709717075209341)
                  00008447    00000001     --HOLE-- [fill = 0]
                  00008448    00000014     ti_msp_dl_config.o (.rodata.gTIMER_0TimerConfig)
                  0000845c    00000014     ti_msp_dl_config.o (.rodata.gTIMER_1TimerConfig)
                  00008470    00000014     ti_msp_dl_config.o (.rodata.gTIMER_2TimerConfig)
                  00008484    00000014     ti_msp_dl_config.o (.rodata.gTIMER_USOUNDTimerConfig)
                  00008498    00000012     bsp_mpu6050.o (.rodata.str1.121524806415416391)
                  000084aa    00000011     libc.a : _printfi.c.obj (.rodata.str1.103488685894817597201)
                  000084bb    00000011            : _printfi.c.obj (.rodata.str1.153638888446227384661)
                  000084cc    0000000c     inv_mpu.o (.rodata.hw)
                  000084d8    00000009     bsp_mpu6050.o (.rodata.str1.31194399489305687111)
                  000084e1    00000003     ti_msp_dl_config.o (.rodata.gPWM_MotorClockConfig)
                  000084e4    00000008     ti_msp_dl_config.o (.rodata.gPWM_MotorConfig)
                  000084ec    00000003     ti_msp_dl_config.o (.rodata.gTIMER_0ClockConfig)
                  000084ef    00000003     ti_msp_dl_config.o (.rodata.gTIMER_1ClockConfig)
                  000084f2    00000003     ti_msp_dl_config.o (.rodata.gTIMER_2ClockConfig)
                  000084f5    00000003     ti_msp_dl_config.o (.rodata.gTIMER_USOUNDClockConfig)
                  000084f8    00000008     --HOLE-- [fill = 0]

.init_array 
*          0    00000000    00000000     UNINITIALIZED

.binit     0    00000000    00000000     

.sysmem    0    20200000    00000800     UNINITIALIZED
                  20200000    00000010     libc.a : memory.c.obj (.sysmem)
                  20200010    000007f0     --HOLE--

.bss       0    20200800    00000432     UNINITIALIZED
                  20200800    00000120     libsysbm.a : trgmsg.c.obj (.bss:_CIOBUF_)
                  20200920    000000bc     (.common:gTIMER_2Backup)
                  202009dc    000000a0     libc.a : defs.c.obj (.bss.__TI_tmpnams)
                  20200a7c    000000a0     (.common:gTIMER_0Backup)
                  20200b1c    000000a0     (.common:gTIMER_1Backup)
                  20200bbc    00000008     libsysbm.a : hostopen.c.obj (.bss.parmbuf)
                  20200bc4    00000006     (.common:acc)
                  20200bca    00000005     (.common:rx_buff)
                  20200bcf    00000001     (.common:need_clear_display)
                  20200bd0    00000004     libc.a : memory.c.obj (.bss.sys_free)
                  20200bd4    00000004     (.common:Key_Down)
                  20200bd8    00000004     (.common:Key_Old)
                  20200bdc    00000004     (.common:Key_Val)
                  20200be0    00000004     (.common:PWM)
                  20200be4    00000004     (.common:PWM_left)
                  20200be8    00000004     (.common:PWM_right)
                  20200bec    00000004     (.common:Turn_out)
                  20200bf0    00000004     (.common:angle_calcu)
                  20200bf4    00000004     (.common:cnt_l)
                  20200bf8    00000004     (.common:cnt_r)
                  20200bfc    00000004     (.common:err)
                  20200c00    00000004     (.common:err0)
                  20200c04    00000004     (.common:err_difference)
                  20200c08    00000004     (.common:error)
                  20200c0c    00000004     (.common:filt_velocity)
                  20200c10    00000004     (.common:last_err)
                  20200c14    00000004     (.common:last_filt_velocity)
                  20200c18    00000004     (.common:line_flag)
                  20200c1c    00000004     (.common:pitch)
                  20200c20    00000004     (.common:roll)
                  20200c24    00000004     (.common:state)
                  20200c28    00000004     (.common:velocity_err)
                  20200c2c    00000004     (.common:yaw)
                  20200c30    00000001     (.common:overflowFlag)
                  20200c31    00000001     (.common:temp)

.data      0    20200c38    0000026e     UNINITIALIZED
                  20200c38    000000f0     libc.a : defs.c.obj (.data._ftable)
                  20200d28    00000078     libsysbm.a : host_device.c.obj (.data._device)
                  20200da0    00000050                : host_device.c.obj (.data._stream)
                  20200df0    0000002c     inv_mpu.o (.data.st)
                  20200e1c    00000010     inv_mpu_dmp_motion_driver.o (.data.dmp)
                  20200e2c    00000009     inv_mpu.o (.data.gyro_orientation)
                  20200e35    00000001     USOUND.o (.data.Page)
                  20200e36    00000001     bsp_mpu6050.o (.data.caiji_flag)
                  20200e37    00000001     OPENMV.o (.data.packet_ready)
                  20200e38    00000008     libc.a : exit.c.obj (.data..L_MergedGlobals)
                  20200e40    00000008     ENCODER.o (.data.pre_encoder_cnt1)
                  20200e48    00000008     ENCODER.o (.data.pre_encoder_cnt2)
                  20200e50    00000004     main.o (.data.Kd)
                  20200e54    00000004     main.o (.data.Ki)
                  20200e58    00000004     main.o (.data.Kp)
                  20200e5c    00000004     main.o (.data.TIMA0_IRQHandler.count)
                  20200e60    00000004     main.o (.data.TKd)
                  20200e64    00000004     main.o (.data.TKp)
                  20200e68    00000004     main.o (.data.VKi)
                  20200e6c    00000004     main.o (.data.VKp)
                  20200e70    00000004     libc.a : defs.c.obj (.data.__TI_ft_end)
                  20200e74    00000004            : aeabi_portable.c.obj (.data.__aeabi_errno)
                  20200e78    00000004            : _lock.c.obj (.data._lock)
                  20200e7c    00000004            : _lock.c.obj (.data._unlock)
                  20200e80    00000004     FINDLINE.o (.data.buz_flag)
                  20200e84    00000004     ENCODER.o (.data.encoder_cnt1)
                  20200e88    00000004     ENCODER.o (.data.encoder_cnt2)
                  20200e8c    00000004     CONTROL.o (.data.err_sum)
                  20200e90    00000004     main.o (.data.measure)
                  20200e94    00000004     USOUND.o (.data.velocity_calcu)
                  20200e98    00000004     CONTROL.o (.data.velocity_err_sum)
                  20200e9c    00000004     main.o (.data.velocity_measure)
                  20200ea0    00000004     main.o (.data.zhongzhi)
                  20200ea4    00000001     libc.a : memory.c.obj (.data.memory_is_initialized)
                  20200ea5    00000001     OPENMV.o (.data.rx_index)

.stack     0    20207e00    00000200     UNINITIALIZED
                  20207e00    00000004     libc.a : boot_cortex_m.c.obj (.stack)
                  20207e04    000001fc     --HOLE--

__llvm_prf_cnts 
*          0    20200000    00000000     UNINITIALIZED

__llvm_prf_bits 
*          0    20200000    00000000     UNINITIALIZED

MODULE SUMMARY

       Module                         code    ro data   rw data
       ------                         ----    -------   -------
    .\
       ti_msp_dl_config.o             2442    155       508    
       main.o                         542     0         95     
       startup_mspm0g350x_ticlang.o   8       192       0      
    +--+------------------------------+-------+---------+---------+
       Total:                         2992    347       603    
                                                               
    .\Hardware\BUZ\
       BUZ.o                          84      0         0      
    +--+------------------------------+-------+---------+---------+
       Total:                         84      0         0      
                                                               
    .\Hardware\MOTOR\
       MOTOR.o                        436     0         0      
    +--+------------------------------+-------+---------+---------+
       Total:                         436     0         0      
                                                               
    .\Hardware\MPU6050\
       bsp_mpu6050.o                  2096    51        1      
    +--+------------------------------+-------+---------+---------+
       Total:                         2096    51        1      
                                                               
    .\Hardware\MPU6050\eMPL\
       inv_mpu_dmp_motion_driver.o    3070    3062      16     
       inv_mpu.o                      5756    224       53     
    +--+------------------------------+-------+---------+---------+
       Total:                         8826    3286      69     
                                                               
    .\Hardware\OLED\
       oled.o                         790     0         0      
    +--+------------------------------+-------+---------+---------+
       Total:                         790     0         0      
                                                               
    .\Hardware\OPENMV\
       OPENMV.o                       194     0         7      
    +--+------------------------------+-------+---------+---------+
       Total:                         194     0         7      
                                                               
    .\Hardware\USOUND\
       USOUND.o                       284     0         22     
    +--+------------------------------+-------+---------+---------+
       Total:                         284     0         22     
                                                               
    .\User\
       CONTROL.o                      754     0         32     
       ENCODER.o                      576     0         24     
       FINDLINE.o                     466     0         12     
       DELAY.o                        138     0         0      
       KEY.o                          118     0         1      
       LED.o                          104     0         0      
    +--+------------------------------+-------+---------+---------+
       Total:                         2156    0         69     
                                                               
    C:/ti/mspm0_sdk_2_04_00_06/source/ti/driverlib/lib/ticlang/m0p/mspm0g1x0x_g3x0x/driverlib.a
       dl_timer.o                     588     0         0      
       dl_sysctl_mspm0g1x0x_g3x0x.o   288     0         0      
       dl_uart.o                      90      0         0      
       dl_common.o                    10      0         0      
    +--+------------------------------+-------+---------+---------+
       Total:                         976     0         0      
                                                               
    C:\ti\ccstheia151\ccs\tools\compiler\ti-cgt-armllvm_4.0.0.LTS\lib\armv6m-ti-none-eabi/c/libc.a
       _printfi.c.obj                 2166    34        0      
       e_asin.c.obj                   908     0         0      
       s_atan.c.obj                   784     64        0      
       memory.c.obj                   702     0         5      
       defs.c.obj                     0       0         404    
       e_atan2.c.obj                  392     0         0      
       e_sqrt.c.obj                   368     0         0      
       aeabi_ctype.S.obj              0       257       0      
       fputs.c.obj                    248     0         0      
       setvbuf.c.obj                  224     0         0      
       getdevice.c.obj                160     0         0      
       fputc.c.obj                    156     0         0      
       strcmp-armv6m.S.obj            136     0         0      
       copy_decompress_lzss.c.obj     124     0         0      
       fclose.c.obj                   124     0         0      
       fseek.c.obj                    116     0         0      
       printf.c.obj                   108     0         0      
       _io_perm.c.obj                 100     0         0      
       fflush.c.obj                   82      0         0      
       atoi.c.obj                     64      0         0      
       exit.c.obj                     56      0         8      
       autoinit.c.obj                 60      0         0      
       boot_cortex_m.c.obj            56      0         0      
       fopen.c.obj                    52      0         0      
       memccpy.c.obj                  34      0         0      
       memcmp.c.obj                   32      0         0      
       copy_decompress_none.c.obj     18      0         0      
       memcpy16.S.obj                 18      0         0      
       copy_zero_init.c.obj           16      0         0      
       wcslen.c.obj                   16      0         0      
       memset16.S.obj                 14      0         0      
       aeabi_portable.c.obj           8       0         4      
       _lock.c.obj                    2       0         8      
       pre_init.c.obj                 4       0         0      
    +--+------------------------------+-------+---------+---------+
       Total:                         7348    355       429    
                                                               
    C:\ti\ccstheia151\ccs\tools\compiler\ti-cgt-armllvm_4.0.0.LTS\lib\armv6m-ti-none-eabi/c/libsysbm.a
       trgmsg.c.obj                   104     0         288    
       host_device.c.obj              0       0         200    
       hostrename.c.obj               136     0         0      
       hostlseek.c.obj                108     0         0      
       hostopen.c.obj                 96      0         8      
       hostread.c.obj                 88      0         0      
       hostwrite.c.obj                88      0         0      
       close.c.obj                    80      0         0      
       hostclose.c.obj                72      0         0      
       hostunlink.c.obj               72      0         0      
       unlink.c.obj                   44      0         0      
       lseek.c.obj                    40      0         0      
       write.c.obj                    40      0         0      
       remove.c.obj                   8       0         0      
    +--+------------------------------+-------+---------+---------+
       Total:                         976     0         496    
                                                               
    C:\ti\ccstheia151\ccs\tools\compiler\ti-cgt-armllvm_4.0.0.LTS\lib\armv6m-ti-none-eabi/libclang_rt.builtins.a
       adddf3.S.obj                   418     0         0      
       divdf3.S.obj                   284     0         0      
       muldf3.S.obj                   244     0         0      
       comparedf2.c.obj               220     0         0      
       addsf3.S.obj                   216     0         0      
       udivmoddi4.S.obj               162     0         0      
       mulsf3.S.obj                   140     0         0      
       divsf3.S.obj                   130     0         0      
       comparesf2.S.obj               118     0         0      
       truncdfsf2.S.obj               116     0         0      
       aeabi_dcmp.S.obj               98      0         0      
       aeabi_fcmp.S.obj               98      0         0      
       aeabi_idivmod.S.obj            86      0         0      
       aeabi_uidivmod.S.obj           64      0         0      
       extendsfdf2.S.obj              64      0         0      
       floatsisf.S.obj                60      0         0      
       muldsi3.S.obj                  58      0         0      
       fixsfsi.S.obj                  56      0         0      
       floatunsisf.S.obj              40      0         0      
       muldi3.S.obj                   36      0         0      
       ashldi3.S.obj                  30      0         0      
       aeabi_memset.S.obj             26      0         0      
       aeabi_uldivmod.S.obj           20      0         0      
       aeabi_memcpy.S.obj             8       0         0      
       aeabi_div0.c.obj               4       0         0      
    +--+------------------------------+-------+---------+---------+
       Total:                         2796    0         0      
                                                               
       Heap:                          0       0         2048   
       Stack:                         0       0         512    
       Linker Generated:              0       178       0      
    +--+------------------------------+-------+---------+---------+
       Grand Total:                   29954   4217      4256   


LINKER GENERATED COPY TABLES

__TI_cinit_table @ 000085a4 records: 2, size/record: 8, table size: 16
	.data: load addr=00008500, load size=0000008e bytes, run addr=20200c38, run size=0000026e bytes, compression=lzss
	.bss: load addr=0000859c, load size=00000008 bytes, run addr=20200800, run size=00000432 bytes, compression=zero_init


LINKER GENERATED HANDLER TABLE

__TI_handler_table @ 00008590 records: 3, size/record: 4, table size: 12
	index: 0, handler: __TI_decompress_lzss
	index: 1, handler: __TI_decompress_none
	index: 2, handler: __TI_zero_init


FAR CALL TRAMPOLINES

callee name               trampoline name
   callee addr  tramp addr   call addr  call info
--------------  -----------  ---------  ----------------
__aeabi_dmul              $Tramp$TT$L$PI$$__aeabi_dmul
   00003729     00007530     0000752e   libc.a : e_asin.c.obj (.text.OUTLINED_FUNCTION_0)
                             00007548          : s_atan.c.obj (.text.OUTLINED_FUNCTION_0)
                             00007552          : e_asin.c.obj (.text.OUTLINED_FUNCTION_1)
                             00007576          : s_atan.c.obj (.text.OUTLINED_FUNCTION_2)
                             000075cc          : e_asin.c.obj (.text.OUTLINED_FUNCTION_2)
__aeabi_ddiv              $Tramp$TT$L$PI$$__aeabi_ddiv
   00002f61     00007560     0000755c   libc.a : e_asin.c.obj (.text.OUTLINED_FUNCTION_3)
__aeabi_dadd              $Tramp$TT$L$PI$$__aeabi_dadd
   0000202b     000075b8     000075b4   libc.a : s_atan.c.obj (.text.OUTLINED_FUNCTION_1)
                             000075d0          : e_asin.c.obj (.text.OUTLINED_FUNCTION_4)
_c_int00_noargs           $Tramp$TT$L$PI$$_c_int00_noargs
   00006c81     000075d8     000075d2   startup_mspm0g350x_ticlang.o (.text.Reset_Handler)

[4 trampolines]
[9 trampoline calls]


GLOBAL SYMBOLS: SORTED ALPHABETICALLY BY Name 

address   name                                 
-------   ----                                 
00006d99  ABS_pwm                              
0000530d  ADC0_IRQHandler                      
0000530d  ADC1_IRQHandler                      
0000530d  AES_IRQHandler                       
000072bd  BUZ_OFF                              
000072d1  BUZ_ON                               
000075ec  C$$EXIT                              
000067c1  C$$IO$$                              
0000530d  CANFD0_IRQHandler                    
0000530d  DAC0_IRQHandler                      
0000751d  DL_Common_delayCycles                
000039d1  DL_SYSCTL_configSYSPLL               
00006225  DL_SYSCTL_switchMCLKfromSYSOSCtoHSCLK
00003175  DL_Timer_initFourCCPWMMode           
00003559  DL_Timer_initTimerMode               
00006ef1  DL_Timer_setCaptCompUpdateMethod     
00007135  DL_Timer_setCaptureCompareOutCtl     
0000743d  DL_Timer_setCaptureCompareValue      
00006f0d  DL_Timer_setClockConfig              
0000602d  DL_UART_init                         
000073e5  DL_UART_setClockConfig               
0000530d  DMA_IRQHandler                       
0000530d  Default_Handler                      
00006ca9  Delay_ms                             
0000530d  GROUP0_IRQHandler                    
00002781  GROUP1_IRQHandler                    
00006075  HOSTclose                            
0000546d  HOSTlseek                            
00005951  HOSTopen                             
00005c41  HOSTread                             
000054d9  HOSTrename                           
000060bd  HOSTunlink                           
00005c99  HOSTwrite                            
0000530d  HardFault_Handler                    
0000530d  I2C0_IRQHandler                      
0000530d  I2C1_IRQHandler                      
00006651  I2C_Start                            
000068c5  I2C_Stop                             
000068f5  I2C_WAITAck                          
00004139  I2C_WaitAck                          
00004f99  IIC_Send_Ack                         
000059b1  IIC_Start                            
00005cf1  IIC_Stop                             
00005ad1  I_jiaoxianfu                         
00005b2d  I_xianfu                             
00005a11  KEY_VAL                              
20200e50  Kd                                   
20200bd4  Key_Down                             
20200bd8  Key_Old                              
20200bdc  Key_Val                              
20200e54  Ki                                   
20200e58  Kp                                   
00005df9  LED_ON                               
00002625  Line_Following                       
00005b89  MPU6050ReadID                        
00007263  MPU6050_IRQINIT                      
00003d39  MPU6050_Init                         
00003c61  MPU6050_ReadData                     
0000436d  MPU6050_WriteReg                     
00006f45  MPU_Set_Accel_Fsr                    
00006f61  MPU_Set_Gyro_Fsr                     
00004cdd  MPU_Set_LPF                          
00005689  MPU_Set_Rate                         
0000530d  NMI_Handler                          
0000561d  OLED_Clear                           
00003279  OLED_Init                            
00005f45  OLED_WR_Byte                         
20200be0  PWM                                  
20200be4  PWM_left                             
20200be8  PWM_right                            
20200e35  Page                                 
0000530d  PendSV_Handler                       
0000530d  RTC_IRQHandler                       
000046cd  Read_Byte                            
000075d3  Reset_Handler                        
00005125  SEND_Byte                            
0000530d  SPI0_IRQHandler                      
0000530d  SPI1_IRQHandler                      
0000530d  SVC_Handler                          
00001c91  SYSCFG_DL_GPIO_init                  
00004d6d  SYSCFG_DL_PWM_Motor_init             
00006105  SYSCFG_DL_SYSCTL_init                
0000748b  SYSCFG_DL_SYSTICK_init               
000062f1  SYSCFG_DL_TIMER_0_init               
000064ad  SYSCFG_DL_TIMER_1_init               
000064e9  SYSCFG_DL_TIMER_2_init               
00006331  SYSCFG_DL_TIMER_USOUND_init          
0000614d  SYSCFG_DL_UART_1_init                
00005fe1  SYSCFG_DL_init                       
0000476d  SYSCFG_DL_initPower                  
0000480d  Send_Byte                            
0000530d  SysTick_Handler                      
00005e4d  TIMA0_IRQHandler                     
0000530d  TIMA1_IRQHandler                     
000074e1  TIMG0_IRQHandler                     
0000530d  TIMG12_IRQHandler                    
00004c49  TIMG6_IRQHandler                     
0000744d  TIMG7_IRQHandler                     
0000530d  TIMG8_IRQHandler                     
000073f7  TI_memcpy_small                      
000074d1  TI_memset_small                      
20200e60  TKd                                  
20200e64  TKp                                  
00005d49  Turn                                 
20200bec  Turn_out                             
0000530d  UART0_IRQHandler                     
000048ad  UART1_IRQHandler                     
0000530d  UART2_IRQHandler                     
0000530d  UART3_IRQHandler                     
00006ccd  USOUND_Init                          
20200e68  VKi                                  
20200e6c  VKp                                  
20200800  _CIOBUF_                             
20200800  __CIOBUF_                            
20208000  __STACK_END                          
00000200  __STACK_SIZE                         
00000800  __SYSMEM_SIZE                        
00000000  __TI_ATRegion0_region_sz             
00000000  __TI_ATRegion0_src_addr              
00000000  __TI_ATRegion0_trg_addr              
00000000  __TI_ATRegion1_region_sz             
00000000  __TI_ATRegion1_src_addr              
00000000  __TI_ATRegion1_trg_addr              
00000000  __TI_ATRegion2_region_sz             
00000000  __TI_ATRegion2_src_addr              
00000000  __TI_ATRegion2_trg_addr              
000085a4  __TI_CINIT_Base                      
000085b4  __TI_CINIT_Limit                     
000085b4  __TI_CINIT_Warm                      
00008590  __TI_Handler_Table_Base              
0000859c  __TI_Handler_Table_Limit             
0000659d  __TI_auto_init_nobinit_nopinit       
0000672d  __TI_cleanup                         
20200e38  __TI_cleanup_ptr                     
000051a1  __TI_closefile                       
0000521d  __TI_decompress_lzss                 
00007409  __TI_decompress_none                 
00005ea1  __TI_doflush                         
20200e3c  __TI_dtors_ptr                       
20200e70  __TI_ft_end                          
ffffffff  __TI_pprof_out_hndl                  
000000c1  __TI_printfi_nofloat                 
ffffffff  __TI_prof_data_size                  
ffffffff  __TI_prof_data_start                 
00006761  __TI_readmsg                         
00000000  __TI_static_base__                   
202009dc  __TI_tmpnams                         
00006795  __TI_writemsg                        
000057bf  __TI_wrt_ok                          
0000746d  __TI_zero_init                       
0000202b  __adddf3                             
00003b93  __addsf3                             
000081f0  __aeabi_ctype_table_                 
000081f0  __aeabi_ctype_table_C                
00005311  __aeabi_d2f                          
0000202b  __aeabi_dadd                         
00005889  __aeabi_dcmpeq                       
000058c5  __aeabi_dcmpge                       
000058d9  __aeabi_dcmpgt                       
000058b1  __aeabi_dcmple                       
0000589d  __aeabi_dcmplt                       
00002f61  __aeabi_ddiv                         
00003729  __aeabi_dmul                         
00002021  __aeabi_dsub                         
20200e74  __aeabi_errno                        
00007579  __aeabi_errno_addr                   
000063b1  __aeabi_f2d                          
00006689  __aeabi_f2iz                         
00003b93  __aeabi_fadd                         
000058ed  __aeabi_fcmpeq                       
00005929  __aeabi_fcmpge                       
0000593d  __aeabi_fcmpgt                       
00005915  __aeabi_fcmple                       
00005901  __aeabi_fcmplt                       
000050a1  __aeabi_fdiv                         
00004df9  __aeabi_fmul                         
00003b89  __aeabi_fsub                         
00006525  __aeabi_i2f                          
00005da1  __aeabi_idiv                         
000021b3  __aeabi_idiv0                        
00005da1  __aeabi_idivmod                      
00003373  __aeabi_ldiv0                        
00006dd5  __aeabi_llsl                         
00006cf1  __aeabi_lmul                         
000074ed  __aeabi_memclr                       
000074ed  __aeabi_memclr4                      
000074ed  __aeabi_memclr8                      
00007581  __aeabi_memcpy                       
00007581  __aeabi_memcpy4                      
00007581  __aeabi_memcpy8                      
00007499  __aeabi_memset                       
00007499  __aeabi_memset4                      
00007499  __aeabi_memset8                      
00006bb9  __aeabi_ui2f                         
00006371  __aeabi_uidiv                        
00006371  __aeabi_uidivmod                     
000073ad  __aeabi_uldivmod                     
00006dd5  __ashldi3                            
ffffffff  __binit__                            
000056f1  __cmpdf2                             
000065d9  __cmpsf2                             
00002f61  __divdf3                             
000050a1  __divsf3                             
000056f1  __eqdf2                              
000065d9  __eqsf2                              
000063b1  __extendsfdf2                        
00006689  __fixsfsi                            
00006525  __floatsisf                          
00006bb9  __floatunsisf                        
00005299  __gedf2                              
00006561  __gesf2                              
00005299  __gtdf2                              
00006561  __gtsf2                              
000056f1  __ledf2                              
000065d9  __lesf2                              
000056f1  __ltdf2                              
000065d9  __ltsf2                              
UNDEFED   __mpu_init                           
00003729  __muldf3                             
00006cf1  __muldi3                             
00006615  __muldsi3                            
00004df9  __mulsf3                             
000056f1  __nedf2                              
000065d9  __nesf2                              
20207e00  __stack                              
20200000  __start___llvm_prf_bits              
20200000  __start___llvm_prf_cnts              
20200000  __stop___llvm_prf_bits               
20200000  __stop___llvm_prf_cnts               
00002021  __subdf3                             
00003b89  __subsf3                             
00005311  __truncdfsf2                         
00004629  __udivmoddi4                         
00006c81  _c_int00_noargs                      
20200d28  _device                              
20200c38  _ftable                              
20200e78  _lock                                
00003d37  _nop                                 
20200da0  _stream                              
20200000  _sys_memory                          
UNDEFED   _system_post_cinit                   
000075e9  _system_pre_init                     
20200e7c  _unlock                              
000075ed  abort                                
20200bc4  acc                                  
00002d3d  aligned_alloc                        
20200bf0  angle_calcu                          
00000929  asin                                 
00000929  asinl                                
00000c8d  atan                                 
000021b5  atan2                                
000021b5  atan2l                               
00000c8d  atanl                                
000063f1  atoi                                 
ffffffff  binit                                
20200e80  buz_flag                             
20200e36  caiji_flag                           
00005ef5  close                                
20200bf4  cnt_l                                
20200bf8  cnt_r                                
00007279  control_init                         
0000728f  delay_ms                             
00005385  delay_us                             
00006195  dmp_enable_6x_lp_quat                
00000f85  dmp_enable_feature                   
00005a71  dmp_enable_gyro_cal                  
000061dd  dmp_enable_lp_quat                   
00006f7d  dmp_load_motion_driver_firmware      
00001a9d  dmp_read_fifo                        
00004a81  dmp_set_fifo_rate                    
0000233d  dmp_set_orientation                  
00006269  dmp_set_shake_reject_thresh          
00006831  dmp_set_shake_reject_time            
00006863  dmp_set_shake_reject_timeout         
00005759  dmp_set_tap_axes                     
000062ad  dmp_set_tap_count                    
000011fd  dmp_set_tap_thresh                   
00006925  dmp_set_tap_time                     
00006955  dmp_set_tap_time_multi               
0000717d  encoder_Rst                          
20200e84  encoder_cnt1                         
20200e88  encoder_cnt2                         
000072a5  encoder_init                         
00006be1  encoder_update                       
20200bfc  err                                  
20200c00  err0                                 
20200c04  err_difference                       
20200e8c  err_sum                              
20200c08  error                                
000067c9  exit                                 
20200c0c  filt_velocity                        
000067fd  finddevice                           
00004949  fputc                                
00003375  fputs                                
00003641  free                                 
00007599  fseek                                
00005545  fseeko                               
20200a7c  gTIMER_0Backup                       
20200b1c  gTIMER_1Backup                       
20200920  gTIMER_2Backup                       
000074f9  get_encoder_cnt1                     
00007505  get_encoder_cnt2                     
00007195  get_left_status                      
000071ad  get_middle1_status                   
000071c5  get_middle2_status                   
000071dd  get_right_status                     
000055b1  getdevice                            
000084cc  hw                                   
00000000  interruptVectors                     
00006431  inv_orientation_matrix_to_scalar     
00004bb1  inv_row_2_scale                      
20200c10  last_err                             
20200c14  last_filt_velocity                   
20200c18  line_flag                            
00006c31  lseek                                
00004b19  main                                 
00007511  malloc                               
20200e90  measure                              
00002d3d  memalign                             
00006d15  memccpy                              
00006d79  memcmp                               
000075a1  mget_ms                              
000041f9  mpu_configure_fifo                   
00001661  mpu_dmp_get_data                     
00002c25  mpu_dmp_init                         
000053f9  mpu_get_accel_fsr                    
00001889  mpu_init                             
000029e1  mpu_load_firmware                    
00002e51  mpu_lp_accel_mode                    
0000306d  mpu_read_fifo_stream                 
000044d1  mpu_read_mem                         
00001435  mpu_reset_fifo                       
0000380d  mpu_set_accel_fsr                    
00001e81  mpu_set_bypass                       
000042b5  mpu_set_dmp_state                    
00003fb1  mpu_set_gyro_fsr                     
000049e5  mpu_set_int_latched                  
00003ee1  mpu_set_lpf                          
0000346d  mpu_set_sample_rate                  
000028b1  mpu_set_sensors                      
0000457d  mpu_write_mem                        
20200bcf  need_clear_display                   
20200c30  overflowFlag                         
20200e37  packet_ready                         
20200bbc  parmbuf                              
00002b05  pid_pro                              
20200c1c  pitch                                
20200e40  pre_encoder_cnt1                     
20200e48  pre_encoder_cnt2                     
00005be5  printf                               
000066c1  pwm_limit                            
00008414  reg                                  
000075a9  remove                               
20200c20  roll                                 
20200bca  rx_buff                              
20200ea5  rx_index                             
00006ae5  set_motor1_pwm                       
00006b11  set_motor2_pwm                       
00003aad  set_motor_pwm                        
000038f1  setvbuf                              
000024b5  sqrt                                 
000024b5  sqrtl                                
20200c24  state                                
00004f11  strcmp                               
20200c31  temp                                 
000083a8  test                                 
00006b3d  unlink                               
00004075  velocity_PID_value                   
20200e94  velocity_calcu                       
20200c28  velocity_err                         
20200e98  velocity_err_sum                     
20200e9c  velocity_measure                     
00004421  vertical_PID_value                   
0000745d  wcslen                               
00006c59  write                                
20200c2c  yaw                                  
20200ea0  zhongzhi                             


GLOBAL SYMBOLS: SORTED BY Symbol Address 

address   name                                 
-------   ----                                 
00000000  __TI_ATRegion0_region_sz             
00000000  __TI_ATRegion0_src_addr              
00000000  __TI_ATRegion0_trg_addr              
00000000  __TI_ATRegion1_region_sz             
00000000  __TI_ATRegion1_src_addr              
00000000  __TI_ATRegion1_trg_addr              
00000000  __TI_ATRegion2_region_sz             
00000000  __TI_ATRegion2_src_addr              
00000000  __TI_ATRegion2_trg_addr              
00000000  __TI_static_base__                   
00000000  interruptVectors                     
000000c1  __TI_printfi_nofloat                 
00000200  __STACK_SIZE                         
00000800  __SYSMEM_SIZE                        
00000929  asin                                 
00000929  asinl                                
00000c8d  atan                                 
00000c8d  atanl                                
00000f85  dmp_enable_feature                   
000011fd  dmp_set_tap_thresh                   
00001435  mpu_reset_fifo                       
00001661  mpu_dmp_get_data                     
00001889  mpu_init                             
00001a9d  dmp_read_fifo                        
00001c91  SYSCFG_DL_GPIO_init                  
00001e81  mpu_set_bypass                       
00002021  __aeabi_dsub                         
00002021  __subdf3                             
0000202b  __adddf3                             
0000202b  __aeabi_dadd                         
000021b3  __aeabi_idiv0                        
000021b5  atan2                                
000021b5  atan2l                               
0000233d  dmp_set_orientation                  
000024b5  sqrt                                 
000024b5  sqrtl                                
00002625  Line_Following                       
00002781  GROUP1_IRQHandler                    
000028b1  mpu_set_sensors                      
000029e1  mpu_load_firmware                    
00002b05  pid_pro                              
00002c25  mpu_dmp_init                         
00002d3d  aligned_alloc                        
00002d3d  memalign                             
00002e51  mpu_lp_accel_mode                    
00002f61  __aeabi_ddiv                         
00002f61  __divdf3                             
0000306d  mpu_read_fifo_stream                 
00003175  DL_Timer_initFourCCPWMMode           
00003279  OLED_Init                            
00003373  __aeabi_ldiv0                        
00003375  fputs                                
0000346d  mpu_set_sample_rate                  
00003559  DL_Timer_initTimerMode               
00003641  free                                 
00003729  __aeabi_dmul                         
00003729  __muldf3                             
0000380d  mpu_set_accel_fsr                    
000038f1  setvbuf                              
000039d1  DL_SYSCTL_configSYSPLL               
00003aad  set_motor_pwm                        
00003b89  __aeabi_fsub                         
00003b89  __subsf3                             
00003b93  __addsf3                             
00003b93  __aeabi_fadd                         
00003c61  MPU6050_ReadData                     
00003d37  _nop                                 
00003d39  MPU6050_Init                         
00003ee1  mpu_set_lpf                          
00003fb1  mpu_set_gyro_fsr                     
00004075  velocity_PID_value                   
00004139  I2C_WaitAck                          
000041f9  mpu_configure_fifo                   
000042b5  mpu_set_dmp_state                    
0000436d  MPU6050_WriteReg                     
00004421  vertical_PID_value                   
000044d1  mpu_read_mem                         
0000457d  mpu_write_mem                        
00004629  __udivmoddi4                         
000046cd  Read_Byte                            
0000476d  SYSCFG_DL_initPower                  
0000480d  Send_Byte                            
000048ad  UART1_IRQHandler                     
00004949  fputc                                
000049e5  mpu_set_int_latched                  
00004a81  dmp_set_fifo_rate                    
00004b19  main                                 
00004bb1  inv_row_2_scale                      
00004c49  TIMG6_IRQHandler                     
00004cdd  MPU_Set_LPF                          
00004d6d  SYSCFG_DL_PWM_Motor_init             
00004df9  __aeabi_fmul                         
00004df9  __mulsf3                             
00004f11  strcmp                               
00004f99  IIC_Send_Ack                         
000050a1  __aeabi_fdiv                         
000050a1  __divsf3                             
00005125  SEND_Byte                            
000051a1  __TI_closefile                       
0000521d  __TI_decompress_lzss                 
00005299  __gedf2                              
00005299  __gtdf2                              
0000530d  ADC0_IRQHandler                      
0000530d  ADC1_IRQHandler                      
0000530d  AES_IRQHandler                       
0000530d  CANFD0_IRQHandler                    
0000530d  DAC0_IRQHandler                      
0000530d  DMA_IRQHandler                       
0000530d  Default_Handler                      
0000530d  GROUP0_IRQHandler                    
0000530d  HardFault_Handler                    
0000530d  I2C0_IRQHandler                      
0000530d  I2C1_IRQHandler                      
0000530d  NMI_Handler                          
0000530d  PendSV_Handler                       
0000530d  RTC_IRQHandler                       
0000530d  SPI0_IRQHandler                      
0000530d  SPI1_IRQHandler                      
0000530d  SVC_Handler                          
0000530d  SysTick_Handler                      
0000530d  TIMA1_IRQHandler                     
0000530d  TIMG12_IRQHandler                    
0000530d  TIMG8_IRQHandler                     
0000530d  UART0_IRQHandler                     
0000530d  UART2_IRQHandler                     
0000530d  UART3_IRQHandler                     
00005311  __aeabi_d2f                          
00005311  __truncdfsf2                         
00005385  delay_us                             
000053f9  mpu_get_accel_fsr                    
0000546d  HOSTlseek                            
000054d9  HOSTrename                           
00005545  fseeko                               
000055b1  getdevice                            
0000561d  OLED_Clear                           
00005689  MPU_Set_Rate                         
000056f1  __cmpdf2                             
000056f1  __eqdf2                              
000056f1  __ledf2                              
000056f1  __ltdf2                              
000056f1  __nedf2                              
00005759  dmp_set_tap_axes                     
000057bf  __TI_wrt_ok                          
00005889  __aeabi_dcmpeq                       
0000589d  __aeabi_dcmplt                       
000058b1  __aeabi_dcmple                       
000058c5  __aeabi_dcmpge                       
000058d9  __aeabi_dcmpgt                       
000058ed  __aeabi_fcmpeq                       
00005901  __aeabi_fcmplt                       
00005915  __aeabi_fcmple                       
00005929  __aeabi_fcmpge                       
0000593d  __aeabi_fcmpgt                       
00005951  HOSTopen                             
000059b1  IIC_Start                            
00005a11  KEY_VAL                              
00005a71  dmp_enable_gyro_cal                  
00005ad1  I_jiaoxianfu                         
00005b2d  I_xianfu                             
00005b89  MPU6050ReadID                        
00005be5  printf                               
00005c41  HOSTread                             
00005c99  HOSTwrite                            
00005cf1  IIC_Stop                             
00005d49  Turn                                 
00005da1  __aeabi_idiv                         
00005da1  __aeabi_idivmod                      
00005df9  LED_ON                               
00005e4d  TIMA0_IRQHandler                     
00005ea1  __TI_doflush                         
00005ef5  close                                
00005f45  OLED_WR_Byte                         
00005fe1  SYSCFG_DL_init                       
0000602d  DL_UART_init                         
00006075  HOSTclose                            
000060bd  HOSTunlink                           
00006105  SYSCFG_DL_SYSCTL_init                
0000614d  SYSCFG_DL_UART_1_init                
00006195  dmp_enable_6x_lp_quat                
000061dd  dmp_enable_lp_quat                   
00006225  DL_SYSCTL_switchMCLKfromSYSOSCtoHSCLK
00006269  dmp_set_shake_reject_thresh          
000062ad  dmp_set_tap_count                    
000062f1  SYSCFG_DL_TIMER_0_init               
00006331  SYSCFG_DL_TIMER_USOUND_init          
00006371  __aeabi_uidiv                        
00006371  __aeabi_uidivmod                     
000063b1  __aeabi_f2d                          
000063b1  __extendsfdf2                        
000063f1  atoi                                 
00006431  inv_orientation_matrix_to_scalar     
000064ad  SYSCFG_DL_TIMER_1_init               
000064e9  SYSCFG_DL_TIMER_2_init               
00006525  __aeabi_i2f                          
00006525  __floatsisf                          
00006561  __gesf2                              
00006561  __gtsf2                              
0000659d  __TI_auto_init_nobinit_nopinit       
000065d9  __cmpsf2                             
000065d9  __eqsf2                              
000065d9  __lesf2                              
000065d9  __ltsf2                              
000065d9  __nesf2                              
00006615  __muldsi3                            
00006651  I2C_Start                            
00006689  __aeabi_f2iz                         
00006689  __fixsfsi                            
000066c1  pwm_limit                            
0000672d  __TI_cleanup                         
00006761  __TI_readmsg                         
00006795  __TI_writemsg                        
000067c1  C$$IO$$                              
000067c9  exit                                 
000067fd  finddevice                           
00006831  dmp_set_shake_reject_time            
00006863  dmp_set_shake_reject_timeout         
000068c5  I2C_Stop                             
000068f5  I2C_WAITAck                          
00006925  dmp_set_tap_time                     
00006955  dmp_set_tap_time_multi               
00006ae5  set_motor1_pwm                       
00006b11  set_motor2_pwm                       
00006b3d  unlink                               
00006bb9  __aeabi_ui2f                         
00006bb9  __floatunsisf                        
00006be1  encoder_update                       
00006c31  lseek                                
00006c59  write                                
00006c81  _c_int00_noargs                      
00006ca9  Delay_ms                             
00006ccd  USOUND_Init                          
00006cf1  __aeabi_lmul                         
00006cf1  __muldi3                             
00006d15  memccpy                              
00006d79  memcmp                               
00006d99  ABS_pwm                              
00006dd5  __aeabi_llsl                         
00006dd5  __ashldi3                            
00006ef1  DL_Timer_setCaptCompUpdateMethod     
00006f0d  DL_Timer_setClockConfig              
00006f45  MPU_Set_Accel_Fsr                    
00006f61  MPU_Set_Gyro_Fsr                     
00006f7d  dmp_load_motion_driver_firmware      
00007135  DL_Timer_setCaptureCompareOutCtl     
0000717d  encoder_Rst                          
00007195  get_left_status                      
000071ad  get_middle1_status                   
000071c5  get_middle2_status                   
000071dd  get_right_status                     
00007263  MPU6050_IRQINIT                      
00007279  control_init                         
0000728f  delay_ms                             
000072a5  encoder_init                         
000072bd  BUZ_OFF                              
000072d1  BUZ_ON                               
000073ad  __aeabi_uldivmod                     
000073e5  DL_UART_setClockConfig               
000073f7  TI_memcpy_small                      
00007409  __TI_decompress_none                 
0000743d  DL_Timer_setCaptureCompareValue      
0000744d  TIMG7_IRQHandler                     
0000745d  wcslen                               
0000746d  __TI_zero_init                       
0000748b  SYSCFG_DL_SYSTICK_init               
00007499  __aeabi_memset                       
00007499  __aeabi_memset4                      
00007499  __aeabi_memset8                      
000074d1  TI_memset_small                      
000074e1  TIMG0_IRQHandler                     
000074ed  __aeabi_memclr                       
000074ed  __aeabi_memclr4                      
000074ed  __aeabi_memclr8                      
000074f9  get_encoder_cnt1                     
00007505  get_encoder_cnt2                     
00007511  malloc                               
0000751d  DL_Common_delayCycles                
00007579  __aeabi_errno_addr                   
00007581  __aeabi_memcpy                       
00007581  __aeabi_memcpy4                      
00007581  __aeabi_memcpy8                      
00007599  fseek                                
000075a1  mget_ms                              
000075a9  remove                               
000075d3  Reset_Handler                        
000075e9  _system_pre_init                     
000075ec  C$$EXIT                              
000075ed  abort                                
000081f0  __aeabi_ctype_table_                 
000081f0  __aeabi_ctype_table_C                
000083a8  test                                 
00008414  reg                                  
000084cc  hw                                   
00008590  __TI_Handler_Table_Base              
0000859c  __TI_Handler_Table_Limit             
000085a4  __TI_CINIT_Base                      
000085b4  __TI_CINIT_Limit                     
000085b4  __TI_CINIT_Warm                      
20200000  __start___llvm_prf_bits              
20200000  __start___llvm_prf_cnts              
20200000  __stop___llvm_prf_bits               
20200000  __stop___llvm_prf_cnts               
20200000  _sys_memory                          
20200800  _CIOBUF_                             
20200800  __CIOBUF_                            
20200920  gTIMER_2Backup                       
202009dc  __TI_tmpnams                         
20200a7c  gTIMER_0Backup                       
20200b1c  gTIMER_1Backup                       
20200bbc  parmbuf                              
20200bc4  acc                                  
20200bca  rx_buff                              
20200bcf  need_clear_display                   
20200bd4  Key_Down                             
20200bd8  Key_Old                              
20200bdc  Key_Val                              
20200be0  PWM                                  
20200be4  PWM_left                             
20200be8  PWM_right                            
20200bec  Turn_out                             
20200bf0  angle_calcu                          
20200bf4  cnt_l                                
20200bf8  cnt_r                                
20200bfc  err                                  
20200c00  err0                                 
20200c04  err_difference                       
20200c08  error                                
20200c0c  filt_velocity                        
20200c10  last_err                             
20200c14  last_filt_velocity                   
20200c18  line_flag                            
20200c1c  pitch                                
20200c20  roll                                 
20200c24  state                                
20200c28  velocity_err                         
20200c2c  yaw                                  
20200c30  overflowFlag                         
20200c31  temp                                 
20200c38  _ftable                              
20200d28  _device                              
20200da0  _stream                              
20200e35  Page                                 
20200e36  caiji_flag                           
20200e37  packet_ready                         
20200e38  __TI_cleanup_ptr                     
20200e3c  __TI_dtors_ptr                       
20200e40  pre_encoder_cnt1                     
20200e48  pre_encoder_cnt2                     
20200e50  Kd                                   
20200e54  Ki                                   
20200e58  Kp                                   
20200e60  TKd                                  
20200e64  TKp                                  
20200e68  VKi                                  
20200e6c  VKp                                  
20200e70  __TI_ft_end                          
20200e74  __aeabi_errno                        
20200e78  _lock                                
20200e7c  _unlock                              
20200e80  buz_flag                             
20200e84  encoder_cnt1                         
20200e88  encoder_cnt2                         
20200e8c  err_sum                              
20200e90  measure                              
20200e94  velocity_calcu                       
20200e98  velocity_err_sum                     
20200e9c  velocity_measure                     
20200ea0  zhongzhi                             
20200ea5  rx_index                             
20207e00  __stack                              
20208000  __STACK_END                          
ffffffff  __TI_pprof_out_hndl                  
ffffffff  __TI_prof_data_size                  
ffffffff  __TI_prof_data_start                 
ffffffff  __binit__                            
ffffffff  binit                                
UNDEFED   __mpu_init                           
UNDEFED   _system_post_cinit                   

[377 symbols]
